Archive member included to satisfy reference by file (symbol)

/home/opt/arm-toolchains/gcc-arm-none-eabi-7-2018-q2-update/bin/../lib/gcc/arm-none-eabi/7.3.1/../../../../arm-none-eabi/lib/thumb/v6-m/libstdc++_nano.a(del_ops.o)
                              ./src/main.o (symbol from plugin) (operator delete(void*, unsigned int))
/home/opt/arm-toolchains/gcc-arm-none-eabi-7-2018-q2-update/bin/../lib/gcc/arm-none-eabi/7.3.1/../../../../arm-none-eabi/lib/thumb/v6-m/libstdc++_nano.a(del_op.o)
                              /home/opt/arm-toolchains/gcc-arm-none-eabi-7-2018-q2-update/bin/../lib/gcc/arm-none-eabi/7.3.1/../../../../arm-none-eabi/lib/thumb/v6-m/libstdc++_nano.a(del_ops.o) (operator delete(void*))
/home/opt/arm-toolchains/gcc-arm-none-eabi-7-2018-q2-update/bin/../lib/gcc/arm-none-eabi/7.3.1/../../../../arm-none-eabi/lib/thumb/v6-m/libg_nano.a(lib_a-errno.o)
                              ./system/src/newlib/_sbrk.o (symbol from plugin) (__errno)
/home/opt/arm-toolchains/gcc-arm-none-eabi-7-2018-q2-update/bin/../lib/gcc/arm-none-eabi/7.3.1/../../../../arm-none-eabi/lib/thumb/v6-m/libg_nano.a(lib_a-impure.o)
                              /home/opt/arm-toolchains/gcc-arm-none-eabi-7-2018-q2-update/bin/../lib/gcc/arm-none-eabi/7.3.1/../../../../arm-none-eabi/lib/thumb/v6-m/libg_nano.a(lib_a-errno.o) (_impure_ptr)
/home/opt/arm-toolchains/gcc-arm-none-eabi-7-2018-q2-update/bin/../lib/gcc/arm-none-eabi/7.3.1/../../../../arm-none-eabi/lib/thumb/v6-m/libg_nano.a(lib_a-isdigit.o)
                              ./src/Menu.o (symbol from plugin) (isdigit)
/home/opt/arm-toolchains/gcc-arm-none-eabi-7-2018-q2-update/bin/../lib/gcc/arm-none-eabi/7.3.1/../../../../arm-none-eabi/lib/thumb/v6-m/libg_nano.a(lib_a-locale.o)
                              /home/opt/arm-toolchains/gcc-arm-none-eabi-7-2018-q2-update/bin/../lib/gcc/arm-none-eabi/7.3.1/../../../../arm-none-eabi/lib/thumb/v6-m/libg_nano.a(lib_a-isdigit.o) (__locale_ctype_ptr)
/home/opt/arm-toolchains/gcc-arm-none-eabi-7-2018-q2-update/bin/../lib/gcc/arm-none-eabi/7.3.1/../../../../arm-none-eabi/lib/thumb/v6-m/libg_nano.a(lib_a-malloc.o)
                              /home/opt/arm-toolchains/gcc-arm-none-eabi-7-2018-q2-update/bin/../lib/gcc/arm-none-eabi/7.3.1/../../../../arm-none-eabi/lib/thumb/v6-m/libstdc++_nano.a(del_op.o) (free)
/home/opt/arm-toolchains/gcc-arm-none-eabi-7-2018-q2-update/bin/../lib/gcc/arm-none-eabi/7.3.1/../../../../arm-none-eabi/lib/thumb/v6-m/libg_nano.a(lib_a-mbtowc_r.o)
                              /home/opt/arm-toolchains/gcc-arm-none-eabi-7-2018-q2-update/bin/../lib/gcc/arm-none-eabi/7.3.1/../../../../arm-none-eabi/lib/thumb/v6-m/libg_nano.a(lib_a-locale.o) (__ascii_mbtowc)
/home/opt/arm-toolchains/gcc-arm-none-eabi-7-2018-q2-update/bin/../lib/gcc/arm-none-eabi/7.3.1/../../../../arm-none-eabi/lib/thumb/v6-m/libg_nano.a(lib_a-nano-freer.o)
                              /home/opt/arm-toolchains/gcc-arm-none-eabi-7-2018-q2-update/bin/../lib/gcc/arm-none-eabi/7.3.1/../../../../arm-none-eabi/lib/thumb/v6-m/libg_nano.a(lib_a-malloc.o) (_free_r)
/home/opt/arm-toolchains/gcc-arm-none-eabi-7-2018-q2-update/bin/../lib/gcc/arm-none-eabi/7.3.1/../../../../arm-none-eabi/lib/thumb/v6-m/libg_nano.a(lib_a-nano-mallocr.o)
                              /home/opt/arm-toolchains/gcc-arm-none-eabi-7-2018-q2-update/bin/../lib/gcc/arm-none-eabi/7.3.1/../../../../arm-none-eabi/lib/thumb/v6-m/libg_nano.a(lib_a-malloc.o) (_malloc_r)
/home/opt/arm-toolchains/gcc-arm-none-eabi-7-2018-q2-update/bin/../lib/gcc/arm-none-eabi/7.3.1/../../../../arm-none-eabi/lib/thumb/v6-m/libg_nano.a(lib_a-sbrkr.o)
                              /home/opt/arm-toolchains/gcc-arm-none-eabi-7-2018-q2-update/bin/../lib/gcc/arm-none-eabi/7.3.1/../../../../arm-none-eabi/lib/thumb/v6-m/libg_nano.a(lib_a-nano-mallocr.o) (_sbrk_r)
/home/opt/arm-toolchains/gcc-arm-none-eabi-7-2018-q2-update/bin/../lib/gcc/arm-none-eabi/7.3.1/../../../../arm-none-eabi/lib/thumb/v6-m/libg_nano.a(lib_a-strcmp.o)
                              /home/opt/arm-toolchains/gcc-arm-none-eabi-7-2018-q2-update/bin/../lib/gcc/arm-none-eabi/7.3.1/../../../../arm-none-eabi/lib/thumb/v6-m/libg_nano.a(lib_a-locale.o) (strcmp)
/home/opt/arm-toolchains/gcc-arm-none-eabi-7-2018-q2-update/bin/../lib/gcc/arm-none-eabi/7.3.1/../../../../arm-none-eabi/lib/thumb/v6-m/libg_nano.a(lib_a-strlen.o)
                              ./src/Menu.o (symbol from plugin) (strlen)
/home/opt/arm-toolchains/gcc-arm-none-eabi-7-2018-q2-update/bin/../lib/gcc/arm-none-eabi/7.3.1/../../../../arm-none-eabi/lib/thumb/v6-m/libg_nano.a(lib_a-wctomb_r.o)
                              /home/opt/arm-toolchains/gcc-arm-none-eabi-7-2018-q2-update/bin/../lib/gcc/arm-none-eabi/7.3.1/../../../../arm-none-eabi/lib/thumb/v6-m/libg_nano.a(lib_a-locale.o) (__ascii_wctomb)
/home/opt/arm-toolchains/gcc-arm-none-eabi-7-2018-q2-update/bin/../lib/gcc/arm-none-eabi/7.3.1/../../../../arm-none-eabi/lib/thumb/v6-m/libg_nano.a(lib_a-ctype_.o)
                              /home/opt/arm-toolchains/gcc-arm-none-eabi-7-2018-q2-update/bin/../lib/gcc/arm-none-eabi/7.3.1/../../../../arm-none-eabi/lib/thumb/v6-m/libg_nano.a(lib_a-locale.o) (_ctype_)
/home/opt/arm-toolchains/gcc-arm-none-eabi-7-2018-q2-update/bin/../lib/gcc/arm-none-eabi/7.3.1/../../../../arm-none-eabi/lib/thumb/v6-m/libg_nano.a(lib_a-mlock.o)
                              /home/opt/arm-toolchains/gcc-arm-none-eabi-7-2018-q2-update/bin/../lib/gcc/arm-none-eabi/7.3.1/../../../../arm-none-eabi/lib/thumb/v6-m/libg_nano.a(lib_a-nano-freer.o) (__malloc_lock)
/home/opt/arm-toolchains/gcc-arm-none-eabi-7-2018-q2-update/bin/../lib/gcc/arm-none-eabi/7.3.1/thumb/v6-m/libgcc.a(_udivsi3.o)
                              /tmp/cc5N6lz2.ltrans0.ltrans.o (__aeabi_uidiv)
/home/opt/arm-toolchains/gcc-arm-none-eabi-7-2018-q2-update/bin/../lib/gcc/arm-none-eabi/7.3.1/thumb/v6-m/libgcc.a(_divsi3.o)
                              /tmp/cc5N6lz2.ltrans0.ltrans.o (__aeabi_idiv)
/home/opt/arm-toolchains/gcc-arm-none-eabi-7-2018-q2-update/bin/../lib/gcc/arm-none-eabi/7.3.1/thumb/v6-m/libgcc.a(_dvmd_tls.o)
                              /home/opt/arm-toolchains/gcc-arm-none-eabi-7-2018-q2-update/bin/../lib/gcc/arm-none-eabi/7.3.1/thumb/v6-m/libgcc.a(_udivsi3.o) (__aeabi_idiv0)
/home/opt/arm-toolchains/gcc-arm-none-eabi-7-2018-q2-update/bin/../lib/gcc/arm-none-eabi/7.3.1/../../../../arm-none-eabi/lib/thumb/v6-m/libg_nano.a(lib_a-memset.o)
                              /tmp/cc5N6lz2.ltrans0.ltrans.o (memset)

Allocating common symbols
Common symbol       size              file

errno               0x4               /tmp/cc5N6lz2.ltrans0.ltrans.o

Discarded input sections

 .text          0x0000000000000000        0x0 /tmp/cc5N6lz2.ltrans0.ltrans.o
 .data          0x0000000000000000        0x0 /tmp/cc5N6lz2.ltrans0.ltrans.o
 .bss           0x0000000000000000        0x0 /tmp/cc5N6lz2.ltrans0.ltrans.o
 .text._ZN9__gnu_cxx27__verbose_terminate_handlerEv
                0x0000000000000000       0x14 /tmp/cc5N6lz2.ltrans0.ltrans.o
 .rodata._ZZN9__gnu_cxx27__verbose_terminate_handlerEvE8__func__
                0x0000000000000000       0x1c /tmp/cc5N6lz2.ltrans0.ltrans.o
 .bss.current_heap_end.3961
                0x0000000000000000        0x4 /tmp/cc5N6lz2.ltrans0.ltrans.o
 .text._sbrk    0x0000000000000000       0x68 /tmp/cc5N6lz2.ltrans0.ltrans.o
 .bss.__dso_handle
                0x0000000000000000        0x4 /tmp/cc5N6lz2.ltrans0.ltrans.o
 .text.raise    0x0000000000000000       0x1e /tmp/cc5N6lz2.ltrans0.ltrans.o
 .text.kill     0x0000000000000000       0x20 /tmp/cc5N6lz2.ltrans0.ltrans.o
 .rodata.__assert_func.str1.4
                0x0000000000000000       0x43 /tmp/cc5N6lz2.ltrans0.ltrans.o
 .text.__assert_func
                0x0000000000000000       0x1c /tmp/cc5N6lz2.ltrans0.ltrans.o
 .rodata.assert_failed.str1.4
                0x0000000000000000       0x2b /tmp/cc5N6lz2.ltrans0.ltrans.o
 .text.assert_failed
                0x0000000000000000       0x18 /tmp/cc5N6lz2.ltrans0.ltrans.o
 .text.NVIC_SystemReset
                0x0000000000000000       0x20 /tmp/cc5N6lz2.ltrans0.ltrans.o
 .text.__reset_hardware
                0x0000000000000000        0x8 /tmp/cc5N6lz2.ltrans0.ltrans.o
 .text._ZN8Hardware21delayMsWithBackgroundEm
                0x0000000000000000       0x16 /tmp/cc5N6lz2.ltrans0.ltrans.o
 .text._ZN11FrameBuffer10cursorLeftEv
                0x0000000000000000       0x30 /tmp/cc5N6lz2.ltrans0.ltrans.o
 .text._ZN11FrameBuffer10cursorLeftEm
                0x0000000000000000       0x2a /tmp/cc5N6lz2.ltrans0.ltrans.o
 .text._ZN4Menu12printPatternEPKcm
                0x0000000000000000       0xae /tmp/cc5N6lz2.ltrans0.ltrans.o
 .text._ZN4Menu4editEN8Keyboard3KeyE
                0x0000000000000000       0x18 /tmp/cc5N6lz2.ltrans0.ltrans.o
 .text._ZN4Gpio5setupEP12GPIO_TypeDefhNS_8GpioModeENS_9GpioOTypeENS_8GpioPuPdENS_9GpioSpeedE
                0x0000000000000000       0x6a /tmp/cc5N6lz2.ltrans0.ltrans.o
 .data._ZN6Pomiar12TS_CAL1_30oCE
                0x0000000000000000        0x4 /tmp/cc5N6lz2.ltrans0.ltrans.o
 .data._ZN6Pomiar13TS_CAL2_110oCE
                0x0000000000000000        0x4 /tmp/cc5N6lz2.ltrans0.ltrans.o
 .rodata._ZN6Pomiar7adcDefsE
                0x0000000000000000       0x40 /tmp/cc5N6lz2.ltrans0.ltrans.o
 .text._ZN6Pomiar13getBattery_mVEt
                0x0000000000000000       0x3c /tmp/cc5N6lz2.ltrans0.ltrans.o
 .text._ZN6Pomiar13getCurrent_mAEt
                0x0000000000000000       0x3c /tmp/cc5N6lz2.ltrans0.ltrans.o
 .text._ZN6Pomiar12getOutput_mVEt
                0x0000000000000000       0x3c /tmp/cc5N6lz2.ltrans0.ltrans.o
 .text._ZN6Pomiar5setupEPNS_6AdcDefE
                0x0000000000000000       0x1a /tmp/cc5N6lz2.ltrans0.ltrans.o
 .text._ZN6Pomiar12initAdcGpiosEv
                0x0000000000000000       0x60 /tmp/cc5N6lz2.ltrans0.ltrans.o
 .text._ZN6Pomiar7initADCEv
                0x0000000000000000      0x150 /tmp/cc5N6lz2.ltrans0.ltrans.o
 .text._ZN6Pomiar7initDmaEv
                0x0000000000000000       0x64 /tmp/cc5N6lz2.ltrans0.ltrans.o
 .rodata._ZL11I2C_FOR_LCD
                0x0000000000000000        0x4 /tmp/cc5N6lz2.ltrans0.ltrans.o
 .text.AsciiBcdToValue
                0x0000000000000000       0x70 /tmp/cc5N6lz2.ltrans0.ltrans.o
 .text.AsciiBcd2toByte
                0x0000000000000000       0x70 /tmp/cc5N6lz2.ltrans0.ltrans.o
 .text._ZN4Fifo18getByteAs2HexAsciiEv
                0x0000000000000000       0x6c /tmp/cc5N6lz2.ltrans0.ltrans.o
 .text._ZN4Fifo20get2BytesAs4HexAsciiEv
                0x0000000000000000       0x60 /tmp/cc5N6lz2.ltrans0.ltrans.o
 .text._ZN4Fifo9getUInt16Ev
                0x0000000000000000       0x64 /tmp/cc5N6lz2.ltrans0.ltrans.o
 .text._ZN4Fifo9getUInt32EPb
                0x0000000000000000       0x5a /tmp/cc5N6lz2.ltrans0.ltrans.o
 .text._ZN4Fifo18putByteAs2AsciiBCDEh
                0x0000000000000000       0xce /tmp/cc5N6lz2.ltrans0.ltrans.o
 .text._ZN4Fifo20put2BytesAs4AsciiBCDEt
                0x0000000000000000       0x3a /tmp/cc5N6lz2.ltrans0.ltrans.o
 .text._ZN4Fifo9putStringEPKc
                0x0000000000000000       0x58 /tmp/cc5N6lz2.ltrans0.ltrans.o
 .text._ZN4Fifo9putStringEPKcm
                0x0000000000000000       0x70 /tmp/cc5N6lz2.ltrans0.ltrans.o
 .text._ZN4Fifo9putUint16Et
                0x0000000000000000       0x5e /tmp/cc5N6lz2.ltrans0.ltrans.o
 .text._ZN4Fifo9putUint32Em
                0x0000000000000000       0x56 /tmp/cc5N6lz2.ltrans0.ltrans.o
 .text._ZN4Fifo6isFullEv
                0x0000000000000000       0x4c /tmp/cc5N6lz2.ltrans0.ltrans.o
 .text._ZN4Fifo5cloneEPS_
                0x0000000000000000       0x7e /tmp/cc5N6lz2.ltrans0.ltrans.o
 .text.my_itoa  0x0000000000000000      0x14e /tmp/cc5N6lz2.ltrans0.ltrans.o
 .text.my_htoa  0x0000000000000000       0x82 /tmp/cc5N6lz2.ltrans0.ltrans.o
 .text.my_btoa  0x0000000000000000       0x5e /tmp/cc5N6lz2.ltrans0.ltrans.o
 .text.power10  0x0000000000000000       0x38 /tmp/cc5N6lz2.ltrans0.ltrans.o
 .text.FLASH_SetLatency
                0x0000000000000000       0x4c /tmp/cc5N6lz2.ltrans0.ltrans.o
 .text.FLASH_PrefetchBufferCmd
                0x0000000000000000       0x54 /tmp/cc5N6lz2.ltrans0.ltrans.o
 .text.FLASH_GetPrefetchBufferStatus
                0x0000000000000000       0x34 /tmp/cc5N6lz2.ltrans0.ltrans.o
 .text.FLASH_EraseAllPages
                0x0000000000000000       0x68 /tmp/cc5N6lz2.ltrans0.ltrans.o
 .text.FLASH_ProgramWord
                0x0000000000000000       0xd0 /tmp/cc5N6lz2.ltrans0.ltrans.o
 .text.FLASH_OB_Unlock
                0x0000000000000000       0x2c /tmp/cc5N6lz2.ltrans0.ltrans.o
 .text.FLASH_OB_Lock
                0x0000000000000000       0x1c /tmp/cc5N6lz2.ltrans0.ltrans.o
 .text.FLASH_OB_Launch
                0x0000000000000000       0x1c /tmp/cc5N6lz2.ltrans0.ltrans.o
 .text.FLASH_OB_Erase
                0x0000000000000000       0xdc /tmp/cc5N6lz2.ltrans0.ltrans.o
 .text.FLASH_OB_EnableWRP
                0x0000000000000000      0x100 /tmp/cc5N6lz2.ltrans0.ltrans.o
 .text.FLASH_OB_RDPConfig
                0x0000000000000000       0xf8 /tmp/cc5N6lz2.ltrans0.ltrans.o
 .text.FLASH_OB_UserConfig
                0x0000000000000000      0x100 /tmp/cc5N6lz2.ltrans0.ltrans.o
 .text.FLASH_OB_BOOTConfig
                0x0000000000000000       0xa4 /tmp/cc5N6lz2.ltrans0.ltrans.o
 .text.FLASH_OB_BOOT0Config
                0x0000000000000000       0xa4 /tmp/cc5N6lz2.ltrans0.ltrans.o
 .text.FLASH_OB_BOOT0SWConfig
                0x0000000000000000       0xa4 /tmp/cc5N6lz2.ltrans0.ltrans.o
 .text.FLASH_OB_VDDAConfig
                0x0000000000000000       0xa4 /tmp/cc5N6lz2.ltrans0.ltrans.o
 .text.FLASH_OB_SRAMParityConfig
                0x0000000000000000       0xa4 /tmp/cc5N6lz2.ltrans0.ltrans.o
 .text.FLASH_OB_WriteUser
                0x0000000000000000       0x80 /tmp/cc5N6lz2.ltrans0.ltrans.o
 .text.FLASH_OB_ProgramData
                0x0000000000000000       0xa4 /tmp/cc5N6lz2.ltrans0.ltrans.o
 .text.FLASH_OB_GetUser
                0x0000000000000000       0x18 /tmp/cc5N6lz2.ltrans0.ltrans.o
 .text.FLASH_OB_GetWRP
                0x0000000000000000       0x14 /tmp/cc5N6lz2.ltrans0.ltrans.o
 .text.FLASH_OB_GetRDP
                0x0000000000000000       0x38 /tmp/cc5N6lz2.ltrans0.ltrans.o
 .text.FLASH_ITConfig
                0x0000000000000000       0x78 /tmp/cc5N6lz2.ltrans0.ltrans.o
 .text.FLASH_GetFlagStatus
                0x0000000000000000       0x64 /tmp/cc5N6lz2.ltrans0.ltrans.o
 .text.FLASH_ClearFlag
                0x0000000000000000       0x34 /tmp/cc5N6lz2.ltrans0.ltrans.o
 .bss._ZZN3I2C8irqErrorEvE3err
                0x0000000000000000        0x4 /tmp/cc5N6lz2.ltrans0.ltrans.o
 .text._ZN3I2C8irqErrorEv
                0x0000000000000000       0x30 /tmp/cc5N6lz2.ltrans0.ltrans.o
 .text._ZN3I2C15masterReadStartEm
                0x0000000000000000       0xc8 /tmp/cc5N6lz2.ltrans0.ltrans.o
 .text._ZN9ST7032iFB7delayMsEm
                0x0000000000000000       0x18 /tmp/cc5N6lz2.ltrans0.ltrans.o
 .text._ZN9ST7032iFB8sendDataEh
                0x0000000000000000       0x26 /tmp/cc5N6lz2.ltrans0.ltrans.o
 COMMON         0x0000000000000000        0x4 /tmp/cc5N6lz2.ltrans0.ltrans.o
 .text          0x0000000000000000        0x0 /home/opt/arm-toolchains/gcc-arm-none-eabi-7-2018-q2-update/bin/../lib/gcc/arm-none-eabi/7.3.1/../../../../arm-none-eabi/lib/thumb/v6-m/libstdc++_nano.a(del_ops.o)
 .data          0x0000000000000000        0x0 /home/opt/arm-toolchains/gcc-arm-none-eabi-7-2018-q2-update/bin/../lib/gcc/arm-none-eabi/7.3.1/../../../../arm-none-eabi/lib/thumb/v6-m/libstdc++_nano.a(del_ops.o)
 .bss           0x0000000000000000        0x0 /home/opt/arm-toolchains/gcc-arm-none-eabi-7-2018-q2-update/bin/../lib/gcc/arm-none-eabi/7.3.1/../../../../arm-none-eabi/lib/thumb/v6-m/libstdc++_nano.a(del_ops.o)
 .text          0x0000000000000000        0x0 /home/opt/arm-toolchains/gcc-arm-none-eabi-7-2018-q2-update/bin/../lib/gcc/arm-none-eabi/7.3.1/../../../../arm-none-eabi/lib/thumb/v6-m/libstdc++_nano.a(del_op.o)
 .data          0x0000000000000000        0x0 /home/opt/arm-toolchains/gcc-arm-none-eabi-7-2018-q2-update/bin/../lib/gcc/arm-none-eabi/7.3.1/../../../../arm-none-eabi/lib/thumb/v6-m/libstdc++_nano.a(del_op.o)
 .bss           0x0000000000000000        0x0 /home/opt/arm-toolchains/gcc-arm-none-eabi-7-2018-q2-update/bin/../lib/gcc/arm-none-eabi/7.3.1/../../../../arm-none-eabi/lib/thumb/v6-m/libstdc++_nano.a(del_op.o)
 .text          0x0000000000000000        0x0 /home/opt/arm-toolchains/gcc-arm-none-eabi-7-2018-q2-update/bin/../lib/gcc/arm-none-eabi/7.3.1/../../../../arm-none-eabi/lib/thumb/v6-m/libg_nano.a(lib_a-errno.o)
 .data          0x0000000000000000        0x0 /home/opt/arm-toolchains/gcc-arm-none-eabi-7-2018-q2-update/bin/../lib/gcc/arm-none-eabi/7.3.1/../../../../arm-none-eabi/lib/thumb/v6-m/libg_nano.a(lib_a-errno.o)
 .bss           0x0000000000000000        0x0 /home/opt/arm-toolchains/gcc-arm-none-eabi-7-2018-q2-update/bin/../lib/gcc/arm-none-eabi/7.3.1/../../../../arm-none-eabi/lib/thumb/v6-m/libg_nano.a(lib_a-errno.o)
 .text.__errno  0x0000000000000000        0xc /home/opt/arm-toolchains/gcc-arm-none-eabi-7-2018-q2-update/bin/../lib/gcc/arm-none-eabi/7.3.1/../../../../arm-none-eabi/lib/thumb/v6-m/libg_nano.a(lib_a-errno.o)
 .debug_frame   0x0000000000000000       0x20 /home/opt/arm-toolchains/gcc-arm-none-eabi-7-2018-q2-update/bin/../lib/gcc/arm-none-eabi/7.3.1/../../../../arm-none-eabi/lib/thumb/v6-m/libg_nano.a(lib_a-errno.o)
 .ARM.attributes
                0x0000000000000000       0x2c /home/opt/arm-toolchains/gcc-arm-none-eabi-7-2018-q2-update/bin/../lib/gcc/arm-none-eabi/7.3.1/../../../../arm-none-eabi/lib/thumb/v6-m/libg_nano.a(lib_a-errno.o)
 .text          0x0000000000000000        0x0 /home/opt/arm-toolchains/gcc-arm-none-eabi-7-2018-q2-update/bin/../lib/gcc/arm-none-eabi/7.3.1/../../../../arm-none-eabi/lib/thumb/v6-m/libg_nano.a(lib_a-impure.o)
 .data          0x0000000000000000        0x0 /home/opt/arm-toolchains/gcc-arm-none-eabi-7-2018-q2-update/bin/../lib/gcc/arm-none-eabi/7.3.1/../../../../arm-none-eabi/lib/thumb/v6-m/libg_nano.a(lib_a-impure.o)
 .bss           0x0000000000000000        0x0 /home/opt/arm-toolchains/gcc-arm-none-eabi-7-2018-q2-update/bin/../lib/gcc/arm-none-eabi/7.3.1/../../../../arm-none-eabi/lib/thumb/v6-m/libg_nano.a(lib_a-impure.o)
 .rodata._global_impure_ptr
                0x0000000000000000        0x4 /home/opt/arm-toolchains/gcc-arm-none-eabi-7-2018-q2-update/bin/../lib/gcc/arm-none-eabi/7.3.1/../../../../arm-none-eabi/lib/thumb/v6-m/libg_nano.a(lib_a-impure.o)
 .text          0x0000000000000000        0x0 /home/opt/arm-toolchains/gcc-arm-none-eabi-7-2018-q2-update/bin/../lib/gcc/arm-none-eabi/7.3.1/../../../../arm-none-eabi/lib/thumb/v6-m/libg_nano.a(lib_a-isdigit.o)
 .data          0x0000000000000000        0x0 /home/opt/arm-toolchains/gcc-arm-none-eabi-7-2018-q2-update/bin/../lib/gcc/arm-none-eabi/7.3.1/../../../../arm-none-eabi/lib/thumb/v6-m/libg_nano.a(lib_a-isdigit.o)
 .bss           0x0000000000000000        0x0 /home/opt/arm-toolchains/gcc-arm-none-eabi-7-2018-q2-update/bin/../lib/gcc/arm-none-eabi/7.3.1/../../../../arm-none-eabi/lib/thumb/v6-m/libg_nano.a(lib_a-isdigit.o)
 .text.isdigit  0x0000000000000000       0x12 /home/opt/arm-toolchains/gcc-arm-none-eabi-7-2018-q2-update/bin/../lib/gcc/arm-none-eabi/7.3.1/../../../../arm-none-eabi/lib/thumb/v6-m/libg_nano.a(lib_a-isdigit.o)
 .debug_frame   0x0000000000000000       0x28 /home/opt/arm-toolchains/gcc-arm-none-eabi-7-2018-q2-update/bin/../lib/gcc/arm-none-eabi/7.3.1/../../../../arm-none-eabi/lib/thumb/v6-m/libg_nano.a(lib_a-isdigit.o)
 .ARM.attributes
                0x0000000000000000       0x2c /home/opt/arm-toolchains/gcc-arm-none-eabi-7-2018-q2-update/bin/../lib/gcc/arm-none-eabi/7.3.1/../../../../arm-none-eabi/lib/thumb/v6-m/libg_nano.a(lib_a-isdigit.o)
 .text          0x0000000000000000        0x0 /home/opt/arm-toolchains/gcc-arm-none-eabi-7-2018-q2-update/bin/../lib/gcc/arm-none-eabi/7.3.1/../../../../arm-none-eabi/lib/thumb/v6-m/libg_nano.a(lib_a-locale.o)
 .data          0x0000000000000000        0x0 /home/opt/arm-toolchains/gcc-arm-none-eabi-7-2018-q2-update/bin/../lib/gcc/arm-none-eabi/7.3.1/../../../../arm-none-eabi/lib/thumb/v6-m/libg_nano.a(lib_a-locale.o)
 .bss           0x0000000000000000        0x0 /home/opt/arm-toolchains/gcc-arm-none-eabi-7-2018-q2-update/bin/../lib/gcc/arm-none-eabi/7.3.1/../../../../arm-none-eabi/lib/thumb/v6-m/libg_nano.a(lib_a-locale.o)
 .text._setlocale_r
                0x0000000000000000       0x40 /home/opt/arm-toolchains/gcc-arm-none-eabi-7-2018-q2-update/bin/../lib/gcc/arm-none-eabi/7.3.1/../../../../arm-none-eabi/lib/thumb/v6-m/libg_nano.a(lib_a-locale.o)
 .text.__locale_mb_cur_max
                0x0000000000000000       0x1c /home/opt/arm-toolchains/gcc-arm-none-eabi-7-2018-q2-update/bin/../lib/gcc/arm-none-eabi/7.3.1/../../../../arm-none-eabi/lib/thumb/v6-m/libg_nano.a(lib_a-locale.o)
 .text.__locale_ctype_ptr_l
                0x0000000000000000        0x6 /home/opt/arm-toolchains/gcc-arm-none-eabi-7-2018-q2-update/bin/../lib/gcc/arm-none-eabi/7.3.1/../../../../arm-none-eabi/lib/thumb/v6-m/libg_nano.a(lib_a-locale.o)
 .text.__locale_ctype_ptr
                0x0000000000000000       0x1c /home/opt/arm-toolchains/gcc-arm-none-eabi-7-2018-q2-update/bin/../lib/gcc/arm-none-eabi/7.3.1/../../../../arm-none-eabi/lib/thumb/v6-m/libg_nano.a(lib_a-locale.o)
 .text.setlocale
                0x0000000000000000       0x14 /home/opt/arm-toolchains/gcc-arm-none-eabi-7-2018-q2-update/bin/../lib/gcc/arm-none-eabi/7.3.1/../../../../arm-none-eabi/lib/thumb/v6-m/libg_nano.a(lib_a-locale.o)
 .bss._PathLocale
                0x0000000000000000        0x4 /home/opt/arm-toolchains/gcc-arm-none-eabi-7-2018-q2-update/bin/../lib/gcc/arm-none-eabi/7.3.1/../../../../arm-none-eabi/lib/thumb/v6-m/libg_nano.a(lib_a-locale.o)
 .data.__global_locale
                0x0000000000000000      0x16c /home/opt/arm-toolchains/gcc-arm-none-eabi-7-2018-q2-update/bin/../lib/gcc/arm-none-eabi/7.3.1/../../../../arm-none-eabi/lib/thumb/v6-m/libg_nano.a(lib_a-locale.o)
 .rodata._setlocale_r.str1.1
                0x0000000000000000        0x9 /home/opt/arm-toolchains/gcc-arm-none-eabi-7-2018-q2-update/bin/../lib/gcc/arm-none-eabi/7.3.1/../../../../arm-none-eabi/lib/thumb/v6-m/libg_nano.a(lib_a-locale.o)
 .rodata.str1.1
                0x0000000000000000        0x2 /home/opt/arm-toolchains/gcc-arm-none-eabi-7-2018-q2-update/bin/../lib/gcc/arm-none-eabi/7.3.1/../../../../arm-none-eabi/lib/thumb/v6-m/libg_nano.a(lib_a-locale.o)
 .debug_frame   0x0000000000000000       0x74 /home/opt/arm-toolchains/gcc-arm-none-eabi-7-2018-q2-update/bin/../lib/gcc/arm-none-eabi/7.3.1/../../../../arm-none-eabi/lib/thumb/v6-m/libg_nano.a(lib_a-locale.o)
 .ARM.attributes
                0x0000000000000000       0x2c /home/opt/arm-toolchains/gcc-arm-none-eabi-7-2018-q2-update/bin/../lib/gcc/arm-none-eabi/7.3.1/../../../../arm-none-eabi/lib/thumb/v6-m/libg_nano.a(lib_a-locale.o)
 .text          0x0000000000000000        0x0 /home/opt/arm-toolchains/gcc-arm-none-eabi-7-2018-q2-update/bin/../lib/gcc/arm-none-eabi/7.3.1/../../../../arm-none-eabi/lib/thumb/v6-m/libg_nano.a(lib_a-malloc.o)
 .data          0x0000000000000000        0x0 /home/opt/arm-toolchains/gcc-arm-none-eabi-7-2018-q2-update/bin/../lib/gcc/arm-none-eabi/7.3.1/../../../../arm-none-eabi/lib/thumb/v6-m/libg_nano.a(lib_a-malloc.o)
 .bss           0x0000000000000000        0x0 /home/opt/arm-toolchains/gcc-arm-none-eabi-7-2018-q2-update/bin/../lib/gcc/arm-none-eabi/7.3.1/../../../../arm-none-eabi/lib/thumb/v6-m/libg_nano.a(lib_a-malloc.o)
 .text.malloc   0x0000000000000000       0x14 /home/opt/arm-toolchains/gcc-arm-none-eabi-7-2018-q2-update/bin/../lib/gcc/arm-none-eabi/7.3.1/../../../../arm-none-eabi/lib/thumb/v6-m/libg_nano.a(lib_a-malloc.o)
 .text          0x0000000000000000        0x0 /home/opt/arm-toolchains/gcc-arm-none-eabi-7-2018-q2-update/bin/../lib/gcc/arm-none-eabi/7.3.1/../../../../arm-none-eabi/lib/thumb/v6-m/libg_nano.a(lib_a-mbtowc_r.o)
 .data          0x0000000000000000        0x0 /home/opt/arm-toolchains/gcc-arm-none-eabi-7-2018-q2-update/bin/../lib/gcc/arm-none-eabi/7.3.1/../../../../arm-none-eabi/lib/thumb/v6-m/libg_nano.a(lib_a-mbtowc_r.o)
 .bss           0x0000000000000000        0x0 /home/opt/arm-toolchains/gcc-arm-none-eabi-7-2018-q2-update/bin/../lib/gcc/arm-none-eabi/7.3.1/../../../../arm-none-eabi/lib/thumb/v6-m/libg_nano.a(lib_a-mbtowc_r.o)
 .text._mbtowc_r
                0x0000000000000000       0x24 /home/opt/arm-toolchains/gcc-arm-none-eabi-7-2018-q2-update/bin/../lib/gcc/arm-none-eabi/7.3.1/../../../../arm-none-eabi/lib/thumb/v6-m/libg_nano.a(lib_a-mbtowc_r.o)
 .text.__ascii_mbtowc
                0x0000000000000000       0x24 /home/opt/arm-toolchains/gcc-arm-none-eabi-7-2018-q2-update/bin/../lib/gcc/arm-none-eabi/7.3.1/../../../../arm-none-eabi/lib/thumb/v6-m/libg_nano.a(lib_a-mbtowc_r.o)
 .debug_frame   0x0000000000000000       0x44 /home/opt/arm-toolchains/gcc-arm-none-eabi-7-2018-q2-update/bin/../lib/gcc/arm-none-eabi/7.3.1/../../../../arm-none-eabi/lib/thumb/v6-m/libg_nano.a(lib_a-mbtowc_r.o)
 .ARM.attributes
                0x0000000000000000       0x2c /home/opt/arm-toolchains/gcc-arm-none-eabi-7-2018-q2-update/bin/../lib/gcc/arm-none-eabi/7.3.1/../../../../arm-none-eabi/lib/thumb/v6-m/libg_nano.a(lib_a-mbtowc_r.o)
 .text          0x0000000000000000        0x0 /home/opt/arm-toolchains/gcc-arm-none-eabi-7-2018-q2-update/bin/../lib/gcc/arm-none-eabi/7.3.1/../../../../arm-none-eabi/lib/thumb/v6-m/libg_nano.a(lib_a-nano-freer.o)
 .data          0x0000000000000000        0x0 /home/opt/arm-toolchains/gcc-arm-none-eabi-7-2018-q2-update/bin/../lib/gcc/arm-none-eabi/7.3.1/../../../../arm-none-eabi/lib/thumb/v6-m/libg_nano.a(lib_a-nano-freer.o)
 .bss           0x0000000000000000        0x0 /home/opt/arm-toolchains/gcc-arm-none-eabi-7-2018-q2-update/bin/../lib/gcc/arm-none-eabi/7.3.1/../../../../arm-none-eabi/lib/thumb/v6-m/libg_nano.a(lib_a-nano-freer.o)
 .text          0x0000000000000000        0x0 /home/opt/arm-toolchains/gcc-arm-none-eabi-7-2018-q2-update/bin/../lib/gcc/arm-none-eabi/7.3.1/../../../../arm-none-eabi/lib/thumb/v6-m/libg_nano.a(lib_a-nano-mallocr.o)
 .data          0x0000000000000000        0x0 /home/opt/arm-toolchains/gcc-arm-none-eabi-7-2018-q2-update/bin/../lib/gcc/arm-none-eabi/7.3.1/../../../../arm-none-eabi/lib/thumb/v6-m/libg_nano.a(lib_a-nano-mallocr.o)
 .bss           0x0000000000000000        0x0 /home/opt/arm-toolchains/gcc-arm-none-eabi-7-2018-q2-update/bin/../lib/gcc/arm-none-eabi/7.3.1/../../../../arm-none-eabi/lib/thumb/v6-m/libg_nano.a(lib_a-nano-mallocr.o)
 .text._malloc_r
                0x0000000000000000       0xbc /home/opt/arm-toolchains/gcc-arm-none-eabi-7-2018-q2-update/bin/../lib/gcc/arm-none-eabi/7.3.1/../../../../arm-none-eabi/lib/thumb/v6-m/libg_nano.a(lib_a-nano-mallocr.o)
 .bss.__malloc_sbrk_start
                0x0000000000000000        0x4 /home/opt/arm-toolchains/gcc-arm-none-eabi-7-2018-q2-update/bin/../lib/gcc/arm-none-eabi/7.3.1/../../../../arm-none-eabi/lib/thumb/v6-m/libg_nano.a(lib_a-nano-mallocr.o)
 .text          0x0000000000000000        0x0 /home/opt/arm-toolchains/gcc-arm-none-eabi-7-2018-q2-update/bin/../lib/gcc/arm-none-eabi/7.3.1/../../../../arm-none-eabi/lib/thumb/v6-m/libg_nano.a(lib_a-sbrkr.o)
 .data          0x0000000000000000        0x0 /home/opt/arm-toolchains/gcc-arm-none-eabi-7-2018-q2-update/bin/../lib/gcc/arm-none-eabi/7.3.1/../../../../arm-none-eabi/lib/thumb/v6-m/libg_nano.a(lib_a-sbrkr.o)
 .bss           0x0000000000000000        0x0 /home/opt/arm-toolchains/gcc-arm-none-eabi-7-2018-q2-update/bin/../lib/gcc/arm-none-eabi/7.3.1/../../../../arm-none-eabi/lib/thumb/v6-m/libg_nano.a(lib_a-sbrkr.o)
 .text._sbrk_r  0x0000000000000000       0x24 /home/opt/arm-toolchains/gcc-arm-none-eabi-7-2018-q2-update/bin/../lib/gcc/arm-none-eabi/7.3.1/../../../../arm-none-eabi/lib/thumb/v6-m/libg_nano.a(lib_a-sbrkr.o)
 .debug_frame   0x0000000000000000       0x2c /home/opt/arm-toolchains/gcc-arm-none-eabi-7-2018-q2-update/bin/../lib/gcc/arm-none-eabi/7.3.1/../../../../arm-none-eabi/lib/thumb/v6-m/libg_nano.a(lib_a-sbrkr.o)
 .ARM.attributes
                0x0000000000000000       0x2c /home/opt/arm-toolchains/gcc-arm-none-eabi-7-2018-q2-update/bin/../lib/gcc/arm-none-eabi/7.3.1/../../../../arm-none-eabi/lib/thumb/v6-m/libg_nano.a(lib_a-sbrkr.o)
 .text          0x0000000000000000       0x14 /home/opt/arm-toolchains/gcc-arm-none-eabi-7-2018-q2-update/bin/../lib/gcc/arm-none-eabi/7.3.1/../../../../arm-none-eabi/lib/thumb/v6-m/libg_nano.a(lib_a-strcmp.o)
 .data          0x0000000000000000        0x0 /home/opt/arm-toolchains/gcc-arm-none-eabi-7-2018-q2-update/bin/../lib/gcc/arm-none-eabi/7.3.1/../../../../arm-none-eabi/lib/thumb/v6-m/libg_nano.a(lib_a-strcmp.o)
 .bss           0x0000000000000000        0x0 /home/opt/arm-toolchains/gcc-arm-none-eabi-7-2018-q2-update/bin/../lib/gcc/arm-none-eabi/7.3.1/../../../../arm-none-eabi/lib/thumb/v6-m/libg_nano.a(lib_a-strcmp.o)
 .debug_frame   0x0000000000000000       0x20 /home/opt/arm-toolchains/gcc-arm-none-eabi-7-2018-q2-update/bin/../lib/gcc/arm-none-eabi/7.3.1/../../../../arm-none-eabi/lib/thumb/v6-m/libg_nano.a(lib_a-strcmp.o)
 .ARM.attributes
                0x0000000000000000       0x1c /home/opt/arm-toolchains/gcc-arm-none-eabi-7-2018-q2-update/bin/../lib/gcc/arm-none-eabi/7.3.1/../../../../arm-none-eabi/lib/thumb/v6-m/libg_nano.a(lib_a-strcmp.o)
 .data          0x0000000000000000        0x0 /home/opt/arm-toolchains/gcc-arm-none-eabi-7-2018-q2-update/bin/../lib/gcc/arm-none-eabi/7.3.1/../../../../arm-none-eabi/lib/thumb/v6-m/libg_nano.a(lib_a-strlen.o)
 .bss           0x0000000000000000        0x0 /home/opt/arm-toolchains/gcc-arm-none-eabi-7-2018-q2-update/bin/../lib/gcc/arm-none-eabi/7.3.1/../../../../arm-none-eabi/lib/thumb/v6-m/libg_nano.a(lib_a-strlen.o)
 .text          0x0000000000000000        0x0 /home/opt/arm-toolchains/gcc-arm-none-eabi-7-2018-q2-update/bin/../lib/gcc/arm-none-eabi/7.3.1/../../../../arm-none-eabi/lib/thumb/v6-m/libg_nano.a(lib_a-wctomb_r.o)
 .data          0x0000000000000000        0x0 /home/opt/arm-toolchains/gcc-arm-none-eabi-7-2018-q2-update/bin/../lib/gcc/arm-none-eabi/7.3.1/../../../../arm-none-eabi/lib/thumb/v6-m/libg_nano.a(lib_a-wctomb_r.o)
 .bss           0x0000000000000000        0x0 /home/opt/arm-toolchains/gcc-arm-none-eabi-7-2018-q2-update/bin/../lib/gcc/arm-none-eabi/7.3.1/../../../../arm-none-eabi/lib/thumb/v6-m/libg_nano.a(lib_a-wctomb_r.o)
 .text._wctomb_r
                0x0000000000000000       0x20 /home/opt/arm-toolchains/gcc-arm-none-eabi-7-2018-q2-update/bin/../lib/gcc/arm-none-eabi/7.3.1/../../../../arm-none-eabi/lib/thumb/v6-m/libg_nano.a(lib_a-wctomb_r.o)
 .text.__ascii_wctomb
                0x0000000000000000       0x18 /home/opt/arm-toolchains/gcc-arm-none-eabi-7-2018-q2-update/bin/../lib/gcc/arm-none-eabi/7.3.1/../../../../arm-none-eabi/lib/thumb/v6-m/libg_nano.a(lib_a-wctomb_r.o)
 .debug_frame   0x0000000000000000       0x38 /home/opt/arm-toolchains/gcc-arm-none-eabi-7-2018-q2-update/bin/../lib/gcc/arm-none-eabi/7.3.1/../../../../arm-none-eabi/lib/thumb/v6-m/libg_nano.a(lib_a-wctomb_r.o)
 .ARM.attributes
                0x0000000000000000       0x2c /home/opt/arm-toolchains/gcc-arm-none-eabi-7-2018-q2-update/bin/../lib/gcc/arm-none-eabi/7.3.1/../../../../arm-none-eabi/lib/thumb/v6-m/libg_nano.a(lib_a-wctomb_r.o)
 .text          0x0000000000000000        0x0 /home/opt/arm-toolchains/gcc-arm-none-eabi-7-2018-q2-update/bin/../lib/gcc/arm-none-eabi/7.3.1/../../../../arm-none-eabi/lib/thumb/v6-m/libg_nano.a(lib_a-ctype_.o)
 .data          0x0000000000000000        0x0 /home/opt/arm-toolchains/gcc-arm-none-eabi-7-2018-q2-update/bin/../lib/gcc/arm-none-eabi/7.3.1/../../../../arm-none-eabi/lib/thumb/v6-m/libg_nano.a(lib_a-ctype_.o)
 .bss           0x0000000000000000        0x0 /home/opt/arm-toolchains/gcc-arm-none-eabi-7-2018-q2-update/bin/../lib/gcc/arm-none-eabi/7.3.1/../../../../arm-none-eabi/lib/thumb/v6-m/libg_nano.a(lib_a-ctype_.o)
 .rodata._ctype_
                0x0000000000000000      0x101 /home/opt/arm-toolchains/gcc-arm-none-eabi-7-2018-q2-update/bin/../lib/gcc/arm-none-eabi/7.3.1/../../../../arm-none-eabi/lib/thumb/v6-m/libg_nano.a(lib_a-ctype_.o)
 .ARM.attributes
                0x0000000000000000       0x2c /home/opt/arm-toolchains/gcc-arm-none-eabi-7-2018-q2-update/bin/../lib/gcc/arm-none-eabi/7.3.1/../../../../arm-none-eabi/lib/thumb/v6-m/libg_nano.a(lib_a-ctype_.o)
 .text          0x0000000000000000        0x0 /home/opt/arm-toolchains/gcc-arm-none-eabi-7-2018-q2-update/bin/../lib/gcc/arm-none-eabi/7.3.1/../../../../arm-none-eabi/lib/thumb/v6-m/libg_nano.a(lib_a-mlock.o)
 .data          0x0000000000000000        0x0 /home/opt/arm-toolchains/gcc-arm-none-eabi-7-2018-q2-update/bin/../lib/gcc/arm-none-eabi/7.3.1/../../../../arm-none-eabi/lib/thumb/v6-m/libg_nano.a(lib_a-mlock.o)
 .bss           0x0000000000000000        0x0 /home/opt/arm-toolchains/gcc-arm-none-eabi-7-2018-q2-update/bin/../lib/gcc/arm-none-eabi/7.3.1/../../../../arm-none-eabi/lib/thumb/v6-m/libg_nano.a(lib_a-mlock.o)
 .data          0x0000000000000000        0x0 /home/opt/arm-toolchains/gcc-arm-none-eabi-7-2018-q2-update/bin/../lib/gcc/arm-none-eabi/7.3.1/thumb/v6-m/libgcc.a(_udivsi3.o)
 .bss           0x0000000000000000        0x0 /home/opt/arm-toolchains/gcc-arm-none-eabi-7-2018-q2-update/bin/../lib/gcc/arm-none-eabi/7.3.1/thumb/v6-m/libgcc.a(_udivsi3.o)
 .text          0x0000000000000000      0x1d4 /home/opt/arm-toolchains/gcc-arm-none-eabi-7-2018-q2-update/bin/../lib/gcc/arm-none-eabi/7.3.1/thumb/v6-m/libgcc.a(_divsi3.o)
 .data          0x0000000000000000        0x0 /home/opt/arm-toolchains/gcc-arm-none-eabi-7-2018-q2-update/bin/../lib/gcc/arm-none-eabi/7.3.1/thumb/v6-m/libgcc.a(_divsi3.o)
 .bss           0x0000000000000000        0x0 /home/opt/arm-toolchains/gcc-arm-none-eabi-7-2018-q2-update/bin/../lib/gcc/arm-none-eabi/7.3.1/thumb/v6-m/libgcc.a(_divsi3.o)
 .debug_frame   0x0000000000000000       0x20 /home/opt/arm-toolchains/gcc-arm-none-eabi-7-2018-q2-update/bin/../lib/gcc/arm-none-eabi/7.3.1/thumb/v6-m/libgcc.a(_divsi3.o)
 .ARM.attributes
                0x0000000000000000       0x1e /home/opt/arm-toolchains/gcc-arm-none-eabi-7-2018-q2-update/bin/../lib/gcc/arm-none-eabi/7.3.1/thumb/v6-m/libgcc.a(_divsi3.o)
 .data          0x0000000000000000        0x0 /home/opt/arm-toolchains/gcc-arm-none-eabi-7-2018-q2-update/bin/../lib/gcc/arm-none-eabi/7.3.1/thumb/v6-m/libgcc.a(_dvmd_tls.o)
 .bss           0x0000000000000000        0x0 /home/opt/arm-toolchains/gcc-arm-none-eabi-7-2018-q2-update/bin/../lib/gcc/arm-none-eabi/7.3.1/thumb/v6-m/libgcc.a(_dvmd_tls.o)
 .text          0x0000000000000000        0x0 /home/opt/arm-toolchains/gcc-arm-none-eabi-7-2018-q2-update/bin/../lib/gcc/arm-none-eabi/7.3.1/../../../../arm-none-eabi/lib/thumb/v6-m/libg_nano.a(lib_a-memset.o)
 .data          0x0000000000000000        0x0 /home/opt/arm-toolchains/gcc-arm-none-eabi-7-2018-q2-update/bin/../lib/gcc/arm-none-eabi/7.3.1/../../../../arm-none-eabi/lib/thumb/v6-m/libg_nano.a(lib_a-memset.o)
 .bss           0x0000000000000000        0x0 /home/opt/arm-toolchains/gcc-arm-none-eabi-7-2018-q2-update/bin/../lib/gcc/arm-none-eabi/7.3.1/../../../../arm-none-eabi/lib/thumb/v6-m/libg_nano.a(lib_a-memset.o)

Memory Configuration

Name             Origin             Length             Attributes
RAM              0x0000000020000000 0x0000000000004000 xrw
CCMRAM           0x0000000000000000 0x0000000000000000 xrw
FLASH            0x0000000008000000 0x0000000000010000 xr
FLASHB1          0x0000000000000000 0x0000000000000000 xr
EXTMEMB0         0x0000000000000000 0x0000000000000000 xr
EXTMEMB1         0x0000000000000000 0x0000000000000000 xr
EXTMEMB2         0x0000000000000000 0x0000000000000000 xr
EXTMEMB3         0x0000000000000000 0x0000000000000000 xr
MEMORY_ARRAY     0x0000000000000000 0x0000000000000000 xrw
*default*        0x0000000000000000 0xffffffffffffffff

Linker script and memory map

LOAD /tmp/cc5N6lz2.ltrans0.ltrans.o
LOAD /home/opt/arm-toolchains/gcc-arm-none-eabi-7-2018-q2-update/bin/../lib/gcc/arm-none-eabi/7.3.1/../../../../arm-none-eabi/lib/thumb/v6-m/libstdc++_nano.a
LOAD /home/opt/arm-toolchains/gcc-arm-none-eabi-7-2018-q2-update/bin/../lib/gcc/arm-none-eabi/7.3.1/../../../../arm-none-eabi/lib/thumb/v6-m/libm.a
START GROUP
LOAD /home/opt/arm-toolchains/gcc-arm-none-eabi-7-2018-q2-update/bin/../lib/gcc/arm-none-eabi/7.3.1/thumb/v6-m/libgcc.a
LOAD /home/opt/arm-toolchains/gcc-arm-none-eabi-7-2018-q2-update/bin/../lib/gcc/arm-none-eabi/7.3.1/../../../../arm-none-eabi/lib/thumb/v6-m/libg_nano.a
LOAD /home/opt/arm-toolchains/gcc-arm-none-eabi-7-2018-q2-update/bin/../lib/gcc/arm-none-eabi/7.3.1/../../../../arm-none-eabi/lib/thumb/v6-m/libc_nano.a
END GROUP
START GROUP
LOAD /home/opt/arm-toolchains/gcc-arm-none-eabi-7-2018-q2-update/bin/../lib/gcc/arm-none-eabi/7.3.1/thumb/v6-m/libgcc.a
LOAD /home/opt/arm-toolchains/gcc-arm-none-eabi-7-2018-q2-update/bin/../lib/gcc/arm-none-eabi/7.3.1/../../../../arm-none-eabi/lib/thumb/v6-m/libc_nano.a
LOAD /home/opt/arm-toolchains/gcc-arm-none-eabi-7-2018-q2-update/bin/../lib/gcc/arm-none-eabi/7.3.1/../../../../arm-none-eabi/lib/thumb/v6-m/libnosys.a
END GROUP
START GROUP
LOAD /home/opt/arm-toolchains/gcc-arm-none-eabi-7-2018-q2-update/bin/../lib/gcc/arm-none-eabi/7.3.1/thumb/v6-m/libgcc.a
LOAD /home/opt/arm-toolchains/gcc-arm-none-eabi-7-2018-q2-update/bin/../lib/gcc/arm-none-eabi/7.3.1/../../../../arm-none-eabi/lib/thumb/v6-m/libc_nano.a
LOAD /home/opt/arm-toolchains/gcc-arm-none-eabi-7-2018-q2-update/bin/../lib/gcc/arm-none-eabi/7.3.1/../../../../arm-none-eabi/lib/thumb/v6-m/libnosys.a
END GROUP
                0x0000000020004000                __stack = (ORIGIN (RAM) + LENGTH (RAM))
                0x0000000020004000                _estack = __stack
                0x0000000000000800                __Main_Stack_Size = 0x800
                [!provide]                        PROVIDE (_Main_Stack_Size = __Main_Stack_Size)
                0x0000000020003800                __Main_Stack_Limit = (__stack - __Main_Stack_Size)
                [!provide]                        PROVIDE (_Main_Stack_Limit = __Main_Stack_Limit)
                0x0000000000000100                _Minimum_Stack_Size = 0x100
                0x0000000020000524                PROVIDE (_Heap_Begin = _end_noinit)
                0x0000000020003800                PROVIDE (_Heap_Limit = (__stack - __Main_Stack_Size))

.isr_vector     0x0000000008000000      0x294
 FILL mask 0xff
                0x0000000008000000                __vectors_start = ABSOLUTE (.)
                0x0000000008000000                __vectors_start__ = ABSOLUTE (.)
 *(.isr_vector)
 .isr_vector    0x0000000008000000       0xc4 /tmp/cc5N6lz2.ltrans0.ltrans.o
                0x0000000008000000                g_pfnVectors
 *(.cfmconfig)
 *(.after_vectors .after_vectors.*)
 .after_vectors
                0x00000000080000c4      0x1d0 /tmp/cc5N6lz2.ltrans0.ltrans.o
                0x00000000080000c4                _start
                0x0000000008000268                HardFault_Handler_C

.inits          0x0000000008000294       0x48
                0x0000000008000294                __data_regions_array_start = .
                0x0000000008000294        0x4 LONG 0x8005ca8 LOADADDR (.data)
                0x0000000008000298        0x4 LONG 0x20000000 ADDR (.data)
                0x000000000800029c        0x4 LONG 0x200000b0 (ADDR (.data) + SIZEOF (.data))
                0x00000000080002a0        0x4 LONG 0x8005ca8 LOADADDR (.data_CCMRAM)
                0x00000000080002a4        0x4 LONG 0x0 ADDR (.data_CCMRAM)
                0x00000000080002a8        0x4 LONG 0x0 (ADDR (.data_CCMRAM) + SIZEOF (.data_CCMRAM))
                0x00000000080002ac                __data_regions_array_end = .
                0x00000000080002ac                __bss_regions_array_start = .
                0x00000000080002ac        0x4 LONG 0x200000b0 ADDR (.bss)
                0x00000000080002b0        0x4 LONG 0x20000524 (ADDR (.bss) + SIZEOF (.bss))
                0x00000000080002b4        0x4 LONG 0x0 ADDR (.bss_CCMRAM)
                0x00000000080002b8        0x4 LONG 0x0 (ADDR (.bss_CCMRAM) + SIZEOF (.bss_CCMRAM))
                0x00000000080002bc                __bss_regions_array_end = .
 *(.init)
 *(.fini)
                0x00000000080002bc                . = ALIGN (0x4)
                0x00000000080002bc                PROVIDE (__preinit_array_start = .)
 *(.preinit_array_sysinit .preinit_array_sysinit.*)
 *(.preinit_array_platform .preinit_array_platform.*)
 *(.preinit_array .preinit_array.*)
                0x00000000080002bc                PROVIDE (__preinit_array_end = .)
                0x00000000080002bc                . = ALIGN (0x4)
                0x00000000080002bc                PROVIDE (__init_array_start = .)
 *(SORT_BY_NAME(.init_array.*))
 *(.init_array)
 .init_array    0x00000000080002bc       0x18 /tmp/cc5N6lz2.ltrans0.ltrans.o
                0x00000000080002d4                PROVIDE (__init_array_end = .)
                0x00000000080002d4                . = ALIGN (0x4)
                0x00000000080002d4                PROVIDE (__fini_array_start = .)
 *(SORT_BY_NAME(.fini_array.*))
 *(.fini_array)
 .fini_array    0x00000000080002d4        0x8 /tmp/cc5N6lz2.ltrans0.ltrans.o
                0x00000000080002dc                PROVIDE (__fini_array_end = .)

.flashtext
 *(.flashtext .flashtext.*)

.text           0x00000000080002dc     0x59cc
 *(.text .text.*)
 .text.__cxa_pure_virtual
                0x00000000080002dc       0x14 /tmp/cc5N6lz2.ltrans0.ltrans.o
 .text._exit    0x00000000080002f0        0xa /tmp/cc5N6lz2.ltrans0.ltrans.o
 *fill*         0x00000000080002fa        0x2 
 .text.abort    0x00000000080002fc       0x14 /tmp/cc5N6lz2.ltrans0.ltrans.o
 .text.__initialize_args
                0x0000000008000310       0x20 /tmp/cc5N6lz2.ltrans0.ltrans.o
 .text.__initialize_hardware_early
                0x0000000008000330        0xc /tmp/cc5N6lz2.ltrans0.ltrans.o
 .text.__initialize_hardware
                0x000000000800033c        0xc /tmp/cc5N6lz2.ltrans0.ltrans.o
 .text.SystemInit
                0x0000000008000348       0x8c /tmp/cc5N6lz2.ltrans0.ltrans.o
 .text.SystemCoreClockUpdate
                0x00000000080003d4       0xdc /tmp/cc5N6lz2.ltrans0.ltrans.o
 .text.SetSysClock
                0x00000000080004b0       0xdc /tmp/cc5N6lz2.ltrans0.ltrans.o
 .text._ZN4Gpio11setOutputUpEP12GPIO_TypeDefh
                0x000000000800058c       0x24 /tmp/cc5N6lz2.ltrans0.ltrans.o
 .text._ZN4Gpio13setOutputDownEP12GPIO_TypeDefh
                0x00000000080005b0       0x26 /tmp/cc5N6lz2.ltrans0.ltrans.o
 .text._ZN4Gpio9setOutputEP12GPIO_TypeDefhb
                0x00000000080005d6       0x44 /tmp/cc5N6lz2.ltrans0.ltrans.o
 .text._ZN4Gpio8getInputEP12GPIO_TypeDefh
                0x000000000800061a       0x30 /tmp/cc5N6lz2.ltrans0.ltrans.o
 .text._ZN4Gpio11setOutputUpEv
                0x000000000800064a       0x1e /tmp/cc5N6lz2.ltrans0.ltrans.o
 .text._ZN4Gpio13setOutputDownEv
                0x0000000008000668       0x1e /tmp/cc5N6lz2.ltrans0.ltrans.o
 .text._ZN4Gpio9setOutputEb
                0x0000000008000686       0x26 /tmp/cc5N6lz2.ltrans0.ltrans.o
 .text._ZN4Gpio8getInputEv
                0x00000000080006ac       0x22 /tmp/cc5N6lz2.ltrans0.ltrans.o
 .text._ZN3Led3setENS_4ModeE
                0x00000000080006ce       0x1c /tmp/cc5N6lz2.ltrans0.ltrans.o
 *fill*         0x00000000080006ea        0x2 
 .text._ZN3Led4tickEm
                0x00000000080006ec      0x124 /tmp/cc5N6lz2.ltrans0.ltrans.o
 .text._ZN8Keyboard13getPressedKeyEv
                0x0000000008000810      0x122 /tmp/cc5N6lz2.ltrans0.ltrans.o
 .text._ZN8Keyboard16getUnbufferedKeyEv
                0x0000000008000932       0x1a /tmp/cc5N6lz2.ltrans0.ltrans.o
 .text._ZN3HMIC2Ev
                0x000000000800094c       0x48 /tmp/cc5N6lz2.ltrans0.ltrans.o
 .text._ZN3HMI12setBackLightEb
                0x0000000008000994       0x24 /tmp/cc5N6lz2.ltrans0.ltrans.o
 .text._ZN3HMI7monitorEv
                0x00000000080009b8       0xac /tmp/cc5N6lz2.ltrans0.ltrans.o
 .text._ZL12hmi_callbackv
                0x0000000008000a64       0x14 /tmp/cc5N6lz2.ltrans0.ltrans.o
 .text._ZN3HMI11getInstanceEv
                0x0000000008000a78       0x10 /tmp/cc5N6lz2.ltrans0.ltrans.o
 .text._Z41__static_initialization_and_destruction_0ii.lto_priv.0
                0x0000000008000a88       0x44 /tmp/cc5N6lz2.ltrans0.ltrans.o
 .text._GLOBAL__sub_I_hmi
                0x0000000008000acc       0x18 /tmp/cc5N6lz2.ltrans0.ltrans.o
 .text.NVIC_SetPriority.lto_priv.6
                0x0000000008000ae4       0xe8 /tmp/cc5N6lz2.ltrans0.ltrans.o
 .text.SysTick_Config
                0x0000000008000bcc       0x48 /tmp/cc5N6lz2.ltrans0.ltrans.o
 .text._ZN4Gpio7setMODEEP12GPIO_TypeDefhNS_8GpioModeE
                0x0000000008000c14       0x4e /tmp/cc5N6lz2.ltrans0.ltrans.o
 .text._ZN4Gpio8setSpeedEP12GPIO_TypeDefhNS_9GpioSpeedE
                0x0000000008000c62       0x50 /tmp/cc5N6lz2.ltrans0.ltrans.o
 .text._ZN4Gpio11setPullUpDnEP12GPIO_TypeDefhNS_8GpioPuPdE
                0x0000000008000cb2       0x4e /tmp/cc5N6lz2.ltrans0.ltrans.o
 .text._ZN4Gpio8setOTypeEP12GPIO_TypeDefhNS_9GpioOTypeE
                0x0000000008000d00       0x56 /tmp/cc5N6lz2.ltrans0.ltrans.o
 .text._ZN4Gpio7setMODEENS_8GpioModeE
                0x0000000008000d56       0x26 /tmp/cc5N6lz2.ltrans0.ltrans.o
 .text._ZN4Gpio8setSpeedENS_9GpioSpeedE
                0x0000000008000d7c       0x26 /tmp/cc5N6lz2.ltrans0.ltrans.o
 .text._ZN4Gpio11setPullUpDnENS_8GpioPuPdE
                0x0000000008000da2       0x26 /tmp/cc5N6lz2.ltrans0.ltrans.o
 .text._ZN4Gpio8setOTypeENS_9GpioOTypeE
                0x0000000008000dc8       0x26 /tmp/cc5N6lz2.ltrans0.ltrans.o
 .text._ZN4GpioC2EP12GPIO_TypeDefh
                0x0000000008000dee       0x4e /tmp/cc5N6lz2.ltrans0.ltrans.o
 .text._ZN8Hardware13errorDispatchENS_9ErrorCodeE
                0x0000000008000e3c       0x3c /tmp/cc5N6lz2.ltrans0.ltrans.o
 .text._ZN9QuickTask10getCounterEv
                0x0000000008000e78       0x14 /tmp/cc5N6lz2.ltrans0.ltrans.o
 .text._ZN9QuickTask22delayMsWithActiveTasksEm
                0x0000000008000e8c       0x34 /tmp/cc5N6lz2.ltrans0.ltrans.o
 .text._ZN9QuickTask23delayMsWithStoppedTasksEm
                0x0000000008000ec0       0x2e /tmp/cc5N6lz2.ltrans0.ltrans.o
 *fill*         0x0000000008000eee        0x2 
 .text._ZL13flash_latencym
                0x0000000008000ef0       0x34 /tmp/cc5N6lz2.ltrans0.ltrans.o
 .text._ZL12pll_start_lbmm
                0x0000000008000f24       0xfc /tmp/cc5N6lz2.ltrans0.ltrans.o
 .text._ZL7rccInitv
                0x0000000008001020       0x64 /tmp/cc5N6lz2.ltrans0.ltrans.o
 .text._ZN8Hardware4initEv
                0x0000000008001084       0x58 /tmp/cc5N6lz2.ltrans0.ltrans.o
 .text._ZN8Hardware9WDOG_InitEv
                0x00000000080010dc        0x8 /tmp/cc5N6lz2.ltrans0.ltrans.o
 .text._ZN8Hardware11WDOG_ReloadEv
                0x00000000080010e4        0x8 /tmp/cc5N6lz2.ltrans0.ltrans.o
 .text._ZN8Hardware9NVIC_initEv
                0x00000000080010ec        0x8 /tmp/cc5N6lz2.ltrans0.ltrans.o
 .text._ZN8Hardware12delayMsDirtyEm
                0x00000000080010f4       0x16 /tmp/cc5N6lz2.ltrans0.ltrans.o
 *fill*         0x000000000800110a        0x2 
 .text._Z41__static_initialization_and_destruction_0ii.lto_priv.1
                0x000000000800110c       0x48 /tmp/cc5N6lz2.ltrans0.ltrans.o
 .text._GLOBAL__sub_I__ZN8Hardware4initEv
                0x0000000008001154       0x18 /tmp/cc5N6lz2.ltrans0.ltrans.o
 .text._ZN6VEprom9writeWordENS_9VirtAdresEt
                0x000000000800116c       0x54 /tmp/cc5N6lz2.ltrans0.ltrans.o
 .text._ZN6VEprom8readWordENS_9VirtAdresEPt
                0x00000000080011c0       0x6c /tmp/cc5N6lz2.ltrans0.ltrans.o
 .text._ZN6VEprom8readWordENS_9VirtAdresE
                0x000000000800122c       0x34 /tmp/cc5N6lz2.ltrans0.ltrans.o
 .text._ZN6VEprom10addToValueENS_9VirtAdresEt
                0x0000000008001260       0x6a /tmp/cc5N6lz2.ltrans0.ltrans.o
 .text._ZN6VEprom17subtractFromValueENS_9VirtAdresEt
                0x00000000080012ca       0x6a /tmp/cc5N6lz2.ltrans0.ltrans.o
 .text._ZN4Fifo7isEmptyEv
                0x0000000008001334       0x20 /tmp/cc5N6lz2.ltrans0.ltrans.o
 .text._ZN4Fifo10isNotEmptyEv
                0x0000000008001354       0x22 /tmp/cc5N6lz2.ltrans0.ltrans.o
 .text._ZN8Keyboard13getFromBufferEv
                0x0000000008001376       0x44 /tmp/cc5N6lz2.ltrans0.ltrans.o
 .text._ZN8Keyboard6getKeyEv
                0x00000000080013ba       0x1a /tmp/cc5N6lz2.ltrans0.ltrans.o
 .text._ZN11FrameBuffer14setRefreshNeedEv
                0x00000000080013d4       0x14 /tmp/cc5N6lz2.ltrans0.ltrans.o
 .text._ZN11FrameBuffer19checkCursorPositionEv
                0x00000000080013e8       0x3e /tmp/cc5N6lz2.ltrans0.ltrans.o
 .text._ZNK11FrameBuffer7getROWSEv
                0x0000000008001426       0x14 /tmp/cc5N6lz2.ltrans0.ltrans.o
 .text._ZNK11FrameBuffer10getCOLUMNSEv
                0x000000000800143a       0x14 /tmp/cc5N6lz2.ltrans0.ltrans.o
 .text._ZN11FrameBuffer11cursorRightEv
                0x000000000800144e       0x3a /tmp/cc5N6lz2.ltrans0.ltrans.o
 .text._ZN11FrameBuffer6gotoXYEmm
                0x0000000008001488       0x5a /tmp/cc5N6lz2.ltrans0.ltrans.o
 .text._ZN11FrameBuffer5printEc
                0x00000000080014e2       0x3c /tmp/cc5N6lz2.ltrans0.ltrans.o
 .text._ZN11FrameBuffer5printEPKc
                0x000000000800151e       0x30 /tmp/cc5N6lz2.ltrans0.ltrans.o
 .text._ZN11FrameBuffer7printXYEmmPKc
                0x000000000800154e       0x2c /tmp/cc5N6lz2.ltrans0.ltrans.o
 .text._ZN11FrameBuffer9clearLineEt
                0x000000000800157a       0x7c /tmp/cc5N6lz2.ltrans0.ltrans.o
 .text._ZN11FrameBuffer10cursorModeENS_10CursorModeE
                0x00000000080015f6       0x1c /tmp/cc5N6lz2.ltrans0.ltrans.o
 .text._ZN11FrameBuffer23printNumbersWithPatternEPKcm
                0x0000000008001612       0x56 /tmp/cc5N6lz2.ltrans0.ltrans.o
 .text._ZN7HBridge8setPowerENS_5POWERE
                0x0000000008001668       0x7a /tmp/cc5N6lz2.ltrans0.ltrans.o
 .text._ZN11Silnik24VDC11setType1234Eb
                0x00000000080016e2       0x1c /tmp/cc5N6lz2.ltrans0.ltrans.o
 .text._ZN7Hamulec16gotoSafePositionEb
                0x00000000080016fe       0x34 /tmp/cc5N6lz2.ltrans0.ltrans.o
 .text._ZN7Hamulec7setModeENS_4MODEE
                0x0000000008001732       0x30 /tmp/cc5N6lz2.ltrans0.ltrans.o
 .text._ZN7Hamulec7setModeENS_4MODEEb
                0x0000000008001762       0x3a /tmp/cc5N6lz2.ltrans0.ltrans.o
 .text._ZN7Hamulec5hamujEb
                0x000000000800179c       0x92 /tmp/cc5N6lz2.ltrans0.ltrans.o
 .text._ZNK9Sterownik9getSilnikEv
                0x000000000800182e       0x2c /tmp/cc5N6lz2.ltrans0.ltrans.o
 .text._ZN9Sterownik10fixOutputsEv
                0x000000000800185a       0x5c /tmp/cc5N6lz2.ltrans0.ltrans.o
 .text._ZN9Sterownik12checkPozycjaEv
                0x00000000080018b6       0x74 /tmp/cc5N6lz2.ltrans0.ltrans.o
 .text._ZN9Sterownik9checkRuchEv
                0x000000000800192a       0xea /tmp/cc5N6lz2.ltrans0.ltrans.o
 .text._ZN9Sterownik9initNapedEv
                0x0000000008001a14       0xcc /tmp/cc5N6lz2.ltrans0.ltrans.o
 .text._ZNK9Sterownik11isTyp230VACEv
                0x0000000008001ae0       0x26 /tmp/cc5N6lz2.ltrans0.ltrans.o
 .text._ZNK9Sterownik12getTypNapeduEv
                0x0000000008001b06       0x14 /tmp/cc5N6lz2.ltrans0.ltrans.o
 .text._ZNK9Sterownik9isOtwarteEv
                0x0000000008001b1a       0x1e /tmp/cc5N6lz2.ltrans0.ltrans.o
 .text._ZNK9Sterownik11isZamknieteEv
                0x0000000008001b38       0x1e /tmp/cc5N6lz2.ltrans0.ltrans.o
 .text._ZNK9Sterownik17isZakazOtwieraniaEv
                0x0000000008001b56       0x1e /tmp/cc5N6lz2.ltrans0.ltrans.o
 .text._ZNK9Sterownik16isZakazZamykaniaEv
                0x0000000008001b74       0x1e /tmp/cc5N6lz2.ltrans0.ltrans.o
 .text._ZNK9Sterownik7isPozarEv
                0x0000000008001b92       0x26 /tmp/cc5N6lz2.ltrans0.ltrans.o
 .text._ZNK9Sterownik17isAlarmAkustycznyEv
                0x0000000008001bb8       0x26 /tmp/cc5N6lz2.ltrans0.ltrans.o
 .text._ZNK9Sterownik8isAwariaEv
                0x0000000008001bde       0x14 /tmp/cc5N6lz2.ltrans0.ltrans.o
 .text._ZN9Sterownik14isOpenPossibleEv
                0x0000000008001bf2       0x58 /tmp/cc5N6lz2.ltrans0.ltrans.o
 .text._ZN9Sterownik15isClosePossibleEv
                0x0000000008001c4a       0x42 /tmp/cc5N6lz2.ltrans0.ltrans.o
 .text._ZN9Sterownik9zatrzymajEv
                0x0000000008001c8c       0x22 /tmp/cc5N6lz2.ltrans0.ltrans.o
 .text._ZN9Sterownik8setNapedENS_5NAPEDE
                0x0000000008001cae       0x3a /tmp/cc5N6lz2.ltrans0.ltrans.o
 .text._ZN9Sterownik12setPrevNapedEv
                0x0000000008001ce8       0x60 /tmp/cc5N6lz2.ltrans0.ltrans.o
 .text._ZN9Sterownik12setNextNapedEv
                0x0000000008001d48       0x64 /tmp/cc5N6lz2.ltrans0.ltrans.o
 .text._ZNK9Sterownik13getOpisNapeduEv
                0x0000000008001dac       0x20 /tmp/cc5N6lz2.ltrans0.ltrans.o
 .text._ZNK9Sterownik13getOpisNapeduENS_5NAPEDE
                0x0000000008001dcc       0x5c /tmp/cc5N6lz2.ltrans0.ltrans.o
 .text._ZN9Sterownik16gotoSafePositionEb
                0x0000000008001e28       0x6a /tmp/cc5N6lz2.ltrans0.ltrans.o
 *fill*         0x0000000008001e92        0x2 
 .text._ZN4Menu9goToEkranENS_5EKRANE
                0x0000000008001e94       0x58 /tmp/cc5N6lz2.ltrans0.ltrans.o
 .text._ZN4Menu9showEkranEv
                0x0000000008001eec       0x52 /tmp/cc5N6lz2.ltrans0.ltrans.o
 .text._ZN5Praca19isAwariaSieci230VACEv
                0x0000000008001f3e       0x26 /tmp/cc5N6lz2.ltrans0.ltrans.o
 .text._ZNK5Praca6getJobEv
                0x0000000008001f64       0x14 /tmp/cc5N6lz2.ltrans0.ltrans.o
 .text._ZN4Menu4pollEv
                0x0000000008001f78       0xe8 /tmp/cc5N6lz2.ltrans0.ltrans.o
 .text._ZL12getJobSymbolv
                0x0000000008002060       0x3c /tmp/cc5N6lz2.ltrans0.ltrans.o
 .text._ZN4Menu9showEkranEt
                0x000000000800209c      0x204 /tmp/cc5N6lz2.ltrans0.ltrans.o
 .text._ZN9Sterownik13isBrakeAtStopEv
                0x00000000080022a0       0x22 /tmp/cc5N6lz2.ltrans0.ltrans.o
 .text._ZN9Sterownik9setBuzzerEb
                0x00000000080022c2       0x28 /tmp/cc5N6lz2.ltrans0.ltrans.o
 .text._ZN9Sterownik7podniesEv
                0x00000000080022ea       0x44 /tmp/cc5N6lz2.ltrans0.ltrans.o
 .text._ZN9Sterownik5opuscEv
                0x000000000800232e       0x44 /tmp/cc5N6lz2.ltrans0.ltrans.o
 .text._ZN9Sterownik4pollEv
                0x0000000008002372       0x16 /tmp/cc5N6lz2.ltrans0.ltrans.o
 .text._ZN5Praca13isOpenRequestEv
                0x0000000008002388       0x6c /tmp/cc5N6lz2.ltrans0.ltrans.o
 .text._ZN5Praca14isCloseRequestEv
                0x00000000080023f4       0x60 /tmp/cc5N6lz2.ltrans0.ltrans.o
 .text._ZN5Praca4pollEv
                0x0000000008002454      0x244 /tmp/cc5N6lz2.ltrans0.ltrans.o
 .text._Z13pracaCallbackv
                0x0000000008002698       0x18 /tmp/cc5N6lz2.ltrans0.ltrans.o
 .text._Z41__static_initialization_and_destruction_0ii.lto_priv.2
                0x00000000080026b0       0x38 /tmp/cc5N6lz2.ltrans0.ltrans.o
 .text._GLOBAL__sub_I__Z13pracaCallbackv
                0x00000000080026e8       0x18 /tmp/cc5N6lz2.ltrans0.ltrans.o
 .text._ZN9QuickTask4holdEb
                0x0000000008002700       0x20 /tmp/cc5N6lz2.ltrans0.ltrans.o
 .text._ZN17CallbackInterfaceD2Ev
                0x0000000008002720       0x1c /tmp/cc5N6lz2.ltrans0.ltrans.o
 .text._ZN4Gpio7getModeEP12GPIO_TypeDefh
                0x000000000800273c       0x30 /tmp/cc5N6lz2.ltrans0.ltrans.o
 .text._ZN4Gpio7getPullEP12GPIO_TypeDefh
                0x000000000800276c       0x30 /tmp/cc5N6lz2.ltrans0.ltrans.o
 .text._ZN4Gpio8getSpeedEP12GPIO_TypeDefh
                0x000000000800279c       0x30 /tmp/cc5N6lz2.ltrans0.ltrans.o
 .text._ZN4Gpio8getOTypeEP12GPIO_TypeDefh
                0x00000000080027cc       0x32 /tmp/cc5N6lz2.ltrans0.ltrans.o
 .text._ZN4Gpio14setupFromCloneEP12GPIO_TypeDefhS1_h
                0x00000000080027fe       0x9c /tmp/cc5N6lz2.ltrans0.ltrans.o
 .text._ZN4Gpio5setupENS_8GpioModeENS_9GpioOTypeENS_8GpioPuPdENS_9GpioSpeedE
                0x000000000800289a       0x60 /tmp/cc5N6lz2.ltrans0.ltrans.o
 .text._ZN4Gpio14setupFromCloneEPS_
                0x00000000080028fa       0x24 /tmp/cc5N6lz2.ltrans0.ltrans.o
 .text._ZN6VEprom4initEv
                0x000000000800291e       0x1c /tmp/cc5N6lz2.ltrans0.ltrans.o
 *fill*         0x000000000800293a        0x2 
 .text._ZN12SilnikNapeduD2Ev
                0x000000000800293c       0x1c /tmp/cc5N6lz2.ltrans0.ltrans.o
 .text._ZN12SilnikNapeduC2Ev
                0x0000000008002958       0x24 /tmp/cc5N6lz2.ltrans0.ltrans.o
 .text._ZN12Silnik230VACC2EP4GpioS1_
                0x000000000800297c       0x3c /tmp/cc5N6lz2.ltrans0.ltrans.o
 .text._ZN12Silnik230VAC4initEv
                0x00000000080029b8       0x22 /tmp/cc5N6lz2.ltrans0.ltrans.o
 .text._ZN12Silnik230VAC16gotoSafePositionEb
                0x00000000080029da       0x2e /tmp/cc5N6lz2.ltrans0.ltrans.o
 .text._ZN12Silnik230VAC7setMoveEN12SilnikNapedu4MOVEE
                0x0000000008002a08       0x78 /tmp/cc5N6lz2.ltrans0.ltrans.o
 .text._ZN12Silnik230VAC7getMoveEv
                0x0000000008002a80       0x14 /tmp/cc5N6lz2.ltrans0.ltrans.o
 .text._ZN7HBridge11setPullPlusENS_4PULLE
                0x0000000008002a94       0x6a /tmp/cc5N6lz2.ltrans0.ltrans.o
 .text._ZN7HBridge12setPullMinusENS_4PULLE
                0x0000000008002afe       0x6a /tmp/cc5N6lz2.ltrans0.ltrans.o
 .text._ZN7HBridgeC2EP4GpioS1_S1_S1_
                0x0000000008002b68       0x4e /tmp/cc5N6lz2.ltrans0.ltrans.o
 .text._ZN7HBridge4initEv
                0x0000000008002bb6       0x2c /tmp/cc5N6lz2.ltrans0.ltrans.o
 .text._ZN7HBridge4pollEv
                0x0000000008002be2       0x68 /tmp/cc5N6lz2.ltrans0.ltrans.o
 *fill*         0x0000000008002c4a        0x2 
 .text._ZN11Silnik24VDCC2EP7HBridgeS1_
                0x0000000008002c4c       0x40 /tmp/cc5N6lz2.ltrans0.ltrans.o
 .text._ZN11Silnik24VDC4initEv
                0x0000000008002c8c       0x22 /tmp/cc5N6lz2.ltrans0.ltrans.o
 .text._ZN11Silnik24VDC16gotoSafePositionEb
                0x0000000008002cae       0x30 /tmp/cc5N6lz2.ltrans0.ltrans.o
 .text._ZN11Silnik24VDC7setMoveEN12SilnikNapedu4MOVEE
                0x0000000008002cde       0xec /tmp/cc5N6lz2.ltrans0.ltrans.o
 .text._ZN11Silnik24VDC7getMoveEv
                0x0000000008002dca       0x14 /tmp/cc5N6lz2.ltrans0.ltrans.o
 .text._ZN7HamulecC2EP7HBridge
                0x0000000008002dde       0x2c /tmp/cc5N6lz2.ltrans0.ltrans.o
 .text._ZN7Hamulec4initEv
                0x0000000008002e0a       0x22 /tmp/cc5N6lz2.ltrans0.ltrans.o
 .text._ZN3Led7preinitEv
                0x0000000008002e2c       0x20 /tmp/cc5N6lz2.ltrans0.ltrans.o
 .text._ZN3LedC2EP12GPIO_TypeDefh
                0x0000000008002e4c       0x2e /tmp/cc5N6lz2.ltrans0.ltrans.o
 .text._ZN3Led4initENS_4TypeENS_4ModeE
                0x0000000008002e7a       0x44 /tmp/cc5N6lz2.ltrans0.ltrans.o
 *fill*         0x0000000008002ebe        0x2 
 .text._ZN6Pinout5setupEv
                0x0000000008002ec0      0x304 /tmp/cc5N6lz2.ltrans0.ltrans.o
 .text._ZN9SterownikC2EP11Silnik24VDCP12Silnik230VACP7Hamulec
                0x00000000080031c4       0x48 /tmp/cc5N6lz2.ltrans0.ltrans.o
 .text._ZN9Sterownik4initEv
                0x000000000800320c       0x50 /tmp/cc5N6lz2.ltrans0.ltrans.o
 .text._ZN8Keyboard11addToBufferENS_3KeyE
                0x000000000800325c       0x2c /tmp/cc5N6lz2.ltrans0.ltrans.o
 .text._ZN8KeyboardC2EP4GpioS1_S1_S1_
                0x0000000008003288       0x68 /tmp/cc5N6lz2.ltrans0.ltrans.o
 .text._ZN8Keyboard6co10msEv
                0x00000000080032f0       0x50 /tmp/cc5N6lz2.ltrans0.ltrans.o
 .text._ZN11FrameBuffer11clearScreenEv
                0x0000000008003340       0x38 /tmp/cc5N6lz2.ltrans0.ltrans.o
 .text._ZN4Menu4initEP9SterownikP8KeyboardP11FrameBuffer
                0x0000000008003378       0x2c /tmp/cc5N6lz2.ltrans0.ltrans.o
 .text._ZN3HMI4initEP9SterownikP8KeyboardP11FrameBufferP4GpioP4MenuP3LedSB_
                0x00000000080033a4       0x52 /tmp/cc5N6lz2.ltrans0.ltrans.o
 *fill*         0x00000000080033f6        0x2 
 .text._ZN17CallbackInterfaceC2Ev
                0x00000000080033f8       0x1c /tmp/cc5N6lz2.ltrans0.ltrans.o
 .text._ZN9ST7032iFBC2Ev
                0x0000000008003414       0x48 /tmp/cc5N6lz2.ltrans0.ltrans.o
 .text._ZN9ST7032iFBD2Ev
                0x000000000800345c       0x24 /tmp/cc5N6lz2.ltrans0.ltrans.o
 .text._ZN9ST7032iFBD0Ev
                0x0000000008003480       0x24 /tmp/cc5N6lz2.ltrans0.ltrans.o
 .text._ZN9ST7032iFB16callbackFunctionEv
                0x00000000080034a4        0xe /tmp/cc5N6lz2.ltrans0.ltrans.o
 .text._ZN9ST7032iFB14getFrameBufferEv
                0x00000000080034b2       0x14 /tmp/cc5N6lz2.ltrans0.ltrans.o
 *fill*         0x00000000080034c6        0x2 
 .text._ZN5Praca4initEv
                0x00000000080034c8       0x34 /tmp/cc5N6lz2.ltrans0.ltrans.o
 .text._ZN6PinoutC2Ev
                0x00000000080034fc      0x350 /tmp/cc5N6lz2.ltrans0.ltrans.o
 .text._ZN4MenuC2Ev
                0x000000000800384c       0x1e /tmp/cc5N6lz2.ltrans0.ltrans.o
 *fill*         0x000000000800386a        0x2 
 .text._Z11hBridgePollv
                0x000000000800386c       0x20 /tmp/cc5N6lz2.ltrans0.ltrans.o
 .text._ZL13keyb_callbackv
                0x000000000800388c       0x14 /tmp/cc5N6lz2.ltrans0.ltrans.o
 .text.main     0x00000000080038a0      0x124 /tmp/cc5N6lz2.ltrans0.ltrans.o
 .text._ZN11Silnik24VDCD2Ev
                0x00000000080039c4       0x24 /tmp/cc5N6lz2.ltrans0.ltrans.o
 .text._ZN11Silnik24VDCD0Ev
                0x00000000080039e8       0x24 /tmp/cc5N6lz2.ltrans0.ltrans.o
 .text._ZN12Silnik230VACD2Ev
                0x0000000008003a0c       0x24 /tmp/cc5N6lz2.ltrans0.ltrans.o
 .text._ZN12Silnik230VACD0Ev
                0x0000000008003a30       0x24 /tmp/cc5N6lz2.ltrans0.ltrans.o
 .text._Z41__static_initialization_and_destruction_0ii.lto_priv.3
                0x0000000008003a54      0x17c /tmp/cc5N6lz2.ltrans0.ltrans.o
 .text._GLOBAL__sub_I_pins
                0x0000000008003bd0       0x18 /tmp/cc5N6lz2.ltrans0.ltrans.o
 .text._GLOBAL__sub_D_pins
                0x0000000008003be8       0x18 /tmp/cc5N6lz2.ltrans0.ltrans.o
 .text._ZN4FifoC2EPhm
                0x0000000008003c00       0x40 /tmp/cc5N6lz2.ltrans0.ltrans.o
 .text._ZN4Fifo3putEh
                0x0000000008003c40       0x6e /tmp/cc5N6lz2.ltrans0.ltrans.o
 .text._ZN4Fifo3getEv
                0x0000000008003cae       0x5a /tmp/cc5N6lz2.ltrans0.ltrans.o
 .text._ZN4Fifo6putAllEPS_
                0x0000000008003d08       0x64 /tmp/cc5N6lz2.ltrans0.ltrans.o
 .text._ZN4Fifo9get_countEv
                0x0000000008003d6c       0x38 /tmp/cc5N6lz2.ltrans0.ltrans.o
 .text._ZN11FrameBufferD2Ev
                0x0000000008003da4       0x1c /tmp/cc5N6lz2.ltrans0.ltrans.o
 .text._ZN11FrameBufferD0Ev
                0x0000000008003dc0       0x24 /tmp/cc5N6lz2.ltrans0.ltrans.o
 .text._ZN9QuickTask4tickEm
                0x0000000008003de4       0x6c /tmp/cc5N6lz2.ltrans0.ltrans.o
 .text._ZN9QuickTask4pollEv
                0x0000000008003e50       0x68 /tmp/cc5N6lz2.ltrans0.ltrans.o
 .text._ZN9QuickTaskC2ENS_6QTTypeEPFvvEm
                0x0000000008003eb8       0x94 /tmp/cc5N6lz2.ltrans0.ltrans.o
 .text.SysTick_Handler
                0x0000000008003f4c        0xe /tmp/cc5N6lz2.ltrans0.ltrans.o
 *fill*         0x0000000008003f5a        0x2 
 .text.EE_Init  0x0000000008003f5c      0x3d4 /tmp/cc5N6lz2.ltrans0.ltrans.o
 .text.EE_ReadVariable
                0x0000000008004330       0xc8 /tmp/cc5N6lz2.ltrans0.ltrans.o
 .text.EE_WriteVariable
                0x00000000080043f8       0x5e /tmp/cc5N6lz2.ltrans0.ltrans.o
 *fill*         0x0000000008004456        0x2 
 .text.EE_Format
                0x0000000008004458       0x68 /tmp/cc5N6lz2.ltrans0.ltrans.o
 .text.EE_FindValidPage
                0x00000000080044c0       0xb0 /tmp/cc5N6lz2.ltrans0.ltrans.o
 .text.EE_VerifyPageFullWriteVariable
                0x0000000008004570       0xe0 /tmp/cc5N6lz2.ltrans0.ltrans.o
 .text.EE_PageTransfer
                0x0000000008004650      0x1c8 /tmp/cc5N6lz2.ltrans0.ltrans.o
 .text.itoaWithPattern
                0x0000000008004818       0xd2 /tmp/cc5N6lz2.ltrans0.ltrans.o
 .text.my_strcpy
                0x00000000080048ea       0x5c /tmp/cc5N6lz2.ltrans0.ltrans.o
 .text.numberWithPattern
                0x0000000008004946       0x2e /tmp/cc5N6lz2.ltrans0.ltrans.o
 .text.FLASH_Unlock
                0x0000000008004974       0x2c /tmp/cc5N6lz2.ltrans0.ltrans.o
 .text.FLASH_Lock
                0x00000000080049a0       0x18 /tmp/cc5N6lz2.ltrans0.ltrans.o
 .text.FLASH_ErasePage
                0x00000000080049b8       0x78 /tmp/cc5N6lz2.ltrans0.ltrans.o
 .text.FLASH_ProgramHalfWord
                0x0000000008004a30       0x74 /tmp/cc5N6lz2.ltrans0.ltrans.o
 .text.FLASH_GetStatus
                0x0000000008004aa4       0x5c /tmp/cc5N6lz2.ltrans0.ltrans.o
 .text.FLASH_WaitForLastOperation
                0x0000000008004b00       0x5a /tmp/cc5N6lz2.ltrans0.ltrans.o
 *fill*         0x0000000008004b5a        0x2 
 .text.NVIC_EnableIRQ
                0x0000000008004b5c       0x2c /tmp/cc5N6lz2.ltrans0.ltrans.o
 .text.NVIC_SetPriority.lto_priv.7
                0x0000000008004b88       0xe8 /tmp/cc5N6lz2.ltrans0.ltrans.o
 .text._ZN4Gpio16setAlternateFuncEP12GPIO_TypeDefhh
                0x0000000008004c70       0xc8 /tmp/cc5N6lz2.ltrans0.ltrans.o
 .text._ZN4Gpio16setAlternateFuncEh
                0x0000000008004d38       0x2a /tmp/cc5N6lz2.ltrans0.ltrans.o
 .text._ZN4Fifo5flushEv
                0x0000000008004d62       0x1a /tmp/cc5N6lz2.ltrans0.ltrans.o
 .text._ZN3I2CC2Ev
                0x0000000008004d7c       0x30 /tmp/cc5N6lz2.ltrans0.ltrans.o
 .text._ZN3I2C21callCompletedCallbackEv
                0x0000000008004dac       0x26 /tmp/cc5N6lz2.ltrans0.ltrans.o
 .text._ZN3I2C8setStateENS_5StateE
                0x0000000008004dd2       0x2c /tmp/cc5N6lz2.ltrans0.ltrans.o
 .text._ZN3I2C6isBusyEv
                0x0000000008004dfe       0x1c /tmp/cc5N6lz2.ltrans0.ltrans.o
 *fill*         0x0000000008004e1a        0x2 
 .text._ZN3I2C11getInstanceEv
                0x0000000008004e1c       0x10 /tmp/cc5N6lz2.ltrans0.ltrans.o
 .text._ZN3I2C4initEPNS_10DeviceDefsE
                0x0000000008004e2c       0x66 /tmp/cc5N6lz2.ltrans0.ltrans.o
 *fill*         0x0000000008004e92        0x2 
 .text._ZN3I2C4initEv
                0x0000000008004e94      0x198 /tmp/cc5N6lz2.ltrans0.ltrans.o
 .text._ZN3I2C8irqEventEv
                0x000000000800502c       0xc0 /tmp/cc5N6lz2.ltrans0.ltrans.o
 .text._ZN3I2C16masterWriteBlockEP4Fifo
                0x00000000080050ec      0x100 /tmp/cc5N6lz2.ltrans0.ltrans.o
 .text.I2C1_IRQHandler
                0x00000000080051ec       0x14 /tmp/cc5N6lz2.ltrans0.ltrans.o
 .text.I2C2_IRQHandler
                0x0000000008005200       0x14 /tmp/cc5N6lz2.ltrans0.ltrans.o
 .text._Z41__static_initialization_and_destruction_0ii.lto_priv.4
                0x0000000008005214       0x44 /tmp/cc5N6lz2.ltrans0.ltrans.o
 .text._GLOBAL__sub_I_i2cInstance
                0x0000000008005258       0x18 /tmp/cc5N6lz2.ltrans0.ltrans.o
 .text._ZN11FrameBufferC2EmmPh
                0x0000000008005270       0x54 /tmp/cc5N6lz2.ltrans0.ltrans.o
 .text._ZNK11FrameBuffer9getBufferEv
                0x00000000080052c4       0x14 /tmp/cc5N6lz2.ltrans0.ltrans.o
 .text._ZN11FrameBuffer7getLineEmP4Fifo
                0x00000000080052d8       0x78 /tmp/cc5N6lz2.ltrans0.ltrans.o
 .text._ZN3I2C13setSlaveAdresEt
                0x0000000008005350       0x1c /tmp/cc5N6lz2.ltrans0.ltrans.o
 .text._ZN3I2C14masterTransmitEP4Fifo
                0x000000000800536c       0x20 /tmp/cc5N6lz2.ltrans0.ltrans.o
 .text._ZN3I2C20setCompletedCallbackEP17CallbackInterface
                0x000000000800538c       0x16 /tmp/cc5N6lz2.ltrans0.ltrans.o
 .text._ZN9ST7032iFB11sendCommandENS_10LcdCommandE
                0x00000000080053a2       0x26 /tmp/cc5N6lz2.ltrans0.ltrans.o
 .text._ZN9ST7032iFB6isBusyEv
                0x00000000080053c8       0x1c /tmp/cc5N6lz2.ltrans0.ltrans.o
 .text._ZN9ST7032iFB11setResetPinEb
                0x00000000080053e4       0x24 /tmp/cc5N6lz2.ltrans0.ltrans.o
 .text._ZN9ST7032iFB12setBackLightEb
                0x0000000008005408       0x24 /tmp/cc5N6lz2.ltrans0.ltrans.o
 .text._ZN9ST7032iFB6gotoXYEhh
                0x000000000800542c       0x76 /tmp/cc5N6lz2.ltrans0.ltrans.o
 .text._Z13dummyCallbackv
                0x00000000080054a2        0xc /tmp/cc5N6lz2.ltrans0.ltrans.o
 *fill*         0x00000000080054ae        0x2 
 .text._ZN9ST7032iFB4pollEv
                0x00000000080054b0       0x18 /tmp/cc5N6lz2.ltrans0.ltrans.o
 .text._ZN9ST7032iFB12delayMsDirtyEm
                0x00000000080054c8       0x18 /tmp/cc5N6lz2.ltrans0.ltrans.o
 .text._ZN9ST7032iFB4initEP3I2CP4GpioS3_
                0x00000000080054e0      0x178 /tmp/cc5N6lz2.ltrans0.ltrans.o
 .text._ZN9ST7032iFB13sendCmdOrDataEbh
                0x0000000008005658       0x66 /tmp/cc5N6lz2.ltrans0.ltrans.o
 .text._ZN9ST7032iFB11sendCommandEh
                0x00000000080056be       0x26 /tmp/cc5N6lz2.ltrans0.ltrans.o
 .text._ZN9ST7032iFB8sendLineEm
                0x00000000080056e4       0x5c /tmp/cc5N6lz2.ltrans0.ltrans.o
 .text._ZN9ST7032iFB7processEv
                0x0000000008005740       0xe8 /tmp/cc5N6lz2.ltrans0.ltrans.o
 .text._Z41__static_initialization_and_destruction_0ii.lto_priv.5
                0x0000000008005828       0x74 /tmp/cc5N6lz2.ltrans0.ltrans.o
 .text._GLOBAL__sub_I__Z13dummyCallbackv
                0x000000000800589c       0x18 /tmp/cc5N6lz2.ltrans0.ltrans.o
 .text._GLOBAL__sub_D__Z13dummyCallbackv
                0x00000000080058b4       0x18 /tmp/cc5N6lz2.ltrans0.ltrans.o
 .text._ZdlPvj  0x00000000080058cc        0x8 /home/opt/arm-toolchains/gcc-arm-none-eabi-7-2018-q2-update/bin/../lib/gcc/arm-none-eabi/7.3.1/../../../../arm-none-eabi/lib/thumb/v6-m/libstdc++_nano.a(del_ops.o)
                0x00000000080058cc                operator delete(void*, unsigned int)
 .text._ZdlPv   0x00000000080058d4        0x8 /home/opt/arm-toolchains/gcc-arm-none-eabi-7-2018-q2-update/bin/../lib/gcc/arm-none-eabi/7.3.1/../../../../arm-none-eabi/lib/thumb/v6-m/libstdc++_nano.a(del_op.o)
                0x00000000080058d4                operator delete(void*)
 .text.free     0x00000000080058dc       0x14 /home/opt/arm-toolchains/gcc-arm-none-eabi-7-2018-q2-update/bin/../lib/gcc/arm-none-eabi/7.3.1/../../../../arm-none-eabi/lib/thumb/v6-m/libg_nano.a(lib_a-malloc.o)
                0x00000000080058dc                free
 .text._free_r  0x00000000080058f0       0x94 /home/opt/arm-toolchains/gcc-arm-none-eabi-7-2018-q2-update/bin/../lib/gcc/arm-none-eabi/7.3.1/../../../../arm-none-eabi/lib/thumb/v6-m/libg_nano.a(lib_a-nano-freer.o)
                0x00000000080058f0                _free_r
 .text          0x0000000008005984        0xe /home/opt/arm-toolchains/gcc-arm-none-eabi-7-2018-q2-update/bin/../lib/gcc/arm-none-eabi/7.3.1/../../../../arm-none-eabi/lib/thumb/v6-m/libg_nano.a(lib_a-strlen.o)
                0x0000000008005984                strlen
 .text.__malloc_lock
                0x0000000008005992        0x2 /home/opt/arm-toolchains/gcc-arm-none-eabi-7-2018-q2-update/bin/../lib/gcc/arm-none-eabi/7.3.1/../../../../arm-none-eabi/lib/thumb/v6-m/libg_nano.a(lib_a-mlock.o)
                0x0000000008005992                __malloc_lock
 .text.__malloc_unlock
                0x0000000008005994        0x2 /home/opt/arm-toolchains/gcc-arm-none-eabi-7-2018-q2-update/bin/../lib/gcc/arm-none-eabi/7.3.1/../../../../arm-none-eabi/lib/thumb/v6-m/libg_nano.a(lib_a-mlock.o)
                0x0000000008005994                __malloc_unlock
 *fill*         0x0000000008005996        0x2 
 .text          0x0000000008005998      0x114 /home/opt/arm-toolchains/gcc-arm-none-eabi-7-2018-q2-update/bin/../lib/gcc/arm-none-eabi/7.3.1/thumb/v6-m/libgcc.a(_udivsi3.o)
                0x0000000008005998                __udivsi3
                0x0000000008005998                __aeabi_uidiv
                0x0000000008005aa4                __aeabi_uidivmod
 .text          0x0000000008005aac        0x4 /home/opt/arm-toolchains/gcc-arm-none-eabi-7-2018-q2-update/bin/../lib/gcc/arm-none-eabi/7.3.1/thumb/v6-m/libgcc.a(_dvmd_tls.o)
                0x0000000008005aac                __aeabi_ldiv0
                0x0000000008005aac                __aeabi_idiv0
 .text.memset   0x0000000008005ab0       0x10 /home/opt/arm-toolchains/gcc-arm-none-eabi-7-2018-q2-update/bin/../lib/gcc/arm-none-eabi/7.3.1/../../../../arm-none-eabi/lib/thumb/v6-m/libg_nano.a(lib_a-memset.o)
                0x0000000008005ab0                memset
 *(.rodata .rodata.* .constdata .constdata.*)
 .rodata._ZZ18__cxa_pure_virtualE8__func__
                0x0000000008005ac0       0x13 /tmp/cc5N6lz2.ltrans0.ltrans.o
 *fill*         0x0000000008005ad3        0x1 
 .rodata.abort.str1.4
                0x0000000008005ad4       0x14 /tmp/cc5N6lz2.ltrans0.ltrans.o
 .rodata._ZN3Led4tickEm
                0x0000000008005ae8       0x1c /tmp/cc5N6lz2.ltrans0.ltrans.o
 .rodata._ZN8Hardware13errorDispatchENS_9ErrorCodeE
                0x0000000008005b04       0x14 /tmp/cc5N6lz2.ltrans0.ltrans.o
 .rodata._ZN9Sterownik9initNapedEv
                0x0000000008005b18       0x18 /tmp/cc5N6lz2.ltrans0.ltrans.o
 .rodata._ZNK9Sterownik13getOpisNapeduENS_5NAPEDE.str1.4
                0x0000000008005b30       0x49 /tmp/cc5N6lz2.ltrans0.ltrans.o
 *fill*         0x0000000008005b79        0x3 
 .rodata._ZNK9Sterownik13getOpisNapeduENS_5NAPEDE
                0x0000000008005b7c       0x18 /tmp/cc5N6lz2.ltrans0.ltrans.o
 .rodata._ZN4Menu9showEkranEt.str1.4
                0x0000000008005b94       0x4a /tmp/cc5N6lz2.ltrans0.ltrans.o
 *fill*         0x0000000008005bde        0x2 
 .rodata.main.str1.4
                0x0000000008005be0       0x28 /tmp/cc5N6lz2.ltrans0.ltrans.o
                                         0x25 (size before relaxing)
 .rodata._ZTV9ST7032iFB
                0x0000000008005c08       0x14 /tmp/cc5N6lz2.ltrans0.ltrans.o
 .rodata._ZTV11Silnik24VDC
                0x0000000008005c1c       0x1c /tmp/cc5N6lz2.ltrans0.ltrans.o
 .rodata._ZTV12Silnik230VAC
                0x0000000008005c38       0x1c /tmp/cc5N6lz2.ltrans0.ltrans.o
 .rodata._ZTV12SilnikNapedu
                0x0000000008005c54       0x1c /tmp/cc5N6lz2.ltrans0.ltrans.o
 .rodata._ZTV17CallbackInterface
                0x0000000008005c70       0x14 /tmp/cc5N6lz2.ltrans0.ltrans.o
 .rodata._ZTV11FrameBuffer
                0x0000000008005c84       0x10 /tmp/cc5N6lz2.ltrans0.ltrans.o
 .rodata._ZN9ST7032iFB7processEv
                0x0000000008005c94       0x14 /tmp/cc5N6lz2.ltrans0.ltrans.o
 *(vtable)
 *(.eh_frame*)
 *(.glue_7)
 .glue_7        0x0000000008005ca8        0x0 linker stubs
 *(.glue_7t)
 .glue_7t       0x0000000008005ca8        0x0 linker stubs

.vfp11_veneer   0x0000000008005ca8        0x0
 .vfp11_veneer  0x0000000008005ca8        0x0 linker stubs

.v4_bx          0x0000000008005ca8        0x0
 .v4_bx         0x0000000008005ca8        0x0 linker stubs

.iplt           0x0000000008005ca8        0x0
 .iplt          0x0000000008005ca8        0x0 /home/opt/arm-toolchains/gcc-arm-none-eabi-7-2018-q2-update/bin/../lib/gcc/arm-none-eabi/7.3.1/../../../../arm-none-eabi/lib/thumb/v6-m/libstdc++_nano.a(del_ops.o)

.rel.dyn        0x0000000008005ca8        0x0
 .rel.iplt      0x0000000008005ca8        0x0 /home/opt/arm-toolchains/gcc-arm-none-eabi-7-2018-q2-update/bin/../lib/gcc/arm-none-eabi/7.3.1/../../../../arm-none-eabi/lib/thumb/v6-m/libstdc++_nano.a(del_ops.o)

.ARM.extab
 *(.ARM.extab* .gnu.linkonce.armextab.*)
                0x0000000008005ca8                . = ALIGN (0x4)
                0x0000000008005ca8                __exidx_start = .

.ARM.exidx
 *(.ARM.exidx* .gnu.linkonce.armexidx.*)
                0x0000000008005ca8                __exidx_end = .
                0x0000000008005ca8                . = ALIGN (0x4)
                0x0000000008005ca8                _etext = .
                0x0000000008005ca8                __etext = .

.data_CCMRAM    0x0000000000000000        0x0 load address 0x0000000008005ca8
 FILL mask 0xff
 *(.data.CCMRAM .data.CCMRAM.*)
                0x0000000000000000                . = ALIGN (0x4)
                0x0000000008005ca8                _sidata = LOADADDR (.data)

.data           0x0000000020000000       0xb0 load address 0x0000000008005ca8
 FILL mask 0xff
                0x0000000020000000                _sdata = .
                0x0000000020000000                __data_start__ = .
 *(.data_begin .data_begin.*)
 .data_begin    0x0000000020000000        0x4 /tmp/cc5N6lz2.ltrans0.ltrans.o
 *(.data .data.*)
 .data.argv.4310
                0x0000000020000004        0x8 /tmp/cc5N6lz2.ltrans0.ltrans.o
 .data.SystemCoreClock
                0x000000002000000c        0x4 /tmp/cc5N6lz2.ltrans0.ltrans.o
 .data.AHBPrescTable
                0x0000000020000010       0x10 /tmp/cc5N6lz2.ltrans0.ltrans.o
 .data.i2cDefs  0x0000000020000020       0x10 /tmp/cc5N6lz2.ltrans0.ltrans.o
 .data.sterM    0x0000000020000030        0x4 /tmp/cc5N6lz2.ltrans0.ltrans.o
 .data.job      0x0000000020000034        0xc /tmp/cc5N6lz2.ltrans0.ltrans.o
 .data.praca    0x0000000020000040        0x4 /tmp/cc5N6lz2.ltrans0.ltrans.o
 .data._ZN9QuickTask6holdedE
                0x0000000020000044        0x1 /tmp/cc5N6lz2.ltrans0.ltrans.o
 *fill*         0x0000000020000045        0x3 ff
 .data._impure_ptr
                0x0000000020000048        0x4 /home/opt/arm-toolchains/gcc-arm-none-eabi-7-2018-q2-update/bin/../lib/gcc/arm-none-eabi/7.3.1/../../../../arm-none-eabi/lib/thumb/v6-m/libg_nano.a(lib_a-impure.o)
                0x0000000020000048                _impure_ptr
 .data.impure_data
                0x000000002000004c       0x60 /home/opt/arm-toolchains/gcc-arm-none-eabi-7-2018-q2-update/bin/../lib/gcc/arm-none-eabi/7.3.1/../../../../arm-none-eabi/lib/thumb/v6-m/libg_nano.a(lib_a-impure.o)
 *(.data_end .data_end.*)
 .data_end      0x00000000200000ac        0x4 /tmp/cc5N6lz2.ltrans0.ltrans.o
                0x00000000200000b0                . = ALIGN (0x4)
                0x00000000200000b0                _edata = .
                0x00000000200000b0                __data_end__ = .

.igot.plt       0x00000000200000b0        0x0 load address 0x0000000008005d58
 .igot.plt      0x00000000200000b0        0x0 /home/opt/arm-toolchains/gcc-arm-none-eabi-7-2018-q2-update/bin/../lib/gcc/arm-none-eabi/7.3.1/../../../../arm-none-eabi/lib/thumb/v6-m/libstdc++_nano.a(del_ops.o)

.bss_CCMRAM     0x0000000000000000        0x0
 *(.bss.CCMRAM .bss.CCMRAM.*)

.bss            0x00000000200000b0      0x474
                0x00000000200000b0                __bss_start__ = .
                0x00000000200000b0                _sbss = .
 *(.bss_begin .bss_begin.*)
 .bss_begin     0x00000000200000b0        0x4 /tmp/cc5N6lz2.ltrans0.ltrans.o
 *(.bss .bss.*)
 .bss.name.4309
                0x00000000200000b4        0x1 /tmp/cc5N6lz2.ltrans0.ltrans.o
 *fill*         0x00000000200000b5        0x3 
 .bss.hmi       0x00000000200000b8       0x24 /tmp/cc5N6lz2.ltrans0.ltrans.o
 .bss.hmiQtsk   0x00000000200000dc       0x14 /tmp/cc5N6lz2.ltrans0.ltrans.o
 .bss.gpioPomSygnL
                0x00000000200000f0        0x8 /tmp/cc5N6lz2.ltrans0.ltrans.o
 .bss.gpioPomZas24V
                0x00000000200000f8        0x8 /tmp/cc5N6lz2.ltrans0.ltrans.o
 .bss._ZN8Hardware11adcDmaErrorE
                0x0000000020000100        0x1 /tmp/cc5N6lz2.ltrans0.ltrans.o
 *fill*         0x0000000020000101        0x3 
 .bss.pracaQtsk
                0x0000000020000104       0x14 /tmp/cc5N6lz2.ltrans0.ltrans.o
 .bss._ZZN8Keyboard6co10msEvE6oldKey
                0x0000000020000118        0x1 /tmp/cc5N6lz2.ltrans0.ltrans.o
 *fill*         0x0000000020000119        0x3 
 .bss.pins      0x000000002000011c      0x1b8 /tmp/cc5N6lz2.ltrans0.ltrans.o
 .bss.keys      0x00000000200002d4       0x2c /tmp/cc5N6lz2.ltrans0.ltrans.o
 .bss.hBridgeHamulec
                0x0000000020000300       0x18 /tmp/cc5N6lz2.ltrans0.ltrans.o
 .bss.hBridgeSilnik
                0x0000000020000318       0x18 /tmp/cc5N6lz2.ltrans0.ltrans.o
 .bss.hamulec   0x0000000020000330        0x8 /tmp/cc5N6lz2.ltrans0.ltrans.o
 .bss.silnik24VDC
                0x0000000020000338       0x14 /tmp/cc5N6lz2.ltrans0.ltrans.o
 .bss.silnik230VAC
                0x000000002000034c       0x14 /tmp/cc5N6lz2.ltrans0.ltrans.o
 .bss.i2c       0x0000000020000360        0x4 /tmp/cc5N6lz2.ltrans0.ltrans.o
 .bss.st7032iDriver
                0x0000000020000364       0x1c /tmp/cc5N6lz2.ltrans0.ltrans.o
 .bss.sterBramDym
                0x0000000020000380       0x14 /tmp/cc5N6lz2.ltrans0.ltrans.o
 .bss.menu      0x0000000020000394       0x18 /tmp/cc5N6lz2.ltrans0.ltrans.o
 .bss.keybQtsk  0x00000000200003ac       0x14 /tmp/cc5N6lz2.ltrans0.ltrans.o
 .bss.hBridgeQtsk
                0x00000000200003c0       0x14 /tmp/cc5N6lz2.ltrans0.ltrans.o
 .bss.taskbase  0x00000000200003d4        0x4 /tmp/cc5N6lz2.ltrans0.ltrans.o
 .bss._ZN9QuickTask12milisCounterE
                0x00000000200003d8        0x4 /tmp/cc5N6lz2.ltrans0.ltrans.o
 .bss.VirtAddVarTab
                0x00000000200003dc       0x14 /tmp/cc5N6lz2.ltrans0.ltrans.o
 .bss.DataVar   0x00000000200003f0        0x2 /tmp/cc5N6lz2.ltrans0.ltrans.o
 *fill*         0x00000000200003f2        0x2 
 .bss.i2cInstance
                0x00000000200003f4       0x10 /tmp/cc5N6lz2.ltrans0.ltrans.o
 .bss.buffer    0x0000000020000404       0x64 /tmp/cc5N6lz2.ltrans0.ltrans.o
 .bss.dataFrame
                0x0000000020000468       0x18 /tmp/cc5N6lz2.ltrans0.ltrans.o
 .bss._ZN9ST7032iFB14callbackObjectE
                0x0000000020000480        0x4 /tmp/cc5N6lz2.ltrans0.ltrans.o
 .bss.st7032Task
                0x0000000020000484       0x14 /tmp/cc5N6lz2.ltrans0.ltrans.o
 .bss.dataTab1  0x0000000020000498       0x25 /tmp/cc5N6lz2.ltrans0.ltrans.o
 *fill*         0x00000000200004bd        0x3 
 .bss.frame_buffer
                0x00000000200004c0       0x1c /tmp/cc5N6lz2.ltrans0.ltrans.o
 .bss.dataTab2  0x00000000200004dc       0x25 /tmp/cc5N6lz2.ltrans0.ltrans.o
 *fill*         0x0000000020000501        0x3 
 .bss.dataFifo  0x0000000020000504       0x18 /tmp/cc5N6lz2.ltrans0.ltrans.o
 .bss.__malloc_free_list
                0x000000002000051c        0x4 /home/opt/arm-toolchains/gcc-arm-none-eabi-7-2018-q2-update/bin/../lib/gcc/arm-none-eabi/7.3.1/../../../../arm-none-eabi/lib/thumb/v6-m/libg_nano.a(lib_a-nano-mallocr.o)
                0x000000002000051c                __malloc_free_list
 *(COMMON)
 *(.bss_end .bss_end.*)
 .bss_end       0x0000000020000520        0x4 /tmp/cc5N6lz2.ltrans0.ltrans.o
                0x0000000020000524                . = ALIGN (0x4)
                0x0000000020000524                __bss_end__ = .
                0x0000000020000524                _ebss = .

.noinit_CCMRAM
 *(.noinit.CCMRAM .noinit.CCMRAM.*)

.noinit         0x0000000020000524        0x0
                0x0000000020000524                _noinit = .
 *(.noinit .noinit.*)
                0x0000000020000524                . = ALIGN (0x4)
                0x0000000020000524                _end_noinit = .
                [!provide]                        PROVIDE (end = _end_noinit)
                [!provide]                        PROVIDE (_end = _end_noinit)
                [!provide]                        PROVIDE (__end = _end_noinit)
                [!provide]                        PROVIDE (__end__ = _end_noinit)

._check_stack   0x0000000020000524      0x100
                0x0000000020000624                . = (. + _Minimum_Stack_Size)
 *fill*         0x0000000020000524      0x100 

.b1text
 *(.b1text)
 *(.b1rodata)
 *(.b1rodata.*)

.eb0text
 *(.eb0text)
 *(.eb0rodata)
 *(.eb0rodata.*)

.eb1text
 *(.eb1text)
 *(.eb1rodata)
 *(.eb1rodata.*)

.eb2text
 *(.eb2text)
 *(.eb2rodata)
 *(.eb2rodata.*)

.eb3text
 *(.eb3text)
 *(.eb3rodata)
 *(.eb3rodata.*)

.stab
 *(.stab)

.stabstr
 *(.stabstr)

.stab.excl
 *(.stab.excl)

.stab.exclstr
 *(.stab.exclstr)

.stab.index
 *(.stab.index)

.stab.indexstr
 *(.stab.indexstr)

.comment        0x0000000000000000       0x7f
 *(.comment)
 .comment       0x0000000000000000       0x7f /tmp/cc5N6lz2.ltrans0.ltrans.o
                                         0x80 (size before relaxing)

.ARM.attributes
                0x0000000000000000       0x2f
 .ARM.attributes
                0x0000000000000000       0x2f /tmp/cc5N6lz2.ltrans0.ltrans.o
 .ARM.attributes
                0x000000000000002f       0x2c /home/opt/arm-toolchains/gcc-arm-none-eabi-7-2018-q2-update/bin/../lib/gcc/arm-none-eabi/7.3.1/../../../../arm-none-eabi/lib/thumb/v6-m/libstdc++_nano.a(del_ops.o)
 .ARM.attributes
                0x000000000000005b       0x2c /home/opt/arm-toolchains/gcc-arm-none-eabi-7-2018-q2-update/bin/../lib/gcc/arm-none-eabi/7.3.1/../../../../arm-none-eabi/lib/thumb/v6-m/libstdc++_nano.a(del_op.o)
 .ARM.attributes
                0x0000000000000087       0x2c /home/opt/arm-toolchains/gcc-arm-none-eabi-7-2018-q2-update/bin/../lib/gcc/arm-none-eabi/7.3.1/../../../../arm-none-eabi/lib/thumb/v6-m/libg_nano.a(lib_a-impure.o)
 .ARM.attributes
                0x00000000000000b3       0x2c /home/opt/arm-toolchains/gcc-arm-none-eabi-7-2018-q2-update/bin/../lib/gcc/arm-none-eabi/7.3.1/../../../../arm-none-eabi/lib/thumb/v6-m/libg_nano.a(lib_a-malloc.o)
 .ARM.attributes
                0x00000000000000df       0x2c /home/opt/arm-toolchains/gcc-arm-none-eabi-7-2018-q2-update/bin/../lib/gcc/arm-none-eabi/7.3.1/../../../../arm-none-eabi/lib/thumb/v6-m/libg_nano.a(lib_a-nano-freer.o)
 .ARM.attributes
                0x000000000000010b       0x2c /home/opt/arm-toolchains/gcc-arm-none-eabi-7-2018-q2-update/bin/../lib/gcc/arm-none-eabi/7.3.1/../../../../arm-none-eabi/lib/thumb/v6-m/libg_nano.a(lib_a-nano-mallocr.o)
 .ARM.attributes
                0x0000000000000137       0x1c /home/opt/arm-toolchains/gcc-arm-none-eabi-7-2018-q2-update/bin/../lib/gcc/arm-none-eabi/7.3.1/../../../../arm-none-eabi/lib/thumb/v6-m/libg_nano.a(lib_a-strlen.o)
 .ARM.attributes
                0x0000000000000153       0x2c /home/opt/arm-toolchains/gcc-arm-none-eabi-7-2018-q2-update/bin/../lib/gcc/arm-none-eabi/7.3.1/../../../../arm-none-eabi/lib/thumb/v6-m/libg_nano.a(lib_a-mlock.o)
 .ARM.attributes
                0x000000000000017f       0x1e /home/opt/arm-toolchains/gcc-arm-none-eabi-7-2018-q2-update/bin/../lib/gcc/arm-none-eabi/7.3.1/thumb/v6-m/libgcc.a(_udivsi3.o)
 .ARM.attributes
                0x000000000000019d       0x1e /home/opt/arm-toolchains/gcc-arm-none-eabi-7-2018-q2-update/bin/../lib/gcc/arm-none-eabi/7.3.1/thumb/v6-m/libgcc.a(_dvmd_tls.o)
 .ARM.attributes
                0x00000000000001bb       0x2c /home/opt/arm-toolchains/gcc-arm-none-eabi-7-2018-q2-update/bin/../lib/gcc/arm-none-eabi/7.3.1/../../../../arm-none-eabi/lib/thumb/v6-m/libg_nano.a(lib_a-memset.o)

.debug
 *(.debug)

.line
 *(.line)

.debug_srcinfo
 *(.debug_srcinfo)

.debug_sfnames
 *(.debug_sfnames)

.debug_aranges  0x0000000000000000      0xa38
 *(.debug_aranges)
 .debug_aranges
                0x0000000000000000      0xa38 /tmp/cc5N6lz2.ltrans0.ltrans.o

.debug_pubnames
 *(.debug_pubnames)

.debug_info     0x0000000000000000     0x8926
 *(.debug_info .gnu.linkonce.wi.*)
 .debug_info    0x0000000000000000     0x8926 /tmp/cc5N6lz2.ltrans0.ltrans.o

.debug_abbrev   0x0000000000000000      0x869
 *(.debug_abbrev)
 .debug_abbrev  0x0000000000000000      0x869 /tmp/cc5N6lz2.ltrans0.ltrans.o

.debug_line     0x0000000000000000     0x24de
 *(.debug_line)
 .debug_line    0x0000000000000000     0x24de /tmp/cc5N6lz2.ltrans0.ltrans.o

.debug_frame    0x0000000000000000     0x299c
 *(.debug_frame)
 .debug_frame   0x0000000000000000     0x2844 /tmp/cc5N6lz2.ltrans0.ltrans.o
 .debug_frame   0x0000000000002844       0x28 /home/opt/arm-toolchains/gcc-arm-none-eabi-7-2018-q2-update/bin/../lib/gcc/arm-none-eabi/7.3.1/../../../../arm-none-eabi/lib/thumb/v6-m/libstdc++_nano.a(del_ops.o)
 .debug_frame   0x000000000000286c       0x28 /home/opt/arm-toolchains/gcc-arm-none-eabi-7-2018-q2-update/bin/../lib/gcc/arm-none-eabi/7.3.1/../../../../arm-none-eabi/lib/thumb/v6-m/libstdc++_nano.a(del_op.o)
 .debug_frame   0x0000000000002894       0x40 /home/opt/arm-toolchains/gcc-arm-none-eabi-7-2018-q2-update/bin/../lib/gcc/arm-none-eabi/7.3.1/../../../../arm-none-eabi/lib/thumb/v6-m/libg_nano.a(lib_a-malloc.o)
 .debug_frame   0x00000000000028d4       0x2c /home/opt/arm-toolchains/gcc-arm-none-eabi-7-2018-q2-update/bin/../lib/gcc/arm-none-eabi/7.3.1/../../../../arm-none-eabi/lib/thumb/v6-m/libg_nano.a(lib_a-nano-freer.o)
 .debug_frame   0x0000000000002900       0x2c /home/opt/arm-toolchains/gcc-arm-none-eabi-7-2018-q2-update/bin/../lib/gcc/arm-none-eabi/7.3.1/../../../../arm-none-eabi/lib/thumb/v6-m/libg_nano.a(lib_a-nano-mallocr.o)
 .debug_frame   0x000000000000292c       0x30 /home/opt/arm-toolchains/gcc-arm-none-eabi-7-2018-q2-update/bin/../lib/gcc/arm-none-eabi/7.3.1/../../../../arm-none-eabi/lib/thumb/v6-m/libg_nano.a(lib_a-mlock.o)
 .debug_frame   0x000000000000295c       0x20 /home/opt/arm-toolchains/gcc-arm-none-eabi-7-2018-q2-update/bin/../lib/gcc/arm-none-eabi/7.3.1/thumb/v6-m/libgcc.a(_udivsi3.o)
 .debug_frame   0x000000000000297c       0x20 /home/opt/arm-toolchains/gcc-arm-none-eabi-7-2018-q2-update/bin/../lib/gcc/arm-none-eabi/7.3.1/../../../../arm-none-eabi/lib/thumb/v6-m/libg_nano.a(lib_a-memset.o)

.debug_str      0x0000000000000000     0x284a
 *(.debug_str)
 .debug_str     0x0000000000000000     0x284a /tmp/cc5N6lz2.ltrans0.ltrans.o
                                       0x2a7a (size before relaxing)

.debug_loc
 *(.debug_loc)

.debug_macinfo
 *(.debug_macinfo)

.debug_weaknames
 *(.debug_weaknames)

.debug_funcnames
 *(.debug_funcnames)

.debug_typenames
 *(.debug_typenames)

.debug_varnames
 *(.debug_varnames)
OUTPUT(sterM.elf elf32-littlearm)

.debug_ranges   0x0000000000000000      0xa28
 .debug_ranges  0x0000000000000000      0xa28 /tmp/cc5N6lz2.ltrans0.ltrans.o
