Archive member included to satisfy reference by file (symbol)

/home/opt/arm-toolchains/gcc-arm-none-eabi-7-2018-q2-update/bin/../lib/gcc/arm-none-eabi/7.3.1/../../../../arm-none-eabi/lib/thumb/v6-m/libstdc++_nano.a(del_ops.o)
                              ./src/HBridgePWM.o (symbol from plugin) (operator delete(void*, unsigned int))
/home/opt/arm-toolchains/gcc-arm-none-eabi-7-2018-q2-update/bin/../lib/gcc/arm-none-eabi/7.3.1/../../../../arm-none-eabi/lib/thumb/v6-m/libstdc++_nano.a(del_op.o)
                              /home/opt/arm-toolchains/gcc-arm-none-eabi-7-2018-q2-update/bin/../lib/gcc/arm-none-eabi/7.3.1/../../../../arm-none-eabi/lib/thumb/v6-m/libstdc++_nano.a(del_ops.o) (operator delete(void*))
/home/opt/arm-toolchains/gcc-arm-none-eabi-7-2018-q2-update/bin/../lib/gcc/arm-none-eabi/7.3.1/../../../../arm-none-eabi/lib/thumb/v6-m/libg_nano.a(lib_a-errno.o)
                              ./system/src/newlib/_sbrk.o (symbol from plugin) (__errno)
/home/opt/arm-toolchains/gcc-arm-none-eabi-7-2018-q2-update/bin/../lib/gcc/arm-none-eabi/7.3.1/../../../../arm-none-eabi/lib/thumb/v6-m/libg_nano.a(lib_a-impure.o)
                              /home/opt/arm-toolchains/gcc-arm-none-eabi-7-2018-q2-update/bin/../lib/gcc/arm-none-eabi/7.3.1/../../../../arm-none-eabi/lib/thumb/v6-m/libg_nano.a(lib_a-errno.o) (_impure_ptr)
/home/opt/arm-toolchains/gcc-arm-none-eabi-7-2018-q2-update/bin/../lib/gcc/arm-none-eabi/7.3.1/../../../../arm-none-eabi/lib/thumb/v6-m/libg_nano.a(lib_a-isdigit.o)
                              ./src/Menu.o (symbol from plugin) (isdigit)
/home/opt/arm-toolchains/gcc-arm-none-eabi-7-2018-q2-update/bin/../lib/gcc/arm-none-eabi/7.3.1/../../../../arm-none-eabi/lib/thumb/v6-m/libg_nano.a(lib_a-locale.o)
                              /home/opt/arm-toolchains/gcc-arm-none-eabi-7-2018-q2-update/bin/../lib/gcc/arm-none-eabi/7.3.1/../../../../arm-none-eabi/lib/thumb/v6-m/libg_nano.a(lib_a-isdigit.o) (__locale_ctype_ptr)
/home/opt/arm-toolchains/gcc-arm-none-eabi-7-2018-q2-update/bin/../lib/gcc/arm-none-eabi/7.3.1/../../../../arm-none-eabi/lib/thumb/v6-m/libg_nano.a(lib_a-malloc.o)
                              /home/opt/arm-toolchains/gcc-arm-none-eabi-7-2018-q2-update/bin/../lib/gcc/arm-none-eabi/7.3.1/../../../../arm-none-eabi/lib/thumb/v6-m/libstdc++_nano.a(del_op.o) (free)
/home/opt/arm-toolchains/gcc-arm-none-eabi-7-2018-q2-update/bin/../lib/gcc/arm-none-eabi/7.3.1/../../../../arm-none-eabi/lib/thumb/v6-m/libg_nano.a(lib_a-mbtowc_r.o)
                              /home/opt/arm-toolchains/gcc-arm-none-eabi-7-2018-q2-update/bin/../lib/gcc/arm-none-eabi/7.3.1/../../../../arm-none-eabi/lib/thumb/v6-m/libg_nano.a(lib_a-locale.o) (__ascii_mbtowc)
/home/opt/arm-toolchains/gcc-arm-none-eabi-7-2018-q2-update/bin/../lib/gcc/arm-none-eabi/7.3.1/../../../../arm-none-eabi/lib/thumb/v6-m/libg_nano.a(lib_a-nano-freer.o)
                              /home/opt/arm-toolchains/gcc-arm-none-eabi-7-2018-q2-update/bin/../lib/gcc/arm-none-eabi/7.3.1/../../../../arm-none-eabi/lib/thumb/v6-m/libg_nano.a(lib_a-malloc.o) (_free_r)
/home/opt/arm-toolchains/gcc-arm-none-eabi-7-2018-q2-update/bin/../lib/gcc/arm-none-eabi/7.3.1/../../../../arm-none-eabi/lib/thumb/v6-m/libg_nano.a(lib_a-nano-mallocr.o)
                              /home/opt/arm-toolchains/gcc-arm-none-eabi-7-2018-q2-update/bin/../lib/gcc/arm-none-eabi/7.3.1/../../../../arm-none-eabi/lib/thumb/v6-m/libg_nano.a(lib_a-malloc.o) (_malloc_r)
/home/opt/arm-toolchains/gcc-arm-none-eabi-7-2018-q2-update/bin/../lib/gcc/arm-none-eabi/7.3.1/../../../../arm-none-eabi/lib/thumb/v6-m/libg_nano.a(lib_a-sbrkr.o)
                              /home/opt/arm-toolchains/gcc-arm-none-eabi-7-2018-q2-update/bin/../lib/gcc/arm-none-eabi/7.3.1/../../../../arm-none-eabi/lib/thumb/v6-m/libg_nano.a(lib_a-nano-mallocr.o) (_sbrk_r)
/home/opt/arm-toolchains/gcc-arm-none-eabi-7-2018-q2-update/bin/../lib/gcc/arm-none-eabi/7.3.1/../../../../arm-none-eabi/lib/thumb/v6-m/libg_nano.a(lib_a-strcmp.o)
                              /home/opt/arm-toolchains/gcc-arm-none-eabi-7-2018-q2-update/bin/../lib/gcc/arm-none-eabi/7.3.1/../../../../arm-none-eabi/lib/thumb/v6-m/libg_nano.a(lib_a-locale.o) (strcmp)
/home/opt/arm-toolchains/gcc-arm-none-eabi-7-2018-q2-update/bin/../lib/gcc/arm-none-eabi/7.3.1/../../../../arm-none-eabi/lib/thumb/v6-m/libg_nano.a(lib_a-strlen.o)
                              ./src/Menu.o (symbol from plugin) (strlen)
/home/opt/arm-toolchains/gcc-arm-none-eabi-7-2018-q2-update/bin/../lib/gcc/arm-none-eabi/7.3.1/../../../../arm-none-eabi/lib/thumb/v6-m/libg_nano.a(lib_a-wctomb_r.o)
                              /home/opt/arm-toolchains/gcc-arm-none-eabi-7-2018-q2-update/bin/../lib/gcc/arm-none-eabi/7.3.1/../../../../arm-none-eabi/lib/thumb/v6-m/libg_nano.a(lib_a-locale.o) (__ascii_wctomb)
/home/opt/arm-toolchains/gcc-arm-none-eabi-7-2018-q2-update/bin/../lib/gcc/arm-none-eabi/7.3.1/../../../../arm-none-eabi/lib/thumb/v6-m/libg_nano.a(lib_a-ctype_.o)
                              /home/opt/arm-toolchains/gcc-arm-none-eabi-7-2018-q2-update/bin/../lib/gcc/arm-none-eabi/7.3.1/../../../../arm-none-eabi/lib/thumb/v6-m/libg_nano.a(lib_a-locale.o) (_ctype_)
/home/opt/arm-toolchains/gcc-arm-none-eabi-7-2018-q2-update/bin/../lib/gcc/arm-none-eabi/7.3.1/../../../../arm-none-eabi/lib/thumb/v6-m/libg_nano.a(lib_a-mlock.o)
                              /home/opt/arm-toolchains/gcc-arm-none-eabi-7-2018-q2-update/bin/../lib/gcc/arm-none-eabi/7.3.1/../../../../arm-none-eabi/lib/thumb/v6-m/libg_nano.a(lib_a-nano-freer.o) (__malloc_lock)
/home/opt/arm-toolchains/gcc-arm-none-eabi-7-2018-q2-update/bin/../lib/gcc/arm-none-eabi/7.3.1/thumb/v6-m/libgcc.a(_udivsi3.o)
                              /tmp/cckTzrzU.ltrans0.ltrans.o (__aeabi_uidiv)
/home/opt/arm-toolchains/gcc-arm-none-eabi-7-2018-q2-update/bin/../lib/gcc/arm-none-eabi/7.3.1/thumb/v6-m/libgcc.a(_divsi3.o)
                              /tmp/cckTzrzU.ltrans0.ltrans.o (__aeabi_idiv)
/home/opt/arm-toolchains/gcc-arm-none-eabi-7-2018-q2-update/bin/../lib/gcc/arm-none-eabi/7.3.1/thumb/v6-m/libgcc.a(_dvmd_tls.o)
                              /home/opt/arm-toolchains/gcc-arm-none-eabi-7-2018-q2-update/bin/../lib/gcc/arm-none-eabi/7.3.1/thumb/v6-m/libgcc.a(_udivsi3.o) (__aeabi_idiv0)
/home/opt/arm-toolchains/gcc-arm-none-eabi-7-2018-q2-update/bin/../lib/gcc/arm-none-eabi/7.3.1/../../../../arm-none-eabi/lib/thumb/v6-m/libg_nano.a(lib_a-memset.o)
                              /tmp/cckTzrzU.ltrans0.ltrans.o (memset)

Allocating common symbols
Common symbol       size              file

errno               0x4               /tmp/cckTzrzU.ltrans0.ltrans.o

Discarded input sections

 .text          0x0000000000000000        0x0 /tmp/cckTzrzU.ltrans0.ltrans.o
 .data          0x0000000000000000        0x0 /tmp/cckTzrzU.ltrans0.ltrans.o
 .bss           0x0000000000000000        0x0 /tmp/cckTzrzU.ltrans0.ltrans.o
 .text._ZN9__gnu_cxx27__verbose_terminate_handlerEv
                0x0000000000000000       0x14 /tmp/cckTzrzU.ltrans0.ltrans.o
 .rodata._ZZN9__gnu_cxx27__verbose_terminate_handlerEvE8__func__
                0x0000000000000000       0x1c /tmp/cckTzrzU.ltrans0.ltrans.o
 .bss.current_heap_end.3961
                0x0000000000000000        0x4 /tmp/cckTzrzU.ltrans0.ltrans.o
 .text._sbrk    0x0000000000000000       0x68 /tmp/cckTzrzU.ltrans0.ltrans.o
 .bss.__dso_handle
                0x0000000000000000        0x4 /tmp/cckTzrzU.ltrans0.ltrans.o
 .text.raise    0x0000000000000000       0x1e /tmp/cckTzrzU.ltrans0.ltrans.o
 .text.kill     0x0000000000000000       0x20 /tmp/cckTzrzU.ltrans0.ltrans.o
 .rodata.__assert_func.str1.4
                0x0000000000000000       0x43 /tmp/cckTzrzU.ltrans0.ltrans.o
 .text.__assert_func
                0x0000000000000000       0x1c /tmp/cckTzrzU.ltrans0.ltrans.o
 .rodata.assert_failed.str1.4
                0x0000000000000000       0x2b /tmp/cckTzrzU.ltrans0.ltrans.o
 .text.assert_failed
                0x0000000000000000       0x18 /tmp/cckTzrzU.ltrans0.ltrans.o
 .text.NVIC_SystemReset
                0x0000000000000000       0x20 /tmp/cckTzrzU.ltrans0.ltrans.o
 .text.__reset_hardware
                0x0000000000000000        0x8 /tmp/cckTzrzU.ltrans0.ltrans.o
 .rodata._ZL15SOTWARE_VERSION.lto_priv.12
                0x0000000000000000        0x2 /tmp/cckTzrzU.ltrans0.ltrans.o
 .rodata._ZL22MAX_OPOZN_ZAMK_POZ_sek.lto_priv.8
                0x0000000000000000        0x2 /tmp/cckTzrzU.ltrans0.ltrans.o
 .text._ZN9QuickTask22delayMsWithActiveTasksEm
                0x0000000000000000       0x34 /tmp/cckTzrzU.ltrans0.ltrans.o
 .text._ZN8Hardware21delayMsWithBackgroundEm
                0x0000000000000000       0x16 /tmp/cckTzrzU.ltrans0.ltrans.o
 .text._ZN11FrameBuffer10cursorLeftEv
                0x0000000000000000       0x30 /tmp/cckTzrzU.ltrans0.ltrans.o
 .text._ZN11FrameBuffer10cursorLeftEm
                0x0000000000000000       0x2a /tmp/cckTzrzU.ltrans0.ltrans.o
 .rodata._ZL15SOTWARE_VERSION.lto_priv.13
                0x0000000000000000        0x2 /tmp/cckTzrzU.ltrans0.ltrans.o
 .rodata._ZL22MAX_OPOZN_ZAMK_POZ_sek.lto_priv.9
                0x0000000000000000        0x2 /tmp/cckTzrzU.ltrans0.ltrans.o
 .text._ZN4Menu12printPatternEPKcm
                0x0000000000000000       0xb0 /tmp/cckTzrzU.ltrans0.ltrans.o
 .data._ZN6Pomiar12TS_CAL1_30oCE
                0x0000000000000000        0x4 /tmp/cckTzrzU.ltrans0.ltrans.o
 .data._ZN6Pomiar13TS_CAL2_110oCE
                0x0000000000000000        0x4 /tmp/cckTzrzU.ltrans0.ltrans.o
 .rodata._ZN6Pomiar7adcDefsE
                0x0000000000000000       0x40 /tmp/cckTzrzU.ltrans0.ltrans.o
 .text._ZN6Pomiar13getBattery_mVEt
                0x0000000000000000       0x3c /tmp/cckTzrzU.ltrans0.ltrans.o
 .text._ZN6Pomiar13getCurrent_mAEt
                0x0000000000000000       0x3c /tmp/cckTzrzU.ltrans0.ltrans.o
 .text._ZN6Pomiar12getOutput_mVEt
                0x0000000000000000       0x3c /tmp/cckTzrzU.ltrans0.ltrans.o
 .text._ZN6Pomiar5setupEPNS_6AdcDefE
                0x0000000000000000       0x1a /tmp/cckTzrzU.ltrans0.ltrans.o
 .text._ZN6Pomiar12initAdcGpiosEv
                0x0000000000000000       0x60 /tmp/cckTzrzU.ltrans0.ltrans.o
 .text._ZN6Pomiar7initADCEv
                0x0000000000000000      0x150 /tmp/cckTzrzU.ltrans0.ltrans.o
 .text._ZN6Pomiar7initDmaEv
                0x0000000000000000       0x64 /tmp/cckTzrzU.ltrans0.ltrans.o
 .rodata._ZL15SOTWARE_VERSION.lto_priv.14
                0x0000000000000000        0x2 /tmp/cckTzrzU.ltrans0.ltrans.o
 .rodata._ZL22MAX_OPOZN_ZAMK_POZ_sek.lto_priv.10
                0x0000000000000000        0x2 /tmp/cckTzrzU.ltrans0.ltrans.o
 .rodata._ZL15SOTWARE_VERSION.lto_priv.15
                0x0000000000000000        0x2 /tmp/cckTzrzU.ltrans0.ltrans.o
 .rodata._ZL22MAX_OPOZN_ZAMK_POZ_sek.lto_priv.11
                0x0000000000000000        0x2 /tmp/cckTzrzU.ltrans0.ltrans.o
 .rodata._ZL11I2C_FOR_LCD
                0x0000000000000000        0x4 /tmp/cckTzrzU.ltrans0.ltrans.o
 .text.AsciiBcdToValue
                0x0000000000000000       0x70 /tmp/cckTzrzU.ltrans0.ltrans.o
 .text.AsciiBcd2toByte
                0x0000000000000000       0x70 /tmp/cckTzrzU.ltrans0.ltrans.o
 .text._ZN4Fifo18getByteAs2HexAsciiEv
                0x0000000000000000       0x6c /tmp/cckTzrzU.ltrans0.ltrans.o
 .text._ZN4Fifo20get2BytesAs4HexAsciiEv
                0x0000000000000000       0x60 /tmp/cckTzrzU.ltrans0.ltrans.o
 .text._ZN4Fifo9getUInt16Ev
                0x0000000000000000       0x64 /tmp/cckTzrzU.ltrans0.ltrans.o
 .text._ZN4Fifo9getUInt32EPb
                0x0000000000000000       0x5a /tmp/cckTzrzU.ltrans0.ltrans.o
 .text._ZN4Fifo18putByteAs2AsciiBCDEh
                0x0000000000000000       0xce /tmp/cckTzrzU.ltrans0.ltrans.o
 .text._ZN4Fifo20put2BytesAs4AsciiBCDEt
                0x0000000000000000       0x3a /tmp/cckTzrzU.ltrans0.ltrans.o
 .text._ZN4Fifo9putStringEPKc
                0x0000000000000000       0x58 /tmp/cckTzrzU.ltrans0.ltrans.o
 .text._ZN4Fifo9putStringEPKcm
                0x0000000000000000       0x70 /tmp/cckTzrzU.ltrans0.ltrans.o
 .text._ZN4Fifo9putUint16Et
                0x0000000000000000       0x5e /tmp/cckTzrzU.ltrans0.ltrans.o
 .text._ZN4Fifo9putUint32Em
                0x0000000000000000       0x56 /tmp/cckTzrzU.ltrans0.ltrans.o
 .text._ZN4Fifo6isFullEv
                0x0000000000000000       0x4c /tmp/cckTzrzU.ltrans0.ltrans.o
 .text._ZN4Fifo5cloneEPS_
                0x0000000000000000       0x7e /tmp/cckTzrzU.ltrans0.ltrans.o
 .text.my_itoa  0x0000000000000000      0x14e /tmp/cckTzrzU.ltrans0.ltrans.o
 .text.my_htoa  0x0000000000000000       0x82 /tmp/cckTzrzU.ltrans0.ltrans.o
 .text.my_btoa  0x0000000000000000       0x5e /tmp/cckTzrzU.ltrans0.ltrans.o
 .text.power10  0x0000000000000000       0x38 /tmp/cckTzrzU.ltrans0.ltrans.o
 .text.FLASH_SetLatency
                0x0000000000000000       0x4c /tmp/cckTzrzU.ltrans0.ltrans.o
 .text.FLASH_PrefetchBufferCmd
                0x0000000000000000       0x54 /tmp/cckTzrzU.ltrans0.ltrans.o
 .text.FLASH_GetPrefetchBufferStatus
                0x0000000000000000       0x34 /tmp/cckTzrzU.ltrans0.ltrans.o
 .text.FLASH_EraseAllPages
                0x0000000000000000       0x68 /tmp/cckTzrzU.ltrans0.ltrans.o
 .text.FLASH_ProgramWord
                0x0000000000000000       0xd0 /tmp/cckTzrzU.ltrans0.ltrans.o
 .text.FLASH_OB_Unlock
                0x0000000000000000       0x2c /tmp/cckTzrzU.ltrans0.ltrans.o
 .text.FLASH_OB_Lock
                0x0000000000000000       0x1c /tmp/cckTzrzU.ltrans0.ltrans.o
 .text.FLASH_OB_Launch
                0x0000000000000000       0x1c /tmp/cckTzrzU.ltrans0.ltrans.o
 .text.FLASH_OB_Erase
                0x0000000000000000       0xdc /tmp/cckTzrzU.ltrans0.ltrans.o
 .text.FLASH_OB_EnableWRP
                0x0000000000000000      0x100 /tmp/cckTzrzU.ltrans0.ltrans.o
 .text.FLASH_OB_RDPConfig
                0x0000000000000000       0xf8 /tmp/cckTzrzU.ltrans0.ltrans.o
 .text.FLASH_OB_UserConfig
                0x0000000000000000      0x100 /tmp/cckTzrzU.ltrans0.ltrans.o
 .text.FLASH_OB_BOOTConfig
                0x0000000000000000       0xa4 /tmp/cckTzrzU.ltrans0.ltrans.o
 .text.FLASH_OB_BOOT0Config
                0x0000000000000000       0xa4 /tmp/cckTzrzU.ltrans0.ltrans.o
 .text.FLASH_OB_BOOT0SWConfig
                0x0000000000000000       0xa4 /tmp/cckTzrzU.ltrans0.ltrans.o
 .text.FLASH_OB_VDDAConfig
                0x0000000000000000       0xa4 /tmp/cckTzrzU.ltrans0.ltrans.o
 .text.FLASH_OB_SRAMParityConfig
                0x0000000000000000       0xa4 /tmp/cckTzrzU.ltrans0.ltrans.o
 .text.FLASH_OB_WriteUser
                0x0000000000000000       0x80 /tmp/cckTzrzU.ltrans0.ltrans.o
 .text.FLASH_OB_ProgramData
                0x0000000000000000       0xa4 /tmp/cckTzrzU.ltrans0.ltrans.o
 .text.FLASH_OB_GetUser
                0x0000000000000000       0x18 /tmp/cckTzrzU.ltrans0.ltrans.o
 .text.FLASH_OB_GetWRP
                0x0000000000000000       0x14 /tmp/cckTzrzU.ltrans0.ltrans.o
 .text.FLASH_OB_GetRDP
                0x0000000000000000       0x38 /tmp/cckTzrzU.ltrans0.ltrans.o
 .text.FLASH_ITConfig
                0x0000000000000000       0x78 /tmp/cckTzrzU.ltrans0.ltrans.o
 .text.FLASH_GetFlagStatus
                0x0000000000000000       0x64 /tmp/cckTzrzU.ltrans0.ltrans.o
 .text.FLASH_ClearFlag
                0x0000000000000000       0x34 /tmp/cckTzrzU.ltrans0.ltrans.o
 .bss._ZZN3I2C8irqErrorEvE3err
                0x0000000000000000        0x4 /tmp/cckTzrzU.ltrans0.ltrans.o
 .text._ZN3I2C8irqErrorEv
                0x0000000000000000       0x30 /tmp/cckTzrzU.ltrans0.ltrans.o
 .text._ZN3I2C15masterReadStartEm
                0x0000000000000000       0xc8 /tmp/cckTzrzU.ltrans0.ltrans.o
 .text._ZN9ST7032iFB7delayMsEm
                0x0000000000000000       0x18 /tmp/cckTzrzU.ltrans0.ltrans.o
 .text._ZN9ST7032iFB8sendDataEh
                0x0000000000000000       0x26 /tmp/cckTzrzU.ltrans0.ltrans.o
 COMMON         0x0000000000000000        0x4 /tmp/cckTzrzU.ltrans0.ltrans.o
 .text          0x0000000000000000        0x0 /home/opt/arm-toolchains/gcc-arm-none-eabi-7-2018-q2-update/bin/../lib/gcc/arm-none-eabi/7.3.1/../../../../arm-none-eabi/lib/thumb/v6-m/libstdc++_nano.a(del_ops.o)
 .data          0x0000000000000000        0x0 /home/opt/arm-toolchains/gcc-arm-none-eabi-7-2018-q2-update/bin/../lib/gcc/arm-none-eabi/7.3.1/../../../../arm-none-eabi/lib/thumb/v6-m/libstdc++_nano.a(del_ops.o)
 .bss           0x0000000000000000        0x0 /home/opt/arm-toolchains/gcc-arm-none-eabi-7-2018-q2-update/bin/../lib/gcc/arm-none-eabi/7.3.1/../../../../arm-none-eabi/lib/thumb/v6-m/libstdc++_nano.a(del_ops.o)
 .text          0x0000000000000000        0x0 /home/opt/arm-toolchains/gcc-arm-none-eabi-7-2018-q2-update/bin/../lib/gcc/arm-none-eabi/7.3.1/../../../../arm-none-eabi/lib/thumb/v6-m/libstdc++_nano.a(del_op.o)
 .data          0x0000000000000000        0x0 /home/opt/arm-toolchains/gcc-arm-none-eabi-7-2018-q2-update/bin/../lib/gcc/arm-none-eabi/7.3.1/../../../../arm-none-eabi/lib/thumb/v6-m/libstdc++_nano.a(del_op.o)
 .bss           0x0000000000000000        0x0 /home/opt/arm-toolchains/gcc-arm-none-eabi-7-2018-q2-update/bin/../lib/gcc/arm-none-eabi/7.3.1/../../../../arm-none-eabi/lib/thumb/v6-m/libstdc++_nano.a(del_op.o)
 .text          0x0000000000000000        0x0 /home/opt/arm-toolchains/gcc-arm-none-eabi-7-2018-q2-update/bin/../lib/gcc/arm-none-eabi/7.3.1/../../../../arm-none-eabi/lib/thumb/v6-m/libg_nano.a(lib_a-errno.o)
 .data          0x0000000000000000        0x0 /home/opt/arm-toolchains/gcc-arm-none-eabi-7-2018-q2-update/bin/../lib/gcc/arm-none-eabi/7.3.1/../../../../arm-none-eabi/lib/thumb/v6-m/libg_nano.a(lib_a-errno.o)
 .bss           0x0000000000000000        0x0 /home/opt/arm-toolchains/gcc-arm-none-eabi-7-2018-q2-update/bin/../lib/gcc/arm-none-eabi/7.3.1/../../../../arm-none-eabi/lib/thumb/v6-m/libg_nano.a(lib_a-errno.o)
 .text.__errno  0x0000000000000000        0xc /home/opt/arm-toolchains/gcc-arm-none-eabi-7-2018-q2-update/bin/../lib/gcc/arm-none-eabi/7.3.1/../../../../arm-none-eabi/lib/thumb/v6-m/libg_nano.a(lib_a-errno.o)
 .debug_frame   0x0000000000000000       0x20 /home/opt/arm-toolchains/gcc-arm-none-eabi-7-2018-q2-update/bin/../lib/gcc/arm-none-eabi/7.3.1/../../../../arm-none-eabi/lib/thumb/v6-m/libg_nano.a(lib_a-errno.o)
 .ARM.attributes
                0x0000000000000000       0x2c /home/opt/arm-toolchains/gcc-arm-none-eabi-7-2018-q2-update/bin/../lib/gcc/arm-none-eabi/7.3.1/../../../../arm-none-eabi/lib/thumb/v6-m/libg_nano.a(lib_a-errno.o)
 .text          0x0000000000000000        0x0 /home/opt/arm-toolchains/gcc-arm-none-eabi-7-2018-q2-update/bin/../lib/gcc/arm-none-eabi/7.3.1/../../../../arm-none-eabi/lib/thumb/v6-m/libg_nano.a(lib_a-impure.o)
 .data          0x0000000000000000        0x0 /home/opt/arm-toolchains/gcc-arm-none-eabi-7-2018-q2-update/bin/../lib/gcc/arm-none-eabi/7.3.1/../../../../arm-none-eabi/lib/thumb/v6-m/libg_nano.a(lib_a-impure.o)
 .bss           0x0000000000000000        0x0 /home/opt/arm-toolchains/gcc-arm-none-eabi-7-2018-q2-update/bin/../lib/gcc/arm-none-eabi/7.3.1/../../../../arm-none-eabi/lib/thumb/v6-m/libg_nano.a(lib_a-impure.o)
 .rodata._global_impure_ptr
                0x0000000000000000        0x4 /home/opt/arm-toolchains/gcc-arm-none-eabi-7-2018-q2-update/bin/../lib/gcc/arm-none-eabi/7.3.1/../../../../arm-none-eabi/lib/thumb/v6-m/libg_nano.a(lib_a-impure.o)
 .text          0x0000000000000000        0x0 /home/opt/arm-toolchains/gcc-arm-none-eabi-7-2018-q2-update/bin/../lib/gcc/arm-none-eabi/7.3.1/../../../../arm-none-eabi/lib/thumb/v6-m/libg_nano.a(lib_a-isdigit.o)
 .data          0x0000000000000000        0x0 /home/opt/arm-toolchains/gcc-arm-none-eabi-7-2018-q2-update/bin/../lib/gcc/arm-none-eabi/7.3.1/../../../../arm-none-eabi/lib/thumb/v6-m/libg_nano.a(lib_a-isdigit.o)
 .bss           0x0000000000000000        0x0 /home/opt/arm-toolchains/gcc-arm-none-eabi-7-2018-q2-update/bin/../lib/gcc/arm-none-eabi/7.3.1/../../../../arm-none-eabi/lib/thumb/v6-m/libg_nano.a(lib_a-isdigit.o)
 .text.isdigit  0x0000000000000000       0x12 /home/opt/arm-toolchains/gcc-arm-none-eabi-7-2018-q2-update/bin/../lib/gcc/arm-none-eabi/7.3.1/../../../../arm-none-eabi/lib/thumb/v6-m/libg_nano.a(lib_a-isdigit.o)
 .debug_frame   0x0000000000000000       0x28 /home/opt/arm-toolchains/gcc-arm-none-eabi-7-2018-q2-update/bin/../lib/gcc/arm-none-eabi/7.3.1/../../../../arm-none-eabi/lib/thumb/v6-m/libg_nano.a(lib_a-isdigit.o)
 .ARM.attributes
                0x0000000000000000       0x2c /home/opt/arm-toolchains/gcc-arm-none-eabi-7-2018-q2-update/bin/../lib/gcc/arm-none-eabi/7.3.1/../../../../arm-none-eabi/lib/thumb/v6-m/libg_nano.a(lib_a-isdigit.o)
 .text          0x0000000000000000        0x0 /home/opt/arm-toolchains/gcc-arm-none-eabi-7-2018-q2-update/bin/../lib/gcc/arm-none-eabi/7.3.1/../../../../arm-none-eabi/lib/thumb/v6-m/libg_nano.a(lib_a-locale.o)
 .data          0x0000000000000000        0x0 /home/opt/arm-toolchains/gcc-arm-none-eabi-7-2018-q2-update/bin/../lib/gcc/arm-none-eabi/7.3.1/../../../../arm-none-eabi/lib/thumb/v6-m/libg_nano.a(lib_a-locale.o)
 .bss           0x0000000000000000        0x0 /home/opt/arm-toolchains/gcc-arm-none-eabi-7-2018-q2-update/bin/../lib/gcc/arm-none-eabi/7.3.1/../../../../arm-none-eabi/lib/thumb/v6-m/libg_nano.a(lib_a-locale.o)
 .text._setlocale_r
                0x0000000000000000       0x40 /home/opt/arm-toolchains/gcc-arm-none-eabi-7-2018-q2-update/bin/../lib/gcc/arm-none-eabi/7.3.1/../../../../arm-none-eabi/lib/thumb/v6-m/libg_nano.a(lib_a-locale.o)
 .text.__locale_mb_cur_max
                0x0000000000000000       0x1c /home/opt/arm-toolchains/gcc-arm-none-eabi-7-2018-q2-update/bin/../lib/gcc/arm-none-eabi/7.3.1/../../../../arm-none-eabi/lib/thumb/v6-m/libg_nano.a(lib_a-locale.o)
 .text.__locale_ctype_ptr_l
                0x0000000000000000        0x6 /home/opt/arm-toolchains/gcc-arm-none-eabi-7-2018-q2-update/bin/../lib/gcc/arm-none-eabi/7.3.1/../../../../arm-none-eabi/lib/thumb/v6-m/libg_nano.a(lib_a-locale.o)
 .text.__locale_ctype_ptr
                0x0000000000000000       0x1c /home/opt/arm-toolchains/gcc-arm-none-eabi-7-2018-q2-update/bin/../lib/gcc/arm-none-eabi/7.3.1/../../../../arm-none-eabi/lib/thumb/v6-m/libg_nano.a(lib_a-locale.o)
 .text.setlocale
                0x0000000000000000       0x14 /home/opt/arm-toolchains/gcc-arm-none-eabi-7-2018-q2-update/bin/../lib/gcc/arm-none-eabi/7.3.1/../../../../arm-none-eabi/lib/thumb/v6-m/libg_nano.a(lib_a-locale.o)
 .bss._PathLocale
                0x0000000000000000        0x4 /home/opt/arm-toolchains/gcc-arm-none-eabi-7-2018-q2-update/bin/../lib/gcc/arm-none-eabi/7.3.1/../../../../arm-none-eabi/lib/thumb/v6-m/libg_nano.a(lib_a-locale.o)
 .data.__global_locale
                0x0000000000000000      0x16c /home/opt/arm-toolchains/gcc-arm-none-eabi-7-2018-q2-update/bin/../lib/gcc/arm-none-eabi/7.3.1/../../../../arm-none-eabi/lib/thumb/v6-m/libg_nano.a(lib_a-locale.o)
 .rodata._setlocale_r.str1.1
                0x0000000000000000        0x9 /home/opt/arm-toolchains/gcc-arm-none-eabi-7-2018-q2-update/bin/../lib/gcc/arm-none-eabi/7.3.1/../../../../arm-none-eabi/lib/thumb/v6-m/libg_nano.a(lib_a-locale.o)
 .rodata.str1.1
                0x0000000000000000        0x2 /home/opt/arm-toolchains/gcc-arm-none-eabi-7-2018-q2-update/bin/../lib/gcc/arm-none-eabi/7.3.1/../../../../arm-none-eabi/lib/thumb/v6-m/libg_nano.a(lib_a-locale.o)
 .debug_frame   0x0000000000000000       0x74 /home/opt/arm-toolchains/gcc-arm-none-eabi-7-2018-q2-update/bin/../lib/gcc/arm-none-eabi/7.3.1/../../../../arm-none-eabi/lib/thumb/v6-m/libg_nano.a(lib_a-locale.o)
 .ARM.attributes
                0x0000000000000000       0x2c /home/opt/arm-toolchains/gcc-arm-none-eabi-7-2018-q2-update/bin/../lib/gcc/arm-none-eabi/7.3.1/../../../../arm-none-eabi/lib/thumb/v6-m/libg_nano.a(lib_a-locale.o)
 .text          0x0000000000000000        0x0 /home/opt/arm-toolchains/gcc-arm-none-eabi-7-2018-q2-update/bin/../lib/gcc/arm-none-eabi/7.3.1/../../../../arm-none-eabi/lib/thumb/v6-m/libg_nano.a(lib_a-malloc.o)
 .data          0x0000000000000000        0x0 /home/opt/arm-toolchains/gcc-arm-none-eabi-7-2018-q2-update/bin/../lib/gcc/arm-none-eabi/7.3.1/../../../../arm-none-eabi/lib/thumb/v6-m/libg_nano.a(lib_a-malloc.o)
 .bss           0x0000000000000000        0x0 /home/opt/arm-toolchains/gcc-arm-none-eabi-7-2018-q2-update/bin/../lib/gcc/arm-none-eabi/7.3.1/../../../../arm-none-eabi/lib/thumb/v6-m/libg_nano.a(lib_a-malloc.o)
 .text.malloc   0x0000000000000000       0x14 /home/opt/arm-toolchains/gcc-arm-none-eabi-7-2018-q2-update/bin/../lib/gcc/arm-none-eabi/7.3.1/../../../../arm-none-eabi/lib/thumb/v6-m/libg_nano.a(lib_a-malloc.o)
 .text          0x0000000000000000        0x0 /home/opt/arm-toolchains/gcc-arm-none-eabi-7-2018-q2-update/bin/../lib/gcc/arm-none-eabi/7.3.1/../../../../arm-none-eabi/lib/thumb/v6-m/libg_nano.a(lib_a-mbtowc_r.o)
 .data          0x0000000000000000        0x0 /home/opt/arm-toolchains/gcc-arm-none-eabi-7-2018-q2-update/bin/../lib/gcc/arm-none-eabi/7.3.1/../../../../arm-none-eabi/lib/thumb/v6-m/libg_nano.a(lib_a-mbtowc_r.o)
 .bss           0x0000000000000000        0x0 /home/opt/arm-toolchains/gcc-arm-none-eabi-7-2018-q2-update/bin/../lib/gcc/arm-none-eabi/7.3.1/../../../../arm-none-eabi/lib/thumb/v6-m/libg_nano.a(lib_a-mbtowc_r.o)
 .text._mbtowc_r
                0x0000000000000000       0x24 /home/opt/arm-toolchains/gcc-arm-none-eabi-7-2018-q2-update/bin/../lib/gcc/arm-none-eabi/7.3.1/../../../../arm-none-eabi/lib/thumb/v6-m/libg_nano.a(lib_a-mbtowc_r.o)
 .text.__ascii_mbtowc
                0x0000000000000000       0x24 /home/opt/arm-toolchains/gcc-arm-none-eabi-7-2018-q2-update/bin/../lib/gcc/arm-none-eabi/7.3.1/../../../../arm-none-eabi/lib/thumb/v6-m/libg_nano.a(lib_a-mbtowc_r.o)
 .debug_frame   0x0000000000000000       0x44 /home/opt/arm-toolchains/gcc-arm-none-eabi-7-2018-q2-update/bin/../lib/gcc/arm-none-eabi/7.3.1/../../../../arm-none-eabi/lib/thumb/v6-m/libg_nano.a(lib_a-mbtowc_r.o)
 .ARM.attributes
                0x0000000000000000       0x2c /home/opt/arm-toolchains/gcc-arm-none-eabi-7-2018-q2-update/bin/../lib/gcc/arm-none-eabi/7.3.1/../../../../arm-none-eabi/lib/thumb/v6-m/libg_nano.a(lib_a-mbtowc_r.o)
 .text          0x0000000000000000        0x0 /home/opt/arm-toolchains/gcc-arm-none-eabi-7-2018-q2-update/bin/../lib/gcc/arm-none-eabi/7.3.1/../../../../arm-none-eabi/lib/thumb/v6-m/libg_nano.a(lib_a-nano-freer.o)
 .data          0x0000000000000000        0x0 /home/opt/arm-toolchains/gcc-arm-none-eabi-7-2018-q2-update/bin/../lib/gcc/arm-none-eabi/7.3.1/../../../../arm-none-eabi/lib/thumb/v6-m/libg_nano.a(lib_a-nano-freer.o)
 .bss           0x0000000000000000        0x0 /home/opt/arm-toolchains/gcc-arm-none-eabi-7-2018-q2-update/bin/../lib/gcc/arm-none-eabi/7.3.1/../../../../arm-none-eabi/lib/thumb/v6-m/libg_nano.a(lib_a-nano-freer.o)
 .text          0x0000000000000000        0x0 /home/opt/arm-toolchains/gcc-arm-none-eabi-7-2018-q2-update/bin/../lib/gcc/arm-none-eabi/7.3.1/../../../../arm-none-eabi/lib/thumb/v6-m/libg_nano.a(lib_a-nano-mallocr.o)
 .data          0x0000000000000000        0x0 /home/opt/arm-toolchains/gcc-arm-none-eabi-7-2018-q2-update/bin/../lib/gcc/arm-none-eabi/7.3.1/../../../../arm-none-eabi/lib/thumb/v6-m/libg_nano.a(lib_a-nano-mallocr.o)
 .bss           0x0000000000000000        0x0 /home/opt/arm-toolchains/gcc-arm-none-eabi-7-2018-q2-update/bin/../lib/gcc/arm-none-eabi/7.3.1/../../../../arm-none-eabi/lib/thumb/v6-m/libg_nano.a(lib_a-nano-mallocr.o)
 .text._malloc_r
                0x0000000000000000       0xbc /home/opt/arm-toolchains/gcc-arm-none-eabi-7-2018-q2-update/bin/../lib/gcc/arm-none-eabi/7.3.1/../../../../arm-none-eabi/lib/thumb/v6-m/libg_nano.a(lib_a-nano-mallocr.o)
 .bss.__malloc_sbrk_start
                0x0000000000000000        0x4 /home/opt/arm-toolchains/gcc-arm-none-eabi-7-2018-q2-update/bin/../lib/gcc/arm-none-eabi/7.3.1/../../../../arm-none-eabi/lib/thumb/v6-m/libg_nano.a(lib_a-nano-mallocr.o)
 .text          0x0000000000000000        0x0 /home/opt/arm-toolchains/gcc-arm-none-eabi-7-2018-q2-update/bin/../lib/gcc/arm-none-eabi/7.3.1/../../../../arm-none-eabi/lib/thumb/v6-m/libg_nano.a(lib_a-sbrkr.o)
 .data          0x0000000000000000        0x0 /home/opt/arm-toolchains/gcc-arm-none-eabi-7-2018-q2-update/bin/../lib/gcc/arm-none-eabi/7.3.1/../../../../arm-none-eabi/lib/thumb/v6-m/libg_nano.a(lib_a-sbrkr.o)
 .bss           0x0000000000000000        0x0 /home/opt/arm-toolchains/gcc-arm-none-eabi-7-2018-q2-update/bin/../lib/gcc/arm-none-eabi/7.3.1/../../../../arm-none-eabi/lib/thumb/v6-m/libg_nano.a(lib_a-sbrkr.o)
 .text._sbrk_r  0x0000000000000000       0x24 /home/opt/arm-toolchains/gcc-arm-none-eabi-7-2018-q2-update/bin/../lib/gcc/arm-none-eabi/7.3.1/../../../../arm-none-eabi/lib/thumb/v6-m/libg_nano.a(lib_a-sbrkr.o)
 .debug_frame   0x0000000000000000       0x2c /home/opt/arm-toolchains/gcc-arm-none-eabi-7-2018-q2-update/bin/../lib/gcc/arm-none-eabi/7.3.1/../../../../arm-none-eabi/lib/thumb/v6-m/libg_nano.a(lib_a-sbrkr.o)
 .ARM.attributes
                0x0000000000000000       0x2c /home/opt/arm-toolchains/gcc-arm-none-eabi-7-2018-q2-update/bin/../lib/gcc/arm-none-eabi/7.3.1/../../../../arm-none-eabi/lib/thumb/v6-m/libg_nano.a(lib_a-sbrkr.o)
 .text          0x0000000000000000       0x14 /home/opt/arm-toolchains/gcc-arm-none-eabi-7-2018-q2-update/bin/../lib/gcc/arm-none-eabi/7.3.1/../../../../arm-none-eabi/lib/thumb/v6-m/libg_nano.a(lib_a-strcmp.o)
 .data          0x0000000000000000        0x0 /home/opt/arm-toolchains/gcc-arm-none-eabi-7-2018-q2-update/bin/../lib/gcc/arm-none-eabi/7.3.1/../../../../arm-none-eabi/lib/thumb/v6-m/libg_nano.a(lib_a-strcmp.o)
 .bss           0x0000000000000000        0x0 /home/opt/arm-toolchains/gcc-arm-none-eabi-7-2018-q2-update/bin/../lib/gcc/arm-none-eabi/7.3.1/../../../../arm-none-eabi/lib/thumb/v6-m/libg_nano.a(lib_a-strcmp.o)
 .debug_frame   0x0000000000000000       0x20 /home/opt/arm-toolchains/gcc-arm-none-eabi-7-2018-q2-update/bin/../lib/gcc/arm-none-eabi/7.3.1/../../../../arm-none-eabi/lib/thumb/v6-m/libg_nano.a(lib_a-strcmp.o)
 .ARM.attributes
                0x0000000000000000       0x1c /home/opt/arm-toolchains/gcc-arm-none-eabi-7-2018-q2-update/bin/../lib/gcc/arm-none-eabi/7.3.1/../../../../arm-none-eabi/lib/thumb/v6-m/libg_nano.a(lib_a-strcmp.o)
 .data          0x0000000000000000        0x0 /home/opt/arm-toolchains/gcc-arm-none-eabi-7-2018-q2-update/bin/../lib/gcc/arm-none-eabi/7.3.1/../../../../arm-none-eabi/lib/thumb/v6-m/libg_nano.a(lib_a-strlen.o)
 .bss           0x0000000000000000        0x0 /home/opt/arm-toolchains/gcc-arm-none-eabi-7-2018-q2-update/bin/../lib/gcc/arm-none-eabi/7.3.1/../../../../arm-none-eabi/lib/thumb/v6-m/libg_nano.a(lib_a-strlen.o)
 .text          0x0000000000000000        0x0 /home/opt/arm-toolchains/gcc-arm-none-eabi-7-2018-q2-update/bin/../lib/gcc/arm-none-eabi/7.3.1/../../../../arm-none-eabi/lib/thumb/v6-m/libg_nano.a(lib_a-wctomb_r.o)
 .data          0x0000000000000000        0x0 /home/opt/arm-toolchains/gcc-arm-none-eabi-7-2018-q2-update/bin/../lib/gcc/arm-none-eabi/7.3.1/../../../../arm-none-eabi/lib/thumb/v6-m/libg_nano.a(lib_a-wctomb_r.o)
 .bss           0x0000000000000000        0x0 /home/opt/arm-toolchains/gcc-arm-none-eabi-7-2018-q2-update/bin/../lib/gcc/arm-none-eabi/7.3.1/../../../../arm-none-eabi/lib/thumb/v6-m/libg_nano.a(lib_a-wctomb_r.o)
 .text._wctomb_r
                0x0000000000000000       0x20 /home/opt/arm-toolchains/gcc-arm-none-eabi-7-2018-q2-update/bin/../lib/gcc/arm-none-eabi/7.3.1/../../../../arm-none-eabi/lib/thumb/v6-m/libg_nano.a(lib_a-wctomb_r.o)
 .text.__ascii_wctomb
                0x0000000000000000       0x18 /home/opt/arm-toolchains/gcc-arm-none-eabi-7-2018-q2-update/bin/../lib/gcc/arm-none-eabi/7.3.1/../../../../arm-none-eabi/lib/thumb/v6-m/libg_nano.a(lib_a-wctomb_r.o)
 .debug_frame   0x0000000000000000       0x38 /home/opt/arm-toolchains/gcc-arm-none-eabi-7-2018-q2-update/bin/../lib/gcc/arm-none-eabi/7.3.1/../../../../arm-none-eabi/lib/thumb/v6-m/libg_nano.a(lib_a-wctomb_r.o)
 .ARM.attributes
                0x0000000000000000       0x2c /home/opt/arm-toolchains/gcc-arm-none-eabi-7-2018-q2-update/bin/../lib/gcc/arm-none-eabi/7.3.1/../../../../arm-none-eabi/lib/thumb/v6-m/libg_nano.a(lib_a-wctomb_r.o)
 .text          0x0000000000000000        0x0 /home/opt/arm-toolchains/gcc-arm-none-eabi-7-2018-q2-update/bin/../lib/gcc/arm-none-eabi/7.3.1/../../../../arm-none-eabi/lib/thumb/v6-m/libg_nano.a(lib_a-ctype_.o)
 .data          0x0000000000000000        0x0 /home/opt/arm-toolchains/gcc-arm-none-eabi-7-2018-q2-update/bin/../lib/gcc/arm-none-eabi/7.3.1/../../../../arm-none-eabi/lib/thumb/v6-m/libg_nano.a(lib_a-ctype_.o)
 .bss           0x0000000000000000        0x0 /home/opt/arm-toolchains/gcc-arm-none-eabi-7-2018-q2-update/bin/../lib/gcc/arm-none-eabi/7.3.1/../../../../arm-none-eabi/lib/thumb/v6-m/libg_nano.a(lib_a-ctype_.o)
 .rodata._ctype_
                0x0000000000000000      0x101 /home/opt/arm-toolchains/gcc-arm-none-eabi-7-2018-q2-update/bin/../lib/gcc/arm-none-eabi/7.3.1/../../../../arm-none-eabi/lib/thumb/v6-m/libg_nano.a(lib_a-ctype_.o)
 .ARM.attributes
                0x0000000000000000       0x2c /home/opt/arm-toolchains/gcc-arm-none-eabi-7-2018-q2-update/bin/../lib/gcc/arm-none-eabi/7.3.1/../../../../arm-none-eabi/lib/thumb/v6-m/libg_nano.a(lib_a-ctype_.o)
 .text          0x0000000000000000        0x0 /home/opt/arm-toolchains/gcc-arm-none-eabi-7-2018-q2-update/bin/../lib/gcc/arm-none-eabi/7.3.1/../../../../arm-none-eabi/lib/thumb/v6-m/libg_nano.a(lib_a-mlock.o)
 .data          0x0000000000000000        0x0 /home/opt/arm-toolchains/gcc-arm-none-eabi-7-2018-q2-update/bin/../lib/gcc/arm-none-eabi/7.3.1/../../../../arm-none-eabi/lib/thumb/v6-m/libg_nano.a(lib_a-mlock.o)
 .bss           0x0000000000000000        0x0 /home/opt/arm-toolchains/gcc-arm-none-eabi-7-2018-q2-update/bin/../lib/gcc/arm-none-eabi/7.3.1/../../../../arm-none-eabi/lib/thumb/v6-m/libg_nano.a(lib_a-mlock.o)
 .data          0x0000000000000000        0x0 /home/opt/arm-toolchains/gcc-arm-none-eabi-7-2018-q2-update/bin/../lib/gcc/arm-none-eabi/7.3.1/thumb/v6-m/libgcc.a(_udivsi3.o)
 .bss           0x0000000000000000        0x0 /home/opt/arm-toolchains/gcc-arm-none-eabi-7-2018-q2-update/bin/../lib/gcc/arm-none-eabi/7.3.1/thumb/v6-m/libgcc.a(_udivsi3.o)
 .text          0x0000000000000000      0x1d4 /home/opt/arm-toolchains/gcc-arm-none-eabi-7-2018-q2-update/bin/../lib/gcc/arm-none-eabi/7.3.1/thumb/v6-m/libgcc.a(_divsi3.o)
 .data          0x0000000000000000        0x0 /home/opt/arm-toolchains/gcc-arm-none-eabi-7-2018-q2-update/bin/../lib/gcc/arm-none-eabi/7.3.1/thumb/v6-m/libgcc.a(_divsi3.o)
 .bss           0x0000000000000000        0x0 /home/opt/arm-toolchains/gcc-arm-none-eabi-7-2018-q2-update/bin/../lib/gcc/arm-none-eabi/7.3.1/thumb/v6-m/libgcc.a(_divsi3.o)
 .debug_frame   0x0000000000000000       0x20 /home/opt/arm-toolchains/gcc-arm-none-eabi-7-2018-q2-update/bin/../lib/gcc/arm-none-eabi/7.3.1/thumb/v6-m/libgcc.a(_divsi3.o)
 .ARM.attributes
                0x0000000000000000       0x1e /home/opt/arm-toolchains/gcc-arm-none-eabi-7-2018-q2-update/bin/../lib/gcc/arm-none-eabi/7.3.1/thumb/v6-m/libgcc.a(_divsi3.o)
 .data          0x0000000000000000        0x0 /home/opt/arm-toolchains/gcc-arm-none-eabi-7-2018-q2-update/bin/../lib/gcc/arm-none-eabi/7.3.1/thumb/v6-m/libgcc.a(_dvmd_tls.o)
 .bss           0x0000000000000000        0x0 /home/opt/arm-toolchains/gcc-arm-none-eabi-7-2018-q2-update/bin/../lib/gcc/arm-none-eabi/7.3.1/thumb/v6-m/libgcc.a(_dvmd_tls.o)
 .text          0x0000000000000000        0x0 /home/opt/arm-toolchains/gcc-arm-none-eabi-7-2018-q2-update/bin/../lib/gcc/arm-none-eabi/7.3.1/../../../../arm-none-eabi/lib/thumb/v6-m/libg_nano.a(lib_a-memset.o)
 .data          0x0000000000000000        0x0 /home/opt/arm-toolchains/gcc-arm-none-eabi-7-2018-q2-update/bin/../lib/gcc/arm-none-eabi/7.3.1/../../../../arm-none-eabi/lib/thumb/v6-m/libg_nano.a(lib_a-memset.o)
 .bss           0x0000000000000000        0x0 /home/opt/arm-toolchains/gcc-arm-none-eabi-7-2018-q2-update/bin/../lib/gcc/arm-none-eabi/7.3.1/../../../../arm-none-eabi/lib/thumb/v6-m/libg_nano.a(lib_a-memset.o)

Memory Configuration

Name             Origin             Length             Attributes
RAM              0x0000000020000000 0x0000000000004000 xrw
CCMRAM           0x0000000000000000 0x0000000000000000 xrw
FLASH            0x0000000008000000 0x0000000000010000 xr
FLASHB1          0x0000000000000000 0x0000000000000000 xr
EXTMEMB0         0x0000000000000000 0x0000000000000000 xr
EXTMEMB1         0x0000000000000000 0x0000000000000000 xr
EXTMEMB2         0x0000000000000000 0x0000000000000000 xr
EXTMEMB3         0x0000000000000000 0x0000000000000000 xr
MEMORY_ARRAY     0x0000000000000000 0x0000000000000000 xrw
*default*        0x0000000000000000 0xffffffffffffffff

Linker script and memory map

LOAD /tmp/cckTzrzU.ltrans0.ltrans.o
LOAD /home/opt/arm-toolchains/gcc-arm-none-eabi-7-2018-q2-update/bin/../lib/gcc/arm-none-eabi/7.3.1/../../../../arm-none-eabi/lib/thumb/v6-m/libstdc++_nano.a
LOAD /home/opt/arm-toolchains/gcc-arm-none-eabi-7-2018-q2-update/bin/../lib/gcc/arm-none-eabi/7.3.1/../../../../arm-none-eabi/lib/thumb/v6-m/libm.a
START GROUP
LOAD /home/opt/arm-toolchains/gcc-arm-none-eabi-7-2018-q2-update/bin/../lib/gcc/arm-none-eabi/7.3.1/thumb/v6-m/libgcc.a
LOAD /home/opt/arm-toolchains/gcc-arm-none-eabi-7-2018-q2-update/bin/../lib/gcc/arm-none-eabi/7.3.1/../../../../arm-none-eabi/lib/thumb/v6-m/libg_nano.a
LOAD /home/opt/arm-toolchains/gcc-arm-none-eabi-7-2018-q2-update/bin/../lib/gcc/arm-none-eabi/7.3.1/../../../../arm-none-eabi/lib/thumb/v6-m/libc_nano.a
END GROUP
START GROUP
LOAD /home/opt/arm-toolchains/gcc-arm-none-eabi-7-2018-q2-update/bin/../lib/gcc/arm-none-eabi/7.3.1/thumb/v6-m/libgcc.a
LOAD /home/opt/arm-toolchains/gcc-arm-none-eabi-7-2018-q2-update/bin/../lib/gcc/arm-none-eabi/7.3.1/../../../../arm-none-eabi/lib/thumb/v6-m/libc_nano.a
LOAD /home/opt/arm-toolchains/gcc-arm-none-eabi-7-2018-q2-update/bin/../lib/gcc/arm-none-eabi/7.3.1/../../../../arm-none-eabi/lib/thumb/v6-m/libnosys.a
END GROUP
START GROUP
LOAD /home/opt/arm-toolchains/gcc-arm-none-eabi-7-2018-q2-update/bin/../lib/gcc/arm-none-eabi/7.3.1/thumb/v6-m/libgcc.a
LOAD /home/opt/arm-toolchains/gcc-arm-none-eabi-7-2018-q2-update/bin/../lib/gcc/arm-none-eabi/7.3.1/../../../../arm-none-eabi/lib/thumb/v6-m/libc_nano.a
LOAD /home/opt/arm-toolchains/gcc-arm-none-eabi-7-2018-q2-update/bin/../lib/gcc/arm-none-eabi/7.3.1/../../../../arm-none-eabi/lib/thumb/v6-m/libnosys.a
END GROUP
                0x0000000020004000                __stack = (ORIGIN (RAM) + LENGTH (RAM))
                0x0000000020004000                _estack = __stack
                0x0000000000000800                __Main_Stack_Size = 0x800
                [!provide]                        PROVIDE (_Main_Stack_Size = __Main_Stack_Size)
                0x0000000020003800                __Main_Stack_Limit = (__stack - __Main_Stack_Size)
                [!provide]                        PROVIDE (_Main_Stack_Limit = __Main_Stack_Limit)
                0x0000000000000100                _Minimum_Stack_Size = 0x100
                0x000000002000055c                PROVIDE (_Heap_Begin = _end_noinit)
                0x0000000020003800                PROVIDE (_Heap_Limit = (__stack - __Main_Stack_Size))

.isr_vector     0x0000000008000000      0x294
 FILL mask 0xff
                0x0000000008000000                __vectors_start = ABSOLUTE (.)
                0x0000000008000000                __vectors_start__ = ABSOLUTE (.)
 *(.isr_vector)
 .isr_vector    0x0000000008000000       0xc4 /tmp/cckTzrzU.ltrans0.ltrans.o
                0x0000000008000000                g_pfnVectors
 *(.cfmconfig)
 *(.after_vectors .after_vectors.*)
 .after_vectors
                0x00000000080000c4      0x1d0 /tmp/cckTzrzU.ltrans0.ltrans.o
                0x00000000080000c4                _start
                0x0000000008000268                HardFault_Handler_C

.inits          0x0000000008000294       0x48
                0x0000000008000294                __data_regions_array_start = .
                0x0000000008000294        0x4 LONG 0x8007e64 LOADADDR (.data)
                0x0000000008000298        0x4 LONG 0x20000000 ADDR (.data)
                0x000000000800029c        0x4 LONG 0x200000b8 (ADDR (.data) + SIZEOF (.data))
                0x00000000080002a0        0x4 LONG 0x8007e64 LOADADDR (.data_CCMRAM)
                0x00000000080002a4        0x4 LONG 0x0 ADDR (.data_CCMRAM)
                0x00000000080002a8        0x4 LONG 0x0 (ADDR (.data_CCMRAM) + SIZEOF (.data_CCMRAM))
                0x00000000080002ac                __data_regions_array_end = .
                0x00000000080002ac                __bss_regions_array_start = .
                0x00000000080002ac        0x4 LONG 0x200000b8 ADDR (.bss)
                0x00000000080002b0        0x4 LONG 0x2000055c (ADDR (.bss) + SIZEOF (.bss))
                0x00000000080002b4        0x4 LONG 0x0 ADDR (.bss_CCMRAM)
                0x00000000080002b8        0x4 LONG 0x0 (ADDR (.bss_CCMRAM) + SIZEOF (.bss_CCMRAM))
                0x00000000080002bc                __bss_regions_array_end = .
 *(.init)
 *(.fini)
                0x00000000080002bc                . = ALIGN (0x4)
                0x00000000080002bc                PROVIDE (__preinit_array_start = .)
 *(.preinit_array_sysinit .preinit_array_sysinit.*)
 *(.preinit_array_platform .preinit_array_platform.*)
 *(.preinit_array .preinit_array.*)
                0x00000000080002bc                PROVIDE (__preinit_array_end = .)
                0x00000000080002bc                . = ALIGN (0x4)
                0x00000000080002bc                PROVIDE (__init_array_start = .)
 *(SORT_BY_NAME(.init_array.*))
 *(.init_array)
 .init_array    0x00000000080002bc       0x18 /tmp/cckTzrzU.ltrans0.ltrans.o
                0x00000000080002d4                PROVIDE (__init_array_end = .)
                0x00000000080002d4                . = ALIGN (0x4)
                0x00000000080002d4                PROVIDE (__fini_array_start = .)
 *(SORT_BY_NAME(.fini_array.*))
 *(.fini_array)
 .fini_array    0x00000000080002d4        0x8 /tmp/cckTzrzU.ltrans0.ltrans.o
                0x00000000080002dc                PROVIDE (__fini_array_end = .)

.flashtext
 *(.flashtext .flashtext.*)

.text           0x00000000080002dc     0x7b88
 *(.text .text.*)
 .text.__cxa_pure_virtual
                0x00000000080002dc       0x14 /tmp/cckTzrzU.ltrans0.ltrans.o
 .text._exit    0x00000000080002f0        0xa /tmp/cckTzrzU.ltrans0.ltrans.o
 *fill*         0x00000000080002fa        0x2 
 .text.abort    0x00000000080002fc       0x14 /tmp/cckTzrzU.ltrans0.ltrans.o
 .text.__initialize_args
                0x0000000008000310       0x20 /tmp/cckTzrzU.ltrans0.ltrans.o
 .text.__initialize_hardware_early
                0x0000000008000330        0xc /tmp/cckTzrzU.ltrans0.ltrans.o
 .text.__initialize_hardware
                0x000000000800033c        0xc /tmp/cckTzrzU.ltrans0.ltrans.o
 .text.SystemInit
                0x0000000008000348       0x8c /tmp/cckTzrzU.ltrans0.ltrans.o
 .text.SystemCoreClockUpdate
                0x00000000080003d4       0xdc /tmp/cckTzrzU.ltrans0.ltrans.o
 .text.SetSysClock
                0x00000000080004b0       0xdc /tmp/cckTzrzU.ltrans0.ltrans.o
 .text._ZN4Gpio8getInputEP12GPIO_TypeDefh
                0x000000000800058c       0x30 /tmp/cckTzrzU.ltrans0.ltrans.o
 .text._ZN4Gpio8getInputEv
                0x00000000080005bc       0x22 /tmp/cckTzrzU.ltrans0.ltrans.o
 .text._ZN5Front11getkeyStateEv
                0x00000000080005de       0x80 /tmp/cckTzrzU.ltrans0.ltrans.o
 .text._ZN5Front11isKeyActiveEv
                0x000000000800065e       0x24 /tmp/cckTzrzU.ltrans0.ltrans.o
 .text._ZNK9Sterownik9isOtwarteEv
                0x0000000008000682       0x1e /tmp/cckTzrzU.ltrans0.ltrans.o
 .text._ZNK9Sterownik11isZamknieteEv
                0x00000000080006a0       0x1e /tmp/cckTzrzU.ltrans0.ltrans.o
 .text._ZNK9Sterownik7isPozarEv
                0x00000000080006be       0x26 /tmp/cckTzrzU.ltrans0.ltrans.o
 .text._ZNK9Sterownik17isAlarmAkustycznyEv
                0x00000000080006e4       0x26 /tmp/cckTzrzU.ltrans0.ltrans.o
 .text._ZNK9Sterownik19isPozarOrAlarmAkustEv
                0x000000000800070a       0x2e /tmp/cckTzrzU.ltrans0.ltrans.o
 .text._ZN5Front4pollEv
                0x0000000008000738       0xe4 /tmp/cckTzrzU.ltrans0.ltrans.o
 .text._ZN4Gpio7setMODEEP12GPIO_TypeDefhNS_8GpioModeE
                0x000000000800081c       0x4e /tmp/cckTzrzU.ltrans0.ltrans.o
 .text._ZN4Gpio8setSpeedEP12GPIO_TypeDefhNS_9GpioSpeedE
                0x000000000800086a       0x50 /tmp/cckTzrzU.ltrans0.ltrans.o
 .text._ZN4Gpio11setPullUpDnEP12GPIO_TypeDefhNS_8GpioPuPdE
                0x00000000080008ba       0x4e /tmp/cckTzrzU.ltrans0.ltrans.o
 .text._ZN4Gpio8setOTypeEP12GPIO_TypeDefhNS_9GpioOTypeE
                0x0000000008000908       0x56 /tmp/cckTzrzU.ltrans0.ltrans.o
 .text._ZN4Gpio5setupEP12GPIO_TypeDefhNS_8GpioModeENS_9GpioOTypeENS_8GpioPuPdENS_9GpioSpeedE
                0x000000000800095e       0x6a /tmp/cckTzrzU.ltrans0.ltrans.o
 .text._ZN4Gpio11setOutputUpEP12GPIO_TypeDefh
                0x00000000080009c8       0x24 /tmp/cckTzrzU.ltrans0.ltrans.o
 .text._ZN4Gpio13setOutputDownEP12GPIO_TypeDefh
                0x00000000080009ec       0x26 /tmp/cckTzrzU.ltrans0.ltrans.o
 .text._ZN4Gpio9setOutputEP12GPIO_TypeDefhb
                0x0000000008000a12       0x44 /tmp/cckTzrzU.ltrans0.ltrans.o
 .text._ZN4Gpio9getOutputEP12GPIO_TypeDefh
                0x0000000008000a56       0x30 /tmp/cckTzrzU.ltrans0.ltrans.o
 .text._ZN4Gpio16setAlternateFuncEP12GPIO_TypeDefhh
                0x0000000008000a86       0xc8 /tmp/cckTzrzU.ltrans0.ltrans.o
 .text._ZN4Gpio7setMODEENS_8GpioModeE
                0x0000000008000b4e       0x26 /tmp/cckTzrzU.ltrans0.ltrans.o
 .text._ZN4Gpio8setSpeedENS_9GpioSpeedE
                0x0000000008000b74       0x26 /tmp/cckTzrzU.ltrans0.ltrans.o
 .text._ZN4Gpio11setPullUpDnENS_8GpioPuPdE
                0x0000000008000b9a       0x26 /tmp/cckTzrzU.ltrans0.ltrans.o
 .text._ZN4Gpio8setOTypeENS_9GpioOTypeE
                0x0000000008000bc0       0x26 /tmp/cckTzrzU.ltrans0.ltrans.o
 .text._ZN4Gpio9setOutputEb
                0x0000000008000be6       0x26 /tmp/cckTzrzU.ltrans0.ltrans.o
 .text._ZN4Gpio9getOutputEv
                0x0000000008000c0c       0x22 /tmp/cckTzrzU.ltrans0.ltrans.o
 .text._ZN4Gpio5setupENS_8GpioModeENS_9GpioOTypeENS_8GpioPuPdENS_9GpioSpeedE
                0x0000000008000c2e       0x60 /tmp/cckTzrzU.ltrans0.ltrans.o
 *fill*         0x0000000008000c8e        0x2 
 .text._ZN7HBridgeD2Ev
                0x0000000008000c90       0x1c /tmp/cckTzrzU.ltrans0.ltrans.o
 .text._ZN8Hardware9getSYSCLKEv
                0x0000000008000cac       0x14 /tmp/cckTzrzU.ltrans0.ltrans.o
 .text._ZN8Hardware7getHCLKEv
                0x0000000008000cc0       0x54 /tmp/cckTzrzU.ltrans0.ltrans.o
 .text._ZN8Hardware7getPCLKEv
                0x0000000008000d14       0x48 /tmp/cckTzrzU.ltrans0.ltrans.o
 .text._ZN9SoftStart13setGpiosAsPWMEv
                0x0000000008000d5c       0x78 /tmp/cckTzrzU.ltrans0.ltrans.o
 .text._ZN9SoftStart8initTIM1Ev
                0x0000000008000dd4       0xc8 /tmp/cckTzrzU.ltrans0.ltrans.o
 .text._ZN9SoftStart4initEv
                0x0000000008000e9c       0x1e /tmp/cckTzrzU.ltrans0.ltrans.o
 .text._ZN9SoftStart8getLeftHEv
                0x0000000008000eba       0x1a /tmp/cckTzrzU.ltrans0.ltrans.o
 .text._ZN9SoftStart9getRightHEv
                0x0000000008000ed4       0x1c /tmp/cckTzrzU.ltrans0.ltrans.o
 .text._ZN9SoftStart10setLeftPWMEm
                0x0000000008000ef0       0x50 /tmp/cckTzrzU.ltrans0.ltrans.o
 .text._ZN9SoftStart10getLeftPWMEv
                0x0000000008000f40       0x18 /tmp/cckTzrzU.ltrans0.ltrans.o
 .text._ZN9SoftStart11setRightPWMEm
                0x0000000008000f58       0x50 /tmp/cckTzrzU.ltrans0.ltrans.o
 .text._ZN9SoftStart11getRightPWMEv
                0x0000000008000fa8       0x18 /tmp/cckTzrzU.ltrans0.ltrans.o
 .text._ZN9SoftStart8setLeftLEb
                0x0000000008000fc0       0x5e /tmp/cckTzrzU.ltrans0.ltrans.o
 .text._ZN9SoftStart9setRightLEb
                0x000000000800101e       0x5e /tmp/cckTzrzU.ltrans0.ltrans.o
 .text._ZN9SoftStart8setLeftHEb
                0x000000000800107c       0x4c /tmp/cckTzrzU.ltrans0.ltrans.o
 .text._ZN9SoftStart9setRightHEb
                0x00000000080010c8       0x52 /tmp/cckTzrzU.ltrans0.ltrans.o
 .text._ZNK9Sterownik14isSoftStartUseEv
                0x000000000800111a       0x24 /tmp/cckTzrzU.ltrans0.ltrans.o
 .text._ZNK9Sterownik12getTypNapeduEv
                0x000000000800113e       0x14 /tmp/cckTzrzU.ltrans0.ltrans.o
 .text._ZN10HBridgePWM8setStageENS_5StageE
                0x0000000008001152      0x170 /tmp/cckTzrzU.ltrans0.ltrans.o
 .text._ZN10HBridgePWM4initEv
                0x00000000080012c2       0x46 /tmp/cckTzrzU.ltrans0.ltrans.o
 .text._ZN10HBridgePWM13isOVCDetectedEv
                0x0000000008001308       0x24 /tmp/cckTzrzU.ltrans0.ltrans.o
 .text._ZN10HBridgePWM8setPowerEN7HBridge5POWERE
                0x000000000800132c       0x3c /tmp/cckTzrzU.ltrans0.ltrans.o
 .text._ZN10HBridgePWM12getPowerModeEv
                0x0000000008001368       0x16 /tmp/cckTzrzU.ltrans0.ltrans.o
 *fill*         0x000000000800137e        0x2 
 .text._ZN10HBridgePWM4pollEv
                0x0000000008001380      0x20c /tmp/cckTzrzU.ltrans0.ltrans.o
 .text._ZN10HBridgePWMD2Ev
                0x000000000800158c       0x24 /tmp/cckTzrzU.ltrans0.ltrans.o
 .text._ZN10HBridgePWMD0Ev
                0x00000000080015b0       0x24 /tmp/cckTzrzU.ltrans0.ltrans.o
 .text._ZN4Gpio11setOutputUpEv
                0x00000000080015d4       0x1e /tmp/cckTzrzU.ltrans0.ltrans.o
 .text._ZN4Gpio13setOutputDownEv
                0x00000000080015f2       0x1e /tmp/cckTzrzU.ltrans0.ltrans.o
 .text._ZN3Led3setENS_4ModeE
                0x0000000008001610       0x1c /tmp/cckTzrzU.ltrans0.ltrans.o
 .text._ZN3Led4tickEm
                0x000000000800162c      0x124 /tmp/cckTzrzU.ltrans0.ltrans.o
 .text._ZN8Keyboard11addToBufferENS_3KeyE
                0x0000000008001750       0x2c /tmp/cckTzrzU.ltrans0.ltrans.o
 .text._ZN8Keyboard13getPressedKeyEv
                0x000000000800177c      0x122 /tmp/cckTzrzU.ltrans0.ltrans.o
 *fill*         0x000000000800189e        0x2 
 .text._ZN8Keyboard6co10msEv
                0x00000000080018a0       0x8c /tmp/cckTzrzU.ltrans0.ltrans.o
 .text._ZN8Keyboard16getUnbufferedKeyEv
                0x000000000800192c       0x1a /tmp/cckTzrzU.ltrans0.ltrans.o
 .text._ZN3HMIC2Ev
                0x0000000008001946       0x4e /tmp/cckTzrzU.ltrans0.ltrans.o
 .text._ZN3HMI12setBackLightEb
                0x0000000008001994       0x24 /tmp/cckTzrzU.ltrans0.ltrans.o
 .text._ZN3HMI4pollEv
                0x00000000080019b8       0xd4 /tmp/cckTzrzU.ltrans0.ltrans.o
 .text._ZN3HMI9isStartupEv
                0x0000000008001a8c       0x24 /tmp/cckTzrzU.ltrans0.ltrans.o
 .text._ZL12hmi_callbackv
                0x0000000008001ab0       0x14 /tmp/cckTzrzU.ltrans0.ltrans.o
 .text._ZN3HMI11getInstanceEv
                0x0000000008001ac4       0x10 /tmp/cckTzrzU.ltrans0.ltrans.o
 .text._Z41__static_initialization_and_destruction_0ii.lto_priv.0
                0x0000000008001ad4       0x44 /tmp/cckTzrzU.ltrans0.ltrans.o
 .text._GLOBAL__sub_I_hmi
                0x0000000008001b18       0x18 /tmp/cckTzrzU.ltrans0.ltrans.o
 .text.NVIC_SetPriority.lto_priv.6
                0x0000000008001b30       0xe8 /tmp/cckTzrzU.ltrans0.ltrans.o
 .text.SysTick_Config
                0x0000000008001c18       0x48 /tmp/cckTzrzU.ltrans0.ltrans.o
 .text._ZN4GpioC2EP12GPIO_TypeDefh
                0x0000000008001c60       0x4e /tmp/cckTzrzU.ltrans0.ltrans.o
 *fill*         0x0000000008001cae        0x2 
 .text._ZN8Hardware13errorDispatchENS_9ErrorCodeE
                0x0000000008001cb0       0x3c /tmp/cckTzrzU.ltrans0.ltrans.o
 .text._ZN9QuickTask10getCounterEv
                0x0000000008001cec       0x14 /tmp/cckTzrzU.ltrans0.ltrans.o
 .text._ZN9QuickTask23delayMsWithStoppedTasksEm
                0x0000000008001d00       0x2e /tmp/cckTzrzU.ltrans0.ltrans.o
 *fill*         0x0000000008001d2e        0x2 
 .text._ZL13flash_latencym
                0x0000000008001d30       0x34 /tmp/cckTzrzU.ltrans0.ltrans.o
 .text._ZL12pll_start_lbmm
                0x0000000008001d64       0xfc /tmp/cckTzrzU.ltrans0.ltrans.o
 .text._ZL7rccInitv
                0x0000000008001e60       0x64 /tmp/cckTzrzU.ltrans0.ltrans.o
 .text._ZN8Hardware4initEv
                0x0000000008001ec4       0x58 /tmp/cckTzrzU.ltrans0.ltrans.o
 .text._ZN8Hardware9WDOG_InitEv
                0x0000000008001f1c        0x8 /tmp/cckTzrzU.ltrans0.ltrans.o
 .text._ZN8Hardware11WDOG_ReloadEv
                0x0000000008001f24        0x8 /tmp/cckTzrzU.ltrans0.ltrans.o
 .text._ZN8Hardware9NVIC_initEv
                0x0000000008001f2c        0x8 /tmp/cckTzrzU.ltrans0.ltrans.o
 .text._ZN8Hardware12delayMsDirtyEm
                0x0000000008001f34       0x16 /tmp/cckTzrzU.ltrans0.ltrans.o
 *fill*         0x0000000008001f4a        0x2 
 .text._Z41__static_initialization_and_destruction_0ii.lto_priv.1
                0x0000000008001f4c       0x48 /tmp/cckTzrzU.ltrans0.ltrans.o
 .text._GLOBAL__sub_I__ZN8Hardware4initEv
                0x0000000008001f94       0x18 /tmp/cckTzrzU.ltrans0.ltrans.o
 .text._ZN6VEprom9writeWordENS_9VirtAdresEt
                0x0000000008001fac       0x54 /tmp/cckTzrzU.ltrans0.ltrans.o
 .text._ZN6VEprom8readWordENS_9VirtAdresEPt
                0x0000000008002000       0x6c /tmp/cckTzrzU.ltrans0.ltrans.o
 .text._ZN6VEprom8readWordENS_9VirtAdresE
                0x000000000800206c       0x34 /tmp/cckTzrzU.ltrans0.ltrans.o
 .text._ZN4Fifo7isEmptyEv
                0x00000000080020a0       0x20 /tmp/cckTzrzU.ltrans0.ltrans.o
 .text._ZN4Fifo10isNotEmptyEv
                0x00000000080020c0       0x22 /tmp/cckTzrzU.ltrans0.ltrans.o
 .text._ZN8Keyboard13getFromBufferEv
                0x00000000080020e2       0x44 /tmp/cckTzrzU.ltrans0.ltrans.o
 .text._ZN8Keyboard6getKeyEv
                0x0000000008002126       0x1a /tmp/cckTzrzU.ltrans0.ltrans.o
 .text._ZN11FrameBuffer14setRefreshNeedEv
                0x0000000008002140       0x14 /tmp/cckTzrzU.ltrans0.ltrans.o
 .text._ZN11FrameBuffer19checkCursorPositionEv
                0x0000000008002154       0x3e /tmp/cckTzrzU.ltrans0.ltrans.o
 .text._ZNK11FrameBuffer7getROWSEv
                0x0000000008002192       0x14 /tmp/cckTzrzU.ltrans0.ltrans.o
 .text._ZNK11FrameBuffer10getCOLUMNSEv
                0x00000000080021a6       0x14 /tmp/cckTzrzU.ltrans0.ltrans.o
 .text._ZN11FrameBuffer11cursorRightEv
                0x00000000080021ba       0x3a /tmp/cckTzrzU.ltrans0.ltrans.o
 .text._ZN11FrameBuffer6gotoXYEmm
                0x00000000080021f4       0x5a /tmp/cckTzrzU.ltrans0.ltrans.o
 .text._ZN11FrameBuffer5printEc
                0x000000000800224e       0x3c /tmp/cckTzrzU.ltrans0.ltrans.o
 .text._ZN11FrameBuffer5printEPKc
                0x000000000800228a       0x30 /tmp/cckTzrzU.ltrans0.ltrans.o
 .text._ZN11FrameBuffer7printXYEmmPKc
                0x00000000080022ba       0x2c /tmp/cckTzrzU.ltrans0.ltrans.o
 .text._ZN11FrameBuffer9clearLineEt
                0x00000000080022e6       0x7c /tmp/cckTzrzU.ltrans0.ltrans.o
 .text._ZN11FrameBuffer10cursorModeENS_10CursorModeE
                0x0000000008002362       0x1c /tmp/cckTzrzU.ltrans0.ltrans.o
 .text._ZN11FrameBuffer23printNumbersWithPatternEPKcm
                0x000000000800237e       0x56 /tmp/cckTzrzU.ltrans0.ltrans.o
 .text._ZN11FrameBuffer23printSymbolsWithPatternEPKcS1_c
                0x00000000080023d4       0x70 /tmp/cckTzrzU.ltrans0.ltrans.o
 .text._ZN11Silnik24VDC11setType1234Eb
                0x0000000008002444       0x1c /tmp/cckTzrzU.ltrans0.ltrans.o
 .text._ZN7Hamulec16gotoSafePositionEb
                0x0000000008002460       0x34 /tmp/cckTzrzU.ltrans0.ltrans.o
 .text._ZN7Hamulec7setModeENS_4MODEE
                0x0000000008002494       0x38 /tmp/cckTzrzU.ltrans0.ltrans.o
 .text._ZN7Hamulec7setModeENS_4MODEEb
                0x00000000080024cc       0x3a /tmp/cckTzrzU.ltrans0.ltrans.o
 .text._ZN7Hamulec5hamujEb
                0x0000000008002506       0xb2 /tmp/cckTzrzU.ltrans0.ltrans.o
 .text._ZNK9Sterownik9getSilnikEv
                0x00000000080025b8       0x2c /tmp/cckTzrzU.ltrans0.ltrans.o
 .text._ZN9Sterownik10fixOutputsEv
                0x00000000080025e4       0x5c /tmp/cckTzrzU.ltrans0.ltrans.o
 .text._ZN9Sterownik12checkPozycjaEv
                0x0000000008002640       0x74 /tmp/cckTzrzU.ltrans0.ltrans.o
 .text._ZN9Sterownik9checkRuchEv
                0x00000000080026b4       0xea /tmp/cckTzrzU.ltrans0.ltrans.o
 *fill*         0x000000000800279e        0x2 
 .text._ZN9Sterownik9initNapedEv
                0x00000000080027a0       0xcc /tmp/cckTzrzU.ltrans0.ltrans.o
 .text._ZNK9Sterownik11isTyp230VACEv
                0x000000000800286c       0x26 /tmp/cckTzrzU.ltrans0.ltrans.o
 .text._ZNK9Sterownik17isZakazOtwieraniaEv
                0x0000000008002892       0x1e /tmp/cckTzrzU.ltrans0.ltrans.o
 .text._ZNK9Sterownik16isZakazZamykaniaEv
                0x00000000080028b0       0x1e /tmp/cckTzrzU.ltrans0.ltrans.o
 .text._ZNK9Sterownik8isAwariaEv
                0x00000000080028ce       0x14 /tmp/cckTzrzU.ltrans0.ltrans.o
 .text._ZN9Sterownik14isOpenPossibleEv
                0x00000000080028e2       0x58 /tmp/cckTzrzU.ltrans0.ltrans.o
 .text._ZN9Sterownik15isClosePossibleEv
                0x000000000800293a       0x42 /tmp/cckTzrzU.ltrans0.ltrans.o
 .text._ZN9Sterownik9zatrzymajEv
                0x000000000800297c       0x22 /tmp/cckTzrzU.ltrans0.ltrans.o
 .text._ZN9Sterownik8setNapedENS_5NAPEDE
                0x000000000800299e       0x3a /tmp/cckTzrzU.ltrans0.ltrans.o
 .text._ZN9Sterownik12getPrevNapedENS_5NAPEDE
                0x00000000080029d8       0x44 /tmp/cckTzrzU.ltrans0.ltrans.o
 .text._ZN9Sterownik12getNextNapedENS_5NAPEDE
                0x0000000008002a1c       0x48 /tmp/cckTzrzU.ltrans0.ltrans.o
 .text._ZNK9Sterownik13getOpisNapeduEv
                0x0000000008002a64       0x1c /tmp/cckTzrzU.ltrans0.ltrans.o
 .text._ZN9Sterownik13getOpisNapeduENS_5NAPEDE
                0x0000000008002a80       0x58 /tmp/cckTzrzU.ltrans0.ltrans.o
 .text._ZN9Sterownik16gotoSafePositionEb
                0x0000000008002ad8       0x6e /tmp/cckTzrzU.ltrans0.ltrans.o
 .text._ZN8Password3addEN8Keyboard3KeyE
                0x0000000008002b46       0x7a /tmp/cckTzrzU.ltrans0.ltrans.o
 .text._ZN8Password10addServiceEN8Keyboard3KeyE
                0x0000000008002bc0       0x34 /tmp/cckTzrzU.ltrans0.ltrans.o
 .text._ZN8Password9keyToCharEN8Keyboard3KeyE
                0x0000000008002bf4       0x42 /tmp/cckTzrzU.ltrans0.ltrans.o
 .text._ZN8Password9getCharAtEh
                0x0000000008002c36       0x60 /tmp/cckTzrzU.ltrans0.ltrans.o
 .text._ZN8Password6isFullEv
                0x0000000008002c96       0x26 /tmp/cckTzrzU.ltrans0.ltrans.o
 .text._ZN8Password7isMatchEv
                0x0000000008002cbc       0x44 /tmp/cckTzrzU.ltrans0.ltrans.o
 .text._ZN8Password4saveEt
                0x0000000008002d00       0x1e /tmp/cckTzrzU.ltrans0.ltrans.o
 .text._ZN8Password5clearEv
                0x0000000008002d1e       0x1a /tmp/cckTzrzU.ltrans0.ltrans.o
 .text._ZN8Password4saveEv
                0x0000000008002d38       0x18 /tmp/cckTzrzU.ltrans0.ltrans.o
 .text._ZN8Password9getStatusEv
                0x0000000008002d50       0x32 /tmp/cckTzrzU.ltrans0.ltrans.o
 .text._ZN8Password7collectEN8Keyboard3KeyE
                0x0000000008002d82       0x36 /tmp/cckTzrzU.ltrans0.ltrans.o
 .text._ZN8Password10getAsCharsEPc
                0x0000000008002db8       0x4e /tmp/cckTzrzU.ltrans0.ltrans.o
 .text._ZN8Password15getServiceCharsEPc
                0x0000000008002e06       0x4e /tmp/cckTzrzU.ltrans0.ltrans.o
 .text._ZN8Password12clearServiceEv
                0x0000000008002e54       0x32 /tmp/cckTzrzU.ltrans0.ltrans.o
 *fill*         0x0000000008002e86        0x2 
 .text._ZN8Password16getServiceStatusEv
                0x0000000008002e88       0x50 /tmp/cckTzrzU.ltrans0.ltrans.o
 .text._ZN8Password14collectServiceEN8Keyboard3KeyE
                0x0000000008002ed8       0x36 /tmp/cckTzrzU.ltrans0.ltrans.o
 .text._ZL18getProgMainVersionv
                0x0000000008002f0e        0xc /tmp/cckTzrzU.ltrans0.ltrans.o
 .text._ZL17getProgSubVersionv
                0x0000000008002f1a        0xc /tmp/cckTzrzU.ltrans0.ltrans.o
 *fill*         0x0000000008002f26        0x2 
 .text._ZN4Menu9goToEkranENS_5EKRANE
                0x0000000008002f28       0x60 /tmp/cckTzrzU.ltrans0.ltrans.o
 .text._ZN3HMI16isBackLightInUseEv
                0x0000000008002f88       0x1c /tmp/cckTzrzU.ltrans0.ltrans.o
 .text._ZN5Praca19isAwariaSieci230VACEv
                0x0000000008002fa4       0x26 /tmp/cckTzrzU.ltrans0.ltrans.o
 .text._ZNK5Praca6getJobEv
                0x0000000008002fca       0x14 /tmp/cckTzrzU.ltrans0.ltrans.o
 *fill*         0x0000000008002fde        0x2 
 .text._ZN4Menu4pollEv
                0x0000000008002fe0      0x56c /tmp/cckTzrzU.ltrans0.ltrans.o
 .text._ZL12getJobSymbolv
                0x000000000800354c       0x3c /tmp/cckTzrzU.ltrans0.ltrans.o
 .text._ZN4Menu9showEkranEv
                0x0000000008003588      0x7cc /tmp/cckTzrzU.ltrans0.ltrans.o
 .text._ZN6VEprom10addToValueENS_9VirtAdresEt
                0x0000000008003d54       0x6a /tmp/cckTzrzU.ltrans0.ltrans.o
 .text._ZN9Sterownik11checkRelaysEv
                0x0000000008003dbe       0xf6 /tmp/cckTzrzU.ltrans0.ltrans.o
 .text._ZN9Sterownik9setBuzzerEb
                0x0000000008003eb4       0x28 /tmp/cckTzrzU.ltrans0.ltrans.o
 .text._ZN9Sterownik9isMotorOnEv
                0x0000000008003edc       0x44 /tmp/cckTzrzU.ltrans0.ltrans.o
 .text._ZN9Sterownik7podniesEv
                0x0000000008003f20       0x32 /tmp/cckTzrzU.ltrans0.ltrans.o
 .text._ZN9Sterownik5opuscEv
                0x0000000008003f52       0x32 /tmp/cckTzrzU.ltrans0.ltrans.o
 .text._ZN9Sterownik4pollEv
                0x0000000008003f84       0x1e /tmp/cckTzrzU.ltrans0.ltrans.o
 .text._ZN5Front8getStateEv
                0x0000000008003fa2       0x14 /tmp/cckTzrzU.ltrans0.ltrans.o
 *fill*         0x0000000008003fb6        0x2 
 .text._ZN5Praca13isOpenRequestEv
                0x0000000008003fb8       0x80 /tmp/cckTzrzU.ltrans0.ltrans.o
 .text._ZN5Praca14isCloseRequestEv
                0x0000000008004038       0x74 /tmp/cckTzrzU.ltrans0.ltrans.o
 .text._ZN5Praca4pollEv
                0x00000000080040ac      0x250 /tmp/cckTzrzU.ltrans0.ltrans.o
 .text._ZN5Praca9checkLEDsEv
                0x00000000080042fc       0xe0 /tmp/cckTzrzU.ltrans0.ltrans.o
 .text._Z13pracaCallbackv
                0x00000000080043dc       0x18 /tmp/cckTzrzU.ltrans0.ltrans.o
 .text._Z41__static_initialization_and_destruction_0ii.lto_priv.2
                0x00000000080043f4       0x38 /tmp/cckTzrzU.ltrans0.ltrans.o
 .text._GLOBAL__sub_I__Z13pracaCallbackv
                0x000000000800442c       0x18 /tmp/cckTzrzU.ltrans0.ltrans.o
 .text._ZN9QuickTask4holdEb
                0x0000000008004444       0x20 /tmp/cckTzrzU.ltrans0.ltrans.o
 .text._ZN17CallbackInterfaceD2Ev
                0x0000000008004464       0x1c /tmp/cckTzrzU.ltrans0.ltrans.o
 .text._ZN4Gpio7getModeEP12GPIO_TypeDefh
                0x0000000008004480       0x30 /tmp/cckTzrzU.ltrans0.ltrans.o
 .text._ZN4Gpio7getPullEP12GPIO_TypeDefh
                0x00000000080044b0       0x30 /tmp/cckTzrzU.ltrans0.ltrans.o
 .text._ZN4Gpio8getSpeedEP12GPIO_TypeDefh
                0x00000000080044e0       0x30 /tmp/cckTzrzU.ltrans0.ltrans.o
 .text._ZN4Gpio8getOTypeEP12GPIO_TypeDefh
                0x0000000008004510       0x32 /tmp/cckTzrzU.ltrans0.ltrans.o
 .text._ZN4Gpio14setupFromCloneEP12GPIO_TypeDefhS1_h
                0x0000000008004542       0x9c /tmp/cckTzrzU.ltrans0.ltrans.o
 .text._ZN4Gpio14setupFromCloneEPS_
                0x00000000080045de       0x24 /tmp/cckTzrzU.ltrans0.ltrans.o
 .text._ZN6VEprom4initEv
                0x0000000008004602       0x2c /tmp/cckTzrzU.ltrans0.ltrans.o
 .text._ZNK12SilnikNapedu7getMoveEv
                0x000000000800462e       0x14 /tmp/cckTzrzU.ltrans0.ltrans.o
 .text._ZN12SilnikNapedu16gotoSafePositionEb
                0x0000000008004642       0x36 /tmp/cckTzrzU.ltrans0.ltrans.o
 .text._ZN12SilnikNapeduD2Ev
                0x0000000008004678       0x1c /tmp/cckTzrzU.ltrans0.ltrans.o
 .text._ZN12SilnikNapeduC2Ev
                0x0000000008004694       0x28 /tmp/cckTzrzU.ltrans0.ltrans.o
 .text._ZN12Silnik230VACC2EP4GpioS1_
                0x00000000080046bc       0x34 /tmp/cckTzrzU.ltrans0.ltrans.o
 .text._ZN12Silnik230VAC4initEv
                0x00000000080046f0       0x22 /tmp/cckTzrzU.ltrans0.ltrans.o
 .text._ZN12Silnik230VAC7setMoveEN12SilnikNapedu4MOVEE
                0x0000000008004712       0x78 /tmp/cckTzrzU.ltrans0.ltrans.o
 *fill*         0x000000000800478a        0x2 
 .text._ZN9SoftStartC2Ev
                0x000000000800478c       0x30 /tmp/cckTzrzU.ltrans0.ltrans.o
 .text._ZN7HBridgeC2Ev
                0x00000000080047bc       0x1c /tmp/cckTzrzU.ltrans0.ltrans.o
 .text._ZN10HBridgePWMC2Ev
                0x00000000080047d8       0x78 /tmp/cckTzrzU.ltrans0.ltrans.o
 .text._ZN11HBridgeGPIO8setStageENS_5StageE
                0x0000000008004850      0x1b8 /tmp/cckTzrzU.ltrans0.ltrans.o
 .text._ZN11HBridgeGPIOC2EP4GpioS1_S1_S1_
                0x0000000008004a08       0x54 /tmp/cckTzrzU.ltrans0.ltrans.o
 .text._ZN11HBridgeGPIO4initEv
                0x0000000008004a5c       0x92 /tmp/cckTzrzU.ltrans0.ltrans.o
 .text._ZN11HBridgeGPIO8setPowerEN7HBridge5POWERE
                0x0000000008004aee       0x32 /tmp/cckTzrzU.ltrans0.ltrans.o
 .text._ZN11HBridgeGPIO12getPowerModeEv
                0x0000000008004b20       0x14 /tmp/cckTzrzU.ltrans0.ltrans.o
 .text._ZN11HBridgeGPIO4pollEv
                0x0000000008004b34       0x82 /tmp/cckTzrzU.ltrans0.ltrans.o
 *fill*         0x0000000008004bb6        0x2 
 .text._ZN11Silnik24VDCC2EP7HBridgeS1_
                0x0000000008004bb8       0x3c /tmp/cckTzrzU.ltrans0.ltrans.o
 .text._ZN11Silnik24VDC4initEv
                0x0000000008004bf4       0x32 /tmp/cckTzrzU.ltrans0.ltrans.o
 .text._ZN11Silnik24VDC7setMoveEN12SilnikNapedu4MOVEE
                0x0000000008004c26      0x144 /tmp/cckTzrzU.ltrans0.ltrans.o
 .text._ZN7HamulecC2EP7HBridge
                0x0000000008004d6a       0x2c /tmp/cckTzrzU.ltrans0.ltrans.o
 .text._ZN7Hamulec4initEv
                0x0000000008004d96       0x2a /tmp/cckTzrzU.ltrans0.ltrans.o
 .text._ZN3Led7preinitEv
                0x0000000008004dc0       0x20 /tmp/cckTzrzU.ltrans0.ltrans.o
 .text._ZN3LedC2EP12GPIO_TypeDefh
                0x0000000008004de0       0x2e /tmp/cckTzrzU.ltrans0.ltrans.o
 .text._ZN3Led4initENS_4TypeENS_4ModeE
                0x0000000008004e0e       0x44 /tmp/cckTzrzU.ltrans0.ltrans.o
 *fill*         0x0000000008004e52        0x2 
 .text._ZN6Pinout4initEv
                0x0000000008004e54      0x240 /tmp/cckTzrzU.ltrans0.ltrans.o
 .text._ZN9SterownikC2EP11Silnik24VDCP12Silnik230VACP7Hamulec
                0x0000000008005094       0x48 /tmp/cckTzrzU.ltrans0.ltrans.o
 .text._ZN9Sterownik4initEv
                0x00000000080050dc       0x54 /tmp/cckTzrzU.ltrans0.ltrans.o
 .text._ZN8KeyboardC2EP4GpioS1_S1_S1_
                0x0000000008005130       0x68 /tmp/cckTzrzU.ltrans0.ltrans.o
 .text._ZN8Keyboard4initEv
                0x0000000008005198       0x50 /tmp/cckTzrzU.ltrans0.ltrans.o
 .text._ZN11FrameBuffer11clearScreenEv
                0x00000000080051e8       0x38 /tmp/cckTzrzU.ltrans0.ltrans.o
 .text._ZN8PasswordC2Ev
                0x0000000008005220       0x24 /tmp/cckTzrzU.ltrans0.ltrans.o
 .text._ZN8Password4initEv
                0x0000000008005244       0x48 /tmp/cckTzrzU.ltrans0.ltrans.o
 .text._ZN4Menu4initEP9SterownikP8KeyboardP11FrameBuffer
                0x000000000800528c       0x38 /tmp/cckTzrzU.ltrans0.ltrans.o
 .text._ZN17CallbackInterfaceC2Ev
                0x00000000080052c4       0x1c /tmp/cckTzrzU.ltrans0.ltrans.o
 .text._ZN9ST7032iFBC2Ev
                0x00000000080052e0       0x48 /tmp/cckTzrzU.ltrans0.ltrans.o
 .text._ZN9ST7032iFBD2Ev
                0x0000000008005328       0x24 /tmp/cckTzrzU.ltrans0.ltrans.o
 .text._ZN9ST7032iFBD0Ev
                0x000000000800534c       0x24 /tmp/cckTzrzU.ltrans0.ltrans.o
 .text._ZN9ST7032iFB16callbackFunctionEv
                0x0000000008005370        0xe /tmp/cckTzrzU.ltrans0.ltrans.o
 .text._ZN9ST7032iFB14getFrameBufferEv
                0x000000000800537e       0x14 /tmp/cckTzrzU.ltrans0.ltrans.o
 .text._ZN9ST7032iFB12getBackLightEv
                0x0000000008005392       0x14 /tmp/cckTzrzU.ltrans0.ltrans.o
 .text._ZN5FrontC2EP4GpioS1_S1_S1_
                0x00000000080053a6       0x36 /tmp/cckTzrzU.ltrans0.ltrans.o
 .text._ZN3HMI4initEP9SterownikP8KeyboardP5FrontP9ST7032iFBP4MenuP3LedSB_SB_
                0x00000000080053dc       0xa2 /tmp/cckTzrzU.ltrans0.ltrans.o
 *fill*         0x000000000800547e        0x2 
 .text._ZN5Praca4initEv
                0x0000000008005480       0x2c /tmp/cckTzrzU.ltrans0.ltrans.o
 .text._ZN6PinoutC2Ev
                0x00000000080054ac      0x350 /tmp/cckTzrzU.ltrans0.ltrans.o
 .text._ZN4MenuC2Ev
                0x00000000080057fc       0x30 /tmp/cckTzrzU.ltrans0.ltrans.o
 .text._Z11hBridgePollv
                0x000000000800582c       0x20 /tmp/cckTzrzU.ltrans0.ltrans.o
 .text.main     0x000000000800584c      0x12c /tmp/cckTzrzU.ltrans0.ltrans.o
 .text._ZN11Silnik24VDCD2Ev
                0x0000000008005978       0x24 /tmp/cckTzrzU.ltrans0.ltrans.o
 .text._ZN11Silnik24VDCD0Ev
                0x000000000800599c       0x24 /tmp/cckTzrzU.ltrans0.ltrans.o
 .text._ZN11HBridgeGPIOD2Ev
                0x00000000080059c0       0x24 /tmp/cckTzrzU.ltrans0.ltrans.o
 .text._ZN11HBridgeGPIOD0Ev
                0x00000000080059e4       0x24 /tmp/cckTzrzU.ltrans0.ltrans.o
 .text._ZN12Silnik230VACD2Ev
                0x0000000008005a08       0x24 /tmp/cckTzrzU.ltrans0.ltrans.o
 .text._ZN12Silnik230VACD0Ev
                0x0000000008005a2c       0x24 /tmp/cckTzrzU.ltrans0.ltrans.o
 .text._Z41__static_initialization_and_destruction_0ii.lto_priv.3
                0x0000000008005a50      0x194 /tmp/cckTzrzU.ltrans0.ltrans.o
 .text._GLOBAL__sub_I_pinout
                0x0000000008005be4       0x18 /tmp/cckTzrzU.ltrans0.ltrans.o
 .text._GLOBAL__sub_D_pinout
                0x0000000008005bfc       0x18 /tmp/cckTzrzU.ltrans0.ltrans.o
 .text._ZN4FifoC2EPhm
                0x0000000008005c14       0x40 /tmp/cckTzrzU.ltrans0.ltrans.o
 .text._ZN4Fifo3putEh
                0x0000000008005c54       0x6e /tmp/cckTzrzU.ltrans0.ltrans.o
 .text._ZN4Fifo3getEv
                0x0000000008005cc2       0x5a /tmp/cckTzrzU.ltrans0.ltrans.o
 .text._ZN4Fifo6putAllEPS_
                0x0000000008005d1c       0x64 /tmp/cckTzrzU.ltrans0.ltrans.o
 .text._ZN4Fifo9get_countEv
                0x0000000008005d80       0x38 /tmp/cckTzrzU.ltrans0.ltrans.o
 .text._ZN11FrameBufferD2Ev
                0x0000000008005db8       0x1c /tmp/cckTzrzU.ltrans0.ltrans.o
 .text._ZN11FrameBufferD0Ev
                0x0000000008005dd4       0x24 /tmp/cckTzrzU.ltrans0.ltrans.o
 .text._ZN9QuickTask4tickEm
                0x0000000008005df8       0x6c /tmp/cckTzrzU.ltrans0.ltrans.o
 .text._ZN9QuickTask4pollEv
                0x0000000008005e64       0x68 /tmp/cckTzrzU.ltrans0.ltrans.o
 .text._ZN9QuickTaskC2ENS_6QTTypeEPFvvEm
                0x0000000008005ecc       0x94 /tmp/cckTzrzU.ltrans0.ltrans.o
 .text.SysTick_Handler
                0x0000000008005f60        0xe /tmp/cckTzrzU.ltrans0.ltrans.o
 *fill*         0x0000000008005f6e        0x2 
 .text.EE_Init  0x0000000008005f70      0x3d4 /tmp/cckTzrzU.ltrans0.ltrans.o
 .text.EE_ReadVariable
                0x0000000008006344       0xc8 /tmp/cckTzrzU.ltrans0.ltrans.o
 .text.EE_WriteVariable
                0x000000000800640c       0x5e /tmp/cckTzrzU.ltrans0.ltrans.o
 *fill*         0x000000000800646a        0x2 
 .text.EE_Format
                0x000000000800646c       0x68 /tmp/cckTzrzU.ltrans0.ltrans.o
 .text.EE_FindValidPage
                0x00000000080064d4       0xb0 /tmp/cckTzrzU.ltrans0.ltrans.o
 .text.EE_VerifyPageFullWriteVariable
                0x0000000008006584       0xe0 /tmp/cckTzrzU.ltrans0.ltrans.o
 .text.EE_PageTransfer
                0x0000000008006664      0x1c8 /tmp/cckTzrzU.ltrans0.ltrans.o
 .text.itoaWithPattern
                0x000000000800682c       0xd2 /tmp/cckTzrzU.ltrans0.ltrans.o
 .text.my_strcpy
                0x00000000080068fe       0x5c /tmp/cckTzrzU.ltrans0.ltrans.o
 .text.numberWithPattern
                0x000000000800695a       0x2e /tmp/cckTzrzU.ltrans0.ltrans.o
 .text.FLASH_Unlock
                0x0000000008006988       0x2c /tmp/cckTzrzU.ltrans0.ltrans.o
 .text.FLASH_Lock
                0x00000000080069b4       0x18 /tmp/cckTzrzU.ltrans0.ltrans.o
 .text.FLASH_ErasePage
                0x00000000080069cc       0x78 /tmp/cckTzrzU.ltrans0.ltrans.o
 .text.FLASH_ProgramHalfWord
                0x0000000008006a44       0x74 /tmp/cckTzrzU.ltrans0.ltrans.o
 .text.FLASH_GetStatus
                0x0000000008006ab8       0x5c /tmp/cckTzrzU.ltrans0.ltrans.o
 .text.FLASH_WaitForLastOperation
                0x0000000008006b14       0x5a /tmp/cckTzrzU.ltrans0.ltrans.o
 *fill*         0x0000000008006b6e        0x2 
 .text.NVIC_EnableIRQ
                0x0000000008006b70       0x2c /tmp/cckTzrzU.ltrans0.ltrans.o
 .text.NVIC_SetPriority.lto_priv.7
                0x0000000008006b9c       0xe8 /tmp/cckTzrzU.ltrans0.ltrans.o
 .text._ZN4Gpio16setAlternateFuncEh
                0x0000000008006c84       0x2a /tmp/cckTzrzU.ltrans0.ltrans.o
 .text._ZN4Fifo5flushEv
                0x0000000008006cae       0x1a /tmp/cckTzrzU.ltrans0.ltrans.o
 .text._ZN3I2CC2Ev
                0x0000000008006cc8       0x30 /tmp/cckTzrzU.ltrans0.ltrans.o
 .text._ZN3I2C21callCompletedCallbackEv
                0x0000000008006cf8       0x26 /tmp/cckTzrzU.ltrans0.ltrans.o
 .text._ZN3I2C8setStateENS_5StateE
                0x0000000008006d1e       0x2c /tmp/cckTzrzU.ltrans0.ltrans.o
 .text._ZN3I2C6isBusyEv
                0x0000000008006d4a       0x1c /tmp/cckTzrzU.ltrans0.ltrans.o
 *fill*         0x0000000008006d66        0x2 
 .text._ZN3I2C11getInstanceEv
                0x0000000008006d68       0x10 /tmp/cckTzrzU.ltrans0.ltrans.o
 .text._ZN3I2C4initEPNS_10DeviceDefsE
                0x0000000008006d78       0x66 /tmp/cckTzrzU.ltrans0.ltrans.o
 *fill*         0x0000000008006dde        0x2 
 .text._ZN3I2C4initEv
                0x0000000008006de0      0x198 /tmp/cckTzrzU.ltrans0.ltrans.o
 .text._ZN3I2C8irqEventEv
                0x0000000008006f78       0xc0 /tmp/cckTzrzU.ltrans0.ltrans.o
 .text._ZN3I2C16masterWriteBlockEP4Fifo
                0x0000000008007038      0x100 /tmp/cckTzrzU.ltrans0.ltrans.o
 .text.I2C1_IRQHandler
                0x0000000008007138       0x14 /tmp/cckTzrzU.ltrans0.ltrans.o
 .text.I2C2_IRQHandler
                0x000000000800714c       0x14 /tmp/cckTzrzU.ltrans0.ltrans.o
 .text._Z41__static_initialization_and_destruction_0ii.lto_priv.4
                0x0000000008007160       0x44 /tmp/cckTzrzU.ltrans0.ltrans.o
 .text._GLOBAL__sub_I_i2cInstance
                0x00000000080071a4       0x18 /tmp/cckTzrzU.ltrans0.ltrans.o
 .text._ZN11FrameBufferC2EmmPh
                0x00000000080071bc       0x54 /tmp/cckTzrzU.ltrans0.ltrans.o
 .text._ZNK11FrameBuffer9getBufferEv
                0x0000000008007210       0x14 /tmp/cckTzrzU.ltrans0.ltrans.o
 .text._ZN11FrameBuffer7getLineEmP4Fifo
                0x0000000008007224       0x78 /tmp/cckTzrzU.ltrans0.ltrans.o
 .text._ZN3I2C13setSlaveAdresEt
                0x000000000800729c       0x1c /tmp/cckTzrzU.ltrans0.ltrans.o
 .text._ZN3I2C14masterTransmitEP4Fifo
                0x00000000080072b8       0x20 /tmp/cckTzrzU.ltrans0.ltrans.o
 .text._ZN3I2C20setCompletedCallbackEP17CallbackInterface
                0x00000000080072d8       0x16 /tmp/cckTzrzU.ltrans0.ltrans.o
 .text._ZN9ST7032iFB11sendCommandENS_10LcdCommandE
                0x00000000080072ee       0x26 /tmp/cckTzrzU.ltrans0.ltrans.o
 .text._ZN9ST7032iFB6isBusyEv
                0x0000000008007314       0x1c /tmp/cckTzrzU.ltrans0.ltrans.o
 .text._ZN9ST7032iFB11setResetPinEb
                0x0000000008007330       0x24 /tmp/cckTzrzU.ltrans0.ltrans.o
 .text._ZN9ST7032iFB12setBackLightEb
                0x0000000008007354       0x24 /tmp/cckTzrzU.ltrans0.ltrans.o
 .text._ZN9ST7032iFB6gotoXYEhh
                0x0000000008007378       0x76 /tmp/cckTzrzU.ltrans0.ltrans.o
 .text._Z13dummyCallbackv
                0x00000000080073ee        0xc /tmp/cckTzrzU.ltrans0.ltrans.o
 *fill*         0x00000000080073fa        0x2 
 .text._ZN9ST7032iFB4pollEv
                0x00000000080073fc       0x18 /tmp/cckTzrzU.ltrans0.ltrans.o
 .text._ZN9ST7032iFB12delayMsDirtyEm
                0x0000000008007414       0x18 /tmp/cckTzrzU.ltrans0.ltrans.o
 .text._ZN9ST7032iFB4initEP3I2CP4GpioS3_
                0x000000000800742c      0x178 /tmp/cckTzrzU.ltrans0.ltrans.o
 .text._ZN9ST7032iFB13sendCmdOrDataEbh
                0x00000000080075a4       0x66 /tmp/cckTzrzU.ltrans0.ltrans.o
 .text._ZN9ST7032iFB11sendCommandEh
                0x000000000800760a       0x26 /tmp/cckTzrzU.ltrans0.ltrans.o
 .text._ZN9ST7032iFB8sendLineEm
                0x0000000008007630       0x5c /tmp/cckTzrzU.ltrans0.ltrans.o
 .text._ZN9ST7032iFB7processEv
                0x000000000800768c       0xe8 /tmp/cckTzrzU.ltrans0.ltrans.o
 .text._Z41__static_initialization_and_destruction_0ii.lto_priv.5
                0x0000000008007774       0x74 /tmp/cckTzrzU.ltrans0.ltrans.o
 .text._GLOBAL__sub_I__Z13dummyCallbackv
                0x00000000080077e8       0x18 /tmp/cckTzrzU.ltrans0.ltrans.o
 .text._GLOBAL__sub_D__Z13dummyCallbackv
                0x0000000008007800       0x18 /tmp/cckTzrzU.ltrans0.ltrans.o
 .text._ZdlPvj  0x0000000008007818        0x8 /home/opt/arm-toolchains/gcc-arm-none-eabi-7-2018-q2-update/bin/../lib/gcc/arm-none-eabi/7.3.1/../../../../arm-none-eabi/lib/thumb/v6-m/libstdc++_nano.a(del_ops.o)
                0x0000000008007818                operator delete(void*, unsigned int)
 .text._ZdlPv   0x0000000008007820        0x8 /home/opt/arm-toolchains/gcc-arm-none-eabi-7-2018-q2-update/bin/../lib/gcc/arm-none-eabi/7.3.1/../../../../arm-none-eabi/lib/thumb/v6-m/libstdc++_nano.a(del_op.o)
                0x0000000008007820                operator delete(void*)
 .text.free     0x0000000008007828       0x14 /home/opt/arm-toolchains/gcc-arm-none-eabi-7-2018-q2-update/bin/../lib/gcc/arm-none-eabi/7.3.1/../../../../arm-none-eabi/lib/thumb/v6-m/libg_nano.a(lib_a-malloc.o)
                0x0000000008007828                free
 .text._free_r  0x000000000800783c       0x94 /home/opt/arm-toolchains/gcc-arm-none-eabi-7-2018-q2-update/bin/../lib/gcc/arm-none-eabi/7.3.1/../../../../arm-none-eabi/lib/thumb/v6-m/libg_nano.a(lib_a-nano-freer.o)
                0x000000000800783c                _free_r
 .text          0x00000000080078d0        0xe /home/opt/arm-toolchains/gcc-arm-none-eabi-7-2018-q2-update/bin/../lib/gcc/arm-none-eabi/7.3.1/../../../../arm-none-eabi/lib/thumb/v6-m/libg_nano.a(lib_a-strlen.o)
                0x00000000080078d0                strlen
 .text.__malloc_lock
                0x00000000080078de        0x2 /home/opt/arm-toolchains/gcc-arm-none-eabi-7-2018-q2-update/bin/../lib/gcc/arm-none-eabi/7.3.1/../../../../arm-none-eabi/lib/thumb/v6-m/libg_nano.a(lib_a-mlock.o)
                0x00000000080078de                __malloc_lock
 .text.__malloc_unlock
                0x00000000080078e0        0x2 /home/opt/arm-toolchains/gcc-arm-none-eabi-7-2018-q2-update/bin/../lib/gcc/arm-none-eabi/7.3.1/../../../../arm-none-eabi/lib/thumb/v6-m/libg_nano.a(lib_a-mlock.o)
                0x00000000080078e0                __malloc_unlock
 *fill*         0x00000000080078e2        0x2 
 .text          0x00000000080078e4      0x114 /home/opt/arm-toolchains/gcc-arm-none-eabi-7-2018-q2-update/bin/../lib/gcc/arm-none-eabi/7.3.1/thumb/v6-m/libgcc.a(_udivsi3.o)
                0x00000000080078e4                __udivsi3
                0x00000000080078e4                __aeabi_uidiv
                0x00000000080079f0                __aeabi_uidivmod
 .text          0x00000000080079f8        0x4 /home/opt/arm-toolchains/gcc-arm-none-eabi-7-2018-q2-update/bin/../lib/gcc/arm-none-eabi/7.3.1/thumb/v6-m/libgcc.a(_dvmd_tls.o)
                0x00000000080079f8                __aeabi_ldiv0
                0x00000000080079f8                __aeabi_idiv0
 .text.memset   0x00000000080079fc       0x10 /home/opt/arm-toolchains/gcc-arm-none-eabi-7-2018-q2-update/bin/../lib/gcc/arm-none-eabi/7.3.1/../../../../arm-none-eabi/lib/thumb/v6-m/libg_nano.a(lib_a-memset.o)
                0x00000000080079fc                memset
 *(.rodata .rodata.* .constdata .constdata.*)
 .rodata._ZZ18__cxa_pure_virtualE8__func__
                0x0000000008007a0c       0x13 /tmp/cckTzrzU.ltrans0.ltrans.o
 *fill*         0x0000000008007a1f        0x1 
 .rodata.abort.str1.4
                0x0000000008007a20       0x14 /tmp/cckTzrzU.ltrans0.ltrans.o
 .rodata._ZN5Front4pollEv
                0x0000000008007a34       0x14 /tmp/cckTzrzU.ltrans0.ltrans.o
 .rodata._ZN10HBridgePWM4pollEv
                0x0000000008007a48       0x14 /tmp/cckTzrzU.ltrans0.ltrans.o
 .rodata._ZTV10HBridgePWM
                0x0000000008007a5c       0x20 /tmp/cckTzrzU.ltrans0.ltrans.o
 .rodata._ZTV7HBridge
                0x0000000008007a7c       0x20 /tmp/cckTzrzU.ltrans0.ltrans.o
 .rodata._ZN3Led4tickEm
                0x0000000008007a9c       0x1c /tmp/cckTzrzU.ltrans0.ltrans.o
 .rodata._ZN8Hardware13errorDispatchENS_9ErrorCodeE
                0x0000000008007ab8       0x14 /tmp/cckTzrzU.ltrans0.ltrans.o
 .rodata._ZN9Sterownik9initNapedEv
                0x0000000008007acc       0x18 /tmp/cckTzrzU.ltrans0.ltrans.o
 .rodata._ZN9Sterownik13getOpisNapeduENS_5NAPEDE.str1.4
                0x0000000008007ae4       0x49 /tmp/cckTzrzU.ltrans0.ltrans.o
 *fill*         0x0000000008007b2d        0x3 
 .rodata._ZN9Sterownik13getOpisNapeduENS_5NAPEDE
                0x0000000008007b30       0x18 /tmp/cckTzrzU.ltrans0.ltrans.o
 .rodata._ZN4Menu4pollEv
                0x0000000008007b48       0x40 /tmp/cckTzrzU.ltrans0.ltrans.o
 .rodata._ZN4Menu9showEkranEv.str1.4
                0x0000000008007b88      0x1d4 /tmp/cckTzrzU.ltrans0.ltrans.o
                                        0x1d9 (size before relaxing)
 .rodata._ZN4Menu9showEkranEv
                0x0000000008007d5c       0x40 /tmp/cckTzrzU.ltrans0.ltrans.o
 .rodata._ZTV9ST7032iFB
                0x0000000008007d9c       0x14 /tmp/cckTzrzU.ltrans0.ltrans.o
 .rodata._ZTV11Silnik24VDC
                0x0000000008007db0       0x1c /tmp/cckTzrzU.ltrans0.ltrans.o
 .rodata._ZTV11HBridgeGPIO
                0x0000000008007dcc       0x20 /tmp/cckTzrzU.ltrans0.ltrans.o
 .rodata._ZTV12Silnik230VAC
                0x0000000008007dec       0x1c /tmp/cckTzrzU.ltrans0.ltrans.o
 .rodata._ZTV12SilnikNapedu
                0x0000000008007e08       0x1c /tmp/cckTzrzU.ltrans0.ltrans.o
 .rodata._ZTV17CallbackInterface
                0x0000000008007e24       0x14 /tmp/cckTzrzU.ltrans0.ltrans.o
 .rodata._ZTV11FrameBuffer
                0x0000000008007e38       0x10 /tmp/cckTzrzU.ltrans0.ltrans.o
 .rodata._ZN8Password15servicePasswordE
                0x0000000008007e48        0x8 /tmp/cckTzrzU.ltrans0.ltrans.o
 .rodata._ZN9ST7032iFB7processEv
                0x0000000008007e50       0x14 /tmp/cckTzrzU.ltrans0.ltrans.o
 *(vtable)
 *(.eh_frame*)
 *(.glue_7)
 .glue_7        0x0000000008007e64        0x0 linker stubs
 *(.glue_7t)
 .glue_7t       0x0000000008007e64        0x0 linker stubs

.vfp11_veneer   0x0000000008007e64        0x0
 .vfp11_veneer  0x0000000008007e64        0x0 linker stubs

.v4_bx          0x0000000008007e64        0x0
 .v4_bx         0x0000000008007e64        0x0 linker stubs

.iplt           0x0000000008007e64        0x0
 .iplt          0x0000000008007e64        0x0 /home/opt/arm-toolchains/gcc-arm-none-eabi-7-2018-q2-update/bin/../lib/gcc/arm-none-eabi/7.3.1/../../../../arm-none-eabi/lib/thumb/v6-m/libstdc++_nano.a(del_ops.o)

.rel.dyn        0x0000000008007e64        0x0
 .rel.iplt      0x0000000008007e64        0x0 /home/opt/arm-toolchains/gcc-arm-none-eabi-7-2018-q2-update/bin/../lib/gcc/arm-none-eabi/7.3.1/../../../../arm-none-eabi/lib/thumb/v6-m/libstdc++_nano.a(del_ops.o)

.ARM.extab
 *(.ARM.extab* .gnu.linkonce.armextab.*)
                0x0000000008007e64                . = ALIGN (0x4)
                0x0000000008007e64                __exidx_start = .

.ARM.exidx
 *(.ARM.exidx* .gnu.linkonce.armexidx.*)
                0x0000000008007e64                __exidx_end = .
                0x0000000008007e64                . = ALIGN (0x4)
                0x0000000008007e64                _etext = .
                0x0000000008007e64                __etext = .

.data_CCMRAM    0x0000000000000000        0x0 load address 0x0000000008007e64
 FILL mask 0xff
 *(.data.CCMRAM .data.CCMRAM.*)
                0x0000000000000000                . = ALIGN (0x4)
                0x0000000008007e64                _sidata = LOADADDR (.data)

.data           0x0000000020000000       0xb8 load address 0x0000000008007e64
 FILL mask 0xff
                0x0000000020000000                _sdata = .
                0x0000000020000000                __data_start__ = .
 *(.data_begin .data_begin.*)
 .data_begin    0x0000000020000000        0x4 /tmp/cckTzrzU.ltrans0.ltrans.o
 *(.data .data.*)
 .data.argv.4310
                0x0000000020000004        0x8 /tmp/cckTzrzU.ltrans0.ltrans.o
 .data.SystemCoreClock
                0x000000002000000c        0x4 /tmp/cckTzrzU.ltrans0.ltrans.o
 .data.AHBPrescTable
                0x0000000020000010       0x10 /tmp/cckTzrzU.ltrans0.ltrans.o
 .data.pins     0x0000000020000020        0x4 /tmp/cckTzrzU.ltrans0.ltrans.o
 .data.i2cDefs  0x0000000020000024       0x10 /tmp/cckTzrzU.ltrans0.ltrans.o
 .data.sterM    0x0000000020000034        0x4 /tmp/cckTzrzU.ltrans0.ltrans.o
 .data.job      0x0000000020000038       0x10 /tmp/cckTzrzU.ltrans0.ltrans.o
 .data.praca    0x0000000020000048        0x4 /tmp/cckTzrzU.ltrans0.ltrans.o
 .data._ZN9QuickTask6holdedE
                0x000000002000004c        0x1 /tmp/cckTzrzU.ltrans0.ltrans.o
 *fill*         0x000000002000004d        0x3 ff
 .data._impure_ptr
                0x0000000020000050        0x4 /home/opt/arm-toolchains/gcc-arm-none-eabi-7-2018-q2-update/bin/../lib/gcc/arm-none-eabi/7.3.1/../../../../arm-none-eabi/lib/thumb/v6-m/libg_nano.a(lib_a-impure.o)
                0x0000000020000050                _impure_ptr
 .data.impure_data
                0x0000000020000054       0x60 /home/opt/arm-toolchains/gcc-arm-none-eabi-7-2018-q2-update/bin/../lib/gcc/arm-none-eabi/7.3.1/../../../../arm-none-eabi/lib/thumb/v6-m/libg_nano.a(lib_a-impure.o)
 *(.data_end .data_end.*)
 .data_end      0x00000000200000b4        0x4 /tmp/cckTzrzU.ltrans0.ltrans.o
                0x00000000200000b8                . = ALIGN (0x4)
                0x00000000200000b8                _edata = .
                0x00000000200000b8                __data_end__ = .

.igot.plt       0x00000000200000b8        0x0 load address 0x0000000008007f1c
 .igot.plt      0x00000000200000b8        0x0 /home/opt/arm-toolchains/gcc-arm-none-eabi-7-2018-q2-update/bin/../lib/gcc/arm-none-eabi/7.3.1/../../../../arm-none-eabi/lib/thumb/v6-m/libstdc++_nano.a(del_ops.o)

.bss_CCMRAM     0x0000000000000000        0x0
 *(.bss.CCMRAM .bss.CCMRAM.*)

.bss            0x00000000200000b8      0x4a4
                0x00000000200000b8                __bss_start__ = .
                0x00000000200000b8                _sbss = .
 *(.bss_begin .bss_begin.*)
 .bss_begin     0x00000000200000b8        0x4 /tmp/cckTzrzU.ltrans0.ltrans.o
 *(.bss .bss.*)
 .bss.name.4309
                0x00000000200000bc        0x1 /tmp/cckTzrzU.ltrans0.ltrans.o
 .bss._ZZN8Keyboard6co10msEvE6oldKey
                0x00000000200000bd        0x1 /tmp/cckTzrzU.ltrans0.ltrans.o
 *fill*         0x00000000200000be        0x2 
 .bss.hmi       0x00000000200000c0       0x2c /tmp/cckTzrzU.ltrans0.ltrans.o
 .bss.hmiQtsk   0x00000000200000ec       0x14 /tmp/cckTzrzU.ltrans0.ltrans.o
 .bss.gpioPomSygnL
                0x0000000020000100        0x8 /tmp/cckTzrzU.ltrans0.ltrans.o
 .bss.gpioPomZas24V
                0x0000000020000108        0x8 /tmp/cckTzrzU.ltrans0.ltrans.o
 .bss._ZN8Hardware11adcDmaErrorE
                0x0000000020000110        0x1 /tmp/cckTzrzU.ltrans0.ltrans.o
 *fill*         0x0000000020000111        0x3 
 .bss.pracaQtsk
                0x0000000020000114       0x14 /tmp/cckTzrzU.ltrans0.ltrans.o
 .bss.pinout    0x0000000020000128      0x1b8 /tmp/cckTzrzU.ltrans0.ltrans.o
 .bss.keys      0x00000000200002e0       0x2c /tmp/cckTzrzU.ltrans0.ltrans.o
 .bss.front     0x000000002000030c       0x14 /tmp/cckTzrzU.ltrans0.ltrans.o
 .bss.hBridgeHamulec
                0x0000000020000320       0x1c /tmp/cckTzrzU.ltrans0.ltrans.o
 .bss.hBridgeSilnik
                0x000000002000033c       0x30 /tmp/cckTzrzU.ltrans0.ltrans.o
 .bss.hamulec   0x000000002000036c        0x8 /tmp/cckTzrzU.ltrans0.ltrans.o
 .bss.silnik24VDC
                0x0000000020000374       0x14 /tmp/cckTzrzU.ltrans0.ltrans.o
 .bss.silnik230VAC
                0x0000000020000388       0x10 /tmp/cckTzrzU.ltrans0.ltrans.o
 .bss.i2c       0x0000000020000398        0x4 /tmp/cckTzrzU.ltrans0.ltrans.o
 .bss.st7032iDriver
                0x000000002000039c       0x1c /tmp/cckTzrzU.ltrans0.ltrans.o
 .bss.sterBramDym
                0x00000000200003b8       0x14 /tmp/cckTzrzU.ltrans0.ltrans.o
 .bss.menu      0x00000000200003cc       0x2c /tmp/cckTzrzU.ltrans0.ltrans.o
 .bss.hBridgeQtsk
                0x00000000200003f8       0x14 /tmp/cckTzrzU.ltrans0.ltrans.o
 .bss.taskbase  0x000000002000040c        0x4 /tmp/cckTzrzU.ltrans0.ltrans.o
 .bss._ZN9QuickTask12milisCounterE
                0x0000000020000410        0x4 /tmp/cckTzrzU.ltrans0.ltrans.o
 .bss.VirtAddVarTab
                0x0000000020000414       0x14 /tmp/cckTzrzU.ltrans0.ltrans.o
 .bss.DataVar   0x0000000020000428        0x2 /tmp/cckTzrzU.ltrans0.ltrans.o
 *fill*         0x000000002000042a        0x2 
 .bss.i2cInstance
                0x000000002000042c       0x10 /tmp/cckTzrzU.ltrans0.ltrans.o
 .bss.buffer    0x000000002000043c       0x64 /tmp/cckTzrzU.ltrans0.ltrans.o
 .bss.dataFrame
                0x00000000200004a0       0x18 /tmp/cckTzrzU.ltrans0.ltrans.o
 .bss._ZN9ST7032iFB14callbackObjectE
                0x00000000200004b8        0x4 /tmp/cckTzrzU.ltrans0.ltrans.o
 .bss.st7032Task
                0x00000000200004bc       0x14 /tmp/cckTzrzU.ltrans0.ltrans.o
 .bss.dataTab1  0x00000000200004d0       0x25 /tmp/cckTzrzU.ltrans0.ltrans.o
 *fill*         0x00000000200004f5        0x3 
 .bss.frame_buffer
                0x00000000200004f8       0x1c /tmp/cckTzrzU.ltrans0.ltrans.o
 .bss.dataTab2  0x0000000020000514       0x25 /tmp/cckTzrzU.ltrans0.ltrans.o
 *fill*         0x0000000020000539        0x3 
 .bss.dataFifo  0x000000002000053c       0x18 /tmp/cckTzrzU.ltrans0.ltrans.o
 .bss.__malloc_free_list
                0x0000000020000554        0x4 /home/opt/arm-toolchains/gcc-arm-none-eabi-7-2018-q2-update/bin/../lib/gcc/arm-none-eabi/7.3.1/../../../../arm-none-eabi/lib/thumb/v6-m/libg_nano.a(lib_a-nano-mallocr.o)
                0x0000000020000554                __malloc_free_list
 *(COMMON)
 *(.bss_end .bss_end.*)
 .bss_end       0x0000000020000558        0x4 /tmp/cckTzrzU.ltrans0.ltrans.o
                0x000000002000055c                . = ALIGN (0x4)
                0x000000002000055c                __bss_end__ = .
                0x000000002000055c                _ebss = .

.noinit_CCMRAM
 *(.noinit.CCMRAM .noinit.CCMRAM.*)

.noinit         0x000000002000055c        0x0
                0x000000002000055c                _noinit = .
 *(.noinit .noinit.*)
                0x000000002000055c                . = ALIGN (0x4)
                0x000000002000055c                _end_noinit = .
                [!provide]                        PROVIDE (end = _end_noinit)
                [!provide]                        PROVIDE (_end = _end_noinit)
                [!provide]                        PROVIDE (__end = _end_noinit)
                [!provide]                        PROVIDE (__end__ = _end_noinit)

._check_stack   0x000000002000055c      0x100
                0x000000002000065c                . = (. + _Minimum_Stack_Size)
 *fill*         0x000000002000055c      0x100 

.b1text
 *(.b1text)
 *(.b1rodata)
 *(.b1rodata.*)

.eb0text
 *(.eb0text)
 *(.eb0rodata)
 *(.eb0rodata.*)

.eb1text
 *(.eb1text)
 *(.eb1rodata)
 *(.eb1rodata.*)

.eb2text
 *(.eb2text)
 *(.eb2rodata)
 *(.eb2rodata.*)

.eb3text
 *(.eb3text)
 *(.eb3rodata)
 *(.eb3rodata.*)

.stab
 *(.stab)

.stabstr
 *(.stabstr)

.stab.excl
 *(.stab.excl)

.stab.exclstr
 *(.stab.exclstr)

.stab.index
 *(.stab.index)

.stab.indexstr
 *(.stab.indexstr)

.comment        0x0000000000000000       0x7f
 *(.comment)
 .comment       0x0000000000000000       0x7f /tmp/cckTzrzU.ltrans0.ltrans.o
                                         0x80 (size before relaxing)

.ARM.attributes
                0x0000000000000000       0x2f
 .ARM.attributes
                0x0000000000000000       0x2f /tmp/cckTzrzU.ltrans0.ltrans.o
 .ARM.attributes
                0x000000000000002f       0x2c /home/opt/arm-toolchains/gcc-arm-none-eabi-7-2018-q2-update/bin/../lib/gcc/arm-none-eabi/7.3.1/../../../../arm-none-eabi/lib/thumb/v6-m/libstdc++_nano.a(del_ops.o)
 .ARM.attributes
                0x000000000000005b       0x2c /home/opt/arm-toolchains/gcc-arm-none-eabi-7-2018-q2-update/bin/../lib/gcc/arm-none-eabi/7.3.1/../../../../arm-none-eabi/lib/thumb/v6-m/libstdc++_nano.a(del_op.o)
 .ARM.attributes
                0x0000000000000087       0x2c /home/opt/arm-toolchains/gcc-arm-none-eabi-7-2018-q2-update/bin/../lib/gcc/arm-none-eabi/7.3.1/../../../../arm-none-eabi/lib/thumb/v6-m/libg_nano.a(lib_a-impure.o)
 .ARM.attributes
                0x00000000000000b3       0x2c /home/opt/arm-toolchains/gcc-arm-none-eabi-7-2018-q2-update/bin/../lib/gcc/arm-none-eabi/7.3.1/../../../../arm-none-eabi/lib/thumb/v6-m/libg_nano.a(lib_a-malloc.o)
 .ARM.attributes
                0x00000000000000df       0x2c /home/opt/arm-toolchains/gcc-arm-none-eabi-7-2018-q2-update/bin/../lib/gcc/arm-none-eabi/7.3.1/../../../../arm-none-eabi/lib/thumb/v6-m/libg_nano.a(lib_a-nano-freer.o)
 .ARM.attributes
                0x000000000000010b       0x2c /home/opt/arm-toolchains/gcc-arm-none-eabi-7-2018-q2-update/bin/../lib/gcc/arm-none-eabi/7.3.1/../../../../arm-none-eabi/lib/thumb/v6-m/libg_nano.a(lib_a-nano-mallocr.o)
 .ARM.attributes
                0x0000000000000137       0x1c /home/opt/arm-toolchains/gcc-arm-none-eabi-7-2018-q2-update/bin/../lib/gcc/arm-none-eabi/7.3.1/../../../../arm-none-eabi/lib/thumb/v6-m/libg_nano.a(lib_a-strlen.o)
 .ARM.attributes
                0x0000000000000153       0x2c /home/opt/arm-toolchains/gcc-arm-none-eabi-7-2018-q2-update/bin/../lib/gcc/arm-none-eabi/7.3.1/../../../../arm-none-eabi/lib/thumb/v6-m/libg_nano.a(lib_a-mlock.o)
 .ARM.attributes
                0x000000000000017f       0x1e /home/opt/arm-toolchains/gcc-arm-none-eabi-7-2018-q2-update/bin/../lib/gcc/arm-none-eabi/7.3.1/thumb/v6-m/libgcc.a(_udivsi3.o)
 .ARM.attributes
                0x000000000000019d       0x1e /home/opt/arm-toolchains/gcc-arm-none-eabi-7-2018-q2-update/bin/../lib/gcc/arm-none-eabi/7.3.1/thumb/v6-m/libgcc.a(_dvmd_tls.o)
 .ARM.attributes
                0x00000000000001bb       0x2c /home/opt/arm-toolchains/gcc-arm-none-eabi-7-2018-q2-update/bin/../lib/gcc/arm-none-eabi/7.3.1/../../../../arm-none-eabi/lib/thumb/v6-m/libg_nano.a(lib_a-memset.o)

.debug
 *(.debug)

.line
 *(.line)

.debug_srcinfo
 *(.debug_srcinfo)

.debug_sfnames
 *(.debug_sfnames)

.debug_aranges  0x0000000000000000      0xc18
 *(.debug_aranges)
 .debug_aranges
                0x0000000000000000      0xc18 /tmp/cckTzrzU.ltrans0.ltrans.o

.debug_pubnames
 *(.debug_pubnames)

.debug_info     0x0000000000000000     0xa076
 *(.debug_info .gnu.linkonce.wi.*)
 .debug_info    0x0000000000000000     0xa076 /tmp/cckTzrzU.ltrans0.ltrans.o

.debug_abbrev   0x0000000000000000      0x8d8
 *(.debug_abbrev)
 .debug_abbrev  0x0000000000000000      0x8d8 /tmp/cckTzrzU.ltrans0.ltrans.o

.debug_line     0x0000000000000000     0x2c35
 *(.debug_line)
 .debug_line    0x0000000000000000     0x2c35 /tmp/cckTzrzU.ltrans0.ltrans.o

.debug_frame    0x0000000000000000     0x3130
 *(.debug_frame)
 .debug_frame   0x0000000000000000     0x2fd8 /tmp/cckTzrzU.ltrans0.ltrans.o
 .debug_frame   0x0000000000002fd8       0x28 /home/opt/arm-toolchains/gcc-arm-none-eabi-7-2018-q2-update/bin/../lib/gcc/arm-none-eabi/7.3.1/../../../../arm-none-eabi/lib/thumb/v6-m/libstdc++_nano.a(del_ops.o)
 .debug_frame   0x0000000000003000       0x28 /home/opt/arm-toolchains/gcc-arm-none-eabi-7-2018-q2-update/bin/../lib/gcc/arm-none-eabi/7.3.1/../../../../arm-none-eabi/lib/thumb/v6-m/libstdc++_nano.a(del_op.o)
 .debug_frame   0x0000000000003028       0x40 /home/opt/arm-toolchains/gcc-arm-none-eabi-7-2018-q2-update/bin/../lib/gcc/arm-none-eabi/7.3.1/../../../../arm-none-eabi/lib/thumb/v6-m/libg_nano.a(lib_a-malloc.o)
 .debug_frame   0x0000000000003068       0x2c /home/opt/arm-toolchains/gcc-arm-none-eabi-7-2018-q2-update/bin/../lib/gcc/arm-none-eabi/7.3.1/../../../../arm-none-eabi/lib/thumb/v6-m/libg_nano.a(lib_a-nano-freer.o)
 .debug_frame   0x0000000000003094       0x2c /home/opt/arm-toolchains/gcc-arm-none-eabi-7-2018-q2-update/bin/../lib/gcc/arm-none-eabi/7.3.1/../../../../arm-none-eabi/lib/thumb/v6-m/libg_nano.a(lib_a-nano-mallocr.o)
 .debug_frame   0x00000000000030c0       0x30 /home/opt/arm-toolchains/gcc-arm-none-eabi-7-2018-q2-update/bin/../lib/gcc/arm-none-eabi/7.3.1/../../../../arm-none-eabi/lib/thumb/v6-m/libg_nano.a(lib_a-mlock.o)
 .debug_frame   0x00000000000030f0       0x20 /home/opt/arm-toolchains/gcc-arm-none-eabi-7-2018-q2-update/bin/../lib/gcc/arm-none-eabi/7.3.1/thumb/v6-m/libgcc.a(_udivsi3.o)
 .debug_frame   0x0000000000003110       0x20 /home/opt/arm-toolchains/gcc-arm-none-eabi-7-2018-q2-update/bin/../lib/gcc/arm-none-eabi/7.3.1/../../../../arm-none-eabi/lib/thumb/v6-m/libg_nano.a(lib_a-memset.o)

.debug_str      0x0000000000000000     0x2db6
 *(.debug_str)
 .debug_str     0x0000000000000000     0x2db6 /tmp/cckTzrzU.ltrans0.ltrans.o
                                       0x3020 (size before relaxing)

.debug_loc
 *(.debug_loc)

.debug_macinfo
 *(.debug_macinfo)

.debug_weaknames
 *(.debug_weaknames)

.debug_funcnames
 *(.debug_funcnames)

.debug_typenames
 *(.debug_typenames)

.debug_varnames
 *(.debug_varnames)
OUTPUT(sterM.elf elf32-littlearm)

.debug_ranges   0x0000000000000000      0xc58
 .debug_ranges  0x0000000000000000      0xc58 /tmp/cckTzrzU.ltrans0.ltrans.o
