Archive member included to satisfy reference by file (symbol)

/home/opt/arm-toolchains/gcc-arm-none-eabi-7-2018-q2-update/bin/../lib/gcc/arm-none-eabi/7.3.1/../../../../arm-none-eabi/lib/thumb/v6-m/libstdc++_nano.a(del_ops.o)
                              ./src/main.o (symbol from plugin) (operator delete(void*, unsigned int))
/home/opt/arm-toolchains/gcc-arm-none-eabi-7-2018-q2-update/bin/../lib/gcc/arm-none-eabi/7.3.1/../../../../arm-none-eabi/lib/thumb/v6-m/libstdc++_nano.a(del_op.o)
                              /home/opt/arm-toolchains/gcc-arm-none-eabi-7-2018-q2-update/bin/../lib/gcc/arm-none-eabi/7.3.1/../../../../arm-none-eabi/lib/thumb/v6-m/libstdc++_nano.a(del_ops.o) (operator delete(void*))
/home/opt/arm-toolchains/gcc-arm-none-eabi-7-2018-q2-update/bin/../lib/gcc/arm-none-eabi/7.3.1/../../../../arm-none-eabi/lib/thumb/v6-m/libg_nano.a(lib_a-errno.o)
                              ./system/src/newlib/_sbrk.o (symbol from plugin) (__errno)
/home/opt/arm-toolchains/gcc-arm-none-eabi-7-2018-q2-update/bin/../lib/gcc/arm-none-eabi/7.3.1/../../../../arm-none-eabi/lib/thumb/v6-m/libg_nano.a(lib_a-impure.o)
                              /home/opt/arm-toolchains/gcc-arm-none-eabi-7-2018-q2-update/bin/../lib/gcc/arm-none-eabi/7.3.1/../../../../arm-none-eabi/lib/thumb/v6-m/libg_nano.a(lib_a-errno.o) (_impure_ptr)
/home/opt/arm-toolchains/gcc-arm-none-eabi-7-2018-q2-update/bin/../lib/gcc/arm-none-eabi/7.3.1/../../../../arm-none-eabi/lib/thumb/v6-m/libg_nano.a(lib_a-isdigit.o)
                              ./src/Menu.o (symbol from plugin) (isdigit)
/home/opt/arm-toolchains/gcc-arm-none-eabi-7-2018-q2-update/bin/../lib/gcc/arm-none-eabi/7.3.1/../../../../arm-none-eabi/lib/thumb/v6-m/libg_nano.a(lib_a-locale.o)
                              /home/opt/arm-toolchains/gcc-arm-none-eabi-7-2018-q2-update/bin/../lib/gcc/arm-none-eabi/7.3.1/../../../../arm-none-eabi/lib/thumb/v6-m/libg_nano.a(lib_a-isdigit.o) (__locale_ctype_ptr)
/home/opt/arm-toolchains/gcc-arm-none-eabi-7-2018-q2-update/bin/../lib/gcc/arm-none-eabi/7.3.1/../../../../arm-none-eabi/lib/thumb/v6-m/libg_nano.a(lib_a-malloc.o)
                              /home/opt/arm-toolchains/gcc-arm-none-eabi-7-2018-q2-update/bin/../lib/gcc/arm-none-eabi/7.3.1/../../../../arm-none-eabi/lib/thumb/v6-m/libstdc++_nano.a(del_op.o) (free)
/home/opt/arm-toolchains/gcc-arm-none-eabi-7-2018-q2-update/bin/../lib/gcc/arm-none-eabi/7.3.1/../../../../arm-none-eabi/lib/thumb/v6-m/libg_nano.a(lib_a-mbtowc_r.o)
                              /home/opt/arm-toolchains/gcc-arm-none-eabi-7-2018-q2-update/bin/../lib/gcc/arm-none-eabi/7.3.1/../../../../arm-none-eabi/lib/thumb/v6-m/libg_nano.a(lib_a-locale.o) (__ascii_mbtowc)
/home/opt/arm-toolchains/gcc-arm-none-eabi-7-2018-q2-update/bin/../lib/gcc/arm-none-eabi/7.3.1/../../../../arm-none-eabi/lib/thumb/v6-m/libg_nano.a(lib_a-nano-freer.o)
                              /home/opt/arm-toolchains/gcc-arm-none-eabi-7-2018-q2-update/bin/../lib/gcc/arm-none-eabi/7.3.1/../../../../arm-none-eabi/lib/thumb/v6-m/libg_nano.a(lib_a-malloc.o) (_free_r)
/home/opt/arm-toolchains/gcc-arm-none-eabi-7-2018-q2-update/bin/../lib/gcc/arm-none-eabi/7.3.1/../../../../arm-none-eabi/lib/thumb/v6-m/libg_nano.a(lib_a-nano-mallocr.o)
                              /home/opt/arm-toolchains/gcc-arm-none-eabi-7-2018-q2-update/bin/../lib/gcc/arm-none-eabi/7.3.1/../../../../arm-none-eabi/lib/thumb/v6-m/libg_nano.a(lib_a-malloc.o) (_malloc_r)
/home/opt/arm-toolchains/gcc-arm-none-eabi-7-2018-q2-update/bin/../lib/gcc/arm-none-eabi/7.3.1/../../../../arm-none-eabi/lib/thumb/v6-m/libg_nano.a(lib_a-sbrkr.o)
                              /home/opt/arm-toolchains/gcc-arm-none-eabi-7-2018-q2-update/bin/../lib/gcc/arm-none-eabi/7.3.1/../../../../arm-none-eabi/lib/thumb/v6-m/libg_nano.a(lib_a-nano-mallocr.o) (_sbrk_r)
/home/opt/arm-toolchains/gcc-arm-none-eabi-7-2018-q2-update/bin/../lib/gcc/arm-none-eabi/7.3.1/../../../../arm-none-eabi/lib/thumb/v6-m/libg_nano.a(lib_a-strcmp.o)
                              /home/opt/arm-toolchains/gcc-arm-none-eabi-7-2018-q2-update/bin/../lib/gcc/arm-none-eabi/7.3.1/../../../../arm-none-eabi/lib/thumb/v6-m/libg_nano.a(lib_a-locale.o) (strcmp)
/home/opt/arm-toolchains/gcc-arm-none-eabi-7-2018-q2-update/bin/../lib/gcc/arm-none-eabi/7.3.1/../../../../arm-none-eabi/lib/thumb/v6-m/libg_nano.a(lib_a-strlen.o)
                              ./src/Menu.o (symbol from plugin) (strlen)
/home/opt/arm-toolchains/gcc-arm-none-eabi-7-2018-q2-update/bin/../lib/gcc/arm-none-eabi/7.3.1/../../../../arm-none-eabi/lib/thumb/v6-m/libg_nano.a(lib_a-wctomb_r.o)
                              /home/opt/arm-toolchains/gcc-arm-none-eabi-7-2018-q2-update/bin/../lib/gcc/arm-none-eabi/7.3.1/../../../../arm-none-eabi/lib/thumb/v6-m/libg_nano.a(lib_a-locale.o) (__ascii_wctomb)
/home/opt/arm-toolchains/gcc-arm-none-eabi-7-2018-q2-update/bin/../lib/gcc/arm-none-eabi/7.3.1/../../../../arm-none-eabi/lib/thumb/v6-m/libg_nano.a(lib_a-ctype_.o)
                              /home/opt/arm-toolchains/gcc-arm-none-eabi-7-2018-q2-update/bin/../lib/gcc/arm-none-eabi/7.3.1/../../../../arm-none-eabi/lib/thumb/v6-m/libg_nano.a(lib_a-locale.o) (_ctype_)
/home/opt/arm-toolchains/gcc-arm-none-eabi-7-2018-q2-update/bin/../lib/gcc/arm-none-eabi/7.3.1/../../../../arm-none-eabi/lib/thumb/v6-m/libg_nano.a(lib_a-mlock.o)
                              /home/opt/arm-toolchains/gcc-arm-none-eabi-7-2018-q2-update/bin/../lib/gcc/arm-none-eabi/7.3.1/../../../../arm-none-eabi/lib/thumb/v6-m/libg_nano.a(lib_a-nano-freer.o) (__malloc_lock)
/home/opt/arm-toolchains/gcc-arm-none-eabi-7-2018-q2-update/bin/../lib/gcc/arm-none-eabi/7.3.1/thumb/v6-m/libgcc.a(_udivsi3.o)
                              /tmp/cc21Ya40.ltrans0.ltrans.o (__aeabi_uidiv)
/home/opt/arm-toolchains/gcc-arm-none-eabi-7-2018-q2-update/bin/../lib/gcc/arm-none-eabi/7.3.1/thumb/v6-m/libgcc.a(_divsi3.o)
                              /tmp/cc21Ya40.ltrans0.ltrans.o (__aeabi_idiv)
/home/opt/arm-toolchains/gcc-arm-none-eabi-7-2018-q2-update/bin/../lib/gcc/arm-none-eabi/7.3.1/thumb/v6-m/libgcc.a(_dvmd_tls.o)
                              /home/opt/arm-toolchains/gcc-arm-none-eabi-7-2018-q2-update/bin/../lib/gcc/arm-none-eabi/7.3.1/thumb/v6-m/libgcc.a(_udivsi3.o) (__aeabi_idiv0)
/home/opt/arm-toolchains/gcc-arm-none-eabi-7-2018-q2-update/bin/../lib/gcc/arm-none-eabi/7.3.1/../../../../arm-none-eabi/lib/thumb/v6-m/libg_nano.a(lib_a-memset.o)
                              /tmp/cc21Ya40.ltrans0.ltrans.o (memset)

Allocating common symbols
Common symbol       size              file

errno               0x4               /tmp/cc21Ya40.ltrans0.ltrans.o

Discarded input sections

 .text          0x0000000000000000        0x0 /tmp/cc21Ya40.ltrans0.ltrans.o
 .data          0x0000000000000000        0x0 /tmp/cc21Ya40.ltrans0.ltrans.o
 .bss           0x0000000000000000        0x0 /tmp/cc21Ya40.ltrans0.ltrans.o
 .text._ZN9__gnu_cxx27__verbose_terminate_handlerEv
                0x0000000000000000       0x14 /tmp/cc21Ya40.ltrans0.ltrans.o
 .rodata._ZZN9__gnu_cxx27__verbose_terminate_handlerEvE8__func__
                0x0000000000000000       0x1c /tmp/cc21Ya40.ltrans0.ltrans.o
 .bss.current_heap_end.3961
                0x0000000000000000        0x4 /tmp/cc21Ya40.ltrans0.ltrans.o
 .text._sbrk    0x0000000000000000       0x68 /tmp/cc21Ya40.ltrans0.ltrans.o
 .bss.__dso_handle
                0x0000000000000000        0x4 /tmp/cc21Ya40.ltrans0.ltrans.o
 .text.raise    0x0000000000000000       0x1e /tmp/cc21Ya40.ltrans0.ltrans.o
 .text.kill     0x0000000000000000       0x20 /tmp/cc21Ya40.ltrans0.ltrans.o
 .rodata.__assert_func.str1.4
                0x0000000000000000       0x43 /tmp/cc21Ya40.ltrans0.ltrans.o
 .text.__assert_func
                0x0000000000000000       0x1c /tmp/cc21Ya40.ltrans0.ltrans.o
 .rodata.assert_failed.str1.4
                0x0000000000000000       0x2b /tmp/cc21Ya40.ltrans0.ltrans.o
 .text.assert_failed
                0x0000000000000000       0x18 /tmp/cc21Ya40.ltrans0.ltrans.o
 .text.NVIC_SystemReset
                0x0000000000000000       0x20 /tmp/cc21Ya40.ltrans0.ltrans.o
 .text.__reset_hardware
                0x0000000000000000        0x8 /tmp/cc21Ya40.ltrans0.ltrans.o
 .rodata._ZL15SOTWARE_VERSION.lto_priv.12
                0x0000000000000000        0x2 /tmp/cc21Ya40.ltrans0.ltrans.o
 .rodata._ZL22MAX_OPOZN_ZAMK_POZ_sek.lto_priv.8
                0x0000000000000000        0x2 /tmp/cc21Ya40.ltrans0.ltrans.o
 .text._ZN9QuickTask22delayMsWithActiveTasksEm
                0x0000000000000000       0x34 /tmp/cc21Ya40.ltrans0.ltrans.o
 .text._ZN8Hardware21delayMsWithBackgroundEm
                0x0000000000000000       0x16 /tmp/cc21Ya40.ltrans0.ltrans.o
 .text._ZN11FrameBuffer10cursorLeftEv
                0x0000000000000000       0x30 /tmp/cc21Ya40.ltrans0.ltrans.o
 .text._ZN11FrameBuffer10cursorLeftEm
                0x0000000000000000       0x2a /tmp/cc21Ya40.ltrans0.ltrans.o
 .rodata._ZL15SOTWARE_VERSION.lto_priv.13
                0x0000000000000000        0x2 /tmp/cc21Ya40.ltrans0.ltrans.o
 .rodata._ZL22MAX_OPOZN_ZAMK_POZ_sek.lto_priv.9
                0x0000000000000000        0x2 /tmp/cc21Ya40.ltrans0.ltrans.o
 .text._ZN4Menu12printPatternEPKcm
                0x0000000000000000       0xb0 /tmp/cc21Ya40.ltrans0.ltrans.o
 .text._ZN4Gpio5setupEP12GPIO_TypeDefhNS_8GpioModeENS_9GpioOTypeENS_8GpioPuPdENS_9GpioSpeedE
                0x0000000000000000       0x6a /tmp/cc21Ya40.ltrans0.ltrans.o
 .data._ZN6Pomiar12TS_CAL1_30oCE
                0x0000000000000000        0x4 /tmp/cc21Ya40.ltrans0.ltrans.o
 .data._ZN6Pomiar13TS_CAL2_110oCE
                0x0000000000000000        0x4 /tmp/cc21Ya40.ltrans0.ltrans.o
 .rodata._ZN6Pomiar7adcDefsE
                0x0000000000000000       0x40 /tmp/cc21Ya40.ltrans0.ltrans.o
 .text._ZN6Pomiar13getBattery_mVEt
                0x0000000000000000       0x3c /tmp/cc21Ya40.ltrans0.ltrans.o
 .text._ZN6Pomiar13getCurrent_mAEt
                0x0000000000000000       0x3c /tmp/cc21Ya40.ltrans0.ltrans.o
 .text._ZN6Pomiar12getOutput_mVEt
                0x0000000000000000       0x3c /tmp/cc21Ya40.ltrans0.ltrans.o
 .text._ZN6Pomiar5setupEPNS_6AdcDefE
                0x0000000000000000       0x1a /tmp/cc21Ya40.ltrans0.ltrans.o
 .text._ZN6Pomiar12initAdcGpiosEv
                0x0000000000000000       0x60 /tmp/cc21Ya40.ltrans0.ltrans.o
 .text._ZN6Pomiar7initADCEv
                0x0000000000000000      0x150 /tmp/cc21Ya40.ltrans0.ltrans.o
 .text._ZN6Pomiar7initDmaEv
                0x0000000000000000       0x64 /tmp/cc21Ya40.ltrans0.ltrans.o
 .rodata._ZL15SOTWARE_VERSION.lto_priv.14
                0x0000000000000000        0x2 /tmp/cc21Ya40.ltrans0.ltrans.o
 .rodata._ZL22MAX_OPOZN_ZAMK_POZ_sek.lto_priv.10
                0x0000000000000000        0x2 /tmp/cc21Ya40.ltrans0.ltrans.o
 .rodata._ZL15SOTWARE_VERSION.lto_priv.15
                0x0000000000000000        0x2 /tmp/cc21Ya40.ltrans0.ltrans.o
 .rodata._ZL22MAX_OPOZN_ZAMK_POZ_sek.lto_priv.11
                0x0000000000000000        0x2 /tmp/cc21Ya40.ltrans0.ltrans.o
 .rodata._ZL11I2C_FOR_LCD
                0x0000000000000000        0x4 /tmp/cc21Ya40.ltrans0.ltrans.o
 .text.AsciiBcdToValue
                0x0000000000000000       0x70 /tmp/cc21Ya40.ltrans0.ltrans.o
 .text.AsciiBcd2toByte
                0x0000000000000000       0x70 /tmp/cc21Ya40.ltrans0.ltrans.o
 .text._ZN4Fifo18getByteAs2HexAsciiEv
                0x0000000000000000       0x6c /tmp/cc21Ya40.ltrans0.ltrans.o
 .text._ZN4Fifo20get2BytesAs4HexAsciiEv
                0x0000000000000000       0x60 /tmp/cc21Ya40.ltrans0.ltrans.o
 .text._ZN4Fifo9getUInt16Ev
                0x0000000000000000       0x64 /tmp/cc21Ya40.ltrans0.ltrans.o
 .text._ZN4Fifo9getUInt32EPb
                0x0000000000000000       0x5a /tmp/cc21Ya40.ltrans0.ltrans.o
 .text._ZN4Fifo18putByteAs2AsciiBCDEh
                0x0000000000000000       0xce /tmp/cc21Ya40.ltrans0.ltrans.o
 .text._ZN4Fifo20put2BytesAs4AsciiBCDEt
                0x0000000000000000       0x3a /tmp/cc21Ya40.ltrans0.ltrans.o
 .text._ZN4Fifo9putStringEPKc
                0x0000000000000000       0x58 /tmp/cc21Ya40.ltrans0.ltrans.o
 .text._ZN4Fifo9putStringEPKcm
                0x0000000000000000       0x70 /tmp/cc21Ya40.ltrans0.ltrans.o
 .text._ZN4Fifo9putUint16Et
                0x0000000000000000       0x5e /tmp/cc21Ya40.ltrans0.ltrans.o
 .text._ZN4Fifo9putUint32Em
                0x0000000000000000       0x56 /tmp/cc21Ya40.ltrans0.ltrans.o
 .text._ZN4Fifo6isFullEv
                0x0000000000000000       0x4c /tmp/cc21Ya40.ltrans0.ltrans.o
 .text._ZN4Fifo5cloneEPS_
                0x0000000000000000       0x7e /tmp/cc21Ya40.ltrans0.ltrans.o
 .text.my_itoa  0x0000000000000000      0x14e /tmp/cc21Ya40.ltrans0.ltrans.o
 .text.my_htoa  0x0000000000000000       0x82 /tmp/cc21Ya40.ltrans0.ltrans.o
 .text.my_btoa  0x0000000000000000       0x5e /tmp/cc21Ya40.ltrans0.ltrans.o
 .text.power10  0x0000000000000000       0x38 /tmp/cc21Ya40.ltrans0.ltrans.o
 .text.FLASH_SetLatency
                0x0000000000000000       0x4c /tmp/cc21Ya40.ltrans0.ltrans.o
 .text.FLASH_PrefetchBufferCmd
                0x0000000000000000       0x54 /tmp/cc21Ya40.ltrans0.ltrans.o
 .text.FLASH_GetPrefetchBufferStatus
                0x0000000000000000       0x34 /tmp/cc21Ya40.ltrans0.ltrans.o
 .text.FLASH_EraseAllPages
                0x0000000000000000       0x68 /tmp/cc21Ya40.ltrans0.ltrans.o
 .text.FLASH_ProgramWord
                0x0000000000000000       0xd0 /tmp/cc21Ya40.ltrans0.ltrans.o
 .text.FLASH_OB_Unlock
                0x0000000000000000       0x2c /tmp/cc21Ya40.ltrans0.ltrans.o
 .text.FLASH_OB_Lock
                0x0000000000000000       0x1c /tmp/cc21Ya40.ltrans0.ltrans.o
 .text.FLASH_OB_Launch
                0x0000000000000000       0x1c /tmp/cc21Ya40.ltrans0.ltrans.o
 .text.FLASH_OB_Erase
                0x0000000000000000       0xdc /tmp/cc21Ya40.ltrans0.ltrans.o
 .text.FLASH_OB_EnableWRP
                0x0000000000000000      0x100 /tmp/cc21Ya40.ltrans0.ltrans.o
 .text.FLASH_OB_RDPConfig
                0x0000000000000000       0xf8 /tmp/cc21Ya40.ltrans0.ltrans.o
 .text.FLASH_OB_UserConfig
                0x0000000000000000      0x100 /tmp/cc21Ya40.ltrans0.ltrans.o
 .text.FLASH_OB_BOOTConfig
                0x0000000000000000       0xa4 /tmp/cc21Ya40.ltrans0.ltrans.o
 .text.FLASH_OB_BOOT0Config
                0x0000000000000000       0xa4 /tmp/cc21Ya40.ltrans0.ltrans.o
 .text.FLASH_OB_BOOT0SWConfig
                0x0000000000000000       0xa4 /tmp/cc21Ya40.ltrans0.ltrans.o
 .text.FLASH_OB_VDDAConfig
                0x0000000000000000       0xa4 /tmp/cc21Ya40.ltrans0.ltrans.o
 .text.FLASH_OB_SRAMParityConfig
                0x0000000000000000       0xa4 /tmp/cc21Ya40.ltrans0.ltrans.o
 .text.FLASH_OB_WriteUser
                0x0000000000000000       0x80 /tmp/cc21Ya40.ltrans0.ltrans.o
 .text.FLASH_OB_ProgramData
                0x0000000000000000       0xa4 /tmp/cc21Ya40.ltrans0.ltrans.o
 .text.FLASH_OB_GetUser
                0x0000000000000000       0x18 /tmp/cc21Ya40.ltrans0.ltrans.o
 .text.FLASH_OB_GetWRP
                0x0000000000000000       0x14 /tmp/cc21Ya40.ltrans0.ltrans.o
 .text.FLASH_OB_GetRDP
                0x0000000000000000       0x38 /tmp/cc21Ya40.ltrans0.ltrans.o
 .text.FLASH_ITConfig
                0x0000000000000000       0x78 /tmp/cc21Ya40.ltrans0.ltrans.o
 .text.FLASH_GetFlagStatus
                0x0000000000000000       0x64 /tmp/cc21Ya40.ltrans0.ltrans.o
 .text.FLASH_ClearFlag
                0x0000000000000000       0x34 /tmp/cc21Ya40.ltrans0.ltrans.o
 .bss._ZZN3I2C8irqErrorEvE3err
                0x0000000000000000        0x4 /tmp/cc21Ya40.ltrans0.ltrans.o
 .text._ZN3I2C8irqErrorEv
                0x0000000000000000       0x30 /tmp/cc21Ya40.ltrans0.ltrans.o
 .text._ZN3I2C15masterReadStartEm
                0x0000000000000000       0xc8 /tmp/cc21Ya40.ltrans0.ltrans.o
 .text._ZN9ST7032iFB7delayMsEm
                0x0000000000000000       0x18 /tmp/cc21Ya40.ltrans0.ltrans.o
 .text._ZN9ST7032iFB8sendDataEh
                0x0000000000000000       0x26 /tmp/cc21Ya40.ltrans0.ltrans.o
 COMMON         0x0000000000000000        0x4 /tmp/cc21Ya40.ltrans0.ltrans.o
 .text          0x0000000000000000        0x0 /home/opt/arm-toolchains/gcc-arm-none-eabi-7-2018-q2-update/bin/../lib/gcc/arm-none-eabi/7.3.1/../../../../arm-none-eabi/lib/thumb/v6-m/libstdc++_nano.a(del_ops.o)
 .data          0x0000000000000000        0x0 /home/opt/arm-toolchains/gcc-arm-none-eabi-7-2018-q2-update/bin/../lib/gcc/arm-none-eabi/7.3.1/../../../../arm-none-eabi/lib/thumb/v6-m/libstdc++_nano.a(del_ops.o)
 .bss           0x0000000000000000        0x0 /home/opt/arm-toolchains/gcc-arm-none-eabi-7-2018-q2-update/bin/../lib/gcc/arm-none-eabi/7.3.1/../../../../arm-none-eabi/lib/thumb/v6-m/libstdc++_nano.a(del_ops.o)
 .text          0x0000000000000000        0x0 /home/opt/arm-toolchains/gcc-arm-none-eabi-7-2018-q2-update/bin/../lib/gcc/arm-none-eabi/7.3.1/../../../../arm-none-eabi/lib/thumb/v6-m/libstdc++_nano.a(del_op.o)
 .data          0x0000000000000000        0x0 /home/opt/arm-toolchains/gcc-arm-none-eabi-7-2018-q2-update/bin/../lib/gcc/arm-none-eabi/7.3.1/../../../../arm-none-eabi/lib/thumb/v6-m/libstdc++_nano.a(del_op.o)
 .bss           0x0000000000000000        0x0 /home/opt/arm-toolchains/gcc-arm-none-eabi-7-2018-q2-update/bin/../lib/gcc/arm-none-eabi/7.3.1/../../../../arm-none-eabi/lib/thumb/v6-m/libstdc++_nano.a(del_op.o)
 .text          0x0000000000000000        0x0 /home/opt/arm-toolchains/gcc-arm-none-eabi-7-2018-q2-update/bin/../lib/gcc/arm-none-eabi/7.3.1/../../../../arm-none-eabi/lib/thumb/v6-m/libg_nano.a(lib_a-errno.o)
 .data          0x0000000000000000        0x0 /home/opt/arm-toolchains/gcc-arm-none-eabi-7-2018-q2-update/bin/../lib/gcc/arm-none-eabi/7.3.1/../../../../arm-none-eabi/lib/thumb/v6-m/libg_nano.a(lib_a-errno.o)
 .bss           0x0000000000000000        0x0 /home/opt/arm-toolchains/gcc-arm-none-eabi-7-2018-q2-update/bin/../lib/gcc/arm-none-eabi/7.3.1/../../../../arm-none-eabi/lib/thumb/v6-m/libg_nano.a(lib_a-errno.o)
 .text.__errno  0x0000000000000000        0xc /home/opt/arm-toolchains/gcc-arm-none-eabi-7-2018-q2-update/bin/../lib/gcc/arm-none-eabi/7.3.1/../../../../arm-none-eabi/lib/thumb/v6-m/libg_nano.a(lib_a-errno.o)
 .debug_frame   0x0000000000000000       0x20 /home/opt/arm-toolchains/gcc-arm-none-eabi-7-2018-q2-update/bin/../lib/gcc/arm-none-eabi/7.3.1/../../../../arm-none-eabi/lib/thumb/v6-m/libg_nano.a(lib_a-errno.o)
 .ARM.attributes
                0x0000000000000000       0x2c /home/opt/arm-toolchains/gcc-arm-none-eabi-7-2018-q2-update/bin/../lib/gcc/arm-none-eabi/7.3.1/../../../../arm-none-eabi/lib/thumb/v6-m/libg_nano.a(lib_a-errno.o)
 .text          0x0000000000000000        0x0 /home/opt/arm-toolchains/gcc-arm-none-eabi-7-2018-q2-update/bin/../lib/gcc/arm-none-eabi/7.3.1/../../../../arm-none-eabi/lib/thumb/v6-m/libg_nano.a(lib_a-impure.o)
 .data          0x0000000000000000        0x0 /home/opt/arm-toolchains/gcc-arm-none-eabi-7-2018-q2-update/bin/../lib/gcc/arm-none-eabi/7.3.1/../../../../arm-none-eabi/lib/thumb/v6-m/libg_nano.a(lib_a-impure.o)
 .bss           0x0000000000000000        0x0 /home/opt/arm-toolchains/gcc-arm-none-eabi-7-2018-q2-update/bin/../lib/gcc/arm-none-eabi/7.3.1/../../../../arm-none-eabi/lib/thumb/v6-m/libg_nano.a(lib_a-impure.o)
 .rodata._global_impure_ptr
                0x0000000000000000        0x4 /home/opt/arm-toolchains/gcc-arm-none-eabi-7-2018-q2-update/bin/../lib/gcc/arm-none-eabi/7.3.1/../../../../arm-none-eabi/lib/thumb/v6-m/libg_nano.a(lib_a-impure.o)
 .text          0x0000000000000000        0x0 /home/opt/arm-toolchains/gcc-arm-none-eabi-7-2018-q2-update/bin/../lib/gcc/arm-none-eabi/7.3.1/../../../../arm-none-eabi/lib/thumb/v6-m/libg_nano.a(lib_a-isdigit.o)
 .data          0x0000000000000000        0x0 /home/opt/arm-toolchains/gcc-arm-none-eabi-7-2018-q2-update/bin/../lib/gcc/arm-none-eabi/7.3.1/../../../../arm-none-eabi/lib/thumb/v6-m/libg_nano.a(lib_a-isdigit.o)
 .bss           0x0000000000000000        0x0 /home/opt/arm-toolchains/gcc-arm-none-eabi-7-2018-q2-update/bin/../lib/gcc/arm-none-eabi/7.3.1/../../../../arm-none-eabi/lib/thumb/v6-m/libg_nano.a(lib_a-isdigit.o)
 .text.isdigit  0x0000000000000000       0x12 /home/opt/arm-toolchains/gcc-arm-none-eabi-7-2018-q2-update/bin/../lib/gcc/arm-none-eabi/7.3.1/../../../../arm-none-eabi/lib/thumb/v6-m/libg_nano.a(lib_a-isdigit.o)
 .debug_frame   0x0000000000000000       0x28 /home/opt/arm-toolchains/gcc-arm-none-eabi-7-2018-q2-update/bin/../lib/gcc/arm-none-eabi/7.3.1/../../../../arm-none-eabi/lib/thumb/v6-m/libg_nano.a(lib_a-isdigit.o)
 .ARM.attributes
                0x0000000000000000       0x2c /home/opt/arm-toolchains/gcc-arm-none-eabi-7-2018-q2-update/bin/../lib/gcc/arm-none-eabi/7.3.1/../../../../arm-none-eabi/lib/thumb/v6-m/libg_nano.a(lib_a-isdigit.o)
 .text          0x0000000000000000        0x0 /home/opt/arm-toolchains/gcc-arm-none-eabi-7-2018-q2-update/bin/../lib/gcc/arm-none-eabi/7.3.1/../../../../arm-none-eabi/lib/thumb/v6-m/libg_nano.a(lib_a-locale.o)
 .data          0x0000000000000000        0x0 /home/opt/arm-toolchains/gcc-arm-none-eabi-7-2018-q2-update/bin/../lib/gcc/arm-none-eabi/7.3.1/../../../../arm-none-eabi/lib/thumb/v6-m/libg_nano.a(lib_a-locale.o)
 .bss           0x0000000000000000        0x0 /home/opt/arm-toolchains/gcc-arm-none-eabi-7-2018-q2-update/bin/../lib/gcc/arm-none-eabi/7.3.1/../../../../arm-none-eabi/lib/thumb/v6-m/libg_nano.a(lib_a-locale.o)
 .text._setlocale_r
                0x0000000000000000       0x40 /home/opt/arm-toolchains/gcc-arm-none-eabi-7-2018-q2-update/bin/../lib/gcc/arm-none-eabi/7.3.1/../../../../arm-none-eabi/lib/thumb/v6-m/libg_nano.a(lib_a-locale.o)
 .text.__locale_mb_cur_max
                0x0000000000000000       0x1c /home/opt/arm-toolchains/gcc-arm-none-eabi-7-2018-q2-update/bin/../lib/gcc/arm-none-eabi/7.3.1/../../../../arm-none-eabi/lib/thumb/v6-m/libg_nano.a(lib_a-locale.o)
 .text.__locale_ctype_ptr_l
                0x0000000000000000        0x6 /home/opt/arm-toolchains/gcc-arm-none-eabi-7-2018-q2-update/bin/../lib/gcc/arm-none-eabi/7.3.1/../../../../arm-none-eabi/lib/thumb/v6-m/libg_nano.a(lib_a-locale.o)
 .text.__locale_ctype_ptr
                0x0000000000000000       0x1c /home/opt/arm-toolchains/gcc-arm-none-eabi-7-2018-q2-update/bin/../lib/gcc/arm-none-eabi/7.3.1/../../../../arm-none-eabi/lib/thumb/v6-m/libg_nano.a(lib_a-locale.o)
 .text.setlocale
                0x0000000000000000       0x14 /home/opt/arm-toolchains/gcc-arm-none-eabi-7-2018-q2-update/bin/../lib/gcc/arm-none-eabi/7.3.1/../../../../arm-none-eabi/lib/thumb/v6-m/libg_nano.a(lib_a-locale.o)
 .bss._PathLocale
                0x0000000000000000        0x4 /home/opt/arm-toolchains/gcc-arm-none-eabi-7-2018-q2-update/bin/../lib/gcc/arm-none-eabi/7.3.1/../../../../arm-none-eabi/lib/thumb/v6-m/libg_nano.a(lib_a-locale.o)
 .data.__global_locale
                0x0000000000000000      0x16c /home/opt/arm-toolchains/gcc-arm-none-eabi-7-2018-q2-update/bin/../lib/gcc/arm-none-eabi/7.3.1/../../../../arm-none-eabi/lib/thumb/v6-m/libg_nano.a(lib_a-locale.o)
 .rodata._setlocale_r.str1.1
                0x0000000000000000        0x9 /home/opt/arm-toolchains/gcc-arm-none-eabi-7-2018-q2-update/bin/../lib/gcc/arm-none-eabi/7.3.1/../../../../arm-none-eabi/lib/thumb/v6-m/libg_nano.a(lib_a-locale.o)
 .rodata.str1.1
                0x0000000000000000        0x2 /home/opt/arm-toolchains/gcc-arm-none-eabi-7-2018-q2-update/bin/../lib/gcc/arm-none-eabi/7.3.1/../../../../arm-none-eabi/lib/thumb/v6-m/libg_nano.a(lib_a-locale.o)
 .debug_frame   0x0000000000000000       0x74 /home/opt/arm-toolchains/gcc-arm-none-eabi-7-2018-q2-update/bin/../lib/gcc/arm-none-eabi/7.3.1/../../../../arm-none-eabi/lib/thumb/v6-m/libg_nano.a(lib_a-locale.o)
 .ARM.attributes
                0x0000000000000000       0x2c /home/opt/arm-toolchains/gcc-arm-none-eabi-7-2018-q2-update/bin/../lib/gcc/arm-none-eabi/7.3.1/../../../../arm-none-eabi/lib/thumb/v6-m/libg_nano.a(lib_a-locale.o)
 .text          0x0000000000000000        0x0 /home/opt/arm-toolchains/gcc-arm-none-eabi-7-2018-q2-update/bin/../lib/gcc/arm-none-eabi/7.3.1/../../../../arm-none-eabi/lib/thumb/v6-m/libg_nano.a(lib_a-malloc.o)
 .data          0x0000000000000000        0x0 /home/opt/arm-toolchains/gcc-arm-none-eabi-7-2018-q2-update/bin/../lib/gcc/arm-none-eabi/7.3.1/../../../../arm-none-eabi/lib/thumb/v6-m/libg_nano.a(lib_a-malloc.o)
 .bss           0x0000000000000000        0x0 /home/opt/arm-toolchains/gcc-arm-none-eabi-7-2018-q2-update/bin/../lib/gcc/arm-none-eabi/7.3.1/../../../../arm-none-eabi/lib/thumb/v6-m/libg_nano.a(lib_a-malloc.o)
 .text.malloc   0x0000000000000000       0x14 /home/opt/arm-toolchains/gcc-arm-none-eabi-7-2018-q2-update/bin/../lib/gcc/arm-none-eabi/7.3.1/../../../../arm-none-eabi/lib/thumb/v6-m/libg_nano.a(lib_a-malloc.o)
 .text          0x0000000000000000        0x0 /home/opt/arm-toolchains/gcc-arm-none-eabi-7-2018-q2-update/bin/../lib/gcc/arm-none-eabi/7.3.1/../../../../arm-none-eabi/lib/thumb/v6-m/libg_nano.a(lib_a-mbtowc_r.o)
 .data          0x0000000000000000        0x0 /home/opt/arm-toolchains/gcc-arm-none-eabi-7-2018-q2-update/bin/../lib/gcc/arm-none-eabi/7.3.1/../../../../arm-none-eabi/lib/thumb/v6-m/libg_nano.a(lib_a-mbtowc_r.o)
 .bss           0x0000000000000000        0x0 /home/opt/arm-toolchains/gcc-arm-none-eabi-7-2018-q2-update/bin/../lib/gcc/arm-none-eabi/7.3.1/../../../../arm-none-eabi/lib/thumb/v6-m/libg_nano.a(lib_a-mbtowc_r.o)
 .text._mbtowc_r
                0x0000000000000000       0x24 /home/opt/arm-toolchains/gcc-arm-none-eabi-7-2018-q2-update/bin/../lib/gcc/arm-none-eabi/7.3.1/../../../../arm-none-eabi/lib/thumb/v6-m/libg_nano.a(lib_a-mbtowc_r.o)
 .text.__ascii_mbtowc
                0x0000000000000000       0x24 /home/opt/arm-toolchains/gcc-arm-none-eabi-7-2018-q2-update/bin/../lib/gcc/arm-none-eabi/7.3.1/../../../../arm-none-eabi/lib/thumb/v6-m/libg_nano.a(lib_a-mbtowc_r.o)
 .debug_frame   0x0000000000000000       0x44 /home/opt/arm-toolchains/gcc-arm-none-eabi-7-2018-q2-update/bin/../lib/gcc/arm-none-eabi/7.3.1/../../../../arm-none-eabi/lib/thumb/v6-m/libg_nano.a(lib_a-mbtowc_r.o)
 .ARM.attributes
                0x0000000000000000       0x2c /home/opt/arm-toolchains/gcc-arm-none-eabi-7-2018-q2-update/bin/../lib/gcc/arm-none-eabi/7.3.1/../../../../arm-none-eabi/lib/thumb/v6-m/libg_nano.a(lib_a-mbtowc_r.o)
 .text          0x0000000000000000        0x0 /home/opt/arm-toolchains/gcc-arm-none-eabi-7-2018-q2-update/bin/../lib/gcc/arm-none-eabi/7.3.1/../../../../arm-none-eabi/lib/thumb/v6-m/libg_nano.a(lib_a-nano-freer.o)
 .data          0x0000000000000000        0x0 /home/opt/arm-toolchains/gcc-arm-none-eabi-7-2018-q2-update/bin/../lib/gcc/arm-none-eabi/7.3.1/../../../../arm-none-eabi/lib/thumb/v6-m/libg_nano.a(lib_a-nano-freer.o)
 .bss           0x0000000000000000        0x0 /home/opt/arm-toolchains/gcc-arm-none-eabi-7-2018-q2-update/bin/../lib/gcc/arm-none-eabi/7.3.1/../../../../arm-none-eabi/lib/thumb/v6-m/libg_nano.a(lib_a-nano-freer.o)
 .text          0x0000000000000000        0x0 /home/opt/arm-toolchains/gcc-arm-none-eabi-7-2018-q2-update/bin/../lib/gcc/arm-none-eabi/7.3.1/../../../../arm-none-eabi/lib/thumb/v6-m/libg_nano.a(lib_a-nano-mallocr.o)
 .data          0x0000000000000000        0x0 /home/opt/arm-toolchains/gcc-arm-none-eabi-7-2018-q2-update/bin/../lib/gcc/arm-none-eabi/7.3.1/../../../../arm-none-eabi/lib/thumb/v6-m/libg_nano.a(lib_a-nano-mallocr.o)
 .bss           0x0000000000000000        0x0 /home/opt/arm-toolchains/gcc-arm-none-eabi-7-2018-q2-update/bin/../lib/gcc/arm-none-eabi/7.3.1/../../../../arm-none-eabi/lib/thumb/v6-m/libg_nano.a(lib_a-nano-mallocr.o)
 .text._malloc_r
                0x0000000000000000       0xbc /home/opt/arm-toolchains/gcc-arm-none-eabi-7-2018-q2-update/bin/../lib/gcc/arm-none-eabi/7.3.1/../../../../arm-none-eabi/lib/thumb/v6-m/libg_nano.a(lib_a-nano-mallocr.o)
 .bss.__malloc_sbrk_start
                0x0000000000000000        0x4 /home/opt/arm-toolchains/gcc-arm-none-eabi-7-2018-q2-update/bin/../lib/gcc/arm-none-eabi/7.3.1/../../../../arm-none-eabi/lib/thumb/v6-m/libg_nano.a(lib_a-nano-mallocr.o)
 .text          0x0000000000000000        0x0 /home/opt/arm-toolchains/gcc-arm-none-eabi-7-2018-q2-update/bin/../lib/gcc/arm-none-eabi/7.3.1/../../../../arm-none-eabi/lib/thumb/v6-m/libg_nano.a(lib_a-sbrkr.o)
 .data          0x0000000000000000        0x0 /home/opt/arm-toolchains/gcc-arm-none-eabi-7-2018-q2-update/bin/../lib/gcc/arm-none-eabi/7.3.1/../../../../arm-none-eabi/lib/thumb/v6-m/libg_nano.a(lib_a-sbrkr.o)
 .bss           0x0000000000000000        0x0 /home/opt/arm-toolchains/gcc-arm-none-eabi-7-2018-q2-update/bin/../lib/gcc/arm-none-eabi/7.3.1/../../../../arm-none-eabi/lib/thumb/v6-m/libg_nano.a(lib_a-sbrkr.o)
 .text._sbrk_r  0x0000000000000000       0x24 /home/opt/arm-toolchains/gcc-arm-none-eabi-7-2018-q2-update/bin/../lib/gcc/arm-none-eabi/7.3.1/../../../../arm-none-eabi/lib/thumb/v6-m/libg_nano.a(lib_a-sbrkr.o)
 .debug_frame   0x0000000000000000       0x2c /home/opt/arm-toolchains/gcc-arm-none-eabi-7-2018-q2-update/bin/../lib/gcc/arm-none-eabi/7.3.1/../../../../arm-none-eabi/lib/thumb/v6-m/libg_nano.a(lib_a-sbrkr.o)
 .ARM.attributes
                0x0000000000000000       0x2c /home/opt/arm-toolchains/gcc-arm-none-eabi-7-2018-q2-update/bin/../lib/gcc/arm-none-eabi/7.3.1/../../../../arm-none-eabi/lib/thumb/v6-m/libg_nano.a(lib_a-sbrkr.o)
 .text          0x0000000000000000       0x14 /home/opt/arm-toolchains/gcc-arm-none-eabi-7-2018-q2-update/bin/../lib/gcc/arm-none-eabi/7.3.1/../../../../arm-none-eabi/lib/thumb/v6-m/libg_nano.a(lib_a-strcmp.o)
 .data          0x0000000000000000        0x0 /home/opt/arm-toolchains/gcc-arm-none-eabi-7-2018-q2-update/bin/../lib/gcc/arm-none-eabi/7.3.1/../../../../arm-none-eabi/lib/thumb/v6-m/libg_nano.a(lib_a-strcmp.o)
 .bss           0x0000000000000000        0x0 /home/opt/arm-toolchains/gcc-arm-none-eabi-7-2018-q2-update/bin/../lib/gcc/arm-none-eabi/7.3.1/../../../../arm-none-eabi/lib/thumb/v6-m/libg_nano.a(lib_a-strcmp.o)
 .debug_frame   0x0000000000000000       0x20 /home/opt/arm-toolchains/gcc-arm-none-eabi-7-2018-q2-update/bin/../lib/gcc/arm-none-eabi/7.3.1/../../../../arm-none-eabi/lib/thumb/v6-m/libg_nano.a(lib_a-strcmp.o)
 .ARM.attributes
                0x0000000000000000       0x1c /home/opt/arm-toolchains/gcc-arm-none-eabi-7-2018-q2-update/bin/../lib/gcc/arm-none-eabi/7.3.1/../../../../arm-none-eabi/lib/thumb/v6-m/libg_nano.a(lib_a-strcmp.o)
 .data          0x0000000000000000        0x0 /home/opt/arm-toolchains/gcc-arm-none-eabi-7-2018-q2-update/bin/../lib/gcc/arm-none-eabi/7.3.1/../../../../arm-none-eabi/lib/thumb/v6-m/libg_nano.a(lib_a-strlen.o)
 .bss           0x0000000000000000        0x0 /home/opt/arm-toolchains/gcc-arm-none-eabi-7-2018-q2-update/bin/../lib/gcc/arm-none-eabi/7.3.1/../../../../arm-none-eabi/lib/thumb/v6-m/libg_nano.a(lib_a-strlen.o)
 .text          0x0000000000000000        0x0 /home/opt/arm-toolchains/gcc-arm-none-eabi-7-2018-q2-update/bin/../lib/gcc/arm-none-eabi/7.3.1/../../../../arm-none-eabi/lib/thumb/v6-m/libg_nano.a(lib_a-wctomb_r.o)
 .data          0x0000000000000000        0x0 /home/opt/arm-toolchains/gcc-arm-none-eabi-7-2018-q2-update/bin/../lib/gcc/arm-none-eabi/7.3.1/../../../../arm-none-eabi/lib/thumb/v6-m/libg_nano.a(lib_a-wctomb_r.o)
 .bss           0x0000000000000000        0x0 /home/opt/arm-toolchains/gcc-arm-none-eabi-7-2018-q2-update/bin/../lib/gcc/arm-none-eabi/7.3.1/../../../../arm-none-eabi/lib/thumb/v6-m/libg_nano.a(lib_a-wctomb_r.o)
 .text._wctomb_r
                0x0000000000000000       0x20 /home/opt/arm-toolchains/gcc-arm-none-eabi-7-2018-q2-update/bin/../lib/gcc/arm-none-eabi/7.3.1/../../../../arm-none-eabi/lib/thumb/v6-m/libg_nano.a(lib_a-wctomb_r.o)
 .text.__ascii_wctomb
                0x0000000000000000       0x18 /home/opt/arm-toolchains/gcc-arm-none-eabi-7-2018-q2-update/bin/../lib/gcc/arm-none-eabi/7.3.1/../../../../arm-none-eabi/lib/thumb/v6-m/libg_nano.a(lib_a-wctomb_r.o)
 .debug_frame   0x0000000000000000       0x38 /home/opt/arm-toolchains/gcc-arm-none-eabi-7-2018-q2-update/bin/../lib/gcc/arm-none-eabi/7.3.1/../../../../arm-none-eabi/lib/thumb/v6-m/libg_nano.a(lib_a-wctomb_r.o)
 .ARM.attributes
                0x0000000000000000       0x2c /home/opt/arm-toolchains/gcc-arm-none-eabi-7-2018-q2-update/bin/../lib/gcc/arm-none-eabi/7.3.1/../../../../arm-none-eabi/lib/thumb/v6-m/libg_nano.a(lib_a-wctomb_r.o)
 .text          0x0000000000000000        0x0 /home/opt/arm-toolchains/gcc-arm-none-eabi-7-2018-q2-update/bin/../lib/gcc/arm-none-eabi/7.3.1/../../../../arm-none-eabi/lib/thumb/v6-m/libg_nano.a(lib_a-ctype_.o)
 .data          0x0000000000000000        0x0 /home/opt/arm-toolchains/gcc-arm-none-eabi-7-2018-q2-update/bin/../lib/gcc/arm-none-eabi/7.3.1/../../../../arm-none-eabi/lib/thumb/v6-m/libg_nano.a(lib_a-ctype_.o)
 .bss           0x0000000000000000        0x0 /home/opt/arm-toolchains/gcc-arm-none-eabi-7-2018-q2-update/bin/../lib/gcc/arm-none-eabi/7.3.1/../../../../arm-none-eabi/lib/thumb/v6-m/libg_nano.a(lib_a-ctype_.o)
 .rodata._ctype_
                0x0000000000000000      0x101 /home/opt/arm-toolchains/gcc-arm-none-eabi-7-2018-q2-update/bin/../lib/gcc/arm-none-eabi/7.3.1/../../../../arm-none-eabi/lib/thumb/v6-m/libg_nano.a(lib_a-ctype_.o)
 .ARM.attributes
                0x0000000000000000       0x2c /home/opt/arm-toolchains/gcc-arm-none-eabi-7-2018-q2-update/bin/../lib/gcc/arm-none-eabi/7.3.1/../../../../arm-none-eabi/lib/thumb/v6-m/libg_nano.a(lib_a-ctype_.o)
 .text          0x0000000000000000        0x0 /home/opt/arm-toolchains/gcc-arm-none-eabi-7-2018-q2-update/bin/../lib/gcc/arm-none-eabi/7.3.1/../../../../arm-none-eabi/lib/thumb/v6-m/libg_nano.a(lib_a-mlock.o)
 .data          0x0000000000000000        0x0 /home/opt/arm-toolchains/gcc-arm-none-eabi-7-2018-q2-update/bin/../lib/gcc/arm-none-eabi/7.3.1/../../../../arm-none-eabi/lib/thumb/v6-m/libg_nano.a(lib_a-mlock.o)
 .bss           0x0000000000000000        0x0 /home/opt/arm-toolchains/gcc-arm-none-eabi-7-2018-q2-update/bin/../lib/gcc/arm-none-eabi/7.3.1/../../../../arm-none-eabi/lib/thumb/v6-m/libg_nano.a(lib_a-mlock.o)
 .data          0x0000000000000000        0x0 /home/opt/arm-toolchains/gcc-arm-none-eabi-7-2018-q2-update/bin/../lib/gcc/arm-none-eabi/7.3.1/thumb/v6-m/libgcc.a(_udivsi3.o)
 .bss           0x0000000000000000        0x0 /home/opt/arm-toolchains/gcc-arm-none-eabi-7-2018-q2-update/bin/../lib/gcc/arm-none-eabi/7.3.1/thumb/v6-m/libgcc.a(_udivsi3.o)
 .text          0x0000000000000000      0x1d4 /home/opt/arm-toolchains/gcc-arm-none-eabi-7-2018-q2-update/bin/../lib/gcc/arm-none-eabi/7.3.1/thumb/v6-m/libgcc.a(_divsi3.o)
 .data          0x0000000000000000        0x0 /home/opt/arm-toolchains/gcc-arm-none-eabi-7-2018-q2-update/bin/../lib/gcc/arm-none-eabi/7.3.1/thumb/v6-m/libgcc.a(_divsi3.o)
 .bss           0x0000000000000000        0x0 /home/opt/arm-toolchains/gcc-arm-none-eabi-7-2018-q2-update/bin/../lib/gcc/arm-none-eabi/7.3.1/thumb/v6-m/libgcc.a(_divsi3.o)
 .debug_frame   0x0000000000000000       0x20 /home/opt/arm-toolchains/gcc-arm-none-eabi-7-2018-q2-update/bin/../lib/gcc/arm-none-eabi/7.3.1/thumb/v6-m/libgcc.a(_divsi3.o)
 .ARM.attributes
                0x0000000000000000       0x1e /home/opt/arm-toolchains/gcc-arm-none-eabi-7-2018-q2-update/bin/../lib/gcc/arm-none-eabi/7.3.1/thumb/v6-m/libgcc.a(_divsi3.o)
 .data          0x0000000000000000        0x0 /home/opt/arm-toolchains/gcc-arm-none-eabi-7-2018-q2-update/bin/../lib/gcc/arm-none-eabi/7.3.1/thumb/v6-m/libgcc.a(_dvmd_tls.o)
 .bss           0x0000000000000000        0x0 /home/opt/arm-toolchains/gcc-arm-none-eabi-7-2018-q2-update/bin/../lib/gcc/arm-none-eabi/7.3.1/thumb/v6-m/libgcc.a(_dvmd_tls.o)
 .text          0x0000000000000000        0x0 /home/opt/arm-toolchains/gcc-arm-none-eabi-7-2018-q2-update/bin/../lib/gcc/arm-none-eabi/7.3.1/../../../../arm-none-eabi/lib/thumb/v6-m/libg_nano.a(lib_a-memset.o)
 .data          0x0000000000000000        0x0 /home/opt/arm-toolchains/gcc-arm-none-eabi-7-2018-q2-update/bin/../lib/gcc/arm-none-eabi/7.3.1/../../../../arm-none-eabi/lib/thumb/v6-m/libg_nano.a(lib_a-memset.o)
 .bss           0x0000000000000000        0x0 /home/opt/arm-toolchains/gcc-arm-none-eabi-7-2018-q2-update/bin/../lib/gcc/arm-none-eabi/7.3.1/../../../../arm-none-eabi/lib/thumb/v6-m/libg_nano.a(lib_a-memset.o)

Memory Configuration

Name             Origin             Length             Attributes
RAM              0x0000000020000000 0x0000000000004000 xrw
CCMRAM           0x0000000000000000 0x0000000000000000 xrw
FLASH            0x0000000008000000 0x0000000000010000 xr
FLASHB1          0x0000000000000000 0x0000000000000000 xr
EXTMEMB0         0x0000000000000000 0x0000000000000000 xr
EXTMEMB1         0x0000000000000000 0x0000000000000000 xr
EXTMEMB2         0x0000000000000000 0x0000000000000000 xr
EXTMEMB3         0x0000000000000000 0x0000000000000000 xr
MEMORY_ARRAY     0x0000000000000000 0x0000000000000000 xrw
*default*        0x0000000000000000 0xffffffffffffffff

Linker script and memory map

LOAD /tmp/cc21Ya40.ltrans0.ltrans.o
LOAD /home/opt/arm-toolchains/gcc-arm-none-eabi-7-2018-q2-update/bin/../lib/gcc/arm-none-eabi/7.3.1/../../../../arm-none-eabi/lib/thumb/v6-m/libstdc++_nano.a
LOAD /home/opt/arm-toolchains/gcc-arm-none-eabi-7-2018-q2-update/bin/../lib/gcc/arm-none-eabi/7.3.1/../../../../arm-none-eabi/lib/thumb/v6-m/libm.a
START GROUP
LOAD /home/opt/arm-toolchains/gcc-arm-none-eabi-7-2018-q2-update/bin/../lib/gcc/arm-none-eabi/7.3.1/thumb/v6-m/libgcc.a
LOAD /home/opt/arm-toolchains/gcc-arm-none-eabi-7-2018-q2-update/bin/../lib/gcc/arm-none-eabi/7.3.1/../../../../arm-none-eabi/lib/thumb/v6-m/libg_nano.a
LOAD /home/opt/arm-toolchains/gcc-arm-none-eabi-7-2018-q2-update/bin/../lib/gcc/arm-none-eabi/7.3.1/../../../../arm-none-eabi/lib/thumb/v6-m/libc_nano.a
END GROUP
START GROUP
LOAD /home/opt/arm-toolchains/gcc-arm-none-eabi-7-2018-q2-update/bin/../lib/gcc/arm-none-eabi/7.3.1/thumb/v6-m/libgcc.a
LOAD /home/opt/arm-toolchains/gcc-arm-none-eabi-7-2018-q2-update/bin/../lib/gcc/arm-none-eabi/7.3.1/../../../../arm-none-eabi/lib/thumb/v6-m/libc_nano.a
LOAD /home/opt/arm-toolchains/gcc-arm-none-eabi-7-2018-q2-update/bin/../lib/gcc/arm-none-eabi/7.3.1/../../../../arm-none-eabi/lib/thumb/v6-m/libnosys.a
END GROUP
START GROUP
LOAD /home/opt/arm-toolchains/gcc-arm-none-eabi-7-2018-q2-update/bin/../lib/gcc/arm-none-eabi/7.3.1/thumb/v6-m/libgcc.a
LOAD /home/opt/arm-toolchains/gcc-arm-none-eabi-7-2018-q2-update/bin/../lib/gcc/arm-none-eabi/7.3.1/../../../../arm-none-eabi/lib/thumb/v6-m/libc_nano.a
LOAD /home/opt/arm-toolchains/gcc-arm-none-eabi-7-2018-q2-update/bin/../lib/gcc/arm-none-eabi/7.3.1/../../../../arm-none-eabi/lib/thumb/v6-m/libnosys.a
END GROUP
                0x0000000020004000                __stack = (ORIGIN (RAM) + LENGTH (RAM))
                0x0000000020004000                _estack = __stack
                0x0000000000000800                __Main_Stack_Size = 0x800
                [!provide]                        PROVIDE (_Main_Stack_Size = __Main_Stack_Size)
                0x0000000020003800                __Main_Stack_Limit = (__stack - __Main_Stack_Size)
                [!provide]                        PROVIDE (_Main_Stack_Limit = __Main_Stack_Limit)
                0x0000000000000100                _Minimum_Stack_Size = 0x100
                0x000000002000053c                PROVIDE (_Heap_Begin = _end_noinit)
                0x0000000020003800                PROVIDE (_Heap_Limit = (__stack - __Main_Stack_Size))

.isr_vector     0x0000000008000000      0x294
 FILL mask 0xff
                0x0000000008000000                __vectors_start = ABSOLUTE (.)
                0x0000000008000000                __vectors_start__ = ABSOLUTE (.)
 *(.isr_vector)
 .isr_vector    0x0000000008000000       0xc4 /tmp/cc21Ya40.ltrans0.ltrans.o
                0x0000000008000000                g_pfnVectors
 *(.cfmconfig)
 *(.after_vectors .after_vectors.*)
 .after_vectors
                0x00000000080000c4      0x1d0 /tmp/cc21Ya40.ltrans0.ltrans.o
                0x00000000080000c4                _start
                0x0000000008000268                HardFault_Handler_C

.inits          0x0000000008000294       0x48
                0x0000000008000294                __data_regions_array_start = .
                0x0000000008000294        0x4 LONG 0x8006ed8 LOADADDR (.data)
                0x0000000008000298        0x4 LONG 0x20000000 ADDR (.data)
                0x000000000800029c        0x4 LONG 0x200000b8 (ADDR (.data) + SIZEOF (.data))
                0x00000000080002a0        0x4 LONG 0x8006ed8 LOADADDR (.data_CCMRAM)
                0x00000000080002a4        0x4 LONG 0x0 ADDR (.data_CCMRAM)
                0x00000000080002a8        0x4 LONG 0x0 (ADDR (.data_CCMRAM) + SIZEOF (.data_CCMRAM))
                0x00000000080002ac                __data_regions_array_end = .
                0x00000000080002ac                __bss_regions_array_start = .
                0x00000000080002ac        0x4 LONG 0x200000b8 ADDR (.bss)
                0x00000000080002b0        0x4 LONG 0x2000053c (ADDR (.bss) + SIZEOF (.bss))
                0x00000000080002b4        0x4 LONG 0x0 ADDR (.bss_CCMRAM)
                0x00000000080002b8        0x4 LONG 0x0 (ADDR (.bss_CCMRAM) + SIZEOF (.bss_CCMRAM))
                0x00000000080002bc                __bss_regions_array_end = .
 *(.init)
 *(.fini)
                0x00000000080002bc                . = ALIGN (0x4)
                0x00000000080002bc                PROVIDE (__preinit_array_start = .)
 *(.preinit_array_sysinit .preinit_array_sysinit.*)
 *(.preinit_array_platform .preinit_array_platform.*)
 *(.preinit_array .preinit_array.*)
                0x00000000080002bc                PROVIDE (__preinit_array_end = .)
                0x00000000080002bc                . = ALIGN (0x4)
                0x00000000080002bc                PROVIDE (__init_array_start = .)
 *(SORT_BY_NAME(.init_array.*))
 *(.init_array)
 .init_array    0x00000000080002bc       0x18 /tmp/cc21Ya40.ltrans0.ltrans.o
                0x00000000080002d4                PROVIDE (__init_array_end = .)
                0x00000000080002d4                . = ALIGN (0x4)
                0x00000000080002d4                PROVIDE (__fini_array_start = .)
 *(SORT_BY_NAME(.fini_array.*))
 *(.fini_array)
 .fini_array    0x00000000080002d4        0x8 /tmp/cc21Ya40.ltrans0.ltrans.o
                0x00000000080002dc                PROVIDE (__fini_array_end = .)

.flashtext
 *(.flashtext .flashtext.*)

.text           0x00000000080002dc     0x6bfc
 *(.text .text.*)
 .text.__cxa_pure_virtual
                0x00000000080002dc       0x14 /tmp/cc21Ya40.ltrans0.ltrans.o
 .text._exit    0x00000000080002f0        0xa /tmp/cc21Ya40.ltrans0.ltrans.o
 *fill*         0x00000000080002fa        0x2 
 .text.abort    0x00000000080002fc       0x14 /tmp/cc21Ya40.ltrans0.ltrans.o
 .text.__initialize_args
                0x0000000008000310       0x20 /tmp/cc21Ya40.ltrans0.ltrans.o
 .text.__initialize_hardware_early
                0x0000000008000330        0xc /tmp/cc21Ya40.ltrans0.ltrans.o
 .text.__initialize_hardware
                0x000000000800033c        0xc /tmp/cc21Ya40.ltrans0.ltrans.o
 .text.SystemInit
                0x0000000008000348       0x8c /tmp/cc21Ya40.ltrans0.ltrans.o
 .text.SystemCoreClockUpdate
                0x00000000080003d4       0xdc /tmp/cc21Ya40.ltrans0.ltrans.o
 .text.SetSysClock
                0x00000000080004b0       0xdc /tmp/cc21Ya40.ltrans0.ltrans.o
 .text._ZN4Gpio8getInputEP12GPIO_TypeDefh
                0x000000000800058c       0x30 /tmp/cc21Ya40.ltrans0.ltrans.o
 .text._ZN4Gpio8getInputEv
                0x00000000080005bc       0x22 /tmp/cc21Ya40.ltrans0.ltrans.o
 .text._ZN5Front11getkeyStateEv
                0x00000000080005de       0x80 /tmp/cc21Ya40.ltrans0.ltrans.o
 .text._ZN5Front11isKeyActiveEv
                0x000000000800065e       0x24 /tmp/cc21Ya40.ltrans0.ltrans.o
 .text._ZNK9Sterownik9isOtwarteEv
                0x0000000008000682       0x1e /tmp/cc21Ya40.ltrans0.ltrans.o
 .text._ZNK9Sterownik11isZamknieteEv
                0x00000000080006a0       0x1e /tmp/cc21Ya40.ltrans0.ltrans.o
 .text._ZNK9Sterownik7isPozarEv
                0x00000000080006be       0x26 /tmp/cc21Ya40.ltrans0.ltrans.o
 .text._ZNK9Sterownik17isAlarmAkustycznyEv
                0x00000000080006e4       0x26 /tmp/cc21Ya40.ltrans0.ltrans.o
 .text._ZNK9Sterownik19isPozarOrAlarmAkustEv
                0x000000000800070a       0x2e /tmp/cc21Ya40.ltrans0.ltrans.o
 .text._ZN5Front4pollEv
                0x0000000008000738       0xe4 /tmp/cc21Ya40.ltrans0.ltrans.o
 .text._ZN4Gpio11setOutputUpEP12GPIO_TypeDefh
                0x000000000800081c       0x24 /tmp/cc21Ya40.ltrans0.ltrans.o
 .text._ZN4Gpio13setOutputDownEP12GPIO_TypeDefh
                0x0000000008000840       0x26 /tmp/cc21Ya40.ltrans0.ltrans.o
 .text._ZN4Gpio9setOutputEP12GPIO_TypeDefhb
                0x0000000008000866       0x44 /tmp/cc21Ya40.ltrans0.ltrans.o
 .text._ZN4Gpio11setOutputUpEv
                0x00000000080008aa       0x1e /tmp/cc21Ya40.ltrans0.ltrans.o
 .text._ZN4Gpio13setOutputDownEv
                0x00000000080008c8       0x1e /tmp/cc21Ya40.ltrans0.ltrans.o
 .text._ZN4Gpio9setOutputEb
                0x00000000080008e6       0x26 /tmp/cc21Ya40.ltrans0.ltrans.o
 .text._ZN3Led3setENS_4ModeE
                0x000000000800090c       0x1c /tmp/cc21Ya40.ltrans0.ltrans.o
 .text._ZN3Led4tickEm
                0x0000000008000928      0x124 /tmp/cc21Ya40.ltrans0.ltrans.o
 .text._ZN8Keyboard11addToBufferENS_3KeyE
                0x0000000008000a4c       0x2c /tmp/cc21Ya40.ltrans0.ltrans.o
 .text._ZN8Keyboard13getPressedKeyEv
                0x0000000008000a78      0x122 /tmp/cc21Ya40.ltrans0.ltrans.o
 *fill*         0x0000000008000b9a        0x2 
 .text._ZN8Keyboard6co10msEv
                0x0000000008000b9c       0x50 /tmp/cc21Ya40.ltrans0.ltrans.o
 .text._ZN8Keyboard16getUnbufferedKeyEv
                0x0000000008000bec       0x1a /tmp/cc21Ya40.ltrans0.ltrans.o
 .text._ZN3HMIC2Ev
                0x0000000008000c06       0x4e /tmp/cc21Ya40.ltrans0.ltrans.o
 .text._ZN3HMI12setBackLightEb
                0x0000000008000c54       0x24 /tmp/cc21Ya40.ltrans0.ltrans.o
 .text._ZN3HMI4pollEv
                0x0000000008000c78       0xd4 /tmp/cc21Ya40.ltrans0.ltrans.o
 .text._ZN3HMI9isStartupEv
                0x0000000008000d4c       0x24 /tmp/cc21Ya40.ltrans0.ltrans.o
 .text._ZL12hmi_callbackv
                0x0000000008000d70       0x14 /tmp/cc21Ya40.ltrans0.ltrans.o
 .text._ZN3HMI11getInstanceEv
                0x0000000008000d84       0x10 /tmp/cc21Ya40.ltrans0.ltrans.o
 .text._Z41__static_initialization_and_destruction_0ii.lto_priv.0
                0x0000000008000d94       0x44 /tmp/cc21Ya40.ltrans0.ltrans.o
 .text._GLOBAL__sub_I_hmi
                0x0000000008000dd8       0x18 /tmp/cc21Ya40.ltrans0.ltrans.o
 .text.NVIC_SetPriority.lto_priv.6
                0x0000000008000df0       0xe8 /tmp/cc21Ya40.ltrans0.ltrans.o
 .text.SysTick_Config
                0x0000000008000ed8       0x48 /tmp/cc21Ya40.ltrans0.ltrans.o
 .text._ZN4Gpio7setMODEEP12GPIO_TypeDefhNS_8GpioModeE
                0x0000000008000f20       0x4e /tmp/cc21Ya40.ltrans0.ltrans.o
 .text._ZN4Gpio8setSpeedEP12GPIO_TypeDefhNS_9GpioSpeedE
                0x0000000008000f6e       0x50 /tmp/cc21Ya40.ltrans0.ltrans.o
 .text._ZN4Gpio11setPullUpDnEP12GPIO_TypeDefhNS_8GpioPuPdE
                0x0000000008000fbe       0x4e /tmp/cc21Ya40.ltrans0.ltrans.o
 .text._ZN4Gpio8setOTypeEP12GPIO_TypeDefhNS_9GpioOTypeE
                0x000000000800100c       0x56 /tmp/cc21Ya40.ltrans0.ltrans.o
 .text._ZN4Gpio7setMODEENS_8GpioModeE
                0x0000000008001062       0x26 /tmp/cc21Ya40.ltrans0.ltrans.o
 .text._ZN4Gpio8setSpeedENS_9GpioSpeedE
                0x0000000008001088       0x26 /tmp/cc21Ya40.ltrans0.ltrans.o
 .text._ZN4Gpio11setPullUpDnENS_8GpioPuPdE
                0x00000000080010ae       0x26 /tmp/cc21Ya40.ltrans0.ltrans.o
 .text._ZN4Gpio8setOTypeENS_9GpioOTypeE
                0x00000000080010d4       0x26 /tmp/cc21Ya40.ltrans0.ltrans.o
 .text._ZN4GpioC2EP12GPIO_TypeDefh
                0x00000000080010fa       0x4e /tmp/cc21Ya40.ltrans0.ltrans.o
 .text._ZN8Hardware13errorDispatchENS_9ErrorCodeE
                0x0000000008001148       0x3c /tmp/cc21Ya40.ltrans0.ltrans.o
 .text._ZN9QuickTask10getCounterEv
                0x0000000008001184       0x14 /tmp/cc21Ya40.ltrans0.ltrans.o
 .text._ZN9QuickTask23delayMsWithStoppedTasksEm
                0x0000000008001198       0x2e /tmp/cc21Ya40.ltrans0.ltrans.o
 *fill*         0x00000000080011c6        0x2 
 .text._ZL13flash_latencym
                0x00000000080011c8       0x34 /tmp/cc21Ya40.ltrans0.ltrans.o
 .text._ZL12pll_start_lbmm
                0x00000000080011fc       0xfc /tmp/cc21Ya40.ltrans0.ltrans.o
 .text._ZL7rccInitv
                0x00000000080012f8       0x64 /tmp/cc21Ya40.ltrans0.ltrans.o
 .text._ZN8Hardware4initEv
                0x000000000800135c       0x58 /tmp/cc21Ya40.ltrans0.ltrans.o
 .text._ZN8Hardware9WDOG_InitEv
                0x00000000080013b4        0x8 /tmp/cc21Ya40.ltrans0.ltrans.o
 .text._ZN8Hardware11WDOG_ReloadEv
                0x00000000080013bc        0x8 /tmp/cc21Ya40.ltrans0.ltrans.o
 .text._ZN8Hardware9NVIC_initEv
                0x00000000080013c4        0x8 /tmp/cc21Ya40.ltrans0.ltrans.o
 .text._ZN8Hardware12delayMsDirtyEm
                0x00000000080013cc       0x16 /tmp/cc21Ya40.ltrans0.ltrans.o
 *fill*         0x00000000080013e2        0x2 
 .text._Z41__static_initialization_and_destruction_0ii.lto_priv.1
                0x00000000080013e4       0x48 /tmp/cc21Ya40.ltrans0.ltrans.o
 .text._GLOBAL__sub_I__ZN8Hardware4initEv
                0x000000000800142c       0x18 /tmp/cc21Ya40.ltrans0.ltrans.o
 .text._ZN6VEprom9writeWordENS_9VirtAdresEt
                0x0000000008001444       0x54 /tmp/cc21Ya40.ltrans0.ltrans.o
 .text._ZN6VEprom8readWordENS_9VirtAdresEPt
                0x0000000008001498       0x6c /tmp/cc21Ya40.ltrans0.ltrans.o
 .text._ZN6VEprom8readWordENS_9VirtAdresE
                0x0000000008001504       0x34 /tmp/cc21Ya40.ltrans0.ltrans.o
 .text._ZN4Gpio9getOutputEP12GPIO_TypeDefh
                0x0000000008001538       0x30 /tmp/cc21Ya40.ltrans0.ltrans.o
 .text._ZN4Gpio9getOutputEv
                0x0000000008001568       0x22 /tmp/cc21Ya40.ltrans0.ltrans.o
 .text._ZN4Fifo7isEmptyEv
                0x000000000800158a       0x20 /tmp/cc21Ya40.ltrans0.ltrans.o
 .text._ZN4Fifo10isNotEmptyEv
                0x00000000080015aa       0x22 /tmp/cc21Ya40.ltrans0.ltrans.o
 .text._ZN8Keyboard13getFromBufferEv
                0x00000000080015cc       0x44 /tmp/cc21Ya40.ltrans0.ltrans.o
 .text._ZN8Keyboard6getKeyEv
                0x0000000008001610       0x1a /tmp/cc21Ya40.ltrans0.ltrans.o
 .text._ZN11FrameBuffer14setRefreshNeedEv
                0x000000000800162a       0x14 /tmp/cc21Ya40.ltrans0.ltrans.o
 .text._ZN11FrameBuffer19checkCursorPositionEv
                0x000000000800163e       0x3e /tmp/cc21Ya40.ltrans0.ltrans.o
 .text._ZNK11FrameBuffer7getROWSEv
                0x000000000800167c       0x14 /tmp/cc21Ya40.ltrans0.ltrans.o
 .text._ZNK11FrameBuffer10getCOLUMNSEv
                0x0000000008001690       0x14 /tmp/cc21Ya40.ltrans0.ltrans.o
 .text._ZN11FrameBuffer11cursorRightEv
                0x00000000080016a4       0x3a /tmp/cc21Ya40.ltrans0.ltrans.o
 .text._ZN11FrameBuffer6gotoXYEmm
                0x00000000080016de       0x5a /tmp/cc21Ya40.ltrans0.ltrans.o
 .text._ZN11FrameBuffer5printEc
                0x0000000008001738       0x3c /tmp/cc21Ya40.ltrans0.ltrans.o
 .text._ZN11FrameBuffer5printEPKc
                0x0000000008001774       0x30 /tmp/cc21Ya40.ltrans0.ltrans.o
 .text._ZN11FrameBuffer7printXYEmmPKc
                0x00000000080017a4       0x2c /tmp/cc21Ya40.ltrans0.ltrans.o
 .text._ZN11FrameBuffer9clearLineEt
                0x00000000080017d0       0x7c /tmp/cc21Ya40.ltrans0.ltrans.o
 .text._ZN11FrameBuffer10cursorModeENS_10CursorModeE
                0x000000000800184c       0x1c /tmp/cc21Ya40.ltrans0.ltrans.o
 .text._ZN11FrameBuffer23printNumbersWithPatternEPKcm
                0x0000000008001868       0x56 /tmp/cc21Ya40.ltrans0.ltrans.o
 .text._ZN11FrameBuffer23printSymbolsWithPatternEPKcS1_c
                0x00000000080018be       0x70 /tmp/cc21Ya40.ltrans0.ltrans.o
 .text._ZN7HBridge8setPowerENS_5POWERE
                0x000000000800192e       0x7a /tmp/cc21Ya40.ltrans0.ltrans.o
 .text._ZN11Silnik24VDC11setType1234Eb
                0x00000000080019a8       0x1c /tmp/cc21Ya40.ltrans0.ltrans.o
 .text._ZN7Hamulec16gotoSafePositionEb
                0x00000000080019c4       0x34 /tmp/cc21Ya40.ltrans0.ltrans.o
 .text._ZN7Hamulec7setModeENS_4MODEE
                0x00000000080019f8       0x30 /tmp/cc21Ya40.ltrans0.ltrans.o
 .text._ZN7Hamulec7setModeENS_4MODEEb
                0x0000000008001a28       0x3a /tmp/cc21Ya40.ltrans0.ltrans.o
 .text._ZN7Hamulec5hamujEb
                0x0000000008001a62       0x92 /tmp/cc21Ya40.ltrans0.ltrans.o
 .text._ZNK9Sterownik9getSilnikEv
                0x0000000008001af4       0x2c /tmp/cc21Ya40.ltrans0.ltrans.o
 .text._ZN9Sterownik10fixOutputsEv
                0x0000000008001b20       0x24 /tmp/cc21Ya40.ltrans0.ltrans.o
 .text._ZN9Sterownik12checkPozycjaEv
                0x0000000008001b44       0x74 /tmp/cc21Ya40.ltrans0.ltrans.o
 .text._ZN9Sterownik9checkRuchEv
                0x0000000008001bb8       0xea /tmp/cc21Ya40.ltrans0.ltrans.o
 *fill*         0x0000000008001ca2        0x2 
 .text._ZN9Sterownik9initNapedEv
                0x0000000008001ca4       0xcc /tmp/cc21Ya40.ltrans0.ltrans.o
 .text._ZNK9Sterownik11isTyp230VACEv
                0x0000000008001d70       0x26 /tmp/cc21Ya40.ltrans0.ltrans.o
 .text._ZNK9Sterownik12getTypNapeduEv
                0x0000000008001d96       0x14 /tmp/cc21Ya40.ltrans0.ltrans.o
 .text._ZNK9Sterownik17isZakazOtwieraniaEv
                0x0000000008001daa       0x1e /tmp/cc21Ya40.ltrans0.ltrans.o
 .text._ZNK9Sterownik16isZakazZamykaniaEv
                0x0000000008001dc8       0x1e /tmp/cc21Ya40.ltrans0.ltrans.o
 .text._ZNK9Sterownik8isAwariaEv
                0x0000000008001de6       0x14 /tmp/cc21Ya40.ltrans0.ltrans.o
 .text._ZN9Sterownik14isOpenPossibleEv
                0x0000000008001dfa       0x58 /tmp/cc21Ya40.ltrans0.ltrans.o
 .text._ZN9Sterownik15isClosePossibleEv
                0x0000000008001e52       0x42 /tmp/cc21Ya40.ltrans0.ltrans.o
 .text._ZN9Sterownik9zatrzymajEv
                0x0000000008001e94       0x22 /tmp/cc21Ya40.ltrans0.ltrans.o
 .text._ZN9Sterownik8setNapedENS_5NAPEDE
                0x0000000008001eb6       0x3a /tmp/cc21Ya40.ltrans0.ltrans.o
 .text._ZN9Sterownik12getPrevNapedENS_5NAPEDE
                0x0000000008001ef0       0x44 /tmp/cc21Ya40.ltrans0.ltrans.o
 .text._ZN9Sterownik12getNextNapedENS_5NAPEDE
                0x0000000008001f34       0x48 /tmp/cc21Ya40.ltrans0.ltrans.o
 .text._ZNK9Sterownik13getOpisNapeduEv
                0x0000000008001f7c       0x1c /tmp/cc21Ya40.ltrans0.ltrans.o
 .text._ZN9Sterownik13getOpisNapeduENS_5NAPEDE
                0x0000000008001f98       0x58 /tmp/cc21Ya40.ltrans0.ltrans.o
 .text._ZN9Sterownik16gotoSafePositionEb
                0x0000000008001ff0       0x6a /tmp/cc21Ya40.ltrans0.ltrans.o
 .text._ZN8Password3addEN8Keyboard3KeyE
                0x000000000800205a       0x7a /tmp/cc21Ya40.ltrans0.ltrans.o
 .text._ZN8Password9getCharAtEh
                0x00000000080020d4       0x7c /tmp/cc21Ya40.ltrans0.ltrans.o
 .text._ZN8Password6isFullEv
                0x0000000008002150       0x26 /tmp/cc21Ya40.ltrans0.ltrans.o
 .text._ZN8Password7isMatchEv
                0x0000000008002176       0x44 /tmp/cc21Ya40.ltrans0.ltrans.o
 .text._ZN8Password4saveEt
                0x00000000080021ba       0x1e /tmp/cc21Ya40.ltrans0.ltrans.o
 .text._ZN8Password5clearEv
                0x00000000080021d8       0x1a /tmp/cc21Ya40.ltrans0.ltrans.o
 .text._ZN8Password4saveEv
                0x00000000080021f2       0x18 /tmp/cc21Ya40.ltrans0.ltrans.o
 .text._ZN8Password9getStatusEv
                0x000000000800220a       0x32 /tmp/cc21Ya40.ltrans0.ltrans.o
 .text._ZN8Password7collectEN8Keyboard3KeyE
                0x000000000800223c       0x36 /tmp/cc21Ya40.ltrans0.ltrans.o
 .text._ZN8Password10getAsCharsEPc
                0x0000000008002272       0x4e /tmp/cc21Ya40.ltrans0.ltrans.o
 .text._ZL18getProgMainVersionv
                0x00000000080022c0        0xc /tmp/cc21Ya40.ltrans0.ltrans.o
 .text._ZL17getProgSubVersionv
                0x00000000080022cc        0xc /tmp/cc21Ya40.ltrans0.ltrans.o
 .text._ZN4Menu9goToEkranENS_5EKRANE
                0x00000000080022d8       0x58 /tmp/cc21Ya40.ltrans0.ltrans.o
 .text._ZN3HMI16isBackLightInUseEv
                0x0000000008002330       0x1c /tmp/cc21Ya40.ltrans0.ltrans.o
 .text._ZN5Praca19isAwariaSieci230VACEv
                0x000000000800234c       0x26 /tmp/cc21Ya40.ltrans0.ltrans.o
 .text._ZNK5Praca6getJobEv
                0x0000000008002372       0x14 /tmp/cc21Ya40.ltrans0.ltrans.o
 *fill*         0x0000000008002386        0x2 
 .text._ZN4Menu4pollEv
                0x0000000008002388      0x4ec /tmp/cc21Ya40.ltrans0.ltrans.o
 .text._ZL12getJobSymbolv
                0x0000000008002874       0x3c /tmp/cc21Ya40.ltrans0.ltrans.o
 .text._ZN4Menu9showEkranEv
                0x00000000080028b0      0x784 /tmp/cc21Ya40.ltrans0.ltrans.o
 .text._ZN6VEprom10addToValueENS_9VirtAdresEt
                0x0000000008003034       0x6a /tmp/cc21Ya40.ltrans0.ltrans.o
 .text._ZN9Sterownik11checkRelaysEv
                0x000000000800309e       0xf6 /tmp/cc21Ya40.ltrans0.ltrans.o
 .text._ZN9Sterownik9setBuzzerEb
                0x0000000008003194       0x28 /tmp/cc21Ya40.ltrans0.ltrans.o
 .text._ZN9Sterownik9isMotorOnEv
                0x00000000080031bc       0x44 /tmp/cc21Ya40.ltrans0.ltrans.o
 .text._ZN9Sterownik7podniesEv
                0x0000000008003200       0x32 /tmp/cc21Ya40.ltrans0.ltrans.o
 .text._ZN9Sterownik5opuscEv
                0x0000000008003232       0x32 /tmp/cc21Ya40.ltrans0.ltrans.o
 .text._ZN9Sterownik4pollEv
                0x0000000008003264       0x1e /tmp/cc21Ya40.ltrans0.ltrans.o
 .text._ZN5Front8getStateEv
                0x0000000008003282       0x14 /tmp/cc21Ya40.ltrans0.ltrans.o
 *fill*         0x0000000008003296        0x2 
 .text._ZN5Praca13isOpenRequestEv
                0x0000000008003298       0x80 /tmp/cc21Ya40.ltrans0.ltrans.o
 .text._ZN5Praca14isCloseRequestEv
                0x0000000008003318       0x74 /tmp/cc21Ya40.ltrans0.ltrans.o
 .text._ZN5Praca4pollEv
                0x000000000800338c      0x204 /tmp/cc21Ya40.ltrans0.ltrans.o
 .text._ZN5Praca9checkLEDsEv
                0x0000000008003590       0xe0 /tmp/cc21Ya40.ltrans0.ltrans.o
 .text._Z13pracaCallbackv
                0x0000000008003670       0x18 /tmp/cc21Ya40.ltrans0.ltrans.o
 .text._Z41__static_initialization_and_destruction_0ii.lto_priv.2
                0x0000000008003688       0x38 /tmp/cc21Ya40.ltrans0.ltrans.o
 .text._GLOBAL__sub_I__Z13pracaCallbackv
                0x00000000080036c0       0x18 /tmp/cc21Ya40.ltrans0.ltrans.o
 .text._ZN9QuickTask4holdEb
                0x00000000080036d8       0x20 /tmp/cc21Ya40.ltrans0.ltrans.o
 .text._ZN17CallbackInterfaceD2Ev
                0x00000000080036f8       0x1c /tmp/cc21Ya40.ltrans0.ltrans.o
 .text._ZN4Gpio7getModeEP12GPIO_TypeDefh
                0x0000000008003714       0x30 /tmp/cc21Ya40.ltrans0.ltrans.o
 .text._ZN4Gpio7getPullEP12GPIO_TypeDefh
                0x0000000008003744       0x30 /tmp/cc21Ya40.ltrans0.ltrans.o
 .text._ZN4Gpio8getSpeedEP12GPIO_TypeDefh
                0x0000000008003774       0x30 /tmp/cc21Ya40.ltrans0.ltrans.o
 .text._ZN4Gpio8getOTypeEP12GPIO_TypeDefh
                0x00000000080037a4       0x32 /tmp/cc21Ya40.ltrans0.ltrans.o
 .text._ZN4Gpio14setupFromCloneEP12GPIO_TypeDefhS1_h
                0x00000000080037d6       0x9c /tmp/cc21Ya40.ltrans0.ltrans.o
 .text._ZN4Gpio5setupENS_8GpioModeENS_9GpioOTypeENS_8GpioPuPdENS_9GpioSpeedE
                0x0000000008003872       0x60 /tmp/cc21Ya40.ltrans0.ltrans.o
 .text._ZN4Gpio14setupFromCloneEPS_
                0x00000000080038d2       0x24 /tmp/cc21Ya40.ltrans0.ltrans.o
 .text._ZN6VEprom4initEv
                0x00000000080038f6       0x2c /tmp/cc21Ya40.ltrans0.ltrans.o
 *fill*         0x0000000008003922        0x2 
 .text._ZN12SilnikNapeduD2Ev
                0x0000000008003924       0x1c /tmp/cc21Ya40.ltrans0.ltrans.o
 .text._ZN12SilnikNapeduC2Ev
                0x0000000008003940       0x24 /tmp/cc21Ya40.ltrans0.ltrans.o
 .text._ZN12Silnik230VACC2EP4GpioS1_
                0x0000000008003964       0x3c /tmp/cc21Ya40.ltrans0.ltrans.o
 .text._ZN12Silnik230VAC4initEv
                0x00000000080039a0       0x22 /tmp/cc21Ya40.ltrans0.ltrans.o
 .text._ZN12Silnik230VAC16gotoSafePositionEb
                0x00000000080039c2       0x2e /tmp/cc21Ya40.ltrans0.ltrans.o
 .text._ZN12Silnik230VAC7setMoveEN12SilnikNapedu4MOVEE
                0x00000000080039f0       0x78 /tmp/cc21Ya40.ltrans0.ltrans.o
 .text._ZN12Silnik230VAC7getMoveEv
                0x0000000008003a68       0x14 /tmp/cc21Ya40.ltrans0.ltrans.o
 .text._ZN7HBridge11setPullPlusENS_4PULLE
                0x0000000008003a7c       0x6a /tmp/cc21Ya40.ltrans0.ltrans.o
 .text._ZN7HBridge12setPullMinusENS_4PULLE
                0x0000000008003ae6       0x6a /tmp/cc21Ya40.ltrans0.ltrans.o
 .text._ZN7HBridgeC2EP4GpioS1_S1_S1_
                0x0000000008003b50       0x4e /tmp/cc21Ya40.ltrans0.ltrans.o
 .text._ZN7HBridge4initEv
                0x0000000008003b9e       0x6e /tmp/cc21Ya40.ltrans0.ltrans.o
 .text._ZN7HBridge4pollEv
                0x0000000008003c0c       0x68 /tmp/cc21Ya40.ltrans0.ltrans.o
 .text._ZN11Silnik24VDCC2EP7HBridgeS1_
                0x0000000008003c74       0x40 /tmp/cc21Ya40.ltrans0.ltrans.o
 .text._ZN11Silnik24VDC4initEv
                0x0000000008003cb4       0x22 /tmp/cc21Ya40.ltrans0.ltrans.o
 .text._ZN11Silnik24VDC16gotoSafePositionEb
                0x0000000008003cd6       0x30 /tmp/cc21Ya40.ltrans0.ltrans.o
 .text._ZN11Silnik24VDC7setMoveEN12SilnikNapedu4MOVEE
                0x0000000008003d06       0xec /tmp/cc21Ya40.ltrans0.ltrans.o
 .text._ZN11Silnik24VDC7getMoveEv
                0x0000000008003df2       0x14 /tmp/cc21Ya40.ltrans0.ltrans.o
 .text._ZN7HamulecC2EP7HBridge
                0x0000000008003e06       0x2c /tmp/cc21Ya40.ltrans0.ltrans.o
 .text._ZN7Hamulec4initEv
                0x0000000008003e32       0x22 /tmp/cc21Ya40.ltrans0.ltrans.o
 .text._ZN3Led7preinitEv
                0x0000000008003e54       0x20 /tmp/cc21Ya40.ltrans0.ltrans.o
 .text._ZN3LedC2EP12GPIO_TypeDefh
                0x0000000008003e74       0x2e /tmp/cc21Ya40.ltrans0.ltrans.o
 .text._ZN3Led4initENS_4TypeENS_4ModeE
                0x0000000008003ea2       0x44 /tmp/cc21Ya40.ltrans0.ltrans.o
 *fill*         0x0000000008003ee6        0x2 
 .text._ZN6Pinout4initEv
                0x0000000008003ee8      0x240 /tmp/cc21Ya40.ltrans0.ltrans.o
 .text._ZN9SterownikC2EP11Silnik24VDCP12Silnik230VACP7Hamulec
                0x0000000008004128       0x48 /tmp/cc21Ya40.ltrans0.ltrans.o
 .text._ZN9Sterownik4initEv
                0x0000000008004170       0x54 /tmp/cc21Ya40.ltrans0.ltrans.o
 .text._ZN8KeyboardC2EP4GpioS1_S1_S1_
                0x00000000080041c4       0x68 /tmp/cc21Ya40.ltrans0.ltrans.o
 .text._ZN8Keyboard4initEv
                0x000000000800422c       0x50 /tmp/cc21Ya40.ltrans0.ltrans.o
 .text._ZN11FrameBuffer11clearScreenEv
                0x000000000800427c       0x38 /tmp/cc21Ya40.ltrans0.ltrans.o
 .text._ZN8PasswordC2Ev
                0x00000000080042b4       0x24 /tmp/cc21Ya40.ltrans0.ltrans.o
 .text._ZN8Password4initEv
                0x00000000080042d8       0x48 /tmp/cc21Ya40.ltrans0.ltrans.o
 .text._ZN4Menu4initEP9SterownikP8KeyboardP11FrameBuffer
                0x0000000008004320       0x36 /tmp/cc21Ya40.ltrans0.ltrans.o
 *fill*         0x0000000008004356        0x2 
 .text._ZN17CallbackInterfaceC2Ev
                0x0000000008004358       0x1c /tmp/cc21Ya40.ltrans0.ltrans.o
 .text._ZN9ST7032iFBC2Ev
                0x0000000008004374       0x48 /tmp/cc21Ya40.ltrans0.ltrans.o
 .text._ZN9ST7032iFBD2Ev
                0x00000000080043bc       0x24 /tmp/cc21Ya40.ltrans0.ltrans.o
 .text._ZN9ST7032iFBD0Ev
                0x00000000080043e0       0x24 /tmp/cc21Ya40.ltrans0.ltrans.o
 .text._ZN9ST7032iFB16callbackFunctionEv
                0x0000000008004404        0xe /tmp/cc21Ya40.ltrans0.ltrans.o
 .text._ZN9ST7032iFB14getFrameBufferEv
                0x0000000008004412       0x14 /tmp/cc21Ya40.ltrans0.ltrans.o
 .text._ZN9ST7032iFB12getBackLightEv
                0x0000000008004426       0x14 /tmp/cc21Ya40.ltrans0.ltrans.o
 .text._ZN5FrontC2EP4GpioS1_S1_S1_
                0x000000000800443a       0x36 /tmp/cc21Ya40.ltrans0.ltrans.o
 .text._ZN3HMI4initEP9SterownikP8KeyboardP5FrontP9ST7032iFBP4MenuP3LedSB_SB_
                0x0000000008004470       0xa2 /tmp/cc21Ya40.ltrans0.ltrans.o
 *fill*         0x0000000008004512        0x2 
 .text._ZN5Praca4initEv
                0x0000000008004514       0x2c /tmp/cc21Ya40.ltrans0.ltrans.o
 .text._ZN6PinoutC2Ev
                0x0000000008004540      0x350 /tmp/cc21Ya40.ltrans0.ltrans.o
 .text._ZN4MenuC2Ev
                0x0000000008004890       0x30 /tmp/cc21Ya40.ltrans0.ltrans.o
 .text._Z11hBridgePollv
                0x00000000080048c0       0x20 /tmp/cc21Ya40.ltrans0.ltrans.o
 .text.main     0x00000000080048e0      0x12c /tmp/cc21Ya40.ltrans0.ltrans.o
 .text._ZN11Silnik24VDCD2Ev
                0x0000000008004a0c       0x24 /tmp/cc21Ya40.ltrans0.ltrans.o
 .text._ZN11Silnik24VDCD0Ev
                0x0000000008004a30       0x24 /tmp/cc21Ya40.ltrans0.ltrans.o
 .text._ZN12Silnik230VACD2Ev
                0x0000000008004a54       0x24 /tmp/cc21Ya40.ltrans0.ltrans.o
 .text._ZN12Silnik230VACD0Ev
                0x0000000008004a78       0x24 /tmp/cc21Ya40.ltrans0.ltrans.o
 .text._Z41__static_initialization_and_destruction_0ii.lto_priv.3
                0x0000000008004a9c      0x1a0 /tmp/cc21Ya40.ltrans0.ltrans.o
 .text._GLOBAL__sub_I_pinout
                0x0000000008004c3c       0x18 /tmp/cc21Ya40.ltrans0.ltrans.o
 .text._GLOBAL__sub_D_pinout
                0x0000000008004c54       0x18 /tmp/cc21Ya40.ltrans0.ltrans.o
 .text._ZN4FifoC2EPhm
                0x0000000008004c6c       0x40 /tmp/cc21Ya40.ltrans0.ltrans.o
 .text._ZN4Fifo3putEh
                0x0000000008004cac       0x6e /tmp/cc21Ya40.ltrans0.ltrans.o
 .text._ZN4Fifo3getEv
                0x0000000008004d1a       0x5a /tmp/cc21Ya40.ltrans0.ltrans.o
 .text._ZN4Fifo6putAllEPS_
                0x0000000008004d74       0x64 /tmp/cc21Ya40.ltrans0.ltrans.o
 .text._ZN4Fifo9get_countEv
                0x0000000008004dd8       0x38 /tmp/cc21Ya40.ltrans0.ltrans.o
 .text._ZN11FrameBufferD2Ev
                0x0000000008004e10       0x1c /tmp/cc21Ya40.ltrans0.ltrans.o
 .text._ZN11FrameBufferD0Ev
                0x0000000008004e2c       0x24 /tmp/cc21Ya40.ltrans0.ltrans.o
 .text._ZN9QuickTask4tickEm
                0x0000000008004e50       0x6c /tmp/cc21Ya40.ltrans0.ltrans.o
 .text._ZN9QuickTask4pollEv
                0x0000000008004ebc       0x68 /tmp/cc21Ya40.ltrans0.ltrans.o
 .text._ZN9QuickTaskC2ENS_6QTTypeEPFvvEm
                0x0000000008004f24       0x94 /tmp/cc21Ya40.ltrans0.ltrans.o
 .text.SysTick_Handler
                0x0000000008004fb8        0xe /tmp/cc21Ya40.ltrans0.ltrans.o
 *fill*         0x0000000008004fc6        0x2 
 .text.EE_Init  0x0000000008004fc8      0x3d4 /tmp/cc21Ya40.ltrans0.ltrans.o
 .text.EE_ReadVariable
                0x000000000800539c       0xc8 /tmp/cc21Ya40.ltrans0.ltrans.o
 .text.EE_WriteVariable
                0x0000000008005464       0x5e /tmp/cc21Ya40.ltrans0.ltrans.o
 *fill*         0x00000000080054c2        0x2 
 .text.EE_Format
                0x00000000080054c4       0x68 /tmp/cc21Ya40.ltrans0.ltrans.o
 .text.EE_FindValidPage
                0x000000000800552c       0xb0 /tmp/cc21Ya40.ltrans0.ltrans.o
 .text.EE_VerifyPageFullWriteVariable
                0x00000000080055dc       0xe0 /tmp/cc21Ya40.ltrans0.ltrans.o
 .text.EE_PageTransfer
                0x00000000080056bc      0x1c8 /tmp/cc21Ya40.ltrans0.ltrans.o
 .text.itoaWithPattern
                0x0000000008005884       0xd2 /tmp/cc21Ya40.ltrans0.ltrans.o
 .text.my_strcpy
                0x0000000008005956       0x5c /tmp/cc21Ya40.ltrans0.ltrans.o
 .text.numberWithPattern
                0x00000000080059b2       0x2e /tmp/cc21Ya40.ltrans0.ltrans.o
 .text.FLASH_Unlock
                0x00000000080059e0       0x2c /tmp/cc21Ya40.ltrans0.ltrans.o
 .text.FLASH_Lock
                0x0000000008005a0c       0x18 /tmp/cc21Ya40.ltrans0.ltrans.o
 .text.FLASH_ErasePage
                0x0000000008005a24       0x78 /tmp/cc21Ya40.ltrans0.ltrans.o
 .text.FLASH_ProgramHalfWord
                0x0000000008005a9c       0x74 /tmp/cc21Ya40.ltrans0.ltrans.o
 .text.FLASH_GetStatus
                0x0000000008005b10       0x5c /tmp/cc21Ya40.ltrans0.ltrans.o
 .text.FLASH_WaitForLastOperation
                0x0000000008005b6c       0x5a /tmp/cc21Ya40.ltrans0.ltrans.o
 *fill*         0x0000000008005bc6        0x2 
 .text.NVIC_EnableIRQ
                0x0000000008005bc8       0x2c /tmp/cc21Ya40.ltrans0.ltrans.o
 .text.NVIC_SetPriority.lto_priv.7
                0x0000000008005bf4       0xe8 /tmp/cc21Ya40.ltrans0.ltrans.o
 .text._ZN4Gpio16setAlternateFuncEP12GPIO_TypeDefhh
                0x0000000008005cdc       0xc8 /tmp/cc21Ya40.ltrans0.ltrans.o
 .text._ZN4Gpio16setAlternateFuncEh
                0x0000000008005da4       0x2a /tmp/cc21Ya40.ltrans0.ltrans.o
 .text._ZN4Fifo5flushEv
                0x0000000008005dce       0x1a /tmp/cc21Ya40.ltrans0.ltrans.o
 .text._ZN3I2CC2Ev
                0x0000000008005de8       0x30 /tmp/cc21Ya40.ltrans0.ltrans.o
 .text._ZN3I2C21callCompletedCallbackEv
                0x0000000008005e18       0x26 /tmp/cc21Ya40.ltrans0.ltrans.o
 .text._ZN3I2C8setStateENS_5StateE
                0x0000000008005e3e       0x2c /tmp/cc21Ya40.ltrans0.ltrans.o
 .text._ZN3I2C6isBusyEv
                0x0000000008005e6a       0x1c /tmp/cc21Ya40.ltrans0.ltrans.o
 *fill*         0x0000000008005e86        0x2 
 .text._ZN3I2C11getInstanceEv
                0x0000000008005e88       0x10 /tmp/cc21Ya40.ltrans0.ltrans.o
 .text._ZN3I2C4initEPNS_10DeviceDefsE
                0x0000000008005e98       0x66 /tmp/cc21Ya40.ltrans0.ltrans.o
 *fill*         0x0000000008005efe        0x2 
 .text._ZN3I2C4initEv
                0x0000000008005f00      0x198 /tmp/cc21Ya40.ltrans0.ltrans.o
 .text._ZN3I2C8irqEventEv
                0x0000000008006098       0xc0 /tmp/cc21Ya40.ltrans0.ltrans.o
 .text._ZN3I2C16masterWriteBlockEP4Fifo
                0x0000000008006158      0x100 /tmp/cc21Ya40.ltrans0.ltrans.o
 .text.I2C1_IRQHandler
                0x0000000008006258       0x14 /tmp/cc21Ya40.ltrans0.ltrans.o
 .text.I2C2_IRQHandler
                0x000000000800626c       0x14 /tmp/cc21Ya40.ltrans0.ltrans.o
 .text._Z41__static_initialization_and_destruction_0ii.lto_priv.4
                0x0000000008006280       0x44 /tmp/cc21Ya40.ltrans0.ltrans.o
 .text._GLOBAL__sub_I_i2cInstance
                0x00000000080062c4       0x18 /tmp/cc21Ya40.ltrans0.ltrans.o
 .text._ZN11FrameBufferC2EmmPh
                0x00000000080062dc       0x54 /tmp/cc21Ya40.ltrans0.ltrans.o
 .text._ZNK11FrameBuffer9getBufferEv
                0x0000000008006330       0x14 /tmp/cc21Ya40.ltrans0.ltrans.o
 .text._ZN11FrameBuffer7getLineEmP4Fifo
                0x0000000008006344       0x78 /tmp/cc21Ya40.ltrans0.ltrans.o
 .text._ZN3I2C13setSlaveAdresEt
                0x00000000080063bc       0x1c /tmp/cc21Ya40.ltrans0.ltrans.o
 .text._ZN3I2C14masterTransmitEP4Fifo
                0x00000000080063d8       0x20 /tmp/cc21Ya40.ltrans0.ltrans.o
 .text._ZN3I2C20setCompletedCallbackEP17CallbackInterface
                0x00000000080063f8       0x16 /tmp/cc21Ya40.ltrans0.ltrans.o
 .text._ZN9ST7032iFB11sendCommandENS_10LcdCommandE
                0x000000000800640e       0x26 /tmp/cc21Ya40.ltrans0.ltrans.o
 .text._ZN9ST7032iFB6isBusyEv
                0x0000000008006434       0x1c /tmp/cc21Ya40.ltrans0.ltrans.o
 .text._ZN9ST7032iFB11setResetPinEb
                0x0000000008006450       0x24 /tmp/cc21Ya40.ltrans0.ltrans.o
 .text._ZN9ST7032iFB12setBackLightEb
                0x0000000008006474       0x24 /tmp/cc21Ya40.ltrans0.ltrans.o
 .text._ZN9ST7032iFB6gotoXYEhh
                0x0000000008006498       0x76 /tmp/cc21Ya40.ltrans0.ltrans.o
 .text._Z13dummyCallbackv
                0x000000000800650e        0xc /tmp/cc21Ya40.ltrans0.ltrans.o
 *fill*         0x000000000800651a        0x2 
 .text._ZN9ST7032iFB4pollEv
                0x000000000800651c       0x18 /tmp/cc21Ya40.ltrans0.ltrans.o
 .text._ZN9ST7032iFB12delayMsDirtyEm
                0x0000000008006534       0x18 /tmp/cc21Ya40.ltrans0.ltrans.o
 .text._ZN9ST7032iFB4initEP3I2CP4GpioS3_
                0x000000000800654c      0x178 /tmp/cc21Ya40.ltrans0.ltrans.o
 .text._ZN9ST7032iFB13sendCmdOrDataEbh
                0x00000000080066c4       0x66 /tmp/cc21Ya40.ltrans0.ltrans.o
 .text._ZN9ST7032iFB11sendCommandEh
                0x000000000800672a       0x26 /tmp/cc21Ya40.ltrans0.ltrans.o
 .text._ZN9ST7032iFB8sendLineEm
                0x0000000008006750       0x5c /tmp/cc21Ya40.ltrans0.ltrans.o
 .text._ZN9ST7032iFB7processEv
                0x00000000080067ac       0xe8 /tmp/cc21Ya40.ltrans0.ltrans.o
 .text._Z41__static_initialization_and_destruction_0ii.lto_priv.5
                0x0000000008006894       0x74 /tmp/cc21Ya40.ltrans0.ltrans.o
 .text._GLOBAL__sub_I__Z13dummyCallbackv
                0x0000000008006908       0x18 /tmp/cc21Ya40.ltrans0.ltrans.o
 .text._GLOBAL__sub_D__Z13dummyCallbackv
                0x0000000008006920       0x18 /tmp/cc21Ya40.ltrans0.ltrans.o
 .text._ZdlPvj  0x0000000008006938        0x8 /home/opt/arm-toolchains/gcc-arm-none-eabi-7-2018-q2-update/bin/../lib/gcc/arm-none-eabi/7.3.1/../../../../arm-none-eabi/lib/thumb/v6-m/libstdc++_nano.a(del_ops.o)
                0x0000000008006938                operator delete(void*, unsigned int)
 .text._ZdlPv   0x0000000008006940        0x8 /home/opt/arm-toolchains/gcc-arm-none-eabi-7-2018-q2-update/bin/../lib/gcc/arm-none-eabi/7.3.1/../../../../arm-none-eabi/lib/thumb/v6-m/libstdc++_nano.a(del_op.o)
                0x0000000008006940                operator delete(void*)
 .text.free     0x0000000008006948       0x14 /home/opt/arm-toolchains/gcc-arm-none-eabi-7-2018-q2-update/bin/../lib/gcc/arm-none-eabi/7.3.1/../../../../arm-none-eabi/lib/thumb/v6-m/libg_nano.a(lib_a-malloc.o)
                0x0000000008006948                free
 .text._free_r  0x000000000800695c       0x94 /home/opt/arm-toolchains/gcc-arm-none-eabi-7-2018-q2-update/bin/../lib/gcc/arm-none-eabi/7.3.1/../../../../arm-none-eabi/lib/thumb/v6-m/libg_nano.a(lib_a-nano-freer.o)
                0x000000000800695c                _free_r
 .text          0x00000000080069f0        0xe /home/opt/arm-toolchains/gcc-arm-none-eabi-7-2018-q2-update/bin/../lib/gcc/arm-none-eabi/7.3.1/../../../../arm-none-eabi/lib/thumb/v6-m/libg_nano.a(lib_a-strlen.o)
                0x00000000080069f0                strlen
 .text.__malloc_lock
                0x00000000080069fe        0x2 /home/opt/arm-toolchains/gcc-arm-none-eabi-7-2018-q2-update/bin/../lib/gcc/arm-none-eabi/7.3.1/../../../../arm-none-eabi/lib/thumb/v6-m/libg_nano.a(lib_a-mlock.o)
                0x00000000080069fe                __malloc_lock
 .text.__malloc_unlock
                0x0000000008006a00        0x2 /home/opt/arm-toolchains/gcc-arm-none-eabi-7-2018-q2-update/bin/../lib/gcc/arm-none-eabi/7.3.1/../../../../arm-none-eabi/lib/thumb/v6-m/libg_nano.a(lib_a-mlock.o)
                0x0000000008006a00                __malloc_unlock
 *fill*         0x0000000008006a02        0x2 
 .text          0x0000000008006a04      0x114 /home/opt/arm-toolchains/gcc-arm-none-eabi-7-2018-q2-update/bin/../lib/gcc/arm-none-eabi/7.3.1/thumb/v6-m/libgcc.a(_udivsi3.o)
                0x0000000008006a04                __udivsi3
                0x0000000008006a04                __aeabi_uidiv
                0x0000000008006b10                __aeabi_uidivmod
 .text          0x0000000008006b18        0x4 /home/opt/arm-toolchains/gcc-arm-none-eabi-7-2018-q2-update/bin/../lib/gcc/arm-none-eabi/7.3.1/thumb/v6-m/libgcc.a(_dvmd_tls.o)
                0x0000000008006b18                __aeabi_ldiv0
                0x0000000008006b18                __aeabi_idiv0
 .text.memset   0x0000000008006b1c       0x10 /home/opt/arm-toolchains/gcc-arm-none-eabi-7-2018-q2-update/bin/../lib/gcc/arm-none-eabi/7.3.1/../../../../arm-none-eabi/lib/thumb/v6-m/libg_nano.a(lib_a-memset.o)
                0x0000000008006b1c                memset
 *(.rodata .rodata.* .constdata .constdata.*)
 .rodata._ZZ18__cxa_pure_virtualE8__func__
                0x0000000008006b2c       0x13 /tmp/cc21Ya40.ltrans0.ltrans.o
 *fill*         0x0000000008006b3f        0x1 
 .rodata.abort.str1.4
                0x0000000008006b40       0x14 /tmp/cc21Ya40.ltrans0.ltrans.o
 .rodata._ZN5Front4pollEv
                0x0000000008006b54       0x14 /tmp/cc21Ya40.ltrans0.ltrans.o
 .rodata._ZN3Led4tickEm
                0x0000000008006b68       0x1c /tmp/cc21Ya40.ltrans0.ltrans.o
 .rodata._ZN8Hardware13errorDispatchENS_9ErrorCodeE
                0x0000000008006b84       0x14 /tmp/cc21Ya40.ltrans0.ltrans.o
 .rodata._ZN9Sterownik9initNapedEv
                0x0000000008006b98       0x18 /tmp/cc21Ya40.ltrans0.ltrans.o
 .rodata._ZN9Sterownik13getOpisNapeduENS_5NAPEDE.str1.4
                0x0000000008006bb0       0x49 /tmp/cc21Ya40.ltrans0.ltrans.o
 *fill*         0x0000000008006bf9        0x3 
 .rodata._ZN9Sterownik13getOpisNapeduENS_5NAPEDE
                0x0000000008006bfc       0x18 /tmp/cc21Ya40.ltrans0.ltrans.o
 .rodata._ZN4Menu4pollEv
                0x0000000008006c14       0x3c /tmp/cc21Ya40.ltrans0.ltrans.o
 .rodata._ZN4Menu9showEkranEv.str1.4
                0x0000000008006c50      0x1ac /tmp/cc21Ya40.ltrans0.ltrans.o
                                        0x1b1 (size before relaxing)
 .rodata._ZN4Menu9showEkranEv
                0x0000000008006dfc       0x3c /tmp/cc21Ya40.ltrans0.ltrans.o
 .rodata._ZTV9ST7032iFB
                0x0000000008006e38       0x14 /tmp/cc21Ya40.ltrans0.ltrans.o
 .rodata._ZTV11Silnik24VDC
                0x0000000008006e4c       0x1c /tmp/cc21Ya40.ltrans0.ltrans.o
 .rodata._ZTV12Silnik230VAC
                0x0000000008006e68       0x1c /tmp/cc21Ya40.ltrans0.ltrans.o
 .rodata._ZTV12SilnikNapedu
                0x0000000008006e84       0x1c /tmp/cc21Ya40.ltrans0.ltrans.o
 .rodata._ZTV17CallbackInterface
                0x0000000008006ea0       0x14 /tmp/cc21Ya40.ltrans0.ltrans.o
 .rodata._ZTV11FrameBuffer
                0x0000000008006eb4       0x10 /tmp/cc21Ya40.ltrans0.ltrans.o
 .rodata._ZN9ST7032iFB7processEv
                0x0000000008006ec4       0x14 /tmp/cc21Ya40.ltrans0.ltrans.o
 *(vtable)
 *(.eh_frame*)
 *(.glue_7)
 .glue_7        0x0000000008006ed8        0x0 linker stubs
 *(.glue_7t)
 .glue_7t       0x0000000008006ed8        0x0 linker stubs

.vfp11_veneer   0x0000000008006ed8        0x0
 .vfp11_veneer  0x0000000008006ed8        0x0 linker stubs

.v4_bx          0x0000000008006ed8        0x0
 .v4_bx         0x0000000008006ed8        0x0 linker stubs

.iplt           0x0000000008006ed8        0x0
 .iplt          0x0000000008006ed8        0x0 /home/opt/arm-toolchains/gcc-arm-none-eabi-7-2018-q2-update/bin/../lib/gcc/arm-none-eabi/7.3.1/../../../../arm-none-eabi/lib/thumb/v6-m/libstdc++_nano.a(del_ops.o)

.rel.dyn        0x0000000008006ed8        0x0
 .rel.iplt      0x0000000008006ed8        0x0 /home/opt/arm-toolchains/gcc-arm-none-eabi-7-2018-q2-update/bin/../lib/gcc/arm-none-eabi/7.3.1/../../../../arm-none-eabi/lib/thumb/v6-m/libstdc++_nano.a(del_ops.o)

.ARM.extab
 *(.ARM.extab* .gnu.linkonce.armextab.*)
                0x0000000008006ed8                . = ALIGN (0x4)
                0x0000000008006ed8                __exidx_start = .

.ARM.exidx
 *(.ARM.exidx* .gnu.linkonce.armexidx.*)
                0x0000000008006ed8                __exidx_end = .
                0x0000000008006ed8                . = ALIGN (0x4)
                0x0000000008006ed8                _etext = .
                0x0000000008006ed8                __etext = .

.data_CCMRAM    0x0000000000000000        0x0 load address 0x0000000008006ed8
 FILL mask 0xff
 *(.data.CCMRAM .data.CCMRAM.*)
                0x0000000000000000                . = ALIGN (0x4)
                0x0000000008006ed8                _sidata = LOADADDR (.data)

.data           0x0000000020000000       0xb8 load address 0x0000000008006ed8
 FILL mask 0xff
                0x0000000020000000                _sdata = .
                0x0000000020000000                __data_start__ = .
 *(.data_begin .data_begin.*)
 .data_begin    0x0000000020000000        0x4 /tmp/cc21Ya40.ltrans0.ltrans.o
 *(.data .data.*)
 .data.argv.4310
                0x0000000020000004        0x8 /tmp/cc21Ya40.ltrans0.ltrans.o
 .data.SystemCoreClock
                0x000000002000000c        0x4 /tmp/cc21Ya40.ltrans0.ltrans.o
 .data.AHBPrescTable
                0x0000000020000010       0x10 /tmp/cc21Ya40.ltrans0.ltrans.o
 .data.pins     0x0000000020000020        0x4 /tmp/cc21Ya40.ltrans0.ltrans.o
 .data.i2cDefs  0x0000000020000024       0x10 /tmp/cc21Ya40.ltrans0.ltrans.o
 .data.sterM    0x0000000020000034        0x4 /tmp/cc21Ya40.ltrans0.ltrans.o
 .data.job      0x0000000020000038       0x10 /tmp/cc21Ya40.ltrans0.ltrans.o
 .data.praca    0x0000000020000048        0x4 /tmp/cc21Ya40.ltrans0.ltrans.o
 .data._ZN9QuickTask6holdedE
                0x000000002000004c        0x1 /tmp/cc21Ya40.ltrans0.ltrans.o
 *fill*         0x000000002000004d        0x3 ff
 .data._impure_ptr
                0x0000000020000050        0x4 /home/opt/arm-toolchains/gcc-arm-none-eabi-7-2018-q2-update/bin/../lib/gcc/arm-none-eabi/7.3.1/../../../../arm-none-eabi/lib/thumb/v6-m/libg_nano.a(lib_a-impure.o)
                0x0000000020000050                _impure_ptr
 .data.impure_data
                0x0000000020000054       0x60 /home/opt/arm-toolchains/gcc-arm-none-eabi-7-2018-q2-update/bin/../lib/gcc/arm-none-eabi/7.3.1/../../../../arm-none-eabi/lib/thumb/v6-m/libg_nano.a(lib_a-impure.o)
 *(.data_end .data_end.*)
 .data_end      0x00000000200000b4        0x4 /tmp/cc21Ya40.ltrans0.ltrans.o
                0x00000000200000b8                . = ALIGN (0x4)
                0x00000000200000b8                _edata = .
                0x00000000200000b8                __data_end__ = .

.igot.plt       0x00000000200000b8        0x0 load address 0x0000000008006f90
 .igot.plt      0x00000000200000b8        0x0 /home/opt/arm-toolchains/gcc-arm-none-eabi-7-2018-q2-update/bin/../lib/gcc/arm-none-eabi/7.3.1/../../../../arm-none-eabi/lib/thumb/v6-m/libstdc++_nano.a(del_ops.o)

.bss_CCMRAM     0x0000000000000000        0x0
 *(.bss.CCMRAM .bss.CCMRAM.*)

.bss            0x00000000200000b8      0x484
                0x00000000200000b8                __bss_start__ = .
                0x00000000200000b8                _sbss = .
 *(.bss_begin .bss_begin.*)
 .bss_begin     0x00000000200000b8        0x4 /tmp/cc21Ya40.ltrans0.ltrans.o
 *(.bss .bss.*)
 .bss.name.4309
                0x00000000200000bc        0x1 /tmp/cc21Ya40.ltrans0.ltrans.o
 .bss._ZZN8Keyboard6co10msEvE6oldKey
                0x00000000200000bd        0x1 /tmp/cc21Ya40.ltrans0.ltrans.o
 *fill*         0x00000000200000be        0x2 
 .bss.hmi       0x00000000200000c0       0x2c /tmp/cc21Ya40.ltrans0.ltrans.o
 .bss.hmiQtsk   0x00000000200000ec       0x14 /tmp/cc21Ya40.ltrans0.ltrans.o
 .bss.gpioPomSygnL
                0x0000000020000100        0x8 /tmp/cc21Ya40.ltrans0.ltrans.o
 .bss.gpioPomZas24V
                0x0000000020000108        0x8 /tmp/cc21Ya40.ltrans0.ltrans.o
 .bss._ZN8Hardware11adcDmaErrorE
                0x0000000020000110        0x1 /tmp/cc21Ya40.ltrans0.ltrans.o
 *fill*         0x0000000020000111        0x3 
 .bss.pracaQtsk
                0x0000000020000114       0x14 /tmp/cc21Ya40.ltrans0.ltrans.o
 .bss.pinout    0x0000000020000128      0x1b8 /tmp/cc21Ya40.ltrans0.ltrans.o
 .bss.keys      0x00000000200002e0       0x2c /tmp/cc21Ya40.ltrans0.ltrans.o
 .bss.front     0x000000002000030c       0x14 /tmp/cc21Ya40.ltrans0.ltrans.o
 .bss.hBridgeHamulec
                0x0000000020000320       0x18 /tmp/cc21Ya40.ltrans0.ltrans.o
 .bss.hBridgeSilnik
                0x0000000020000338       0x18 /tmp/cc21Ya40.ltrans0.ltrans.o
 .bss.hamulec   0x0000000020000350        0x8 /tmp/cc21Ya40.ltrans0.ltrans.o
 .bss.silnik24VDC
                0x0000000020000358       0x14 /tmp/cc21Ya40.ltrans0.ltrans.o
 .bss.silnik230VAC
                0x000000002000036c       0x14 /tmp/cc21Ya40.ltrans0.ltrans.o
 .bss.i2c       0x0000000020000380        0x4 /tmp/cc21Ya40.ltrans0.ltrans.o
 .bss.st7032iDriver
                0x0000000020000384       0x1c /tmp/cc21Ya40.ltrans0.ltrans.o
 .bss.sterBramDym
                0x00000000200003a0       0x14 /tmp/cc21Ya40.ltrans0.ltrans.o
 .bss.menu      0x00000000200003b4       0x24 /tmp/cc21Ya40.ltrans0.ltrans.o
 .bss.hBridgeQtsk
                0x00000000200003d8       0x14 /tmp/cc21Ya40.ltrans0.ltrans.o
 .bss.taskbase  0x00000000200003ec        0x4 /tmp/cc21Ya40.ltrans0.ltrans.o
 .bss._ZN9QuickTask12milisCounterE
                0x00000000200003f0        0x4 /tmp/cc21Ya40.ltrans0.ltrans.o
 .bss.VirtAddVarTab
                0x00000000200003f4       0x14 /tmp/cc21Ya40.ltrans0.ltrans.o
 .bss.DataVar   0x0000000020000408        0x2 /tmp/cc21Ya40.ltrans0.ltrans.o
 *fill*         0x000000002000040a        0x2 
 .bss.i2cInstance
                0x000000002000040c       0x10 /tmp/cc21Ya40.ltrans0.ltrans.o
 .bss.buffer    0x000000002000041c       0x64 /tmp/cc21Ya40.ltrans0.ltrans.o
 .bss.dataFrame
                0x0000000020000480       0x18 /tmp/cc21Ya40.ltrans0.ltrans.o
 .bss._ZN9ST7032iFB14callbackObjectE
                0x0000000020000498        0x4 /tmp/cc21Ya40.ltrans0.ltrans.o
 .bss.st7032Task
                0x000000002000049c       0x14 /tmp/cc21Ya40.ltrans0.ltrans.o
 .bss.dataTab1  0x00000000200004b0       0x25 /tmp/cc21Ya40.ltrans0.ltrans.o
 *fill*         0x00000000200004d5        0x3 
 .bss.frame_buffer
                0x00000000200004d8       0x1c /tmp/cc21Ya40.ltrans0.ltrans.o
 .bss.dataTab2  0x00000000200004f4       0x25 /tmp/cc21Ya40.ltrans0.ltrans.o
 *fill*         0x0000000020000519        0x3 
 .bss.dataFifo  0x000000002000051c       0x18 /tmp/cc21Ya40.ltrans0.ltrans.o
 .bss.__malloc_free_list
                0x0000000020000534        0x4 /home/opt/arm-toolchains/gcc-arm-none-eabi-7-2018-q2-update/bin/../lib/gcc/arm-none-eabi/7.3.1/../../../../arm-none-eabi/lib/thumb/v6-m/libg_nano.a(lib_a-nano-mallocr.o)
                0x0000000020000534                __malloc_free_list
 *(COMMON)
 *(.bss_end .bss_end.*)
 .bss_end       0x0000000020000538        0x4 /tmp/cc21Ya40.ltrans0.ltrans.o
                0x000000002000053c                . = ALIGN (0x4)
                0x000000002000053c                __bss_end__ = .
                0x000000002000053c                _ebss = .

.noinit_CCMRAM
 *(.noinit.CCMRAM .noinit.CCMRAM.*)

.noinit         0x000000002000053c        0x0
                0x000000002000053c                _noinit = .
 *(.noinit .noinit.*)
                0x000000002000053c                . = ALIGN (0x4)
                0x000000002000053c                _end_noinit = .
                [!provide]                        PROVIDE (end = _end_noinit)
                [!provide]                        PROVIDE (_end = _end_noinit)
                [!provide]                        PROVIDE (__end = _end_noinit)
                [!provide]                        PROVIDE (__end__ = _end_noinit)

._check_stack   0x000000002000053c      0x100
                0x000000002000063c                . = (. + _Minimum_Stack_Size)
 *fill*         0x000000002000053c      0x100 

.b1text
 *(.b1text)
 *(.b1rodata)
 *(.b1rodata.*)

.eb0text
 *(.eb0text)
 *(.eb0rodata)
 *(.eb0rodata.*)

.eb1text
 *(.eb1text)
 *(.eb1rodata)
 *(.eb1rodata.*)

.eb2text
 *(.eb2text)
 *(.eb2rodata)
 *(.eb2rodata.*)

.eb3text
 *(.eb3text)
 *(.eb3rodata)
 *(.eb3rodata.*)

.stab
 *(.stab)

.stabstr
 *(.stabstr)

.stab.excl
 *(.stab.excl)

.stab.exclstr
 *(.stab.exclstr)

.stab.index
 *(.stab.index)

.stab.indexstr
 *(.stab.indexstr)

.comment        0x0000000000000000       0x7f
 *(.comment)
 .comment       0x0000000000000000       0x7f /tmp/cc21Ya40.ltrans0.ltrans.o
                                         0x80 (size before relaxing)

.ARM.attributes
                0x0000000000000000       0x2f
 .ARM.attributes
                0x0000000000000000       0x2f /tmp/cc21Ya40.ltrans0.ltrans.o
 .ARM.attributes
                0x000000000000002f       0x2c /home/opt/arm-toolchains/gcc-arm-none-eabi-7-2018-q2-update/bin/../lib/gcc/arm-none-eabi/7.3.1/../../../../arm-none-eabi/lib/thumb/v6-m/libstdc++_nano.a(del_ops.o)
 .ARM.attributes
                0x000000000000005b       0x2c /home/opt/arm-toolchains/gcc-arm-none-eabi-7-2018-q2-update/bin/../lib/gcc/arm-none-eabi/7.3.1/../../../../arm-none-eabi/lib/thumb/v6-m/libstdc++_nano.a(del_op.o)
 .ARM.attributes
                0x0000000000000087       0x2c /home/opt/arm-toolchains/gcc-arm-none-eabi-7-2018-q2-update/bin/../lib/gcc/arm-none-eabi/7.3.1/../../../../arm-none-eabi/lib/thumb/v6-m/libg_nano.a(lib_a-impure.o)
 .ARM.attributes
                0x00000000000000b3       0x2c /home/opt/arm-toolchains/gcc-arm-none-eabi-7-2018-q2-update/bin/../lib/gcc/arm-none-eabi/7.3.1/../../../../arm-none-eabi/lib/thumb/v6-m/libg_nano.a(lib_a-malloc.o)
 .ARM.attributes
                0x00000000000000df       0x2c /home/opt/arm-toolchains/gcc-arm-none-eabi-7-2018-q2-update/bin/../lib/gcc/arm-none-eabi/7.3.1/../../../../arm-none-eabi/lib/thumb/v6-m/libg_nano.a(lib_a-nano-freer.o)
 .ARM.attributes
                0x000000000000010b       0x2c /home/opt/arm-toolchains/gcc-arm-none-eabi-7-2018-q2-update/bin/../lib/gcc/arm-none-eabi/7.3.1/../../../../arm-none-eabi/lib/thumb/v6-m/libg_nano.a(lib_a-nano-mallocr.o)
 .ARM.attributes
                0x0000000000000137       0x1c /home/opt/arm-toolchains/gcc-arm-none-eabi-7-2018-q2-update/bin/../lib/gcc/arm-none-eabi/7.3.1/../../../../arm-none-eabi/lib/thumb/v6-m/libg_nano.a(lib_a-strlen.o)
 .ARM.attributes
                0x0000000000000153       0x2c /home/opt/arm-toolchains/gcc-arm-none-eabi-7-2018-q2-update/bin/../lib/gcc/arm-none-eabi/7.3.1/../../../../arm-none-eabi/lib/thumb/v6-m/libg_nano.a(lib_a-mlock.o)
 .ARM.attributes
                0x000000000000017f       0x1e /home/opt/arm-toolchains/gcc-arm-none-eabi-7-2018-q2-update/bin/../lib/gcc/arm-none-eabi/7.3.1/thumb/v6-m/libgcc.a(_udivsi3.o)
 .ARM.attributes
                0x000000000000019d       0x1e /home/opt/arm-toolchains/gcc-arm-none-eabi-7-2018-q2-update/bin/../lib/gcc/arm-none-eabi/7.3.1/thumb/v6-m/libgcc.a(_dvmd_tls.o)
 .ARM.attributes
                0x00000000000001bb       0x2c /home/opt/arm-toolchains/gcc-arm-none-eabi-7-2018-q2-update/bin/../lib/gcc/arm-none-eabi/7.3.1/../../../../arm-none-eabi/lib/thumb/v6-m/libg_nano.a(lib_a-memset.o)

.debug
 *(.debug)

.line
 *(.line)

.debug_srcinfo
 *(.debug_srcinfo)

.debug_sfnames
 *(.debug_sfnames)

.debug_aranges  0x0000000000000000      0xb00
 *(.debug_aranges)
 .debug_aranges
                0x0000000000000000      0xb00 /tmp/cc21Ya40.ltrans0.ltrans.o

.debug_pubnames
 *(.debug_pubnames)

.debug_info     0x0000000000000000     0x943b
 *(.debug_info .gnu.linkonce.wi.*)
 .debug_info    0x0000000000000000     0x943b /tmp/cc21Ya40.ltrans0.ltrans.o

.debug_abbrev   0x0000000000000000      0x8d8
 *(.debug_abbrev)
 .debug_abbrev  0x0000000000000000      0x8d8 /tmp/cc21Ya40.ltrans0.ltrans.o

.debug_line     0x0000000000000000     0x2844
 *(.debug_line)
 .debug_line    0x0000000000000000     0x2844 /tmp/cc21Ya40.ltrans0.ltrans.o

.debug_frame    0x0000000000000000     0x2ccc
 *(.debug_frame)
 .debug_frame   0x0000000000000000     0x2b74 /tmp/cc21Ya40.ltrans0.ltrans.o
 .debug_frame   0x0000000000002b74       0x28 /home/opt/arm-toolchains/gcc-arm-none-eabi-7-2018-q2-update/bin/../lib/gcc/arm-none-eabi/7.3.1/../../../../arm-none-eabi/lib/thumb/v6-m/libstdc++_nano.a(del_ops.o)
 .debug_frame   0x0000000000002b9c       0x28 /home/opt/arm-toolchains/gcc-arm-none-eabi-7-2018-q2-update/bin/../lib/gcc/arm-none-eabi/7.3.1/../../../../arm-none-eabi/lib/thumb/v6-m/libstdc++_nano.a(del_op.o)
 .debug_frame   0x0000000000002bc4       0x40 /home/opt/arm-toolchains/gcc-arm-none-eabi-7-2018-q2-update/bin/../lib/gcc/arm-none-eabi/7.3.1/../../../../arm-none-eabi/lib/thumb/v6-m/libg_nano.a(lib_a-malloc.o)
 .debug_frame   0x0000000000002c04       0x2c /home/opt/arm-toolchains/gcc-arm-none-eabi-7-2018-q2-update/bin/../lib/gcc/arm-none-eabi/7.3.1/../../../../arm-none-eabi/lib/thumb/v6-m/libg_nano.a(lib_a-nano-freer.o)
 .debug_frame   0x0000000000002c30       0x2c /home/opt/arm-toolchains/gcc-arm-none-eabi-7-2018-q2-update/bin/../lib/gcc/arm-none-eabi/7.3.1/../../../../arm-none-eabi/lib/thumb/v6-m/libg_nano.a(lib_a-nano-mallocr.o)
 .debug_frame   0x0000000000002c5c       0x30 /home/opt/arm-toolchains/gcc-arm-none-eabi-7-2018-q2-update/bin/../lib/gcc/arm-none-eabi/7.3.1/../../../../arm-none-eabi/lib/thumb/v6-m/libg_nano.a(lib_a-mlock.o)
 .debug_frame   0x0000000000002c8c       0x20 /home/opt/arm-toolchains/gcc-arm-none-eabi-7-2018-q2-update/bin/../lib/gcc/arm-none-eabi/7.3.1/thumb/v6-m/libgcc.a(_udivsi3.o)
 .debug_frame   0x0000000000002cac       0x20 /home/opt/arm-toolchains/gcc-arm-none-eabi-7-2018-q2-update/bin/../lib/gcc/arm-none-eabi/7.3.1/../../../../arm-none-eabi/lib/thumb/v6-m/libg_nano.a(lib_a-memset.o)

.debug_str      0x0000000000000000     0x2b01
 *(.debug_str)
 .debug_str     0x0000000000000000     0x2b01 /tmp/cc21Ya40.ltrans0.ltrans.o
                                       0x2d42 (size before relaxing)

.debug_loc
 *(.debug_loc)

.debug_macinfo
 *(.debug_macinfo)

.debug_weaknames
 *(.debug_weaknames)

.debug_funcnames
 *(.debug_funcnames)

.debug_typenames
 *(.debug_typenames)

.debug_varnames
 *(.debug_varnames)
OUTPUT(sterM.elf elf32-littlearm)

.debug_ranges   0x0000000000000000      0xb20
 .debug_ranges  0x0000000000000000      0xb20 /tmp/cc21Ya40.ltrans0.ltrans.o
