Archive member included to satisfy reference by file (symbol)

/home/opt/arm-toolchains/gcc-arm-none-eabi-7-2018-q2-update/bin/../lib/gcc/arm-none-eabi/7.3.1/../../../../arm-none-eabi/lib/thumb/v6-m/libstdc++_nano.a(del_ops.o)
                              ./src/main.o (symbol from plugin) (operator delete(void*, unsigned int))
/home/opt/arm-toolchains/gcc-arm-none-eabi-7-2018-q2-update/bin/../lib/gcc/arm-none-eabi/7.3.1/../../../../arm-none-eabi/lib/thumb/v6-m/libstdc++_nano.a(del_op.o)
                              /home/opt/arm-toolchains/gcc-arm-none-eabi-7-2018-q2-update/bin/../lib/gcc/arm-none-eabi/7.3.1/../../../../arm-none-eabi/lib/thumb/v6-m/libstdc++_nano.a(del_ops.o) (operator delete(void*))
/home/opt/arm-toolchains/gcc-arm-none-eabi-7-2018-q2-update/bin/../lib/gcc/arm-none-eabi/7.3.1/../../../../arm-none-eabi/lib/thumb/v6-m/libg_nano.a(lib_a-errno.o)
                              ./system/src/newlib/_sbrk.o (symbol from plugin) (__errno)
/home/opt/arm-toolchains/gcc-arm-none-eabi-7-2018-q2-update/bin/../lib/gcc/arm-none-eabi/7.3.1/../../../../arm-none-eabi/lib/thumb/v6-m/libg_nano.a(lib_a-impure.o)
                              /home/opt/arm-toolchains/gcc-arm-none-eabi-7-2018-q2-update/bin/../lib/gcc/arm-none-eabi/7.3.1/../../../../arm-none-eabi/lib/thumb/v6-m/libg_nano.a(lib_a-errno.o) (_impure_ptr)
/home/opt/arm-toolchains/gcc-arm-none-eabi-7-2018-q2-update/bin/../lib/gcc/arm-none-eabi/7.3.1/../../../../arm-none-eabi/lib/thumb/v6-m/libg_nano.a(lib_a-isdigit.o)
                              ./src/Menu.o (symbol from plugin) (isdigit)
/home/opt/arm-toolchains/gcc-arm-none-eabi-7-2018-q2-update/bin/../lib/gcc/arm-none-eabi/7.3.1/../../../../arm-none-eabi/lib/thumb/v6-m/libg_nano.a(lib_a-locale.o)
                              /home/opt/arm-toolchains/gcc-arm-none-eabi-7-2018-q2-update/bin/../lib/gcc/arm-none-eabi/7.3.1/../../../../arm-none-eabi/lib/thumb/v6-m/libg_nano.a(lib_a-isdigit.o) (__locale_ctype_ptr)
/home/opt/arm-toolchains/gcc-arm-none-eabi-7-2018-q2-update/bin/../lib/gcc/arm-none-eabi/7.3.1/../../../../arm-none-eabi/lib/thumb/v6-m/libg_nano.a(lib_a-malloc.o)
                              /home/opt/arm-toolchains/gcc-arm-none-eabi-7-2018-q2-update/bin/../lib/gcc/arm-none-eabi/7.3.1/../../../../arm-none-eabi/lib/thumb/v6-m/libstdc++_nano.a(del_op.o) (free)
/home/opt/arm-toolchains/gcc-arm-none-eabi-7-2018-q2-update/bin/../lib/gcc/arm-none-eabi/7.3.1/../../../../arm-none-eabi/lib/thumb/v6-m/libg_nano.a(lib_a-mbtowc_r.o)
                              /home/opt/arm-toolchains/gcc-arm-none-eabi-7-2018-q2-update/bin/../lib/gcc/arm-none-eabi/7.3.1/../../../../arm-none-eabi/lib/thumb/v6-m/libg_nano.a(lib_a-locale.o) (__ascii_mbtowc)
/home/opt/arm-toolchains/gcc-arm-none-eabi-7-2018-q2-update/bin/../lib/gcc/arm-none-eabi/7.3.1/../../../../arm-none-eabi/lib/thumb/v6-m/libg_nano.a(lib_a-nano-freer.o)
                              /home/opt/arm-toolchains/gcc-arm-none-eabi-7-2018-q2-update/bin/../lib/gcc/arm-none-eabi/7.3.1/../../../../arm-none-eabi/lib/thumb/v6-m/libg_nano.a(lib_a-malloc.o) (_free_r)
/home/opt/arm-toolchains/gcc-arm-none-eabi-7-2018-q2-update/bin/../lib/gcc/arm-none-eabi/7.3.1/../../../../arm-none-eabi/lib/thumb/v6-m/libg_nano.a(lib_a-nano-mallocr.o)
                              /home/opt/arm-toolchains/gcc-arm-none-eabi-7-2018-q2-update/bin/../lib/gcc/arm-none-eabi/7.3.1/../../../../arm-none-eabi/lib/thumb/v6-m/libg_nano.a(lib_a-malloc.o) (_malloc_r)
/home/opt/arm-toolchains/gcc-arm-none-eabi-7-2018-q2-update/bin/../lib/gcc/arm-none-eabi/7.3.1/../../../../arm-none-eabi/lib/thumb/v6-m/libg_nano.a(lib_a-sbrkr.o)
                              /home/opt/arm-toolchains/gcc-arm-none-eabi-7-2018-q2-update/bin/../lib/gcc/arm-none-eabi/7.3.1/../../../../arm-none-eabi/lib/thumb/v6-m/libg_nano.a(lib_a-nano-mallocr.o) (_sbrk_r)
/home/opt/arm-toolchains/gcc-arm-none-eabi-7-2018-q2-update/bin/../lib/gcc/arm-none-eabi/7.3.1/../../../../arm-none-eabi/lib/thumb/v6-m/libg_nano.a(lib_a-strcmp.o)
                              /home/opt/arm-toolchains/gcc-arm-none-eabi-7-2018-q2-update/bin/../lib/gcc/arm-none-eabi/7.3.1/../../../../arm-none-eabi/lib/thumb/v6-m/libg_nano.a(lib_a-locale.o) (strcmp)
/home/opt/arm-toolchains/gcc-arm-none-eabi-7-2018-q2-update/bin/../lib/gcc/arm-none-eabi/7.3.1/../../../../arm-none-eabi/lib/thumb/v6-m/libg_nano.a(lib_a-strlen.o)
                              ./src/Menu.o (symbol from plugin) (strlen)
/home/opt/arm-toolchains/gcc-arm-none-eabi-7-2018-q2-update/bin/../lib/gcc/arm-none-eabi/7.3.1/../../../../arm-none-eabi/lib/thumb/v6-m/libg_nano.a(lib_a-wctomb_r.o)
                              /home/opt/arm-toolchains/gcc-arm-none-eabi-7-2018-q2-update/bin/../lib/gcc/arm-none-eabi/7.3.1/../../../../arm-none-eabi/lib/thumb/v6-m/libg_nano.a(lib_a-locale.o) (__ascii_wctomb)
/home/opt/arm-toolchains/gcc-arm-none-eabi-7-2018-q2-update/bin/../lib/gcc/arm-none-eabi/7.3.1/../../../../arm-none-eabi/lib/thumb/v6-m/libg_nano.a(lib_a-ctype_.o)
                              /home/opt/arm-toolchains/gcc-arm-none-eabi-7-2018-q2-update/bin/../lib/gcc/arm-none-eabi/7.3.1/../../../../arm-none-eabi/lib/thumb/v6-m/libg_nano.a(lib_a-locale.o) (_ctype_)
/home/opt/arm-toolchains/gcc-arm-none-eabi-7-2018-q2-update/bin/../lib/gcc/arm-none-eabi/7.3.1/../../../../arm-none-eabi/lib/thumb/v6-m/libg_nano.a(lib_a-mlock.o)
                              /home/opt/arm-toolchains/gcc-arm-none-eabi-7-2018-q2-update/bin/../lib/gcc/arm-none-eabi/7.3.1/../../../../arm-none-eabi/lib/thumb/v6-m/libg_nano.a(lib_a-nano-freer.o) (__malloc_lock)
/home/opt/arm-toolchains/gcc-arm-none-eabi-7-2018-q2-update/bin/../lib/gcc/arm-none-eabi/7.3.1/thumb/v6-m/libgcc.a(_udivsi3.o)
                              /tmp/ccxVJ3GG.ltrans0.ltrans.o (__aeabi_uidiv)
/home/opt/arm-toolchains/gcc-arm-none-eabi-7-2018-q2-update/bin/../lib/gcc/arm-none-eabi/7.3.1/thumb/v6-m/libgcc.a(_divsi3.o)
                              /tmp/ccxVJ3GG.ltrans0.ltrans.o (__aeabi_idiv)
/home/opt/arm-toolchains/gcc-arm-none-eabi-7-2018-q2-update/bin/../lib/gcc/arm-none-eabi/7.3.1/thumb/v6-m/libgcc.a(_dvmd_tls.o)
                              /home/opt/arm-toolchains/gcc-arm-none-eabi-7-2018-q2-update/bin/../lib/gcc/arm-none-eabi/7.3.1/thumb/v6-m/libgcc.a(_udivsi3.o) (__aeabi_idiv0)
/home/opt/arm-toolchains/gcc-arm-none-eabi-7-2018-q2-update/bin/../lib/gcc/arm-none-eabi/7.3.1/../../../../arm-none-eabi/lib/thumb/v6-m/libg_nano.a(lib_a-memset.o)
                              /tmp/ccxVJ3GG.ltrans0.ltrans.o (memset)

Allocating common symbols
Common symbol       size              file

errno               0x4               /tmp/ccxVJ3GG.ltrans0.ltrans.o

Discarded input sections

 .text          0x0000000000000000        0x0 /tmp/ccxVJ3GG.ltrans0.ltrans.o
 .data          0x0000000000000000        0x0 /tmp/ccxVJ3GG.ltrans0.ltrans.o
 .bss           0x0000000000000000        0x0 /tmp/ccxVJ3GG.ltrans0.ltrans.o
 .text._ZN9__gnu_cxx27__verbose_terminate_handlerEv
                0x0000000000000000       0x14 /tmp/ccxVJ3GG.ltrans0.ltrans.o
 .rodata._ZZN9__gnu_cxx27__verbose_terminate_handlerEvE8__func__
                0x0000000000000000       0x1c /tmp/ccxVJ3GG.ltrans0.ltrans.o
 .bss.current_heap_end.3961
                0x0000000000000000        0x4 /tmp/ccxVJ3GG.ltrans0.ltrans.o
 .text._sbrk    0x0000000000000000       0x68 /tmp/ccxVJ3GG.ltrans0.ltrans.o
 .bss.__dso_handle
                0x0000000000000000        0x4 /tmp/ccxVJ3GG.ltrans0.ltrans.o
 .text.raise    0x0000000000000000       0x1e /tmp/ccxVJ3GG.ltrans0.ltrans.o
 .text.kill     0x0000000000000000       0x20 /tmp/ccxVJ3GG.ltrans0.ltrans.o
 .rodata.__assert_func.str1.4
                0x0000000000000000       0x43 /tmp/ccxVJ3GG.ltrans0.ltrans.o
 .text.__assert_func
                0x0000000000000000       0x1c /tmp/ccxVJ3GG.ltrans0.ltrans.o
 .rodata.assert_failed.str1.4
                0x0000000000000000       0x2b /tmp/ccxVJ3GG.ltrans0.ltrans.o
 .text.assert_failed
                0x0000000000000000       0x18 /tmp/ccxVJ3GG.ltrans0.ltrans.o
 .text.NVIC_SystemReset
                0x0000000000000000       0x20 /tmp/ccxVJ3GG.ltrans0.ltrans.o
 .text.__reset_hardware
                0x0000000000000000        0x8 /tmp/ccxVJ3GG.ltrans0.ltrans.o
 .rodata._ZL15SOTWARE_VERSION.lto_priv.12
                0x0000000000000000        0x2 /tmp/ccxVJ3GG.ltrans0.ltrans.o
 .rodata._ZL22MAX_OPOZN_ZAMK_POZ_sek.lto_priv.8
                0x0000000000000000        0x2 /tmp/ccxVJ3GG.ltrans0.ltrans.o
 .text._ZN9QuickTask22delayMsWithActiveTasksEm
                0x0000000000000000       0x34 /tmp/ccxVJ3GG.ltrans0.ltrans.o
 .text._ZN8Hardware21delayMsWithBackgroundEm
                0x0000000000000000       0x16 /tmp/ccxVJ3GG.ltrans0.ltrans.o
 .text._ZN11FrameBuffer10cursorLeftEv
                0x0000000000000000       0x30 /tmp/ccxVJ3GG.ltrans0.ltrans.o
 .text._ZN11FrameBuffer10cursorLeftEm
                0x0000000000000000       0x2a /tmp/ccxVJ3GG.ltrans0.ltrans.o
 .rodata._ZL15SOTWARE_VERSION.lto_priv.13
                0x0000000000000000        0x2 /tmp/ccxVJ3GG.ltrans0.ltrans.o
 .rodata._ZL22MAX_OPOZN_ZAMK_POZ_sek.lto_priv.9
                0x0000000000000000        0x2 /tmp/ccxVJ3GG.ltrans0.ltrans.o
 .text._ZN4Menu12printPatternEPKcm
                0x0000000000000000       0xb0 /tmp/ccxVJ3GG.ltrans0.ltrans.o
 .data._ZN6Pomiar12TS_CAL1_30oCE
                0x0000000000000000        0x4 /tmp/ccxVJ3GG.ltrans0.ltrans.o
 .data._ZN6Pomiar13TS_CAL2_110oCE
                0x0000000000000000        0x4 /tmp/ccxVJ3GG.ltrans0.ltrans.o
 .rodata._ZN6Pomiar7adcDefsE
                0x0000000000000000       0x40 /tmp/ccxVJ3GG.ltrans0.ltrans.o
 .text._ZN6Pomiar13getBattery_mVEt
                0x0000000000000000       0x3c /tmp/ccxVJ3GG.ltrans0.ltrans.o
 .text._ZN6Pomiar13getCurrent_mAEt
                0x0000000000000000       0x3c /tmp/ccxVJ3GG.ltrans0.ltrans.o
 .text._ZN6Pomiar12getOutput_mVEt
                0x0000000000000000       0x3c /tmp/ccxVJ3GG.ltrans0.ltrans.o
 .text._ZN6Pomiar5setupEPNS_6AdcDefE
                0x0000000000000000       0x1a /tmp/ccxVJ3GG.ltrans0.ltrans.o
 .text._ZN6Pomiar12initAdcGpiosEv
                0x0000000000000000       0x60 /tmp/ccxVJ3GG.ltrans0.ltrans.o
 .text._ZN6Pomiar7initADCEv
                0x0000000000000000      0x150 /tmp/ccxVJ3GG.ltrans0.ltrans.o
 .text._ZN6Pomiar7initDmaEv
                0x0000000000000000       0x64 /tmp/ccxVJ3GG.ltrans0.ltrans.o
 .rodata._ZL15SOTWARE_VERSION.lto_priv.14
                0x0000000000000000        0x2 /tmp/ccxVJ3GG.ltrans0.ltrans.o
 .rodata._ZL22MAX_OPOZN_ZAMK_POZ_sek.lto_priv.10
                0x0000000000000000        0x2 /tmp/ccxVJ3GG.ltrans0.ltrans.o
 .rodata._ZL15SOTWARE_VERSION.lto_priv.15
                0x0000000000000000        0x2 /tmp/ccxVJ3GG.ltrans0.ltrans.o
 .rodata._ZL22MAX_OPOZN_ZAMK_POZ_sek.lto_priv.11
                0x0000000000000000        0x2 /tmp/ccxVJ3GG.ltrans0.ltrans.o
 .rodata._ZL11I2C_FOR_LCD
                0x0000000000000000        0x4 /tmp/ccxVJ3GG.ltrans0.ltrans.o
 .text.AsciiBcdToValue
                0x0000000000000000       0x70 /tmp/ccxVJ3GG.ltrans0.ltrans.o
 .text.AsciiBcd2toByte
                0x0000000000000000       0x70 /tmp/ccxVJ3GG.ltrans0.ltrans.o
 .text._ZN4Fifo18getByteAs2HexAsciiEv
                0x0000000000000000       0x6c /tmp/ccxVJ3GG.ltrans0.ltrans.o
 .text._ZN4Fifo20get2BytesAs4HexAsciiEv
                0x0000000000000000       0x60 /tmp/ccxVJ3GG.ltrans0.ltrans.o
 .text._ZN4Fifo9getUInt16Ev
                0x0000000000000000       0x64 /tmp/ccxVJ3GG.ltrans0.ltrans.o
 .text._ZN4Fifo9getUInt32EPb
                0x0000000000000000       0x5a /tmp/ccxVJ3GG.ltrans0.ltrans.o
 .text._ZN4Fifo18putByteAs2AsciiBCDEh
                0x0000000000000000       0xce /tmp/ccxVJ3GG.ltrans0.ltrans.o
 .text._ZN4Fifo20put2BytesAs4AsciiBCDEt
                0x0000000000000000       0x3a /tmp/ccxVJ3GG.ltrans0.ltrans.o
 .text._ZN4Fifo9putStringEPKc
                0x0000000000000000       0x58 /tmp/ccxVJ3GG.ltrans0.ltrans.o
 .text._ZN4Fifo9putStringEPKcm
                0x0000000000000000       0x70 /tmp/ccxVJ3GG.ltrans0.ltrans.o
 .text._ZN4Fifo9putUint16Et
                0x0000000000000000       0x5e /tmp/ccxVJ3GG.ltrans0.ltrans.o
 .text._ZN4Fifo9putUint32Em
                0x0000000000000000       0x56 /tmp/ccxVJ3GG.ltrans0.ltrans.o
 .text._ZN4Fifo6isFullEv
                0x0000000000000000       0x4c /tmp/ccxVJ3GG.ltrans0.ltrans.o
 .text._ZN4Fifo5cloneEPS_
                0x0000000000000000       0x7e /tmp/ccxVJ3GG.ltrans0.ltrans.o
 .text.my_itoa  0x0000000000000000      0x14e /tmp/ccxVJ3GG.ltrans0.ltrans.o
 .text.my_htoa  0x0000000000000000       0x82 /tmp/ccxVJ3GG.ltrans0.ltrans.o
 .text.my_btoa  0x0000000000000000       0x5e /tmp/ccxVJ3GG.ltrans0.ltrans.o
 .text.power10  0x0000000000000000       0x38 /tmp/ccxVJ3GG.ltrans0.ltrans.o
 .text.FLASH_SetLatency
                0x0000000000000000       0x4c /tmp/ccxVJ3GG.ltrans0.ltrans.o
 .text.FLASH_PrefetchBufferCmd
                0x0000000000000000       0x54 /tmp/ccxVJ3GG.ltrans0.ltrans.o
 .text.FLASH_GetPrefetchBufferStatus
                0x0000000000000000       0x34 /tmp/ccxVJ3GG.ltrans0.ltrans.o
 .text.FLASH_EraseAllPages
                0x0000000000000000       0x68 /tmp/ccxVJ3GG.ltrans0.ltrans.o
 .text.FLASH_ProgramWord
                0x0000000000000000       0xd0 /tmp/ccxVJ3GG.ltrans0.ltrans.o
 .text.FLASH_OB_Unlock
                0x0000000000000000       0x2c /tmp/ccxVJ3GG.ltrans0.ltrans.o
 .text.FLASH_OB_Lock
                0x0000000000000000       0x1c /tmp/ccxVJ3GG.ltrans0.ltrans.o
 .text.FLASH_OB_Launch
                0x0000000000000000       0x1c /tmp/ccxVJ3GG.ltrans0.ltrans.o
 .text.FLASH_OB_Erase
                0x0000000000000000       0xdc /tmp/ccxVJ3GG.ltrans0.ltrans.o
 .text.FLASH_OB_EnableWRP
                0x0000000000000000      0x100 /tmp/ccxVJ3GG.ltrans0.ltrans.o
 .text.FLASH_OB_RDPConfig
                0x0000000000000000       0xf8 /tmp/ccxVJ3GG.ltrans0.ltrans.o
 .text.FLASH_OB_UserConfig
                0x0000000000000000      0x100 /tmp/ccxVJ3GG.ltrans0.ltrans.o
 .text.FLASH_OB_BOOTConfig
                0x0000000000000000       0xa4 /tmp/ccxVJ3GG.ltrans0.ltrans.o
 .text.FLASH_OB_BOOT0Config
                0x0000000000000000       0xa4 /tmp/ccxVJ3GG.ltrans0.ltrans.o
 .text.FLASH_OB_BOOT0SWConfig
                0x0000000000000000       0xa4 /tmp/ccxVJ3GG.ltrans0.ltrans.o
 .text.FLASH_OB_VDDAConfig
                0x0000000000000000       0xa4 /tmp/ccxVJ3GG.ltrans0.ltrans.o
 .text.FLASH_OB_SRAMParityConfig
                0x0000000000000000       0xa4 /tmp/ccxVJ3GG.ltrans0.ltrans.o
 .text.FLASH_OB_WriteUser
                0x0000000000000000       0x80 /tmp/ccxVJ3GG.ltrans0.ltrans.o
 .text.FLASH_OB_ProgramData
                0x0000000000000000       0xa4 /tmp/ccxVJ3GG.ltrans0.ltrans.o
 .text.FLASH_OB_GetUser
                0x0000000000000000       0x18 /tmp/ccxVJ3GG.ltrans0.ltrans.o
 .text.FLASH_OB_GetWRP
                0x0000000000000000       0x14 /tmp/ccxVJ3GG.ltrans0.ltrans.o
 .text.FLASH_OB_GetRDP
                0x0000000000000000       0x38 /tmp/ccxVJ3GG.ltrans0.ltrans.o
 .text.FLASH_ITConfig
                0x0000000000000000       0x78 /tmp/ccxVJ3GG.ltrans0.ltrans.o
 .text.FLASH_GetFlagStatus
                0x0000000000000000       0x64 /tmp/ccxVJ3GG.ltrans0.ltrans.o
 .text.FLASH_ClearFlag
                0x0000000000000000       0x34 /tmp/ccxVJ3GG.ltrans0.ltrans.o
 .bss._ZZN3I2C8irqErrorEvE3err
                0x0000000000000000        0x4 /tmp/ccxVJ3GG.ltrans0.ltrans.o
 .text._ZN3I2C8irqErrorEv
                0x0000000000000000       0x30 /tmp/ccxVJ3GG.ltrans0.ltrans.o
 .text._ZN3I2C15masterReadStartEm
                0x0000000000000000       0xc8 /tmp/ccxVJ3GG.ltrans0.ltrans.o
 .text._ZN9ST7032iFB7delayMsEm
                0x0000000000000000       0x18 /tmp/ccxVJ3GG.ltrans0.ltrans.o
 .text._ZN9ST7032iFB8sendDataEh
                0x0000000000000000       0x26 /tmp/ccxVJ3GG.ltrans0.ltrans.o
 COMMON         0x0000000000000000        0x4 /tmp/ccxVJ3GG.ltrans0.ltrans.o
 .text          0x0000000000000000        0x0 /home/opt/arm-toolchains/gcc-arm-none-eabi-7-2018-q2-update/bin/../lib/gcc/arm-none-eabi/7.3.1/../../../../arm-none-eabi/lib/thumb/v6-m/libstdc++_nano.a(del_ops.o)
 .data          0x0000000000000000        0x0 /home/opt/arm-toolchains/gcc-arm-none-eabi-7-2018-q2-update/bin/../lib/gcc/arm-none-eabi/7.3.1/../../../../arm-none-eabi/lib/thumb/v6-m/libstdc++_nano.a(del_ops.o)
 .bss           0x0000000000000000        0x0 /home/opt/arm-toolchains/gcc-arm-none-eabi-7-2018-q2-update/bin/../lib/gcc/arm-none-eabi/7.3.1/../../../../arm-none-eabi/lib/thumb/v6-m/libstdc++_nano.a(del_ops.o)
 .text          0x0000000000000000        0x0 /home/opt/arm-toolchains/gcc-arm-none-eabi-7-2018-q2-update/bin/../lib/gcc/arm-none-eabi/7.3.1/../../../../arm-none-eabi/lib/thumb/v6-m/libstdc++_nano.a(del_op.o)
 .data          0x0000000000000000        0x0 /home/opt/arm-toolchains/gcc-arm-none-eabi-7-2018-q2-update/bin/../lib/gcc/arm-none-eabi/7.3.1/../../../../arm-none-eabi/lib/thumb/v6-m/libstdc++_nano.a(del_op.o)
 .bss           0x0000000000000000        0x0 /home/opt/arm-toolchains/gcc-arm-none-eabi-7-2018-q2-update/bin/../lib/gcc/arm-none-eabi/7.3.1/../../../../arm-none-eabi/lib/thumb/v6-m/libstdc++_nano.a(del_op.o)
 .text          0x0000000000000000        0x0 /home/opt/arm-toolchains/gcc-arm-none-eabi-7-2018-q2-update/bin/../lib/gcc/arm-none-eabi/7.3.1/../../../../arm-none-eabi/lib/thumb/v6-m/libg_nano.a(lib_a-errno.o)
 .data          0x0000000000000000        0x0 /home/opt/arm-toolchains/gcc-arm-none-eabi-7-2018-q2-update/bin/../lib/gcc/arm-none-eabi/7.3.1/../../../../arm-none-eabi/lib/thumb/v6-m/libg_nano.a(lib_a-errno.o)
 .bss           0x0000000000000000        0x0 /home/opt/arm-toolchains/gcc-arm-none-eabi-7-2018-q2-update/bin/../lib/gcc/arm-none-eabi/7.3.1/../../../../arm-none-eabi/lib/thumb/v6-m/libg_nano.a(lib_a-errno.o)
 .text.__errno  0x0000000000000000        0xc /home/opt/arm-toolchains/gcc-arm-none-eabi-7-2018-q2-update/bin/../lib/gcc/arm-none-eabi/7.3.1/../../../../arm-none-eabi/lib/thumb/v6-m/libg_nano.a(lib_a-errno.o)
 .debug_frame   0x0000000000000000       0x20 /home/opt/arm-toolchains/gcc-arm-none-eabi-7-2018-q2-update/bin/../lib/gcc/arm-none-eabi/7.3.1/../../../../arm-none-eabi/lib/thumb/v6-m/libg_nano.a(lib_a-errno.o)
 .ARM.attributes
                0x0000000000000000       0x2c /home/opt/arm-toolchains/gcc-arm-none-eabi-7-2018-q2-update/bin/../lib/gcc/arm-none-eabi/7.3.1/../../../../arm-none-eabi/lib/thumb/v6-m/libg_nano.a(lib_a-errno.o)
 .text          0x0000000000000000        0x0 /home/opt/arm-toolchains/gcc-arm-none-eabi-7-2018-q2-update/bin/../lib/gcc/arm-none-eabi/7.3.1/../../../../arm-none-eabi/lib/thumb/v6-m/libg_nano.a(lib_a-impure.o)
 .data          0x0000000000000000        0x0 /home/opt/arm-toolchains/gcc-arm-none-eabi-7-2018-q2-update/bin/../lib/gcc/arm-none-eabi/7.3.1/../../../../arm-none-eabi/lib/thumb/v6-m/libg_nano.a(lib_a-impure.o)
 .bss           0x0000000000000000        0x0 /home/opt/arm-toolchains/gcc-arm-none-eabi-7-2018-q2-update/bin/../lib/gcc/arm-none-eabi/7.3.1/../../../../arm-none-eabi/lib/thumb/v6-m/libg_nano.a(lib_a-impure.o)
 .rodata._global_impure_ptr
                0x0000000000000000        0x4 /home/opt/arm-toolchains/gcc-arm-none-eabi-7-2018-q2-update/bin/../lib/gcc/arm-none-eabi/7.3.1/../../../../arm-none-eabi/lib/thumb/v6-m/libg_nano.a(lib_a-impure.o)
 .text          0x0000000000000000        0x0 /home/opt/arm-toolchains/gcc-arm-none-eabi-7-2018-q2-update/bin/../lib/gcc/arm-none-eabi/7.3.1/../../../../arm-none-eabi/lib/thumb/v6-m/libg_nano.a(lib_a-isdigit.o)
 .data          0x0000000000000000        0x0 /home/opt/arm-toolchains/gcc-arm-none-eabi-7-2018-q2-update/bin/../lib/gcc/arm-none-eabi/7.3.1/../../../../arm-none-eabi/lib/thumb/v6-m/libg_nano.a(lib_a-isdigit.o)
 .bss           0x0000000000000000        0x0 /home/opt/arm-toolchains/gcc-arm-none-eabi-7-2018-q2-update/bin/../lib/gcc/arm-none-eabi/7.3.1/../../../../arm-none-eabi/lib/thumb/v6-m/libg_nano.a(lib_a-isdigit.o)
 .text.isdigit  0x0000000000000000       0x12 /home/opt/arm-toolchains/gcc-arm-none-eabi-7-2018-q2-update/bin/../lib/gcc/arm-none-eabi/7.3.1/../../../../arm-none-eabi/lib/thumb/v6-m/libg_nano.a(lib_a-isdigit.o)
 .debug_frame   0x0000000000000000       0x28 /home/opt/arm-toolchains/gcc-arm-none-eabi-7-2018-q2-update/bin/../lib/gcc/arm-none-eabi/7.3.1/../../../../arm-none-eabi/lib/thumb/v6-m/libg_nano.a(lib_a-isdigit.o)
 .ARM.attributes
                0x0000000000000000       0x2c /home/opt/arm-toolchains/gcc-arm-none-eabi-7-2018-q2-update/bin/../lib/gcc/arm-none-eabi/7.3.1/../../../../arm-none-eabi/lib/thumb/v6-m/libg_nano.a(lib_a-isdigit.o)
 .text          0x0000000000000000        0x0 /home/opt/arm-toolchains/gcc-arm-none-eabi-7-2018-q2-update/bin/../lib/gcc/arm-none-eabi/7.3.1/../../../../arm-none-eabi/lib/thumb/v6-m/libg_nano.a(lib_a-locale.o)
 .data          0x0000000000000000        0x0 /home/opt/arm-toolchains/gcc-arm-none-eabi-7-2018-q2-update/bin/../lib/gcc/arm-none-eabi/7.3.1/../../../../arm-none-eabi/lib/thumb/v6-m/libg_nano.a(lib_a-locale.o)
 .bss           0x0000000000000000        0x0 /home/opt/arm-toolchains/gcc-arm-none-eabi-7-2018-q2-update/bin/../lib/gcc/arm-none-eabi/7.3.1/../../../../arm-none-eabi/lib/thumb/v6-m/libg_nano.a(lib_a-locale.o)
 .text._setlocale_r
                0x0000000000000000       0x40 /home/opt/arm-toolchains/gcc-arm-none-eabi-7-2018-q2-update/bin/../lib/gcc/arm-none-eabi/7.3.1/../../../../arm-none-eabi/lib/thumb/v6-m/libg_nano.a(lib_a-locale.o)
 .text.__locale_mb_cur_max
                0x0000000000000000       0x1c /home/opt/arm-toolchains/gcc-arm-none-eabi-7-2018-q2-update/bin/../lib/gcc/arm-none-eabi/7.3.1/../../../../arm-none-eabi/lib/thumb/v6-m/libg_nano.a(lib_a-locale.o)
 .text.__locale_ctype_ptr_l
                0x0000000000000000        0x6 /home/opt/arm-toolchains/gcc-arm-none-eabi-7-2018-q2-update/bin/../lib/gcc/arm-none-eabi/7.3.1/../../../../arm-none-eabi/lib/thumb/v6-m/libg_nano.a(lib_a-locale.o)
 .text.__locale_ctype_ptr
                0x0000000000000000       0x1c /home/opt/arm-toolchains/gcc-arm-none-eabi-7-2018-q2-update/bin/../lib/gcc/arm-none-eabi/7.3.1/../../../../arm-none-eabi/lib/thumb/v6-m/libg_nano.a(lib_a-locale.o)
 .text.setlocale
                0x0000000000000000       0x14 /home/opt/arm-toolchains/gcc-arm-none-eabi-7-2018-q2-update/bin/../lib/gcc/arm-none-eabi/7.3.1/../../../../arm-none-eabi/lib/thumb/v6-m/libg_nano.a(lib_a-locale.o)
 .bss._PathLocale
                0x0000000000000000        0x4 /home/opt/arm-toolchains/gcc-arm-none-eabi-7-2018-q2-update/bin/../lib/gcc/arm-none-eabi/7.3.1/../../../../arm-none-eabi/lib/thumb/v6-m/libg_nano.a(lib_a-locale.o)
 .data.__global_locale
                0x0000000000000000      0x16c /home/opt/arm-toolchains/gcc-arm-none-eabi-7-2018-q2-update/bin/../lib/gcc/arm-none-eabi/7.3.1/../../../../arm-none-eabi/lib/thumb/v6-m/libg_nano.a(lib_a-locale.o)
 .rodata._setlocale_r.str1.1
                0x0000000000000000        0x9 /home/opt/arm-toolchains/gcc-arm-none-eabi-7-2018-q2-update/bin/../lib/gcc/arm-none-eabi/7.3.1/../../../../arm-none-eabi/lib/thumb/v6-m/libg_nano.a(lib_a-locale.o)
 .rodata.str1.1
                0x0000000000000000        0x2 /home/opt/arm-toolchains/gcc-arm-none-eabi-7-2018-q2-update/bin/../lib/gcc/arm-none-eabi/7.3.1/../../../../arm-none-eabi/lib/thumb/v6-m/libg_nano.a(lib_a-locale.o)
 .debug_frame   0x0000000000000000       0x74 /home/opt/arm-toolchains/gcc-arm-none-eabi-7-2018-q2-update/bin/../lib/gcc/arm-none-eabi/7.3.1/../../../../arm-none-eabi/lib/thumb/v6-m/libg_nano.a(lib_a-locale.o)
 .ARM.attributes
                0x0000000000000000       0x2c /home/opt/arm-toolchains/gcc-arm-none-eabi-7-2018-q2-update/bin/../lib/gcc/arm-none-eabi/7.3.1/../../../../arm-none-eabi/lib/thumb/v6-m/libg_nano.a(lib_a-locale.o)
 .text          0x0000000000000000        0x0 /home/opt/arm-toolchains/gcc-arm-none-eabi-7-2018-q2-update/bin/../lib/gcc/arm-none-eabi/7.3.1/../../../../arm-none-eabi/lib/thumb/v6-m/libg_nano.a(lib_a-malloc.o)
 .data          0x0000000000000000        0x0 /home/opt/arm-toolchains/gcc-arm-none-eabi-7-2018-q2-update/bin/../lib/gcc/arm-none-eabi/7.3.1/../../../../arm-none-eabi/lib/thumb/v6-m/libg_nano.a(lib_a-malloc.o)
 .bss           0x0000000000000000        0x0 /home/opt/arm-toolchains/gcc-arm-none-eabi-7-2018-q2-update/bin/../lib/gcc/arm-none-eabi/7.3.1/../../../../arm-none-eabi/lib/thumb/v6-m/libg_nano.a(lib_a-malloc.o)
 .text.malloc   0x0000000000000000       0x14 /home/opt/arm-toolchains/gcc-arm-none-eabi-7-2018-q2-update/bin/../lib/gcc/arm-none-eabi/7.3.1/../../../../arm-none-eabi/lib/thumb/v6-m/libg_nano.a(lib_a-malloc.o)
 .text          0x0000000000000000        0x0 /home/opt/arm-toolchains/gcc-arm-none-eabi-7-2018-q2-update/bin/../lib/gcc/arm-none-eabi/7.3.1/../../../../arm-none-eabi/lib/thumb/v6-m/libg_nano.a(lib_a-mbtowc_r.o)
 .data          0x0000000000000000        0x0 /home/opt/arm-toolchains/gcc-arm-none-eabi-7-2018-q2-update/bin/../lib/gcc/arm-none-eabi/7.3.1/../../../../arm-none-eabi/lib/thumb/v6-m/libg_nano.a(lib_a-mbtowc_r.o)
 .bss           0x0000000000000000        0x0 /home/opt/arm-toolchains/gcc-arm-none-eabi-7-2018-q2-update/bin/../lib/gcc/arm-none-eabi/7.3.1/../../../../arm-none-eabi/lib/thumb/v6-m/libg_nano.a(lib_a-mbtowc_r.o)
 .text._mbtowc_r
                0x0000000000000000       0x24 /home/opt/arm-toolchains/gcc-arm-none-eabi-7-2018-q2-update/bin/../lib/gcc/arm-none-eabi/7.3.1/../../../../arm-none-eabi/lib/thumb/v6-m/libg_nano.a(lib_a-mbtowc_r.o)
 .text.__ascii_mbtowc
                0x0000000000000000       0x24 /home/opt/arm-toolchains/gcc-arm-none-eabi-7-2018-q2-update/bin/../lib/gcc/arm-none-eabi/7.3.1/../../../../arm-none-eabi/lib/thumb/v6-m/libg_nano.a(lib_a-mbtowc_r.o)
 .debug_frame   0x0000000000000000       0x44 /home/opt/arm-toolchains/gcc-arm-none-eabi-7-2018-q2-update/bin/../lib/gcc/arm-none-eabi/7.3.1/../../../../arm-none-eabi/lib/thumb/v6-m/libg_nano.a(lib_a-mbtowc_r.o)
 .ARM.attributes
                0x0000000000000000       0x2c /home/opt/arm-toolchains/gcc-arm-none-eabi-7-2018-q2-update/bin/../lib/gcc/arm-none-eabi/7.3.1/../../../../arm-none-eabi/lib/thumb/v6-m/libg_nano.a(lib_a-mbtowc_r.o)
 .text          0x0000000000000000        0x0 /home/opt/arm-toolchains/gcc-arm-none-eabi-7-2018-q2-update/bin/../lib/gcc/arm-none-eabi/7.3.1/../../../../arm-none-eabi/lib/thumb/v6-m/libg_nano.a(lib_a-nano-freer.o)
 .data          0x0000000000000000        0x0 /home/opt/arm-toolchains/gcc-arm-none-eabi-7-2018-q2-update/bin/../lib/gcc/arm-none-eabi/7.3.1/../../../../arm-none-eabi/lib/thumb/v6-m/libg_nano.a(lib_a-nano-freer.o)
 .bss           0x0000000000000000        0x0 /home/opt/arm-toolchains/gcc-arm-none-eabi-7-2018-q2-update/bin/../lib/gcc/arm-none-eabi/7.3.1/../../../../arm-none-eabi/lib/thumb/v6-m/libg_nano.a(lib_a-nano-freer.o)
 .text          0x0000000000000000        0x0 /home/opt/arm-toolchains/gcc-arm-none-eabi-7-2018-q2-update/bin/../lib/gcc/arm-none-eabi/7.3.1/../../../../arm-none-eabi/lib/thumb/v6-m/libg_nano.a(lib_a-nano-mallocr.o)
 .data          0x0000000000000000        0x0 /home/opt/arm-toolchains/gcc-arm-none-eabi-7-2018-q2-update/bin/../lib/gcc/arm-none-eabi/7.3.1/../../../../arm-none-eabi/lib/thumb/v6-m/libg_nano.a(lib_a-nano-mallocr.o)
 .bss           0x0000000000000000        0x0 /home/opt/arm-toolchains/gcc-arm-none-eabi-7-2018-q2-update/bin/../lib/gcc/arm-none-eabi/7.3.1/../../../../arm-none-eabi/lib/thumb/v6-m/libg_nano.a(lib_a-nano-mallocr.o)
 .text._malloc_r
                0x0000000000000000       0xbc /home/opt/arm-toolchains/gcc-arm-none-eabi-7-2018-q2-update/bin/../lib/gcc/arm-none-eabi/7.3.1/../../../../arm-none-eabi/lib/thumb/v6-m/libg_nano.a(lib_a-nano-mallocr.o)
 .bss.__malloc_sbrk_start
                0x0000000000000000        0x4 /home/opt/arm-toolchains/gcc-arm-none-eabi-7-2018-q2-update/bin/../lib/gcc/arm-none-eabi/7.3.1/../../../../arm-none-eabi/lib/thumb/v6-m/libg_nano.a(lib_a-nano-mallocr.o)
 .text          0x0000000000000000        0x0 /home/opt/arm-toolchains/gcc-arm-none-eabi-7-2018-q2-update/bin/../lib/gcc/arm-none-eabi/7.3.1/../../../../arm-none-eabi/lib/thumb/v6-m/libg_nano.a(lib_a-sbrkr.o)
 .data          0x0000000000000000        0x0 /home/opt/arm-toolchains/gcc-arm-none-eabi-7-2018-q2-update/bin/../lib/gcc/arm-none-eabi/7.3.1/../../../../arm-none-eabi/lib/thumb/v6-m/libg_nano.a(lib_a-sbrkr.o)
 .bss           0x0000000000000000        0x0 /home/opt/arm-toolchains/gcc-arm-none-eabi-7-2018-q2-update/bin/../lib/gcc/arm-none-eabi/7.3.1/../../../../arm-none-eabi/lib/thumb/v6-m/libg_nano.a(lib_a-sbrkr.o)
 .text._sbrk_r  0x0000000000000000       0x24 /home/opt/arm-toolchains/gcc-arm-none-eabi-7-2018-q2-update/bin/../lib/gcc/arm-none-eabi/7.3.1/../../../../arm-none-eabi/lib/thumb/v6-m/libg_nano.a(lib_a-sbrkr.o)
 .debug_frame   0x0000000000000000       0x2c /home/opt/arm-toolchains/gcc-arm-none-eabi-7-2018-q2-update/bin/../lib/gcc/arm-none-eabi/7.3.1/../../../../arm-none-eabi/lib/thumb/v6-m/libg_nano.a(lib_a-sbrkr.o)
 .ARM.attributes
                0x0000000000000000       0x2c /home/opt/arm-toolchains/gcc-arm-none-eabi-7-2018-q2-update/bin/../lib/gcc/arm-none-eabi/7.3.1/../../../../arm-none-eabi/lib/thumb/v6-m/libg_nano.a(lib_a-sbrkr.o)
 .text          0x0000000000000000       0x14 /home/opt/arm-toolchains/gcc-arm-none-eabi-7-2018-q2-update/bin/../lib/gcc/arm-none-eabi/7.3.1/../../../../arm-none-eabi/lib/thumb/v6-m/libg_nano.a(lib_a-strcmp.o)
 .data          0x0000000000000000        0x0 /home/opt/arm-toolchains/gcc-arm-none-eabi-7-2018-q2-update/bin/../lib/gcc/arm-none-eabi/7.3.1/../../../../arm-none-eabi/lib/thumb/v6-m/libg_nano.a(lib_a-strcmp.o)
 .bss           0x0000000000000000        0x0 /home/opt/arm-toolchains/gcc-arm-none-eabi-7-2018-q2-update/bin/../lib/gcc/arm-none-eabi/7.3.1/../../../../arm-none-eabi/lib/thumb/v6-m/libg_nano.a(lib_a-strcmp.o)
 .debug_frame   0x0000000000000000       0x20 /home/opt/arm-toolchains/gcc-arm-none-eabi-7-2018-q2-update/bin/../lib/gcc/arm-none-eabi/7.3.1/../../../../arm-none-eabi/lib/thumb/v6-m/libg_nano.a(lib_a-strcmp.o)
 .ARM.attributes
                0x0000000000000000       0x1c /home/opt/arm-toolchains/gcc-arm-none-eabi-7-2018-q2-update/bin/../lib/gcc/arm-none-eabi/7.3.1/../../../../arm-none-eabi/lib/thumb/v6-m/libg_nano.a(lib_a-strcmp.o)
 .data          0x0000000000000000        0x0 /home/opt/arm-toolchains/gcc-arm-none-eabi-7-2018-q2-update/bin/../lib/gcc/arm-none-eabi/7.3.1/../../../../arm-none-eabi/lib/thumb/v6-m/libg_nano.a(lib_a-strlen.o)
 .bss           0x0000000000000000        0x0 /home/opt/arm-toolchains/gcc-arm-none-eabi-7-2018-q2-update/bin/../lib/gcc/arm-none-eabi/7.3.1/../../../../arm-none-eabi/lib/thumb/v6-m/libg_nano.a(lib_a-strlen.o)
 .text          0x0000000000000000        0x0 /home/opt/arm-toolchains/gcc-arm-none-eabi-7-2018-q2-update/bin/../lib/gcc/arm-none-eabi/7.3.1/../../../../arm-none-eabi/lib/thumb/v6-m/libg_nano.a(lib_a-wctomb_r.o)
 .data          0x0000000000000000        0x0 /home/opt/arm-toolchains/gcc-arm-none-eabi-7-2018-q2-update/bin/../lib/gcc/arm-none-eabi/7.3.1/../../../../arm-none-eabi/lib/thumb/v6-m/libg_nano.a(lib_a-wctomb_r.o)
 .bss           0x0000000000000000        0x0 /home/opt/arm-toolchains/gcc-arm-none-eabi-7-2018-q2-update/bin/../lib/gcc/arm-none-eabi/7.3.1/../../../../arm-none-eabi/lib/thumb/v6-m/libg_nano.a(lib_a-wctomb_r.o)
 .text._wctomb_r
                0x0000000000000000       0x20 /home/opt/arm-toolchains/gcc-arm-none-eabi-7-2018-q2-update/bin/../lib/gcc/arm-none-eabi/7.3.1/../../../../arm-none-eabi/lib/thumb/v6-m/libg_nano.a(lib_a-wctomb_r.o)
 .text.__ascii_wctomb
                0x0000000000000000       0x18 /home/opt/arm-toolchains/gcc-arm-none-eabi-7-2018-q2-update/bin/../lib/gcc/arm-none-eabi/7.3.1/../../../../arm-none-eabi/lib/thumb/v6-m/libg_nano.a(lib_a-wctomb_r.o)
 .debug_frame   0x0000000000000000       0x38 /home/opt/arm-toolchains/gcc-arm-none-eabi-7-2018-q2-update/bin/../lib/gcc/arm-none-eabi/7.3.1/../../../../arm-none-eabi/lib/thumb/v6-m/libg_nano.a(lib_a-wctomb_r.o)
 .ARM.attributes
                0x0000000000000000       0x2c /home/opt/arm-toolchains/gcc-arm-none-eabi-7-2018-q2-update/bin/../lib/gcc/arm-none-eabi/7.3.1/../../../../arm-none-eabi/lib/thumb/v6-m/libg_nano.a(lib_a-wctomb_r.o)
 .text          0x0000000000000000        0x0 /home/opt/arm-toolchains/gcc-arm-none-eabi-7-2018-q2-update/bin/../lib/gcc/arm-none-eabi/7.3.1/../../../../arm-none-eabi/lib/thumb/v6-m/libg_nano.a(lib_a-ctype_.o)
 .data          0x0000000000000000        0x0 /home/opt/arm-toolchains/gcc-arm-none-eabi-7-2018-q2-update/bin/../lib/gcc/arm-none-eabi/7.3.1/../../../../arm-none-eabi/lib/thumb/v6-m/libg_nano.a(lib_a-ctype_.o)
 .bss           0x0000000000000000        0x0 /home/opt/arm-toolchains/gcc-arm-none-eabi-7-2018-q2-update/bin/../lib/gcc/arm-none-eabi/7.3.1/../../../../arm-none-eabi/lib/thumb/v6-m/libg_nano.a(lib_a-ctype_.o)
 .rodata._ctype_
                0x0000000000000000      0x101 /home/opt/arm-toolchains/gcc-arm-none-eabi-7-2018-q2-update/bin/../lib/gcc/arm-none-eabi/7.3.1/../../../../arm-none-eabi/lib/thumb/v6-m/libg_nano.a(lib_a-ctype_.o)
 .ARM.attributes
                0x0000000000000000       0x2c /home/opt/arm-toolchains/gcc-arm-none-eabi-7-2018-q2-update/bin/../lib/gcc/arm-none-eabi/7.3.1/../../../../arm-none-eabi/lib/thumb/v6-m/libg_nano.a(lib_a-ctype_.o)
 .text          0x0000000000000000        0x0 /home/opt/arm-toolchains/gcc-arm-none-eabi-7-2018-q2-update/bin/../lib/gcc/arm-none-eabi/7.3.1/../../../../arm-none-eabi/lib/thumb/v6-m/libg_nano.a(lib_a-mlock.o)
 .data          0x0000000000000000        0x0 /home/opt/arm-toolchains/gcc-arm-none-eabi-7-2018-q2-update/bin/../lib/gcc/arm-none-eabi/7.3.1/../../../../arm-none-eabi/lib/thumb/v6-m/libg_nano.a(lib_a-mlock.o)
 .bss           0x0000000000000000        0x0 /home/opt/arm-toolchains/gcc-arm-none-eabi-7-2018-q2-update/bin/../lib/gcc/arm-none-eabi/7.3.1/../../../../arm-none-eabi/lib/thumb/v6-m/libg_nano.a(lib_a-mlock.o)
 .data          0x0000000000000000        0x0 /home/opt/arm-toolchains/gcc-arm-none-eabi-7-2018-q2-update/bin/../lib/gcc/arm-none-eabi/7.3.1/thumb/v6-m/libgcc.a(_udivsi3.o)
 .bss           0x0000000000000000        0x0 /home/opt/arm-toolchains/gcc-arm-none-eabi-7-2018-q2-update/bin/../lib/gcc/arm-none-eabi/7.3.1/thumb/v6-m/libgcc.a(_udivsi3.o)
 .text          0x0000000000000000      0x1d4 /home/opt/arm-toolchains/gcc-arm-none-eabi-7-2018-q2-update/bin/../lib/gcc/arm-none-eabi/7.3.1/thumb/v6-m/libgcc.a(_divsi3.o)
 .data          0x0000000000000000        0x0 /home/opt/arm-toolchains/gcc-arm-none-eabi-7-2018-q2-update/bin/../lib/gcc/arm-none-eabi/7.3.1/thumb/v6-m/libgcc.a(_divsi3.o)
 .bss           0x0000000000000000        0x0 /home/opt/arm-toolchains/gcc-arm-none-eabi-7-2018-q2-update/bin/../lib/gcc/arm-none-eabi/7.3.1/thumb/v6-m/libgcc.a(_divsi3.o)
 .debug_frame   0x0000000000000000       0x20 /home/opt/arm-toolchains/gcc-arm-none-eabi-7-2018-q2-update/bin/../lib/gcc/arm-none-eabi/7.3.1/thumb/v6-m/libgcc.a(_divsi3.o)
 .ARM.attributes
                0x0000000000000000       0x1e /home/opt/arm-toolchains/gcc-arm-none-eabi-7-2018-q2-update/bin/../lib/gcc/arm-none-eabi/7.3.1/thumb/v6-m/libgcc.a(_divsi3.o)
 .data          0x0000000000000000        0x0 /home/opt/arm-toolchains/gcc-arm-none-eabi-7-2018-q2-update/bin/../lib/gcc/arm-none-eabi/7.3.1/thumb/v6-m/libgcc.a(_dvmd_tls.o)
 .bss           0x0000000000000000        0x0 /home/opt/arm-toolchains/gcc-arm-none-eabi-7-2018-q2-update/bin/../lib/gcc/arm-none-eabi/7.3.1/thumb/v6-m/libgcc.a(_dvmd_tls.o)
 .text          0x0000000000000000        0x0 /home/opt/arm-toolchains/gcc-arm-none-eabi-7-2018-q2-update/bin/../lib/gcc/arm-none-eabi/7.3.1/../../../../arm-none-eabi/lib/thumb/v6-m/libg_nano.a(lib_a-memset.o)
 .data          0x0000000000000000        0x0 /home/opt/arm-toolchains/gcc-arm-none-eabi-7-2018-q2-update/bin/../lib/gcc/arm-none-eabi/7.3.1/../../../../arm-none-eabi/lib/thumb/v6-m/libg_nano.a(lib_a-memset.o)
 .bss           0x0000000000000000        0x0 /home/opt/arm-toolchains/gcc-arm-none-eabi-7-2018-q2-update/bin/../lib/gcc/arm-none-eabi/7.3.1/../../../../arm-none-eabi/lib/thumb/v6-m/libg_nano.a(lib_a-memset.o)

Memory Configuration

Name             Origin             Length             Attributes
RAM              0x0000000020000000 0x0000000000004000 xrw
CCMRAM           0x0000000000000000 0x0000000000000000 xrw
FLASH            0x0000000008000000 0x0000000000010000 xr
FLASHB1          0x0000000000000000 0x0000000000000000 xr
EXTMEMB0         0x0000000000000000 0x0000000000000000 xr
EXTMEMB1         0x0000000000000000 0x0000000000000000 xr
EXTMEMB2         0x0000000000000000 0x0000000000000000 xr
EXTMEMB3         0x0000000000000000 0x0000000000000000 xr
MEMORY_ARRAY     0x0000000000000000 0x0000000000000000 xrw
*default*        0x0000000000000000 0xffffffffffffffff

Linker script and memory map

LOAD /tmp/ccxVJ3GG.ltrans0.ltrans.o
LOAD /home/opt/arm-toolchains/gcc-arm-none-eabi-7-2018-q2-update/bin/../lib/gcc/arm-none-eabi/7.3.1/../../../../arm-none-eabi/lib/thumb/v6-m/libstdc++_nano.a
LOAD /home/opt/arm-toolchains/gcc-arm-none-eabi-7-2018-q2-update/bin/../lib/gcc/arm-none-eabi/7.3.1/../../../../arm-none-eabi/lib/thumb/v6-m/libm.a
START GROUP
LOAD /home/opt/arm-toolchains/gcc-arm-none-eabi-7-2018-q2-update/bin/../lib/gcc/arm-none-eabi/7.3.1/thumb/v6-m/libgcc.a
LOAD /home/opt/arm-toolchains/gcc-arm-none-eabi-7-2018-q2-update/bin/../lib/gcc/arm-none-eabi/7.3.1/../../../../arm-none-eabi/lib/thumb/v6-m/libg_nano.a
LOAD /home/opt/arm-toolchains/gcc-arm-none-eabi-7-2018-q2-update/bin/../lib/gcc/arm-none-eabi/7.3.1/../../../../arm-none-eabi/lib/thumb/v6-m/libc_nano.a
END GROUP
START GROUP
LOAD /home/opt/arm-toolchains/gcc-arm-none-eabi-7-2018-q2-update/bin/../lib/gcc/arm-none-eabi/7.3.1/thumb/v6-m/libgcc.a
LOAD /home/opt/arm-toolchains/gcc-arm-none-eabi-7-2018-q2-update/bin/../lib/gcc/arm-none-eabi/7.3.1/../../../../arm-none-eabi/lib/thumb/v6-m/libc_nano.a
LOAD /home/opt/arm-toolchains/gcc-arm-none-eabi-7-2018-q2-update/bin/../lib/gcc/arm-none-eabi/7.3.1/../../../../arm-none-eabi/lib/thumb/v6-m/libnosys.a
END GROUP
START GROUP
LOAD /home/opt/arm-toolchains/gcc-arm-none-eabi-7-2018-q2-update/bin/../lib/gcc/arm-none-eabi/7.3.1/thumb/v6-m/libgcc.a
LOAD /home/opt/arm-toolchains/gcc-arm-none-eabi-7-2018-q2-update/bin/../lib/gcc/arm-none-eabi/7.3.1/../../../../arm-none-eabi/lib/thumb/v6-m/libc_nano.a
LOAD /home/opt/arm-toolchains/gcc-arm-none-eabi-7-2018-q2-update/bin/../lib/gcc/arm-none-eabi/7.3.1/../../../../arm-none-eabi/lib/thumb/v6-m/libnosys.a
END GROUP
                0x0000000020004000                __stack = (ORIGIN (RAM) + LENGTH (RAM))
                0x0000000020004000                _estack = __stack
                0x0000000000000800                __Main_Stack_Size = 0x800
                [!provide]                        PROVIDE (_Main_Stack_Size = __Main_Stack_Size)
                0x0000000020003800                __Main_Stack_Limit = (__stack - __Main_Stack_Size)
                [!provide]                        PROVIDE (_Main_Stack_Limit = __Main_Stack_Limit)
                0x0000000000000100                _Minimum_Stack_Size = 0x100
                0x0000000020000554                PROVIDE (_Heap_Begin = _end_noinit)
                0x0000000020003800                PROVIDE (_Heap_Limit = (__stack - __Main_Stack_Size))

.isr_vector     0x0000000008000000      0x294
 FILL mask 0xff
                0x0000000008000000                __vectors_start = ABSOLUTE (.)
                0x0000000008000000                __vectors_start__ = ABSOLUTE (.)
 *(.isr_vector)
 .isr_vector    0x0000000008000000       0xc4 /tmp/ccxVJ3GG.ltrans0.ltrans.o
                0x0000000008000000                g_pfnVectors
 *(.cfmconfig)
 *(.after_vectors .after_vectors.*)
 .after_vectors
                0x00000000080000c4      0x1d0 /tmp/ccxVJ3GG.ltrans0.ltrans.o
                0x00000000080000c4                _start
                0x0000000008000268                HardFault_Handler_C

.inits          0x0000000008000294       0x48
                0x0000000008000294                __data_regions_array_start = .
                0x0000000008000294        0x4 LONG 0x8007880 LOADADDR (.data)
                0x0000000008000298        0x4 LONG 0x20000000 ADDR (.data)
                0x000000000800029c        0x4 LONG 0x200000b8 (ADDR (.data) + SIZEOF (.data))
                0x00000000080002a0        0x4 LONG 0x8007880 LOADADDR (.data_CCMRAM)
                0x00000000080002a4        0x4 LONG 0x0 ADDR (.data_CCMRAM)
                0x00000000080002a8        0x4 LONG 0x0 (ADDR (.data_CCMRAM) + SIZEOF (.data_CCMRAM))
                0x00000000080002ac                __data_regions_array_end = .
                0x00000000080002ac                __bss_regions_array_start = .
                0x00000000080002ac        0x4 LONG 0x200000b8 ADDR (.bss)
                0x00000000080002b0        0x4 LONG 0x20000554 (ADDR (.bss) + SIZEOF (.bss))
                0x00000000080002b4        0x4 LONG 0x0 ADDR (.bss_CCMRAM)
                0x00000000080002b8        0x4 LONG 0x0 (ADDR (.bss_CCMRAM) + SIZEOF (.bss_CCMRAM))
                0x00000000080002bc                __bss_regions_array_end = .
 *(.init)
 *(.fini)
                0x00000000080002bc                . = ALIGN (0x4)
                0x00000000080002bc                PROVIDE (__preinit_array_start = .)
 *(.preinit_array_sysinit .preinit_array_sysinit.*)
 *(.preinit_array_platform .preinit_array_platform.*)
 *(.preinit_array .preinit_array.*)
                0x00000000080002bc                PROVIDE (__preinit_array_end = .)
                0x00000000080002bc                . = ALIGN (0x4)
                0x00000000080002bc                PROVIDE (__init_array_start = .)
 *(SORT_BY_NAME(.init_array.*))
 *(.init_array)
 .init_array    0x00000000080002bc       0x18 /tmp/ccxVJ3GG.ltrans0.ltrans.o
                0x00000000080002d4                PROVIDE (__init_array_end = .)
                0x00000000080002d4                . = ALIGN (0x4)
                0x00000000080002d4                PROVIDE (__fini_array_start = .)
 *(SORT_BY_NAME(.fini_array.*))
 *(.fini_array)
 .fini_array    0x00000000080002d4        0x8 /tmp/ccxVJ3GG.ltrans0.ltrans.o
                0x00000000080002dc                PROVIDE (__fini_array_end = .)

.flashtext
 *(.flashtext .flashtext.*)

.text           0x00000000080002dc     0x75a4
 *(.text .text.*)
 .text.__cxa_pure_virtual
                0x00000000080002dc       0x14 /tmp/ccxVJ3GG.ltrans0.ltrans.o
 .text._exit    0x00000000080002f0        0xa /tmp/ccxVJ3GG.ltrans0.ltrans.o
 *fill*         0x00000000080002fa        0x2 
 .text.abort    0x00000000080002fc       0x14 /tmp/ccxVJ3GG.ltrans0.ltrans.o
 .text.__initialize_args
                0x0000000008000310       0x20 /tmp/ccxVJ3GG.ltrans0.ltrans.o
 .text.__initialize_hardware_early
                0x0000000008000330        0xc /tmp/ccxVJ3GG.ltrans0.ltrans.o
 .text.__initialize_hardware
                0x000000000800033c        0xc /tmp/ccxVJ3GG.ltrans0.ltrans.o
 .text.SystemInit
                0x0000000008000348       0x8c /tmp/ccxVJ3GG.ltrans0.ltrans.o
 .text.SystemCoreClockUpdate
                0x00000000080003d4       0xdc /tmp/ccxVJ3GG.ltrans0.ltrans.o
 .text.SetSysClock
                0x00000000080004b0       0xdc /tmp/ccxVJ3GG.ltrans0.ltrans.o
 .text._ZN4Gpio8getInputEP12GPIO_TypeDefh
                0x000000000800058c       0x30 /tmp/ccxVJ3GG.ltrans0.ltrans.o
 .text._ZN4Gpio8getInputEv
                0x00000000080005bc       0x22 /tmp/ccxVJ3GG.ltrans0.ltrans.o
 .text._ZN5Front11getkeyStateEv
                0x00000000080005de       0x80 /tmp/ccxVJ3GG.ltrans0.ltrans.o
 .text._ZN5Front11isKeyActiveEv
                0x000000000800065e       0x24 /tmp/ccxVJ3GG.ltrans0.ltrans.o
 .text._ZNK9Sterownik9isOtwarteEv
                0x0000000008000682       0x1e /tmp/ccxVJ3GG.ltrans0.ltrans.o
 .text._ZNK9Sterownik11isZamknieteEv
                0x00000000080006a0       0x1e /tmp/ccxVJ3GG.ltrans0.ltrans.o
 .text._ZNK9Sterownik7isPozarEv
                0x00000000080006be       0x26 /tmp/ccxVJ3GG.ltrans0.ltrans.o
 .text._ZNK9Sterownik17isAlarmAkustycznyEv
                0x00000000080006e4       0x26 /tmp/ccxVJ3GG.ltrans0.ltrans.o
 .text._ZNK9Sterownik19isPozarOrAlarmAkustEv
                0x000000000800070a       0x2e /tmp/ccxVJ3GG.ltrans0.ltrans.o
 .text._ZN5Front4pollEv
                0x0000000008000738       0xe4 /tmp/ccxVJ3GG.ltrans0.ltrans.o
 .text._ZN4Gpio11setOutputUpEP12GPIO_TypeDefh
                0x000000000800081c       0x24 /tmp/ccxVJ3GG.ltrans0.ltrans.o
 .text._ZN4Gpio13setOutputDownEP12GPIO_TypeDefh
                0x0000000008000840       0x26 /tmp/ccxVJ3GG.ltrans0.ltrans.o
 .text._ZN4Gpio9setOutputEP12GPIO_TypeDefhb
                0x0000000008000866       0x44 /tmp/ccxVJ3GG.ltrans0.ltrans.o
 .text._ZN4Gpio11setOutputUpEv
                0x00000000080008aa       0x1e /tmp/ccxVJ3GG.ltrans0.ltrans.o
 .text._ZN4Gpio13setOutputDownEv
                0x00000000080008c8       0x1e /tmp/ccxVJ3GG.ltrans0.ltrans.o
 .text._ZN4Gpio9setOutputEb
                0x00000000080008e6       0x26 /tmp/ccxVJ3GG.ltrans0.ltrans.o
 .text._ZN3Led3setENS_4ModeE
                0x000000000800090c       0x1c /tmp/ccxVJ3GG.ltrans0.ltrans.o
 .text._ZN3Led4tickEm
                0x0000000008000928      0x124 /tmp/ccxVJ3GG.ltrans0.ltrans.o
 .text._ZN8Keyboard11addToBufferENS_3KeyE
                0x0000000008000a4c       0x2c /tmp/ccxVJ3GG.ltrans0.ltrans.o
 .text._ZN8Keyboard13getPressedKeyEv
                0x0000000008000a78      0x122 /tmp/ccxVJ3GG.ltrans0.ltrans.o
 *fill*         0x0000000008000b9a        0x2 
 .text._ZN8Keyboard6co10msEv
                0x0000000008000b9c       0x50 /tmp/ccxVJ3GG.ltrans0.ltrans.o
 .text._ZN8Keyboard16getUnbufferedKeyEv
                0x0000000008000bec       0x1a /tmp/ccxVJ3GG.ltrans0.ltrans.o
 .text._ZN3HMIC2Ev
                0x0000000008000c06       0x4e /tmp/ccxVJ3GG.ltrans0.ltrans.o
 .text._ZN3HMI12setBackLightEb
                0x0000000008000c54       0x24 /tmp/ccxVJ3GG.ltrans0.ltrans.o
 .text._ZN3HMI4pollEv
                0x0000000008000c78       0xd4 /tmp/ccxVJ3GG.ltrans0.ltrans.o
 .text._ZN3HMI9isStartupEv
                0x0000000008000d4c       0x24 /tmp/ccxVJ3GG.ltrans0.ltrans.o
 .text._ZL12hmi_callbackv
                0x0000000008000d70       0x14 /tmp/ccxVJ3GG.ltrans0.ltrans.o
 .text._ZN3HMI11getInstanceEv
                0x0000000008000d84       0x10 /tmp/ccxVJ3GG.ltrans0.ltrans.o
 .text._Z41__static_initialization_and_destruction_0ii.lto_priv.0
                0x0000000008000d94       0x44 /tmp/ccxVJ3GG.ltrans0.ltrans.o
 .text._GLOBAL__sub_I_hmi
                0x0000000008000dd8       0x18 /tmp/ccxVJ3GG.ltrans0.ltrans.o
 .text.NVIC_SetPriority.lto_priv.6
                0x0000000008000df0       0xe8 /tmp/ccxVJ3GG.ltrans0.ltrans.o
 .text.SysTick_Config
                0x0000000008000ed8       0x48 /tmp/ccxVJ3GG.ltrans0.ltrans.o
 .text._ZN4Gpio7setMODEEP12GPIO_TypeDefhNS_8GpioModeE
                0x0000000008000f20       0x4e /tmp/ccxVJ3GG.ltrans0.ltrans.o
 .text._ZN4Gpio8setSpeedEP12GPIO_TypeDefhNS_9GpioSpeedE
                0x0000000008000f6e       0x50 /tmp/ccxVJ3GG.ltrans0.ltrans.o
 .text._ZN4Gpio11setPullUpDnEP12GPIO_TypeDefhNS_8GpioPuPdE
                0x0000000008000fbe       0x4e /tmp/ccxVJ3GG.ltrans0.ltrans.o
 .text._ZN4Gpio8setOTypeEP12GPIO_TypeDefhNS_9GpioOTypeE
                0x000000000800100c       0x56 /tmp/ccxVJ3GG.ltrans0.ltrans.o
 .text._ZN4Gpio7setMODEENS_8GpioModeE
                0x0000000008001062       0x26 /tmp/ccxVJ3GG.ltrans0.ltrans.o
 .text._ZN4Gpio8setSpeedENS_9GpioSpeedE
                0x0000000008001088       0x26 /tmp/ccxVJ3GG.ltrans0.ltrans.o
 .text._ZN4Gpio11setPullUpDnENS_8GpioPuPdE
                0x00000000080010ae       0x26 /tmp/ccxVJ3GG.ltrans0.ltrans.o
 .text._ZN4Gpio8setOTypeENS_9GpioOTypeE
                0x00000000080010d4       0x26 /tmp/ccxVJ3GG.ltrans0.ltrans.o
 .text._ZN4GpioC2EP12GPIO_TypeDefh
                0x00000000080010fa       0x4e /tmp/ccxVJ3GG.ltrans0.ltrans.o
 .text._ZN8Hardware13errorDispatchENS_9ErrorCodeE
                0x0000000008001148       0x3c /tmp/ccxVJ3GG.ltrans0.ltrans.o
 .text._ZN9QuickTask10getCounterEv
                0x0000000008001184       0x14 /tmp/ccxVJ3GG.ltrans0.ltrans.o
 .text._ZN9QuickTask23delayMsWithStoppedTasksEm
                0x0000000008001198       0x2e /tmp/ccxVJ3GG.ltrans0.ltrans.o
 *fill*         0x00000000080011c6        0x2 
 .text._ZL13flash_latencym
                0x00000000080011c8       0x34 /tmp/ccxVJ3GG.ltrans0.ltrans.o
 .text._ZL12pll_start_lbmm
                0x00000000080011fc       0xfc /tmp/ccxVJ3GG.ltrans0.ltrans.o
 .text._ZL7rccInitv
                0x00000000080012f8       0x64 /tmp/ccxVJ3GG.ltrans0.ltrans.o
 .text._ZN8Hardware4initEv
                0x000000000800135c       0x58 /tmp/ccxVJ3GG.ltrans0.ltrans.o
 .text._ZN8Hardware9WDOG_InitEv
                0x00000000080013b4        0x8 /tmp/ccxVJ3GG.ltrans0.ltrans.o
 .text._ZN8Hardware11WDOG_ReloadEv
                0x00000000080013bc        0x8 /tmp/ccxVJ3GG.ltrans0.ltrans.o
 .text._ZN8Hardware9NVIC_initEv
                0x00000000080013c4        0x8 /tmp/ccxVJ3GG.ltrans0.ltrans.o
 .text._ZN8Hardware12delayMsDirtyEm
                0x00000000080013cc       0x16 /tmp/ccxVJ3GG.ltrans0.ltrans.o
 *fill*         0x00000000080013e2        0x2 
 .text._Z41__static_initialization_and_destruction_0ii.lto_priv.1
                0x00000000080013e4       0x48 /tmp/ccxVJ3GG.ltrans0.ltrans.o
 .text._GLOBAL__sub_I__ZN8Hardware4initEv
                0x000000000800142c       0x18 /tmp/ccxVJ3GG.ltrans0.ltrans.o
 .text._ZN6VEprom9writeWordENS_9VirtAdresEt
                0x0000000008001444       0x54 /tmp/ccxVJ3GG.ltrans0.ltrans.o
 .text._ZN6VEprom8readWordENS_9VirtAdresEPt
                0x0000000008001498       0x6c /tmp/ccxVJ3GG.ltrans0.ltrans.o
 .text._ZN6VEprom8readWordENS_9VirtAdresE
                0x0000000008001504       0x34 /tmp/ccxVJ3GG.ltrans0.ltrans.o
 .text._ZN4Gpio9getOutputEP12GPIO_TypeDefh
                0x0000000008001538       0x30 /tmp/ccxVJ3GG.ltrans0.ltrans.o
 .text._ZN4Gpio9getOutputEv
                0x0000000008001568       0x22 /tmp/ccxVJ3GG.ltrans0.ltrans.o
 .text._ZN4Fifo7isEmptyEv
                0x000000000800158a       0x20 /tmp/ccxVJ3GG.ltrans0.ltrans.o
 .text._ZN4Fifo10isNotEmptyEv
                0x00000000080015aa       0x22 /tmp/ccxVJ3GG.ltrans0.ltrans.o
 .text._ZN8Keyboard13getFromBufferEv
                0x00000000080015cc       0x44 /tmp/ccxVJ3GG.ltrans0.ltrans.o
 .text._ZN8Keyboard6getKeyEv
                0x0000000008001610       0x1a /tmp/ccxVJ3GG.ltrans0.ltrans.o
 .text._ZN11FrameBuffer14setRefreshNeedEv
                0x000000000800162a       0x14 /tmp/ccxVJ3GG.ltrans0.ltrans.o
 .text._ZN11FrameBuffer19checkCursorPositionEv
                0x000000000800163e       0x3e /tmp/ccxVJ3GG.ltrans0.ltrans.o
 .text._ZNK11FrameBuffer7getROWSEv
                0x000000000800167c       0x14 /tmp/ccxVJ3GG.ltrans0.ltrans.o
 .text._ZNK11FrameBuffer10getCOLUMNSEv
                0x0000000008001690       0x14 /tmp/ccxVJ3GG.ltrans0.ltrans.o
 .text._ZN11FrameBuffer11cursorRightEv
                0x00000000080016a4       0x3a /tmp/ccxVJ3GG.ltrans0.ltrans.o
 .text._ZN11FrameBuffer6gotoXYEmm
                0x00000000080016de       0x5a /tmp/ccxVJ3GG.ltrans0.ltrans.o
 .text._ZN11FrameBuffer5printEc
                0x0000000008001738       0x3c /tmp/ccxVJ3GG.ltrans0.ltrans.o
 .text._ZN11FrameBuffer5printEPKc
                0x0000000008001774       0x30 /tmp/ccxVJ3GG.ltrans0.ltrans.o
 .text._ZN11FrameBuffer7printXYEmmPKc
                0x00000000080017a4       0x2c /tmp/ccxVJ3GG.ltrans0.ltrans.o
 .text._ZN11FrameBuffer9clearLineEt
                0x00000000080017d0       0x7c /tmp/ccxVJ3GG.ltrans0.ltrans.o
 .text._ZN11FrameBuffer10cursorModeENS_10CursorModeE
                0x000000000800184c       0x1c /tmp/ccxVJ3GG.ltrans0.ltrans.o
 .text._ZN11FrameBuffer23printNumbersWithPatternEPKcm
                0x0000000008001868       0x56 /tmp/ccxVJ3GG.ltrans0.ltrans.o
 .text._ZN11FrameBuffer23printSymbolsWithPatternEPKcS1_c
                0x00000000080018be       0x70 /tmp/ccxVJ3GG.ltrans0.ltrans.o
 .text._ZN11Silnik24VDC11setType1234Eb
                0x000000000800192e       0x1c /tmp/ccxVJ3GG.ltrans0.ltrans.o
 .text._ZN7Hamulec16gotoSafePositionEb
                0x000000000800194a       0x34 /tmp/ccxVJ3GG.ltrans0.ltrans.o
 .text._ZN7Hamulec7setModeENS_4MODEE
                0x000000000800197e       0x38 /tmp/ccxVJ3GG.ltrans0.ltrans.o
 .text._ZN7Hamulec7setModeENS_4MODEEb
                0x00000000080019b6       0x3a /tmp/ccxVJ3GG.ltrans0.ltrans.o
 .text._ZN7Hamulec5hamujEb
                0x00000000080019f0       0xb2 /tmp/ccxVJ3GG.ltrans0.ltrans.o
 .text._ZNK9Sterownik9getSilnikEv
                0x0000000008001aa2       0x2c /tmp/ccxVJ3GG.ltrans0.ltrans.o
 .text._ZN9Sterownik10fixOutputsEv
                0x0000000008001ace       0x24 /tmp/ccxVJ3GG.ltrans0.ltrans.o
 .text._ZN9Sterownik12checkPozycjaEv
                0x0000000008001af2       0x74 /tmp/ccxVJ3GG.ltrans0.ltrans.o
 .text._ZN9Sterownik9checkRuchEv
                0x0000000008001b66       0xea /tmp/ccxVJ3GG.ltrans0.ltrans.o
 .text._ZN9Sterownik9initNapedEv
                0x0000000008001c50       0xcc /tmp/ccxVJ3GG.ltrans0.ltrans.o
 .text._ZNK9Sterownik11isTyp230VACEv
                0x0000000008001d1c       0x26 /tmp/ccxVJ3GG.ltrans0.ltrans.o
 .text._ZNK9Sterownik12getTypNapeduEv
                0x0000000008001d42       0x14 /tmp/ccxVJ3GG.ltrans0.ltrans.o
 .text._ZNK9Sterownik17isZakazOtwieraniaEv
                0x0000000008001d56       0x1e /tmp/ccxVJ3GG.ltrans0.ltrans.o
 .text._ZNK9Sterownik16isZakazZamykaniaEv
                0x0000000008001d74       0x1e /tmp/ccxVJ3GG.ltrans0.ltrans.o
 .text._ZNK9Sterownik8isAwariaEv
                0x0000000008001d92       0x14 /tmp/ccxVJ3GG.ltrans0.ltrans.o
 .text._ZN9Sterownik14isOpenPossibleEv
                0x0000000008001da6       0x58 /tmp/ccxVJ3GG.ltrans0.ltrans.o
 .text._ZN9Sterownik15isClosePossibleEv
                0x0000000008001dfe       0x42 /tmp/ccxVJ3GG.ltrans0.ltrans.o
 .text._ZN9Sterownik9zatrzymajEv
                0x0000000008001e40       0x22 /tmp/ccxVJ3GG.ltrans0.ltrans.o
 .text._ZN9Sterownik8setNapedENS_5NAPEDE
                0x0000000008001e62       0x3a /tmp/ccxVJ3GG.ltrans0.ltrans.o
 .text._ZN9Sterownik12getPrevNapedENS_5NAPEDE
                0x0000000008001e9c       0x44 /tmp/ccxVJ3GG.ltrans0.ltrans.o
 .text._ZN9Sterownik12getNextNapedENS_5NAPEDE
                0x0000000008001ee0       0x48 /tmp/ccxVJ3GG.ltrans0.ltrans.o
 .text._ZNK9Sterownik13getOpisNapeduEv
                0x0000000008001f28       0x1c /tmp/ccxVJ3GG.ltrans0.ltrans.o
 .text._ZN9Sterownik13getOpisNapeduENS_5NAPEDE
                0x0000000008001f44       0x58 /tmp/ccxVJ3GG.ltrans0.ltrans.o
 .text._ZN9Sterownik16gotoSafePositionEb
                0x0000000008001f9c       0x6a /tmp/ccxVJ3GG.ltrans0.ltrans.o
 .text._ZN8Password3addEN8Keyboard3KeyE
                0x0000000008002006       0x7a /tmp/ccxVJ3GG.ltrans0.ltrans.o
 .text._ZN8Password9getCharAtEh
                0x0000000008002080       0x7c /tmp/ccxVJ3GG.ltrans0.ltrans.o
 .text._ZN8Password6isFullEv
                0x00000000080020fc       0x26 /tmp/ccxVJ3GG.ltrans0.ltrans.o
 .text._ZN8Password7isMatchEv
                0x0000000008002122       0x44 /tmp/ccxVJ3GG.ltrans0.ltrans.o
 .text._ZN8Password4saveEt
                0x0000000008002166       0x1e /tmp/ccxVJ3GG.ltrans0.ltrans.o
 .text._ZN8Password5clearEv
                0x0000000008002184       0x1a /tmp/ccxVJ3GG.ltrans0.ltrans.o
 .text._ZN8Password4saveEv
                0x000000000800219e       0x18 /tmp/ccxVJ3GG.ltrans0.ltrans.o
 .text._ZN8Password9getStatusEv
                0x00000000080021b6       0x32 /tmp/ccxVJ3GG.ltrans0.ltrans.o
 .text._ZN8Password7collectEN8Keyboard3KeyE
                0x00000000080021e8       0x36 /tmp/ccxVJ3GG.ltrans0.ltrans.o
 .text._ZN8Password10getAsCharsEPc
                0x000000000800221e       0x4e /tmp/ccxVJ3GG.ltrans0.ltrans.o
 .text._ZL18getProgMainVersionv
                0x000000000800226c        0xc /tmp/ccxVJ3GG.ltrans0.ltrans.o
 .text._ZL17getProgSubVersionv
                0x0000000008002278        0xc /tmp/ccxVJ3GG.ltrans0.ltrans.o
 .text._ZN4Menu9goToEkranENS_5EKRANE
                0x0000000008002284       0x58 /tmp/ccxVJ3GG.ltrans0.ltrans.o
 .text._ZN3HMI16isBackLightInUseEv
                0x00000000080022dc       0x1c /tmp/ccxVJ3GG.ltrans0.ltrans.o
 .text._ZN5Praca19isAwariaSieci230VACEv
                0x00000000080022f8       0x26 /tmp/ccxVJ3GG.ltrans0.ltrans.o
 .text._ZNK5Praca6getJobEv
                0x000000000800231e       0x14 /tmp/ccxVJ3GG.ltrans0.ltrans.o
 *fill*         0x0000000008002332        0x2 
 .text._ZN4Menu4pollEv
                0x0000000008002334      0x4ec /tmp/ccxVJ3GG.ltrans0.ltrans.o
 .text._ZL12getJobSymbolv
                0x0000000008002820       0x3c /tmp/ccxVJ3GG.ltrans0.ltrans.o
 .text._ZN4Menu9showEkranEv
                0x000000000800285c      0x784 /tmp/ccxVJ3GG.ltrans0.ltrans.o
 .text._ZN4Gpio5setupEP12GPIO_TypeDefhNS_8GpioModeENS_9GpioOTypeENS_8GpioPuPdENS_9GpioSpeedE
                0x0000000008002fe0       0x6a /tmp/ccxVJ3GG.ltrans0.ltrans.o
 .text._ZN6VEprom10addToValueENS_9VirtAdresEt
                0x000000000800304a       0x6a /tmp/ccxVJ3GG.ltrans0.ltrans.o
 .text._ZN9Sterownik11checkRelaysEv
                0x00000000080030b4       0xf6 /tmp/ccxVJ3GG.ltrans0.ltrans.o
 .text._ZN9Sterownik9setBuzzerEb
                0x00000000080031aa       0x28 /tmp/ccxVJ3GG.ltrans0.ltrans.o
 .text._ZN9Sterownik9isMotorOnEv
                0x00000000080031d2       0x44 /tmp/ccxVJ3GG.ltrans0.ltrans.o
 .text._ZN9Sterownik7podniesEv
                0x0000000008003216       0x32 /tmp/ccxVJ3GG.ltrans0.ltrans.o
 .text._ZN9Sterownik5opuscEv
                0x0000000008003248       0x32 /tmp/ccxVJ3GG.ltrans0.ltrans.o
 .text._ZN9Sterownik4pollEv
                0x000000000800327a       0x1e /tmp/ccxVJ3GG.ltrans0.ltrans.o
 .text._ZN5Front8getStateEv
                0x0000000008003298       0x14 /tmp/ccxVJ3GG.ltrans0.ltrans.o
 .text._ZN5Praca13isOpenRequestEv
                0x00000000080032ac       0x80 /tmp/ccxVJ3GG.ltrans0.ltrans.o
 .text._ZN5Praca14isCloseRequestEv
                0x000000000800332c       0x74 /tmp/ccxVJ3GG.ltrans0.ltrans.o
 .text._ZN5Praca4pollEv
                0x00000000080033a0      0x204 /tmp/ccxVJ3GG.ltrans0.ltrans.o
 .text._ZN5Praca9checkLEDsEv
                0x00000000080035a4       0xe0 /tmp/ccxVJ3GG.ltrans0.ltrans.o
 .text._Z13pracaCallbackv
                0x0000000008003684       0x18 /tmp/ccxVJ3GG.ltrans0.ltrans.o
 .text._Z41__static_initialization_and_destruction_0ii.lto_priv.2
                0x000000000800369c       0x38 /tmp/ccxVJ3GG.ltrans0.ltrans.o
 .text._GLOBAL__sub_I__Z13pracaCallbackv
                0x00000000080036d4       0x18 /tmp/ccxVJ3GG.ltrans0.ltrans.o
 .text._ZN9QuickTask4holdEb
                0x00000000080036ec       0x20 /tmp/ccxVJ3GG.ltrans0.ltrans.o
 .text._ZN17CallbackInterfaceD2Ev
                0x000000000800370c       0x1c /tmp/ccxVJ3GG.ltrans0.ltrans.o
 .text._ZN4Gpio7getModeEP12GPIO_TypeDefh
                0x0000000008003728       0x30 /tmp/ccxVJ3GG.ltrans0.ltrans.o
 .text._ZN4Gpio7getPullEP12GPIO_TypeDefh
                0x0000000008003758       0x30 /tmp/ccxVJ3GG.ltrans0.ltrans.o
 .text._ZN4Gpio8getSpeedEP12GPIO_TypeDefh
                0x0000000008003788       0x30 /tmp/ccxVJ3GG.ltrans0.ltrans.o
 .text._ZN4Gpio8getOTypeEP12GPIO_TypeDefh
                0x00000000080037b8       0x32 /tmp/ccxVJ3GG.ltrans0.ltrans.o
 .text._ZN4Gpio14setupFromCloneEP12GPIO_TypeDefhS1_h
                0x00000000080037ea       0x9c /tmp/ccxVJ3GG.ltrans0.ltrans.o
 .text._ZN4Gpio16setAlternateFuncEP12GPIO_TypeDefhh
                0x0000000008003886       0xc8 /tmp/ccxVJ3GG.ltrans0.ltrans.o
 .text._ZN4Gpio5setupENS_8GpioModeENS_9GpioOTypeENS_8GpioPuPdENS_9GpioSpeedE
                0x000000000800394e       0x60 /tmp/ccxVJ3GG.ltrans0.ltrans.o
 .text._ZN4Gpio14setupFromCloneEPS_
                0x00000000080039ae       0x24 /tmp/ccxVJ3GG.ltrans0.ltrans.o
 *fill*         0x00000000080039d2        0x2 
 .text._ZN8Hardware9getSYSCLKEv
                0x00000000080039d4       0x14 /tmp/ccxVJ3GG.ltrans0.ltrans.o
 .text._ZN8Hardware7getHCLKEv
                0x00000000080039e8       0x54 /tmp/ccxVJ3GG.ltrans0.ltrans.o
 .text._ZN8Hardware7getPCLKEv
                0x0000000008003a3c       0x48 /tmp/ccxVJ3GG.ltrans0.ltrans.o
 .text._ZN6VEprom4initEv
                0x0000000008003a84       0x2c /tmp/ccxVJ3GG.ltrans0.ltrans.o
 .text._ZN12SilnikNapeduD2Ev
                0x0000000008003ab0       0x1c /tmp/ccxVJ3GG.ltrans0.ltrans.o
 .text._ZN12SilnikNapeduC2Ev
                0x0000000008003acc       0x24 /tmp/ccxVJ3GG.ltrans0.ltrans.o
 .text._ZN12Silnik230VACC2EP4GpioS1_
                0x0000000008003af0       0x3c /tmp/ccxVJ3GG.ltrans0.ltrans.o
 .text._ZN12Silnik230VAC4initEv
                0x0000000008003b2c       0x22 /tmp/ccxVJ3GG.ltrans0.ltrans.o
 .text._ZN12Silnik230VAC16gotoSafePositionEb
                0x0000000008003b4e       0x2e /tmp/ccxVJ3GG.ltrans0.ltrans.o
 .text._ZN12Silnik230VAC7setMoveEN12SilnikNapedu4MOVEE
                0x0000000008003b7c       0x78 /tmp/ccxVJ3GG.ltrans0.ltrans.o
 .text._ZN12Silnik230VAC7getMoveEv
                0x0000000008003bf4       0x14 /tmp/ccxVJ3GG.ltrans0.ltrans.o
 .text._ZN7HBridgeD2Ev
                0x0000000008003c08       0x1c /tmp/ccxVJ3GG.ltrans0.ltrans.o
 .text._ZN9SoftStart13setGpiosAsPWMEv
                0x0000000008003c24       0x78 /tmp/ccxVJ3GG.ltrans0.ltrans.o
 .text._ZN9SoftStart8initTIM1Ev
                0x0000000008003c9c       0xc8 /tmp/ccxVJ3GG.ltrans0.ltrans.o
 .text._ZN9SoftStart4initEv
                0x0000000008003d64       0x1e /tmp/ccxVJ3GG.ltrans0.ltrans.o
 .text._ZN9SoftStart8getLeftHEv
                0x0000000008003d82       0x1a /tmp/ccxVJ3GG.ltrans0.ltrans.o
 .text._ZN9SoftStart9getRightHEv
                0x0000000008003d9c       0x1c /tmp/ccxVJ3GG.ltrans0.ltrans.o
 .text._ZN9SoftStart10setLeftPWMEm
                0x0000000008003db8       0x50 /tmp/ccxVJ3GG.ltrans0.ltrans.o
 .text._ZN9SoftStart10getLeftPWMEv
                0x0000000008003e08       0x18 /tmp/ccxVJ3GG.ltrans0.ltrans.o
 .text._ZN9SoftStart11setRightPWMEm
                0x0000000008003e20       0x50 /tmp/ccxVJ3GG.ltrans0.ltrans.o
 .text._ZN9SoftStart11getRightPWMEv
                0x0000000008003e70       0x18 /tmp/ccxVJ3GG.ltrans0.ltrans.o
 .text._ZN9SoftStart8setLeftLEb
                0x0000000008003e88       0x5e /tmp/ccxVJ3GG.ltrans0.ltrans.o
 .text._ZN9SoftStart9setRightLEb
                0x0000000008003ee6       0x60 /tmp/ccxVJ3GG.ltrans0.ltrans.o
 .text._ZN9SoftStart8setLeftHEb
                0x0000000008003f46       0x4c /tmp/ccxVJ3GG.ltrans0.ltrans.o
 .text._ZN9SoftStart9setRightHEb
                0x0000000008003f92       0x52 /tmp/ccxVJ3GG.ltrans0.ltrans.o
 .text._ZN9SoftStartC2Ev
                0x0000000008003fe4       0x30 /tmp/ccxVJ3GG.ltrans0.ltrans.o
 .text._ZN7HBridgeC2Ev
                0x0000000008004014       0x1c /tmp/ccxVJ3GG.ltrans0.ltrans.o
 .text._ZN10HBridgePWMC2Ev
                0x0000000008004030       0x68 /tmp/ccxVJ3GG.ltrans0.ltrans.o
 .text._ZN10HBridgePWM4initEv
                0x0000000008004098       0x3c /tmp/ccxVJ3GG.ltrans0.ltrans.o
 .text._ZN10HBridgePWM13isOVCDetectedEv
                0x00000000080040d4       0x24 /tmp/ccxVJ3GG.ltrans0.ltrans.o
 .text._ZN10HBridgePWM8setPowerEN7HBridge5POWERE
                0x00000000080040f8       0xea /tmp/ccxVJ3GG.ltrans0.ltrans.o
 .text._ZN10HBridgePWM12getPowerModeEv
                0x00000000080041e2       0x16 /tmp/ccxVJ3GG.ltrans0.ltrans.o
 .text._ZN10HBridgePWM4pollEv
                0x00000000080041f8       0xfe /tmp/ccxVJ3GG.ltrans0.ltrans.o
 .text._ZN11HBridgeGPIO11setPullPlusEN7HBridge4PULLE
                0x00000000080042f6       0x6a /tmp/ccxVJ3GG.ltrans0.ltrans.o
 .text._ZN11HBridgeGPIO12setPullMinusEN7HBridge4PULLE
                0x0000000008004360       0x6a /tmp/ccxVJ3GG.ltrans0.ltrans.o
 *fill*         0x00000000080043ca        0x2 
 .text._ZN11HBridgeGPIOC2EP4GpioS1_S1_S1_
                0x00000000080043cc       0x60 /tmp/ccxVJ3GG.ltrans0.ltrans.o
 .text._ZN11HBridgeGPIO4initEv
                0x000000000800442c       0x74 /tmp/ccxVJ3GG.ltrans0.ltrans.o
 .text._ZN11HBridgeGPIO8setPowerEN7HBridge5POWERE
                0x00000000080044a0       0x7a /tmp/ccxVJ3GG.ltrans0.ltrans.o
 .text._ZN11HBridgeGPIO12getPowerModeEv
                0x000000000800451a       0x14 /tmp/ccxVJ3GG.ltrans0.ltrans.o
 .text._ZN11HBridgeGPIO4pollEv
                0x000000000800452e       0x68 /tmp/ccxVJ3GG.ltrans0.ltrans.o
 *fill*         0x0000000008004596        0x2 
 .text._ZN11Silnik24VDCC2EP7HBridgeS1_
                0x0000000008004598       0x40 /tmp/ccxVJ3GG.ltrans0.ltrans.o
 .text._ZN11Silnik24VDC4initEv
                0x00000000080045d8       0x32 /tmp/ccxVJ3GG.ltrans0.ltrans.o
 .text._ZN11Silnik24VDC16gotoSafePositionEb
                0x000000000800460a       0x30 /tmp/ccxVJ3GG.ltrans0.ltrans.o
 .text._ZN11Silnik24VDC7setMoveEN12SilnikNapedu4MOVEE
                0x000000000800463a      0x144 /tmp/ccxVJ3GG.ltrans0.ltrans.o
 .text._ZN11Silnik24VDC7getMoveEv
                0x000000000800477e       0x14 /tmp/ccxVJ3GG.ltrans0.ltrans.o
 .text._ZN7HamulecC2EP7HBridge
                0x0000000008004792       0x2c /tmp/ccxVJ3GG.ltrans0.ltrans.o
 .text._ZN7Hamulec4initEv
                0x00000000080047be       0x2a /tmp/ccxVJ3GG.ltrans0.ltrans.o
 .text._ZN3Led7preinitEv
                0x00000000080047e8       0x20 /tmp/ccxVJ3GG.ltrans0.ltrans.o
 .text._ZN3LedC2EP12GPIO_TypeDefh
                0x0000000008004808       0x2e /tmp/ccxVJ3GG.ltrans0.ltrans.o
 .text._ZN3Led4initENS_4TypeENS_4ModeE
                0x0000000008004836       0x44 /tmp/ccxVJ3GG.ltrans0.ltrans.o
 *fill*         0x000000000800487a        0x2 
 .text._ZN6Pinout4initEv
                0x000000000800487c      0x240 /tmp/ccxVJ3GG.ltrans0.ltrans.o
 .text._ZN9SterownikC2EP11Silnik24VDCP12Silnik230VACP7Hamulec
                0x0000000008004abc       0x48 /tmp/ccxVJ3GG.ltrans0.ltrans.o
 .text._ZN9Sterownik4initEv
                0x0000000008004b04       0x54 /tmp/ccxVJ3GG.ltrans0.ltrans.o
 .text._ZN8KeyboardC2EP4GpioS1_S1_S1_
                0x0000000008004b58       0x68 /tmp/ccxVJ3GG.ltrans0.ltrans.o
 .text._ZN8Keyboard4initEv
                0x0000000008004bc0       0x50 /tmp/ccxVJ3GG.ltrans0.ltrans.o
 .text._ZN11FrameBuffer11clearScreenEv
                0x0000000008004c10       0x38 /tmp/ccxVJ3GG.ltrans0.ltrans.o
 .text._ZN8PasswordC2Ev
                0x0000000008004c48       0x24 /tmp/ccxVJ3GG.ltrans0.ltrans.o
 .text._ZN8Password4initEv
                0x0000000008004c6c       0x48 /tmp/ccxVJ3GG.ltrans0.ltrans.o
 .text._ZN4Menu4initEP9SterownikP8KeyboardP11FrameBuffer
                0x0000000008004cb4       0x36 /tmp/ccxVJ3GG.ltrans0.ltrans.o
 *fill*         0x0000000008004cea        0x2 
 .text._ZN17CallbackInterfaceC2Ev
                0x0000000008004cec       0x1c /tmp/ccxVJ3GG.ltrans0.ltrans.o
 .text._ZN9ST7032iFBC2Ev
                0x0000000008004d08       0x48 /tmp/ccxVJ3GG.ltrans0.ltrans.o
 .text._ZN9ST7032iFBD2Ev
                0x0000000008004d50       0x24 /tmp/ccxVJ3GG.ltrans0.ltrans.o
 .text._ZN9ST7032iFBD0Ev
                0x0000000008004d74       0x24 /tmp/ccxVJ3GG.ltrans0.ltrans.o
 .text._ZN9ST7032iFB16callbackFunctionEv
                0x0000000008004d98        0xe /tmp/ccxVJ3GG.ltrans0.ltrans.o
 .text._ZN9ST7032iFB14getFrameBufferEv
                0x0000000008004da6       0x14 /tmp/ccxVJ3GG.ltrans0.ltrans.o
 .text._ZN9ST7032iFB12getBackLightEv
                0x0000000008004dba       0x14 /tmp/ccxVJ3GG.ltrans0.ltrans.o
 .text._ZN5FrontC2EP4GpioS1_S1_S1_
                0x0000000008004dce       0x36 /tmp/ccxVJ3GG.ltrans0.ltrans.o
 .text._ZN3HMI4initEP9SterownikP8KeyboardP5FrontP9ST7032iFBP4MenuP3LedSB_SB_
                0x0000000008004e04       0xa2 /tmp/ccxVJ3GG.ltrans0.ltrans.o
 *fill*         0x0000000008004ea6        0x2 
 .text._ZN5Praca4initEv
                0x0000000008004ea8       0x2c /tmp/ccxVJ3GG.ltrans0.ltrans.o
 .text._ZN6PinoutC2Ev
                0x0000000008004ed4      0x350 /tmp/ccxVJ3GG.ltrans0.ltrans.o
 .text._ZN4MenuC2Ev
                0x0000000008005224       0x30 /tmp/ccxVJ3GG.ltrans0.ltrans.o
 .text._Z11hBridgePollv
                0x0000000008005254       0x20 /tmp/ccxVJ3GG.ltrans0.ltrans.o
 .text.main     0x0000000008005274      0x12c /tmp/ccxVJ3GG.ltrans0.ltrans.o
 .text._ZN11Silnik24VDCD2Ev
                0x00000000080053a0       0x24 /tmp/ccxVJ3GG.ltrans0.ltrans.o
 .text._ZN11Silnik24VDCD0Ev
                0x00000000080053c4       0x24 /tmp/ccxVJ3GG.ltrans0.ltrans.o
 .text._ZN11HBridgeGPIOD2Ev
                0x00000000080053e8       0x24 /tmp/ccxVJ3GG.ltrans0.ltrans.o
 .text._ZN11HBridgeGPIOD0Ev
                0x000000000800540c       0x24 /tmp/ccxVJ3GG.ltrans0.ltrans.o
 .text._ZN10HBridgePWMD2Ev
                0x0000000008005430       0x24 /tmp/ccxVJ3GG.ltrans0.ltrans.o
 .text._ZN10HBridgePWMD0Ev
                0x0000000008005454       0x24 /tmp/ccxVJ3GG.ltrans0.ltrans.o
 .text._ZN12Silnik230VACD2Ev
                0x0000000008005478       0x24 /tmp/ccxVJ3GG.ltrans0.ltrans.o
 .text._ZN12Silnik230VACD0Ev
                0x000000000800549c       0x24 /tmp/ccxVJ3GG.ltrans0.ltrans.o
 .text._Z41__static_initialization_and_destruction_0ii.lto_priv.3
                0x00000000080054c0      0x194 /tmp/ccxVJ3GG.ltrans0.ltrans.o
 .text._GLOBAL__sub_I_pinout
                0x0000000008005654       0x18 /tmp/ccxVJ3GG.ltrans0.ltrans.o
 .text._GLOBAL__sub_D_pinout
                0x000000000800566c       0x18 /tmp/ccxVJ3GG.ltrans0.ltrans.o
 .text._ZN4FifoC2EPhm
                0x0000000008005684       0x40 /tmp/ccxVJ3GG.ltrans0.ltrans.o
 .text._ZN4Fifo3putEh
                0x00000000080056c4       0x6e /tmp/ccxVJ3GG.ltrans0.ltrans.o
 .text._ZN4Fifo3getEv
                0x0000000008005732       0x5a /tmp/ccxVJ3GG.ltrans0.ltrans.o
 .text._ZN4Fifo6putAllEPS_
                0x000000000800578c       0x64 /tmp/ccxVJ3GG.ltrans0.ltrans.o
 .text._ZN4Fifo9get_countEv
                0x00000000080057f0       0x38 /tmp/ccxVJ3GG.ltrans0.ltrans.o
 .text._ZN11FrameBufferD2Ev
                0x0000000008005828       0x1c /tmp/ccxVJ3GG.ltrans0.ltrans.o
 .text._ZN11FrameBufferD0Ev
                0x0000000008005844       0x24 /tmp/ccxVJ3GG.ltrans0.ltrans.o
 .text._ZN9QuickTask4tickEm
                0x0000000008005868       0x6c /tmp/ccxVJ3GG.ltrans0.ltrans.o
 .text._ZN9QuickTask4pollEv
                0x00000000080058d4       0x68 /tmp/ccxVJ3GG.ltrans0.ltrans.o
 .text._ZN9QuickTaskC2ENS_6QTTypeEPFvvEm
                0x000000000800593c       0x94 /tmp/ccxVJ3GG.ltrans0.ltrans.o
 .text.SysTick_Handler
                0x00000000080059d0        0xe /tmp/ccxVJ3GG.ltrans0.ltrans.o
 *fill*         0x00000000080059de        0x2 
 .text.EE_Init  0x00000000080059e0      0x3d4 /tmp/ccxVJ3GG.ltrans0.ltrans.o
 .text.EE_ReadVariable
                0x0000000008005db4       0xc8 /tmp/ccxVJ3GG.ltrans0.ltrans.o
 .text.EE_WriteVariable
                0x0000000008005e7c       0x5e /tmp/ccxVJ3GG.ltrans0.ltrans.o
 *fill*         0x0000000008005eda        0x2 
 .text.EE_Format
                0x0000000008005edc       0x68 /tmp/ccxVJ3GG.ltrans0.ltrans.o
 .text.EE_FindValidPage
                0x0000000008005f44       0xb0 /tmp/ccxVJ3GG.ltrans0.ltrans.o
 .text.EE_VerifyPageFullWriteVariable
                0x0000000008005ff4       0xe0 /tmp/ccxVJ3GG.ltrans0.ltrans.o
 .text.EE_PageTransfer
                0x00000000080060d4      0x1c8 /tmp/ccxVJ3GG.ltrans0.ltrans.o
 .text.itoaWithPattern
                0x000000000800629c       0xd2 /tmp/ccxVJ3GG.ltrans0.ltrans.o
 .text.my_strcpy
                0x000000000800636e       0x5c /tmp/ccxVJ3GG.ltrans0.ltrans.o
 .text.numberWithPattern
                0x00000000080063ca       0x2e /tmp/ccxVJ3GG.ltrans0.ltrans.o
 .text.FLASH_Unlock
                0x00000000080063f8       0x2c /tmp/ccxVJ3GG.ltrans0.ltrans.o
 .text.FLASH_Lock
                0x0000000008006424       0x18 /tmp/ccxVJ3GG.ltrans0.ltrans.o
 .text.FLASH_ErasePage
                0x000000000800643c       0x78 /tmp/ccxVJ3GG.ltrans0.ltrans.o
 .text.FLASH_ProgramHalfWord
                0x00000000080064b4       0x74 /tmp/ccxVJ3GG.ltrans0.ltrans.o
 .text.FLASH_GetStatus
                0x0000000008006528       0x5c /tmp/ccxVJ3GG.ltrans0.ltrans.o
 .text.FLASH_WaitForLastOperation
                0x0000000008006584       0x5a /tmp/ccxVJ3GG.ltrans0.ltrans.o
 *fill*         0x00000000080065de        0x2 
 .text.NVIC_EnableIRQ
                0x00000000080065e0       0x2c /tmp/ccxVJ3GG.ltrans0.ltrans.o
 .text.NVIC_SetPriority.lto_priv.7
                0x000000000800660c       0xe8 /tmp/ccxVJ3GG.ltrans0.ltrans.o
 .text._ZN4Gpio16setAlternateFuncEh
                0x00000000080066f4       0x2a /tmp/ccxVJ3GG.ltrans0.ltrans.o
 .text._ZN4Fifo5flushEv
                0x000000000800671e       0x1a /tmp/ccxVJ3GG.ltrans0.ltrans.o
 .text._ZN3I2CC2Ev
                0x0000000008006738       0x30 /tmp/ccxVJ3GG.ltrans0.ltrans.o
 .text._ZN3I2C21callCompletedCallbackEv
                0x0000000008006768       0x26 /tmp/ccxVJ3GG.ltrans0.ltrans.o
 .text._ZN3I2C8setStateENS_5StateE
                0x000000000800678e       0x2c /tmp/ccxVJ3GG.ltrans0.ltrans.o
 .text._ZN3I2C6isBusyEv
                0x00000000080067ba       0x1c /tmp/ccxVJ3GG.ltrans0.ltrans.o
 *fill*         0x00000000080067d6        0x2 
 .text._ZN3I2C11getInstanceEv
                0x00000000080067d8       0x10 /tmp/ccxVJ3GG.ltrans0.ltrans.o
 .text._ZN3I2C4initEPNS_10DeviceDefsE
                0x00000000080067e8       0x66 /tmp/ccxVJ3GG.ltrans0.ltrans.o
 *fill*         0x000000000800684e        0x2 
 .text._ZN3I2C4initEv
                0x0000000008006850      0x198 /tmp/ccxVJ3GG.ltrans0.ltrans.o
 .text._ZN3I2C8irqEventEv
                0x00000000080069e8       0xc0 /tmp/ccxVJ3GG.ltrans0.ltrans.o
 .text._ZN3I2C16masterWriteBlockEP4Fifo
                0x0000000008006aa8      0x100 /tmp/ccxVJ3GG.ltrans0.ltrans.o
 .text.I2C1_IRQHandler
                0x0000000008006ba8       0x14 /tmp/ccxVJ3GG.ltrans0.ltrans.o
 .text.I2C2_IRQHandler
                0x0000000008006bbc       0x14 /tmp/ccxVJ3GG.ltrans0.ltrans.o
 .text._Z41__static_initialization_and_destruction_0ii.lto_priv.4
                0x0000000008006bd0       0x44 /tmp/ccxVJ3GG.ltrans0.ltrans.o
 .text._GLOBAL__sub_I_i2cInstance
                0x0000000008006c14       0x18 /tmp/ccxVJ3GG.ltrans0.ltrans.o
 .text._ZN11FrameBufferC2EmmPh
                0x0000000008006c2c       0x54 /tmp/ccxVJ3GG.ltrans0.ltrans.o
 .text._ZNK11FrameBuffer9getBufferEv
                0x0000000008006c80       0x14 /tmp/ccxVJ3GG.ltrans0.ltrans.o
 .text._ZN11FrameBuffer7getLineEmP4Fifo
                0x0000000008006c94       0x78 /tmp/ccxVJ3GG.ltrans0.ltrans.o
 .text._ZN3I2C13setSlaveAdresEt
                0x0000000008006d0c       0x1c /tmp/ccxVJ3GG.ltrans0.ltrans.o
 .text._ZN3I2C14masterTransmitEP4Fifo
                0x0000000008006d28       0x20 /tmp/ccxVJ3GG.ltrans0.ltrans.o
 .text._ZN3I2C20setCompletedCallbackEP17CallbackInterface
                0x0000000008006d48       0x16 /tmp/ccxVJ3GG.ltrans0.ltrans.o
 .text._ZN9ST7032iFB11sendCommandENS_10LcdCommandE
                0x0000000008006d5e       0x26 /tmp/ccxVJ3GG.ltrans0.ltrans.o
 .text._ZN9ST7032iFB6isBusyEv
                0x0000000008006d84       0x1c /tmp/ccxVJ3GG.ltrans0.ltrans.o
 .text._ZN9ST7032iFB11setResetPinEb
                0x0000000008006da0       0x24 /tmp/ccxVJ3GG.ltrans0.ltrans.o
 .text._ZN9ST7032iFB12setBackLightEb
                0x0000000008006dc4       0x24 /tmp/ccxVJ3GG.ltrans0.ltrans.o
 .text._ZN9ST7032iFB6gotoXYEhh
                0x0000000008006de8       0x76 /tmp/ccxVJ3GG.ltrans0.ltrans.o
 .text._Z13dummyCallbackv
                0x0000000008006e5e        0xc /tmp/ccxVJ3GG.ltrans0.ltrans.o
 *fill*         0x0000000008006e6a        0x2 
 .text._ZN9ST7032iFB4pollEv
                0x0000000008006e6c       0x18 /tmp/ccxVJ3GG.ltrans0.ltrans.o
 .text._ZN9ST7032iFB12delayMsDirtyEm
                0x0000000008006e84       0x18 /tmp/ccxVJ3GG.ltrans0.ltrans.o
 .text._ZN9ST7032iFB4initEP3I2CP4GpioS3_
                0x0000000008006e9c      0x178 /tmp/ccxVJ3GG.ltrans0.ltrans.o
 .text._ZN9ST7032iFB13sendCmdOrDataEbh
                0x0000000008007014       0x66 /tmp/ccxVJ3GG.ltrans0.ltrans.o
 .text._ZN9ST7032iFB11sendCommandEh
                0x000000000800707a       0x26 /tmp/ccxVJ3GG.ltrans0.ltrans.o
 .text._ZN9ST7032iFB8sendLineEm
                0x00000000080070a0       0x5c /tmp/ccxVJ3GG.ltrans0.ltrans.o
 .text._ZN9ST7032iFB7processEv
                0x00000000080070fc       0xe8 /tmp/ccxVJ3GG.ltrans0.ltrans.o
 .text._Z41__static_initialization_and_destruction_0ii.lto_priv.5
                0x00000000080071e4       0x74 /tmp/ccxVJ3GG.ltrans0.ltrans.o
 .text._GLOBAL__sub_I__Z13dummyCallbackv
                0x0000000008007258       0x18 /tmp/ccxVJ3GG.ltrans0.ltrans.o
 .text._GLOBAL__sub_D__Z13dummyCallbackv
                0x0000000008007270       0x18 /tmp/ccxVJ3GG.ltrans0.ltrans.o
 .text._ZdlPvj  0x0000000008007288        0x8 /home/opt/arm-toolchains/gcc-arm-none-eabi-7-2018-q2-update/bin/../lib/gcc/arm-none-eabi/7.3.1/../../../../arm-none-eabi/lib/thumb/v6-m/libstdc++_nano.a(del_ops.o)
                0x0000000008007288                operator delete(void*, unsigned int)
 .text._ZdlPv   0x0000000008007290        0x8 /home/opt/arm-toolchains/gcc-arm-none-eabi-7-2018-q2-update/bin/../lib/gcc/arm-none-eabi/7.3.1/../../../../arm-none-eabi/lib/thumb/v6-m/libstdc++_nano.a(del_op.o)
                0x0000000008007290                operator delete(void*)
 .text.free     0x0000000008007298       0x14 /home/opt/arm-toolchains/gcc-arm-none-eabi-7-2018-q2-update/bin/../lib/gcc/arm-none-eabi/7.3.1/../../../../arm-none-eabi/lib/thumb/v6-m/libg_nano.a(lib_a-malloc.o)
                0x0000000008007298                free
 .text._free_r  0x00000000080072ac       0x94 /home/opt/arm-toolchains/gcc-arm-none-eabi-7-2018-q2-update/bin/../lib/gcc/arm-none-eabi/7.3.1/../../../../arm-none-eabi/lib/thumb/v6-m/libg_nano.a(lib_a-nano-freer.o)
                0x00000000080072ac                _free_r
 .text          0x0000000008007340        0xe /home/opt/arm-toolchains/gcc-arm-none-eabi-7-2018-q2-update/bin/../lib/gcc/arm-none-eabi/7.3.1/../../../../arm-none-eabi/lib/thumb/v6-m/libg_nano.a(lib_a-strlen.o)
                0x0000000008007340                strlen
 .text.__malloc_lock
                0x000000000800734e        0x2 /home/opt/arm-toolchains/gcc-arm-none-eabi-7-2018-q2-update/bin/../lib/gcc/arm-none-eabi/7.3.1/../../../../arm-none-eabi/lib/thumb/v6-m/libg_nano.a(lib_a-mlock.o)
                0x000000000800734e                __malloc_lock
 .text.__malloc_unlock
                0x0000000008007350        0x2 /home/opt/arm-toolchains/gcc-arm-none-eabi-7-2018-q2-update/bin/../lib/gcc/arm-none-eabi/7.3.1/../../../../arm-none-eabi/lib/thumb/v6-m/libg_nano.a(lib_a-mlock.o)
                0x0000000008007350                __malloc_unlock
 *fill*         0x0000000008007352        0x2 
 .text          0x0000000008007354      0x114 /home/opt/arm-toolchains/gcc-arm-none-eabi-7-2018-q2-update/bin/../lib/gcc/arm-none-eabi/7.3.1/thumb/v6-m/libgcc.a(_udivsi3.o)
                0x0000000008007354                __udivsi3
                0x0000000008007354                __aeabi_uidiv
                0x0000000008007460                __aeabi_uidivmod
 .text          0x0000000008007468        0x4 /home/opt/arm-toolchains/gcc-arm-none-eabi-7-2018-q2-update/bin/../lib/gcc/arm-none-eabi/7.3.1/thumb/v6-m/libgcc.a(_dvmd_tls.o)
                0x0000000008007468                __aeabi_ldiv0
                0x0000000008007468                __aeabi_idiv0
 .text.memset   0x000000000800746c       0x10 /home/opt/arm-toolchains/gcc-arm-none-eabi-7-2018-q2-update/bin/../lib/gcc/arm-none-eabi/7.3.1/../../../../arm-none-eabi/lib/thumb/v6-m/libg_nano.a(lib_a-memset.o)
                0x000000000800746c                memset
 *(.rodata .rodata.* .constdata .constdata.*)
 .rodata._ZZ18__cxa_pure_virtualE8__func__
                0x000000000800747c       0x13 /tmp/ccxVJ3GG.ltrans0.ltrans.o
 *fill*         0x000000000800748f        0x1 
 .rodata.abort.str1.4
                0x0000000008007490       0x14 /tmp/ccxVJ3GG.ltrans0.ltrans.o
 .rodata._ZN5Front4pollEv
                0x00000000080074a4       0x14 /tmp/ccxVJ3GG.ltrans0.ltrans.o
 .rodata._ZN3Led4tickEm
                0x00000000080074b8       0x1c /tmp/ccxVJ3GG.ltrans0.ltrans.o
 .rodata._ZN8Hardware13errorDispatchENS_9ErrorCodeE
                0x00000000080074d4       0x14 /tmp/ccxVJ3GG.ltrans0.ltrans.o
 .rodata._ZN9Sterownik9initNapedEv
                0x00000000080074e8       0x18 /tmp/ccxVJ3GG.ltrans0.ltrans.o
 .rodata._ZN9Sterownik13getOpisNapeduENS_5NAPEDE.str1.4
                0x0000000008007500       0x49 /tmp/ccxVJ3GG.ltrans0.ltrans.o
 *fill*         0x0000000008007549        0x3 
 .rodata._ZN9Sterownik13getOpisNapeduENS_5NAPEDE
                0x000000000800754c       0x18 /tmp/ccxVJ3GG.ltrans0.ltrans.o
 .rodata._ZN4Menu4pollEv
                0x0000000008007564       0x3c /tmp/ccxVJ3GG.ltrans0.ltrans.o
 .rodata._ZN4Menu9showEkranEv.str1.4
                0x00000000080075a0      0x1ac /tmp/ccxVJ3GG.ltrans0.ltrans.o
                                        0x1b1 (size before relaxing)
 .rodata._ZN4Menu9showEkranEv
                0x000000000800774c       0x3c /tmp/ccxVJ3GG.ltrans0.ltrans.o
 .rodata._ZTV9ST7032iFB
                0x0000000008007788       0x14 /tmp/ccxVJ3GG.ltrans0.ltrans.o
 .rodata._ZTV11Silnik24VDC
                0x000000000800779c       0x1c /tmp/ccxVJ3GG.ltrans0.ltrans.o
 .rodata._ZTV11HBridgeGPIO
                0x00000000080077b8       0x20 /tmp/ccxVJ3GG.ltrans0.ltrans.o
 .rodata._ZTV10HBridgePWM
                0x00000000080077d8       0x1c /tmp/ccxVJ3GG.ltrans0.ltrans.o
 .rodata._ZTV7HBridge
                0x00000000080077f4       0x1c /tmp/ccxVJ3GG.ltrans0.ltrans.o
 .rodata._ZTV12Silnik230VAC
                0x0000000008007810       0x1c /tmp/ccxVJ3GG.ltrans0.ltrans.o
 .rodata._ZTV12SilnikNapedu
                0x000000000800782c       0x1c /tmp/ccxVJ3GG.ltrans0.ltrans.o
 .rodata._ZTV17CallbackInterface
                0x0000000008007848       0x14 /tmp/ccxVJ3GG.ltrans0.ltrans.o
 .rodata._ZTV11FrameBuffer
                0x000000000800785c       0x10 /tmp/ccxVJ3GG.ltrans0.ltrans.o
 .rodata._ZN9ST7032iFB7processEv
                0x000000000800786c       0x14 /tmp/ccxVJ3GG.ltrans0.ltrans.o
 *(vtable)
 *(.eh_frame*)
 *(.glue_7)
 .glue_7        0x0000000008007880        0x0 linker stubs
 *(.glue_7t)
 .glue_7t       0x0000000008007880        0x0 linker stubs

.vfp11_veneer   0x0000000008007880        0x0
 .vfp11_veneer  0x0000000008007880        0x0 linker stubs

.v4_bx          0x0000000008007880        0x0
 .v4_bx         0x0000000008007880        0x0 linker stubs

.iplt           0x0000000008007880        0x0
 .iplt          0x0000000008007880        0x0 /home/opt/arm-toolchains/gcc-arm-none-eabi-7-2018-q2-update/bin/../lib/gcc/arm-none-eabi/7.3.1/../../../../arm-none-eabi/lib/thumb/v6-m/libstdc++_nano.a(del_ops.o)

.rel.dyn        0x0000000008007880        0x0
 .rel.iplt      0x0000000008007880        0x0 /home/opt/arm-toolchains/gcc-arm-none-eabi-7-2018-q2-update/bin/../lib/gcc/arm-none-eabi/7.3.1/../../../../arm-none-eabi/lib/thumb/v6-m/libstdc++_nano.a(del_ops.o)

.ARM.extab
 *(.ARM.extab* .gnu.linkonce.armextab.*)
                0x0000000008007880                . = ALIGN (0x4)
                0x0000000008007880                __exidx_start = .

.ARM.exidx
 *(.ARM.exidx* .gnu.linkonce.armexidx.*)
                0x0000000008007880                __exidx_end = .
                0x0000000008007880                . = ALIGN (0x4)
                0x0000000008007880                _etext = .
                0x0000000008007880                __etext = .

.data_CCMRAM    0x0000000000000000        0x0 load address 0x0000000008007880
 FILL mask 0xff
 *(.data.CCMRAM .data.CCMRAM.*)
                0x0000000000000000                . = ALIGN (0x4)
                0x0000000008007880                _sidata = LOADADDR (.data)

.data           0x0000000020000000       0xb8 load address 0x0000000008007880
 FILL mask 0xff
                0x0000000020000000                _sdata = .
                0x0000000020000000                __data_start__ = .
 *(.data_begin .data_begin.*)
 .data_begin    0x0000000020000000        0x4 /tmp/ccxVJ3GG.ltrans0.ltrans.o
 *(.data .data.*)
 .data.argv.4310
                0x0000000020000004        0x8 /tmp/ccxVJ3GG.ltrans0.ltrans.o
 .data.SystemCoreClock
                0x000000002000000c        0x4 /tmp/ccxVJ3GG.ltrans0.ltrans.o
 .data.AHBPrescTable
                0x0000000020000010       0x10 /tmp/ccxVJ3GG.ltrans0.ltrans.o
 .data.pins     0x0000000020000020        0x4 /tmp/ccxVJ3GG.ltrans0.ltrans.o
 .data.i2cDefs  0x0000000020000024       0x10 /tmp/ccxVJ3GG.ltrans0.ltrans.o
 .data.sterM    0x0000000020000034        0x4 /tmp/ccxVJ3GG.ltrans0.ltrans.o
 .data.job      0x0000000020000038       0x10 /tmp/ccxVJ3GG.ltrans0.ltrans.o
 .data.praca    0x0000000020000048        0x4 /tmp/ccxVJ3GG.ltrans0.ltrans.o
 .data._ZN9QuickTask6holdedE
                0x000000002000004c        0x1 /tmp/ccxVJ3GG.ltrans0.ltrans.o
 *fill*         0x000000002000004d        0x3 ff
 .data._impure_ptr
                0x0000000020000050        0x4 /home/opt/arm-toolchains/gcc-arm-none-eabi-7-2018-q2-update/bin/../lib/gcc/arm-none-eabi/7.3.1/../../../../arm-none-eabi/lib/thumb/v6-m/libg_nano.a(lib_a-impure.o)
                0x0000000020000050                _impure_ptr
 .data.impure_data
                0x0000000020000054       0x60 /home/opt/arm-toolchains/gcc-arm-none-eabi-7-2018-q2-update/bin/../lib/gcc/arm-none-eabi/7.3.1/../../../../arm-none-eabi/lib/thumb/v6-m/libg_nano.a(lib_a-impure.o)
 *(.data_end .data_end.*)
 .data_end      0x00000000200000b4        0x4 /tmp/ccxVJ3GG.ltrans0.ltrans.o
                0x00000000200000b8                . = ALIGN (0x4)
                0x00000000200000b8                _edata = .
                0x00000000200000b8                __data_end__ = .

.igot.plt       0x00000000200000b8        0x0 load address 0x0000000008007938
 .igot.plt      0x00000000200000b8        0x0 /home/opt/arm-toolchains/gcc-arm-none-eabi-7-2018-q2-update/bin/../lib/gcc/arm-none-eabi/7.3.1/../../../../arm-none-eabi/lib/thumb/v6-m/libstdc++_nano.a(del_ops.o)

.bss_CCMRAM     0x0000000000000000        0x0
 *(.bss.CCMRAM .bss.CCMRAM.*)

.bss            0x00000000200000b8      0x49c
                0x00000000200000b8                __bss_start__ = .
                0x00000000200000b8                _sbss = .
 *(.bss_begin .bss_begin.*)
 .bss_begin     0x00000000200000b8        0x4 /tmp/ccxVJ3GG.ltrans0.ltrans.o
 *(.bss .bss.*)
 .bss.name.4309
                0x00000000200000bc        0x1 /tmp/ccxVJ3GG.ltrans0.ltrans.o
 .bss._ZZN8Keyboard6co10msEvE6oldKey
                0x00000000200000bd        0x1 /tmp/ccxVJ3GG.ltrans0.ltrans.o
 *fill*         0x00000000200000be        0x2 
 .bss.hmi       0x00000000200000c0       0x2c /tmp/ccxVJ3GG.ltrans0.ltrans.o
 .bss.hmiQtsk   0x00000000200000ec       0x14 /tmp/ccxVJ3GG.ltrans0.ltrans.o
 .bss.gpioPomSygnL
                0x0000000020000100        0x8 /tmp/ccxVJ3GG.ltrans0.ltrans.o
 .bss.gpioPomZas24V
                0x0000000020000108        0x8 /tmp/ccxVJ3GG.ltrans0.ltrans.o
 .bss._ZN8Hardware11adcDmaErrorE
                0x0000000020000110        0x1 /tmp/ccxVJ3GG.ltrans0.ltrans.o
 *fill*         0x0000000020000111        0x3 
 .bss.pracaQtsk
                0x0000000020000114       0x14 /tmp/ccxVJ3GG.ltrans0.ltrans.o
 .bss.pinout    0x0000000020000128      0x1b8 /tmp/ccxVJ3GG.ltrans0.ltrans.o
 .bss.keys      0x00000000200002e0       0x2c /tmp/ccxVJ3GG.ltrans0.ltrans.o
 .bss.front     0x000000002000030c       0x14 /tmp/ccxVJ3GG.ltrans0.ltrans.o
 .bss.hBridgeHamulec
                0x0000000020000320       0x1c /tmp/ccxVJ3GG.ltrans0.ltrans.o
 .bss.hBridgeSilnik
                0x000000002000033c       0x2c /tmp/ccxVJ3GG.ltrans0.ltrans.o
 .bss.hamulec   0x0000000020000368        0x8 /tmp/ccxVJ3GG.ltrans0.ltrans.o
 .bss.silnik24VDC
                0x0000000020000370       0x14 /tmp/ccxVJ3GG.ltrans0.ltrans.o
 .bss.silnik230VAC
                0x0000000020000384       0x14 /tmp/ccxVJ3GG.ltrans0.ltrans.o
 .bss.i2c       0x0000000020000398        0x4 /tmp/ccxVJ3GG.ltrans0.ltrans.o
 .bss.st7032iDriver
                0x000000002000039c       0x1c /tmp/ccxVJ3GG.ltrans0.ltrans.o
 .bss.sterBramDym
                0x00000000200003b8       0x14 /tmp/ccxVJ3GG.ltrans0.ltrans.o
 .bss.menu      0x00000000200003cc       0x24 /tmp/ccxVJ3GG.ltrans0.ltrans.o
 .bss.hBridgeQtsk
                0x00000000200003f0       0x14 /tmp/ccxVJ3GG.ltrans0.ltrans.o
 .bss.taskbase  0x0000000020000404        0x4 /tmp/ccxVJ3GG.ltrans0.ltrans.o
 .bss._ZN9QuickTask12milisCounterE
                0x0000000020000408        0x4 /tmp/ccxVJ3GG.ltrans0.ltrans.o
 .bss.VirtAddVarTab
                0x000000002000040c       0x14 /tmp/ccxVJ3GG.ltrans0.ltrans.o
 .bss.DataVar   0x0000000020000420        0x2 /tmp/ccxVJ3GG.ltrans0.ltrans.o
 *fill*         0x0000000020000422        0x2 
 .bss.i2cInstance
                0x0000000020000424       0x10 /tmp/ccxVJ3GG.ltrans0.ltrans.o
 .bss.buffer    0x0000000020000434       0x64 /tmp/ccxVJ3GG.ltrans0.ltrans.o
 .bss.dataFrame
                0x0000000020000498       0x18 /tmp/ccxVJ3GG.ltrans0.ltrans.o
 .bss._ZN9ST7032iFB14callbackObjectE
                0x00000000200004b0        0x4 /tmp/ccxVJ3GG.ltrans0.ltrans.o
 .bss.st7032Task
                0x00000000200004b4       0x14 /tmp/ccxVJ3GG.ltrans0.ltrans.o
 .bss.dataTab1  0x00000000200004c8       0x25 /tmp/ccxVJ3GG.ltrans0.ltrans.o
 *fill*         0x00000000200004ed        0x3 
 .bss.frame_buffer
                0x00000000200004f0       0x1c /tmp/ccxVJ3GG.ltrans0.ltrans.o
 .bss.dataTab2  0x000000002000050c       0x25 /tmp/ccxVJ3GG.ltrans0.ltrans.o
 *fill*         0x0000000020000531        0x3 
 .bss.dataFifo  0x0000000020000534       0x18 /tmp/ccxVJ3GG.ltrans0.ltrans.o
 .bss.__malloc_free_list
                0x000000002000054c        0x4 /home/opt/arm-toolchains/gcc-arm-none-eabi-7-2018-q2-update/bin/../lib/gcc/arm-none-eabi/7.3.1/../../../../arm-none-eabi/lib/thumb/v6-m/libg_nano.a(lib_a-nano-mallocr.o)
                0x000000002000054c                __malloc_free_list
 *(COMMON)
 *(.bss_end .bss_end.*)
 .bss_end       0x0000000020000550        0x4 /tmp/ccxVJ3GG.ltrans0.ltrans.o
                0x0000000020000554                . = ALIGN (0x4)
                0x0000000020000554                __bss_end__ = .
                0x0000000020000554                _ebss = .

.noinit_CCMRAM
 *(.noinit.CCMRAM .noinit.CCMRAM.*)

.noinit         0x0000000020000554        0x0
                0x0000000020000554                _noinit = .
 *(.noinit .noinit.*)
                0x0000000020000554                . = ALIGN (0x4)
                0x0000000020000554                _end_noinit = .
                [!provide]                        PROVIDE (end = _end_noinit)
                [!provide]                        PROVIDE (_end = _end_noinit)
                [!provide]                        PROVIDE (__end = _end_noinit)
                [!provide]                        PROVIDE (__end__ = _end_noinit)

._check_stack   0x0000000020000554      0x100
                0x0000000020000654                . = (. + _Minimum_Stack_Size)
 *fill*         0x0000000020000554      0x100 

.b1text
 *(.b1text)
 *(.b1rodata)
 *(.b1rodata.*)

.eb0text
 *(.eb0text)
 *(.eb0rodata)
 *(.eb0rodata.*)

.eb1text
 *(.eb1text)
 *(.eb1rodata)
 *(.eb1rodata.*)

.eb2text
 *(.eb2text)
 *(.eb2rodata)
 *(.eb2rodata.*)

.eb3text
 *(.eb3text)
 *(.eb3rodata)
 *(.eb3rodata.*)

.stab
 *(.stab)

.stabstr
 *(.stabstr)

.stab.excl
 *(.stab.excl)

.stab.exclstr
 *(.stab.exclstr)

.stab.index
 *(.stab.index)

.stab.indexstr
 *(.stab.indexstr)

.comment        0x0000000000000000       0x7f
 *(.comment)
 .comment       0x0000000000000000       0x7f /tmp/ccxVJ3GG.ltrans0.ltrans.o
                                         0x80 (size before relaxing)

.ARM.attributes
                0x0000000000000000       0x2f
 .ARM.attributes
                0x0000000000000000       0x2f /tmp/ccxVJ3GG.ltrans0.ltrans.o
 .ARM.attributes
                0x000000000000002f       0x2c /home/opt/arm-toolchains/gcc-arm-none-eabi-7-2018-q2-update/bin/../lib/gcc/arm-none-eabi/7.3.1/../../../../arm-none-eabi/lib/thumb/v6-m/libstdc++_nano.a(del_ops.o)
 .ARM.attributes
                0x000000000000005b       0x2c /home/opt/arm-toolchains/gcc-arm-none-eabi-7-2018-q2-update/bin/../lib/gcc/arm-none-eabi/7.3.1/../../../../arm-none-eabi/lib/thumb/v6-m/libstdc++_nano.a(del_op.o)
 .ARM.attributes
                0x0000000000000087       0x2c /home/opt/arm-toolchains/gcc-arm-none-eabi-7-2018-q2-update/bin/../lib/gcc/arm-none-eabi/7.3.1/../../../../arm-none-eabi/lib/thumb/v6-m/libg_nano.a(lib_a-impure.o)
 .ARM.attributes
                0x00000000000000b3       0x2c /home/opt/arm-toolchains/gcc-arm-none-eabi-7-2018-q2-update/bin/../lib/gcc/arm-none-eabi/7.3.1/../../../../arm-none-eabi/lib/thumb/v6-m/libg_nano.a(lib_a-malloc.o)
 .ARM.attributes
                0x00000000000000df       0x2c /home/opt/arm-toolchains/gcc-arm-none-eabi-7-2018-q2-update/bin/../lib/gcc/arm-none-eabi/7.3.1/../../../../arm-none-eabi/lib/thumb/v6-m/libg_nano.a(lib_a-nano-freer.o)
 .ARM.attributes
                0x000000000000010b       0x2c /home/opt/arm-toolchains/gcc-arm-none-eabi-7-2018-q2-update/bin/../lib/gcc/arm-none-eabi/7.3.1/../../../../arm-none-eabi/lib/thumb/v6-m/libg_nano.a(lib_a-nano-mallocr.o)
 .ARM.attributes
                0x0000000000000137       0x1c /home/opt/arm-toolchains/gcc-arm-none-eabi-7-2018-q2-update/bin/../lib/gcc/arm-none-eabi/7.3.1/../../../../arm-none-eabi/lib/thumb/v6-m/libg_nano.a(lib_a-strlen.o)
 .ARM.attributes
                0x0000000000000153       0x2c /home/opt/arm-toolchains/gcc-arm-none-eabi-7-2018-q2-update/bin/../lib/gcc/arm-none-eabi/7.3.1/../../../../arm-none-eabi/lib/thumb/v6-m/libg_nano.a(lib_a-mlock.o)
 .ARM.attributes
                0x000000000000017f       0x1e /home/opt/arm-toolchains/gcc-arm-none-eabi-7-2018-q2-update/bin/../lib/gcc/arm-none-eabi/7.3.1/thumb/v6-m/libgcc.a(_udivsi3.o)
 .ARM.attributes
                0x000000000000019d       0x1e /home/opt/arm-toolchains/gcc-arm-none-eabi-7-2018-q2-update/bin/../lib/gcc/arm-none-eabi/7.3.1/thumb/v6-m/libgcc.a(_dvmd_tls.o)
 .ARM.attributes
                0x00000000000001bb       0x2c /home/opt/arm-toolchains/gcc-arm-none-eabi-7-2018-q2-update/bin/../lib/gcc/arm-none-eabi/7.3.1/../../../../arm-none-eabi/lib/thumb/v6-m/libg_nano.a(lib_a-memset.o)

.debug
 *(.debug)

.line
 *(.line)

.debug_srcinfo
 *(.debug_srcinfo)

.debug_sfnames
 *(.debug_sfnames)

.debug_aranges  0x0000000000000000      0xbf0
 *(.debug_aranges)
 .debug_aranges
                0x0000000000000000      0xbf0 /tmp/ccxVJ3GG.ltrans0.ltrans.o

.debug_pubnames
 *(.debug_pubnames)

.debug_info     0x0000000000000000     0x9d11
 *(.debug_info .gnu.linkonce.wi.*)
 .debug_info    0x0000000000000000     0x9d11 /tmp/ccxVJ3GG.ltrans0.ltrans.o

.debug_abbrev   0x0000000000000000      0x8ca
 *(.debug_abbrev)
 .debug_abbrev  0x0000000000000000      0x8ca /tmp/ccxVJ3GG.ltrans0.ltrans.o

.debug_line     0x0000000000000000     0x2b06
 *(.debug_line)
 .debug_line    0x0000000000000000     0x2b06 /tmp/ccxVJ3GG.ltrans0.ltrans.o

.debug_frame    0x0000000000000000     0x3088
 *(.debug_frame)
 .debug_frame   0x0000000000000000     0x2f30 /tmp/ccxVJ3GG.ltrans0.ltrans.o
 .debug_frame   0x0000000000002f30       0x28 /home/opt/arm-toolchains/gcc-arm-none-eabi-7-2018-q2-update/bin/../lib/gcc/arm-none-eabi/7.3.1/../../../../arm-none-eabi/lib/thumb/v6-m/libstdc++_nano.a(del_ops.o)
 .debug_frame   0x0000000000002f58       0x28 /home/opt/arm-toolchains/gcc-arm-none-eabi-7-2018-q2-update/bin/../lib/gcc/arm-none-eabi/7.3.1/../../../../arm-none-eabi/lib/thumb/v6-m/libstdc++_nano.a(del_op.o)
 .debug_frame   0x0000000000002f80       0x40 /home/opt/arm-toolchains/gcc-arm-none-eabi-7-2018-q2-update/bin/../lib/gcc/arm-none-eabi/7.3.1/../../../../arm-none-eabi/lib/thumb/v6-m/libg_nano.a(lib_a-malloc.o)
 .debug_frame   0x0000000000002fc0       0x2c /home/opt/arm-toolchains/gcc-arm-none-eabi-7-2018-q2-update/bin/../lib/gcc/arm-none-eabi/7.3.1/../../../../arm-none-eabi/lib/thumb/v6-m/libg_nano.a(lib_a-nano-freer.o)
 .debug_frame   0x0000000000002fec       0x2c /home/opt/arm-toolchains/gcc-arm-none-eabi-7-2018-q2-update/bin/../lib/gcc/arm-none-eabi/7.3.1/../../../../arm-none-eabi/lib/thumb/v6-m/libg_nano.a(lib_a-nano-mallocr.o)
 .debug_frame   0x0000000000003018       0x30 /home/opt/arm-toolchains/gcc-arm-none-eabi-7-2018-q2-update/bin/../lib/gcc/arm-none-eabi/7.3.1/../../../../arm-none-eabi/lib/thumb/v6-m/libg_nano.a(lib_a-mlock.o)
 .debug_frame   0x0000000000003048       0x20 /home/opt/arm-toolchains/gcc-arm-none-eabi-7-2018-q2-update/bin/../lib/gcc/arm-none-eabi/7.3.1/thumb/v6-m/libgcc.a(_udivsi3.o)
 .debug_frame   0x0000000000003068       0x20 /home/opt/arm-toolchains/gcc-arm-none-eabi-7-2018-q2-update/bin/../lib/gcc/arm-none-eabi/7.3.1/../../../../arm-none-eabi/lib/thumb/v6-m/libg_nano.a(lib_a-memset.o)

.debug_str      0x0000000000000000     0x2cdb
 *(.debug_str)
 .debug_str     0x0000000000000000     0x2cdb /tmp/ccxVJ3GG.ltrans0.ltrans.o
                                       0x2f36 (size before relaxing)

.debug_loc
 *(.debug_loc)

.debug_macinfo
 *(.debug_macinfo)

.debug_weaknames
 *(.debug_weaknames)

.debug_funcnames
 *(.debug_funcnames)

.debug_typenames
 *(.debug_typenames)

.debug_varnames
 *(.debug_varnames)
OUTPUT(sterM.elf elf32-littlearm)

.debug_ranges   0x0000000000000000      0xc10
 .debug_ranges  0x0000000000000000      0xc10 /tmp/ccxVJ3GG.ltrans0.ltrans.o
