Archive member included to satisfy reference by file (symbol)

/home/opt/arm-toolchains/gcc-arm-none-eabi-7-2018-q2-update/bin/../lib/gcc/arm-none-eabi/7.3.1/../../../../arm-none-eabi/lib/thumb/v6-m/libstdc++_nano.a(del_ops.o)
                              ./src/main.o (symbol from plugin) (operator delete(void*, unsigned int))
/home/opt/arm-toolchains/gcc-arm-none-eabi-7-2018-q2-update/bin/../lib/gcc/arm-none-eabi/7.3.1/../../../../arm-none-eabi/lib/thumb/v6-m/libstdc++_nano.a(del_op.o)
                              /home/opt/arm-toolchains/gcc-arm-none-eabi-7-2018-q2-update/bin/../lib/gcc/arm-none-eabi/7.3.1/../../../../arm-none-eabi/lib/thumb/v6-m/libstdc++_nano.a(del_ops.o) (operator delete(void*))
/home/opt/arm-toolchains/gcc-arm-none-eabi-7-2018-q2-update/bin/../lib/gcc/arm-none-eabi/7.3.1/../../../../arm-none-eabi/lib/thumb/v6-m/libg_nano.a(lib_a-errno.o)
                              ./system/src/newlib/_sbrk.o (symbol from plugin) (__errno)
/home/opt/arm-toolchains/gcc-arm-none-eabi-7-2018-q2-update/bin/../lib/gcc/arm-none-eabi/7.3.1/../../../../arm-none-eabi/lib/thumb/v6-m/libg_nano.a(lib_a-impure.o)
                              /home/opt/arm-toolchains/gcc-arm-none-eabi-7-2018-q2-update/bin/../lib/gcc/arm-none-eabi/7.3.1/../../../../arm-none-eabi/lib/thumb/v6-m/libg_nano.a(lib_a-errno.o) (_impure_ptr)
/home/opt/arm-toolchains/gcc-arm-none-eabi-7-2018-q2-update/bin/../lib/gcc/arm-none-eabi/7.3.1/../../../../arm-none-eabi/lib/thumb/v6-m/libg_nano.a(lib_a-isdigit.o)
                              ./src/Menu.o (symbol from plugin) (isdigit)
/home/opt/arm-toolchains/gcc-arm-none-eabi-7-2018-q2-update/bin/../lib/gcc/arm-none-eabi/7.3.1/../../../../arm-none-eabi/lib/thumb/v6-m/libg_nano.a(lib_a-locale.o)
                              /home/opt/arm-toolchains/gcc-arm-none-eabi-7-2018-q2-update/bin/../lib/gcc/arm-none-eabi/7.3.1/../../../../arm-none-eabi/lib/thumb/v6-m/libg_nano.a(lib_a-isdigit.o) (__locale_ctype_ptr)
/home/opt/arm-toolchains/gcc-arm-none-eabi-7-2018-q2-update/bin/../lib/gcc/arm-none-eabi/7.3.1/../../../../arm-none-eabi/lib/thumb/v6-m/libg_nano.a(lib_a-malloc.o)
                              /home/opt/arm-toolchains/gcc-arm-none-eabi-7-2018-q2-update/bin/../lib/gcc/arm-none-eabi/7.3.1/../../../../arm-none-eabi/lib/thumb/v6-m/libstdc++_nano.a(del_op.o) (free)
/home/opt/arm-toolchains/gcc-arm-none-eabi-7-2018-q2-update/bin/../lib/gcc/arm-none-eabi/7.3.1/../../../../arm-none-eabi/lib/thumb/v6-m/libg_nano.a(lib_a-mbtowc_r.o)
                              /home/opt/arm-toolchains/gcc-arm-none-eabi-7-2018-q2-update/bin/../lib/gcc/arm-none-eabi/7.3.1/../../../../arm-none-eabi/lib/thumb/v6-m/libg_nano.a(lib_a-locale.o) (__ascii_mbtowc)
/home/opt/arm-toolchains/gcc-arm-none-eabi-7-2018-q2-update/bin/../lib/gcc/arm-none-eabi/7.3.1/../../../../arm-none-eabi/lib/thumb/v6-m/libg_nano.a(lib_a-nano-freer.o)
                              /home/opt/arm-toolchains/gcc-arm-none-eabi-7-2018-q2-update/bin/../lib/gcc/arm-none-eabi/7.3.1/../../../../arm-none-eabi/lib/thumb/v6-m/libg_nano.a(lib_a-malloc.o) (_free_r)
/home/opt/arm-toolchains/gcc-arm-none-eabi-7-2018-q2-update/bin/../lib/gcc/arm-none-eabi/7.3.1/../../../../arm-none-eabi/lib/thumb/v6-m/libg_nano.a(lib_a-nano-mallocr.o)
                              /home/opt/arm-toolchains/gcc-arm-none-eabi-7-2018-q2-update/bin/../lib/gcc/arm-none-eabi/7.3.1/../../../../arm-none-eabi/lib/thumb/v6-m/libg_nano.a(lib_a-malloc.o) (_malloc_r)
/home/opt/arm-toolchains/gcc-arm-none-eabi-7-2018-q2-update/bin/../lib/gcc/arm-none-eabi/7.3.1/../../../../arm-none-eabi/lib/thumb/v6-m/libg_nano.a(lib_a-sbrkr.o)
                              /home/opt/arm-toolchains/gcc-arm-none-eabi-7-2018-q2-update/bin/../lib/gcc/arm-none-eabi/7.3.1/../../../../arm-none-eabi/lib/thumb/v6-m/libg_nano.a(lib_a-nano-mallocr.o) (_sbrk_r)
/home/opt/arm-toolchains/gcc-arm-none-eabi-7-2018-q2-update/bin/../lib/gcc/arm-none-eabi/7.3.1/../../../../arm-none-eabi/lib/thumb/v6-m/libg_nano.a(lib_a-strcmp.o)
                              /home/opt/arm-toolchains/gcc-arm-none-eabi-7-2018-q2-update/bin/../lib/gcc/arm-none-eabi/7.3.1/../../../../arm-none-eabi/lib/thumb/v6-m/libg_nano.a(lib_a-locale.o) (strcmp)
/home/opt/arm-toolchains/gcc-arm-none-eabi-7-2018-q2-update/bin/../lib/gcc/arm-none-eabi/7.3.1/../../../../arm-none-eabi/lib/thumb/v6-m/libg_nano.a(lib_a-strlen.o)
                              ./src/Menu.o (symbol from plugin) (strlen)
/home/opt/arm-toolchains/gcc-arm-none-eabi-7-2018-q2-update/bin/../lib/gcc/arm-none-eabi/7.3.1/../../../../arm-none-eabi/lib/thumb/v6-m/libg_nano.a(lib_a-wctomb_r.o)
                              /home/opt/arm-toolchains/gcc-arm-none-eabi-7-2018-q2-update/bin/../lib/gcc/arm-none-eabi/7.3.1/../../../../arm-none-eabi/lib/thumb/v6-m/libg_nano.a(lib_a-locale.o) (__ascii_wctomb)
/home/opt/arm-toolchains/gcc-arm-none-eabi-7-2018-q2-update/bin/../lib/gcc/arm-none-eabi/7.3.1/../../../../arm-none-eabi/lib/thumb/v6-m/libg_nano.a(lib_a-ctype_.o)
                              /home/opt/arm-toolchains/gcc-arm-none-eabi-7-2018-q2-update/bin/../lib/gcc/arm-none-eabi/7.3.1/../../../../arm-none-eabi/lib/thumb/v6-m/libg_nano.a(lib_a-locale.o) (_ctype_)
/home/opt/arm-toolchains/gcc-arm-none-eabi-7-2018-q2-update/bin/../lib/gcc/arm-none-eabi/7.3.1/../../../../arm-none-eabi/lib/thumb/v6-m/libg_nano.a(lib_a-mlock.o)
                              /home/opt/arm-toolchains/gcc-arm-none-eabi-7-2018-q2-update/bin/../lib/gcc/arm-none-eabi/7.3.1/../../../../arm-none-eabi/lib/thumb/v6-m/libg_nano.a(lib_a-nano-freer.o) (__malloc_lock)
/home/opt/arm-toolchains/gcc-arm-none-eabi-7-2018-q2-update/bin/../lib/gcc/arm-none-eabi/7.3.1/thumb/v6-m/libgcc.a(_udivsi3.o)
                              /tmp/ccl6bANf.ltrans0.ltrans.o (__aeabi_uidiv)
/home/opt/arm-toolchains/gcc-arm-none-eabi-7-2018-q2-update/bin/../lib/gcc/arm-none-eabi/7.3.1/thumb/v6-m/libgcc.a(_divsi3.o)
                              /tmp/ccl6bANf.ltrans0.ltrans.o (__aeabi_idiv)
/home/opt/arm-toolchains/gcc-arm-none-eabi-7-2018-q2-update/bin/../lib/gcc/arm-none-eabi/7.3.1/thumb/v6-m/libgcc.a(_dvmd_tls.o)
                              /home/opt/arm-toolchains/gcc-arm-none-eabi-7-2018-q2-update/bin/../lib/gcc/arm-none-eabi/7.3.1/thumb/v6-m/libgcc.a(_udivsi3.o) (__aeabi_idiv0)
/home/opt/arm-toolchains/gcc-arm-none-eabi-7-2018-q2-update/bin/../lib/gcc/arm-none-eabi/7.3.1/../../../../arm-none-eabi/lib/thumb/v6-m/libg_nano.a(lib_a-memset.o)
                              /tmp/ccl6bANf.ltrans0.ltrans.o (memset)

Allocating common symbols
Common symbol       size              file

errno               0x4               /tmp/ccl6bANf.ltrans0.ltrans.o

Discarded input sections

 .text          0x0000000000000000        0x0 /tmp/ccl6bANf.ltrans0.ltrans.o
 .data          0x0000000000000000        0x0 /tmp/ccl6bANf.ltrans0.ltrans.o
 .bss           0x0000000000000000        0x0 /tmp/ccl6bANf.ltrans0.ltrans.o
 .text._ZN9__gnu_cxx27__verbose_terminate_handlerEv
                0x0000000000000000       0x14 /tmp/ccl6bANf.ltrans0.ltrans.o
 .rodata._ZZN9__gnu_cxx27__verbose_terminate_handlerEvE8__func__
                0x0000000000000000       0x1c /tmp/ccl6bANf.ltrans0.ltrans.o
 .bss.current_heap_end.3961
                0x0000000000000000        0x4 /tmp/ccl6bANf.ltrans0.ltrans.o
 .text._sbrk    0x0000000000000000       0x68 /tmp/ccl6bANf.ltrans0.ltrans.o
 .bss.__dso_handle
                0x0000000000000000        0x4 /tmp/ccl6bANf.ltrans0.ltrans.o
 .text.raise    0x0000000000000000       0x1e /tmp/ccl6bANf.ltrans0.ltrans.o
 .text.kill     0x0000000000000000       0x20 /tmp/ccl6bANf.ltrans0.ltrans.o
 .rodata.__assert_func.str1.4
                0x0000000000000000       0x43 /tmp/ccl6bANf.ltrans0.ltrans.o
 .text.__assert_func
                0x0000000000000000       0x1c /tmp/ccl6bANf.ltrans0.ltrans.o
 .rodata.assert_failed.str1.4
                0x0000000000000000       0x2b /tmp/ccl6bANf.ltrans0.ltrans.o
 .text.assert_failed
                0x0000000000000000       0x18 /tmp/ccl6bANf.ltrans0.ltrans.o
 .text.NVIC_SystemReset
                0x0000000000000000       0x20 /tmp/ccl6bANf.ltrans0.ltrans.o
 .text.__reset_hardware
                0x0000000000000000        0x8 /tmp/ccl6bANf.ltrans0.ltrans.o
 .rodata._ZL15SOTWARE_VERSION.lto_priv.8
                0x0000000000000000        0x2 /tmp/ccl6bANf.ltrans0.ltrans.o
 .text._ZN9QuickTask22delayMsWithActiveTasksEm
                0x0000000000000000       0x34 /tmp/ccl6bANf.ltrans0.ltrans.o
 .text._ZN8Hardware21delayMsWithBackgroundEm
                0x0000000000000000       0x16 /tmp/ccl6bANf.ltrans0.ltrans.o
 .text._ZN11FrameBuffer10cursorLeftEv
                0x0000000000000000       0x30 /tmp/ccl6bANf.ltrans0.ltrans.o
 .text._ZN11FrameBuffer10cursorLeftEm
                0x0000000000000000       0x2a /tmp/ccl6bANf.ltrans0.ltrans.o
 .rodata._ZL15SOTWARE_VERSION.lto_priv.9
                0x0000000000000000        0x2 /tmp/ccl6bANf.ltrans0.ltrans.o
 .text._ZN4Menu12printPatternEPKcm
                0x0000000000000000       0xae /tmp/ccl6bANf.ltrans0.ltrans.o
 .text._ZN4Menu4editEN8Keyboard3KeyE
                0x0000000000000000       0x18 /tmp/ccl6bANf.ltrans0.ltrans.o
 .text._ZN4Gpio5setupEP12GPIO_TypeDefhNS_8GpioModeENS_9GpioOTypeENS_8GpioPuPdENS_9GpioSpeedE
                0x0000000000000000       0x6a /tmp/ccl6bANf.ltrans0.ltrans.o
 .data._ZN6Pomiar12TS_CAL1_30oCE
                0x0000000000000000        0x4 /tmp/ccl6bANf.ltrans0.ltrans.o
 .data._ZN6Pomiar13TS_CAL2_110oCE
                0x0000000000000000        0x4 /tmp/ccl6bANf.ltrans0.ltrans.o
 .rodata._ZN6Pomiar7adcDefsE
                0x0000000000000000       0x40 /tmp/ccl6bANf.ltrans0.ltrans.o
 .text._ZN6Pomiar13getBattery_mVEt
                0x0000000000000000       0x3c /tmp/ccl6bANf.ltrans0.ltrans.o
 .text._ZN6Pomiar13getCurrent_mAEt
                0x0000000000000000       0x3c /tmp/ccl6bANf.ltrans0.ltrans.o
 .text._ZN6Pomiar12getOutput_mVEt
                0x0000000000000000       0x3c /tmp/ccl6bANf.ltrans0.ltrans.o
 .text._ZN6Pomiar5setupEPNS_6AdcDefE
                0x0000000000000000       0x1a /tmp/ccl6bANf.ltrans0.ltrans.o
 .text._ZN6Pomiar12initAdcGpiosEv
                0x0000000000000000       0x60 /tmp/ccl6bANf.ltrans0.ltrans.o
 .text._ZN6Pomiar7initADCEv
                0x0000000000000000      0x150 /tmp/ccl6bANf.ltrans0.ltrans.o
 .text._ZN6Pomiar7initDmaEv
                0x0000000000000000       0x64 /tmp/ccl6bANf.ltrans0.ltrans.o
 .rodata._ZL15SOTWARE_VERSION.lto_priv.10
                0x0000000000000000        0x2 /tmp/ccl6bANf.ltrans0.ltrans.o
 .rodata._ZL11I2C_FOR_LCD
                0x0000000000000000        0x4 /tmp/ccl6bANf.ltrans0.ltrans.o
 .text.AsciiBcdToValue
                0x0000000000000000       0x70 /tmp/ccl6bANf.ltrans0.ltrans.o
 .text.AsciiBcd2toByte
                0x0000000000000000       0x70 /tmp/ccl6bANf.ltrans0.ltrans.o
 .text._ZN4Fifo18getByteAs2HexAsciiEv
                0x0000000000000000       0x6c /tmp/ccl6bANf.ltrans0.ltrans.o
 .text._ZN4Fifo20get2BytesAs4HexAsciiEv
                0x0000000000000000       0x60 /tmp/ccl6bANf.ltrans0.ltrans.o
 .text._ZN4Fifo9getUInt16Ev
                0x0000000000000000       0x64 /tmp/ccl6bANf.ltrans0.ltrans.o
 .text._ZN4Fifo9getUInt32EPb
                0x0000000000000000       0x5a /tmp/ccl6bANf.ltrans0.ltrans.o
 .text._ZN4Fifo18putByteAs2AsciiBCDEh
                0x0000000000000000       0xce /tmp/ccl6bANf.ltrans0.ltrans.o
 .text._ZN4Fifo20put2BytesAs4AsciiBCDEt
                0x0000000000000000       0x3a /tmp/ccl6bANf.ltrans0.ltrans.o
 .text._ZN4Fifo9putStringEPKc
                0x0000000000000000       0x58 /tmp/ccl6bANf.ltrans0.ltrans.o
 .text._ZN4Fifo9putStringEPKcm
                0x0000000000000000       0x70 /tmp/ccl6bANf.ltrans0.ltrans.o
 .text._ZN4Fifo9putUint16Et
                0x0000000000000000       0x5e /tmp/ccl6bANf.ltrans0.ltrans.o
 .text._ZN4Fifo9putUint32Em
                0x0000000000000000       0x56 /tmp/ccl6bANf.ltrans0.ltrans.o
 .text._ZN4Fifo6isFullEv
                0x0000000000000000       0x4c /tmp/ccl6bANf.ltrans0.ltrans.o
 .text._ZN4Fifo5cloneEPS_
                0x0000000000000000       0x7e /tmp/ccl6bANf.ltrans0.ltrans.o
 .text.my_itoa  0x0000000000000000      0x14e /tmp/ccl6bANf.ltrans0.ltrans.o
 .text.my_htoa  0x0000000000000000       0x82 /tmp/ccl6bANf.ltrans0.ltrans.o
 .text.my_btoa  0x0000000000000000       0x5e /tmp/ccl6bANf.ltrans0.ltrans.o
 .text.power10  0x0000000000000000       0x38 /tmp/ccl6bANf.ltrans0.ltrans.o
 .text.FLASH_SetLatency
                0x0000000000000000       0x4c /tmp/ccl6bANf.ltrans0.ltrans.o
 .text.FLASH_PrefetchBufferCmd
                0x0000000000000000       0x54 /tmp/ccl6bANf.ltrans0.ltrans.o
 .text.FLASH_GetPrefetchBufferStatus
                0x0000000000000000       0x34 /tmp/ccl6bANf.ltrans0.ltrans.o
 .text.FLASH_EraseAllPages
                0x0000000000000000       0x68 /tmp/ccl6bANf.ltrans0.ltrans.o
 .text.FLASH_ProgramWord
                0x0000000000000000       0xd0 /tmp/ccl6bANf.ltrans0.ltrans.o
 .text.FLASH_OB_Unlock
                0x0000000000000000       0x2c /tmp/ccl6bANf.ltrans0.ltrans.o
 .text.FLASH_OB_Lock
                0x0000000000000000       0x1c /tmp/ccl6bANf.ltrans0.ltrans.o
 .text.FLASH_OB_Launch
                0x0000000000000000       0x1c /tmp/ccl6bANf.ltrans0.ltrans.o
 .text.FLASH_OB_Erase
                0x0000000000000000       0xdc /tmp/ccl6bANf.ltrans0.ltrans.o
 .text.FLASH_OB_EnableWRP
                0x0000000000000000      0x100 /tmp/ccl6bANf.ltrans0.ltrans.o
 .text.FLASH_OB_RDPConfig
                0x0000000000000000       0xf8 /tmp/ccl6bANf.ltrans0.ltrans.o
 .text.FLASH_OB_UserConfig
                0x0000000000000000      0x100 /tmp/ccl6bANf.ltrans0.ltrans.o
 .text.FLASH_OB_BOOTConfig
                0x0000000000000000       0xa4 /tmp/ccl6bANf.ltrans0.ltrans.o
 .text.FLASH_OB_BOOT0Config
                0x0000000000000000       0xa4 /tmp/ccl6bANf.ltrans0.ltrans.o
 .text.FLASH_OB_BOOT0SWConfig
                0x0000000000000000       0xa4 /tmp/ccl6bANf.ltrans0.ltrans.o
 .text.FLASH_OB_VDDAConfig
                0x0000000000000000       0xa4 /tmp/ccl6bANf.ltrans0.ltrans.o
 .text.FLASH_OB_SRAMParityConfig
                0x0000000000000000       0xa4 /tmp/ccl6bANf.ltrans0.ltrans.o
 .text.FLASH_OB_WriteUser
                0x0000000000000000       0x80 /tmp/ccl6bANf.ltrans0.ltrans.o
 .text.FLASH_OB_ProgramData
                0x0000000000000000       0xa4 /tmp/ccl6bANf.ltrans0.ltrans.o
 .text.FLASH_OB_GetUser
                0x0000000000000000       0x18 /tmp/ccl6bANf.ltrans0.ltrans.o
 .text.FLASH_OB_GetWRP
                0x0000000000000000       0x14 /tmp/ccl6bANf.ltrans0.ltrans.o
 .text.FLASH_OB_GetRDP
                0x0000000000000000       0x38 /tmp/ccl6bANf.ltrans0.ltrans.o
 .text.FLASH_ITConfig
                0x0000000000000000       0x78 /tmp/ccl6bANf.ltrans0.ltrans.o
 .text.FLASH_GetFlagStatus
                0x0000000000000000       0x64 /tmp/ccl6bANf.ltrans0.ltrans.o
 .text.FLASH_ClearFlag
                0x0000000000000000       0x34 /tmp/ccl6bANf.ltrans0.ltrans.o
 .bss._ZZN3I2C8irqErrorEvE3err
                0x0000000000000000        0x4 /tmp/ccl6bANf.ltrans0.ltrans.o
 .text._ZN3I2C8irqErrorEv
                0x0000000000000000       0x30 /tmp/ccl6bANf.ltrans0.ltrans.o
 .text._ZN3I2C15masterReadStartEm
                0x0000000000000000       0xc8 /tmp/ccl6bANf.ltrans0.ltrans.o
 .text._ZN9ST7032iFB7delayMsEm
                0x0000000000000000       0x18 /tmp/ccl6bANf.ltrans0.ltrans.o
 .text._ZN9ST7032iFB8sendDataEh
                0x0000000000000000       0x26 /tmp/ccl6bANf.ltrans0.ltrans.o
 COMMON         0x0000000000000000        0x4 /tmp/ccl6bANf.ltrans0.ltrans.o
 .text          0x0000000000000000        0x0 /home/opt/arm-toolchains/gcc-arm-none-eabi-7-2018-q2-update/bin/../lib/gcc/arm-none-eabi/7.3.1/../../../../arm-none-eabi/lib/thumb/v6-m/libstdc++_nano.a(del_ops.o)
 .data          0x0000000000000000        0x0 /home/opt/arm-toolchains/gcc-arm-none-eabi-7-2018-q2-update/bin/../lib/gcc/arm-none-eabi/7.3.1/../../../../arm-none-eabi/lib/thumb/v6-m/libstdc++_nano.a(del_ops.o)
 .bss           0x0000000000000000        0x0 /home/opt/arm-toolchains/gcc-arm-none-eabi-7-2018-q2-update/bin/../lib/gcc/arm-none-eabi/7.3.1/../../../../arm-none-eabi/lib/thumb/v6-m/libstdc++_nano.a(del_ops.o)
 .text          0x0000000000000000        0x0 /home/opt/arm-toolchains/gcc-arm-none-eabi-7-2018-q2-update/bin/../lib/gcc/arm-none-eabi/7.3.1/../../../../arm-none-eabi/lib/thumb/v6-m/libstdc++_nano.a(del_op.o)
 .data          0x0000000000000000        0x0 /home/opt/arm-toolchains/gcc-arm-none-eabi-7-2018-q2-update/bin/../lib/gcc/arm-none-eabi/7.3.1/../../../../arm-none-eabi/lib/thumb/v6-m/libstdc++_nano.a(del_op.o)
 .bss           0x0000000000000000        0x0 /home/opt/arm-toolchains/gcc-arm-none-eabi-7-2018-q2-update/bin/../lib/gcc/arm-none-eabi/7.3.1/../../../../arm-none-eabi/lib/thumb/v6-m/libstdc++_nano.a(del_op.o)
 .text          0x0000000000000000        0x0 /home/opt/arm-toolchains/gcc-arm-none-eabi-7-2018-q2-update/bin/../lib/gcc/arm-none-eabi/7.3.1/../../../../arm-none-eabi/lib/thumb/v6-m/libg_nano.a(lib_a-errno.o)
 .data          0x0000000000000000        0x0 /home/opt/arm-toolchains/gcc-arm-none-eabi-7-2018-q2-update/bin/../lib/gcc/arm-none-eabi/7.3.1/../../../../arm-none-eabi/lib/thumb/v6-m/libg_nano.a(lib_a-errno.o)
 .bss           0x0000000000000000        0x0 /home/opt/arm-toolchains/gcc-arm-none-eabi-7-2018-q2-update/bin/../lib/gcc/arm-none-eabi/7.3.1/../../../../arm-none-eabi/lib/thumb/v6-m/libg_nano.a(lib_a-errno.o)
 .text.__errno  0x0000000000000000        0xc /home/opt/arm-toolchains/gcc-arm-none-eabi-7-2018-q2-update/bin/../lib/gcc/arm-none-eabi/7.3.1/../../../../arm-none-eabi/lib/thumb/v6-m/libg_nano.a(lib_a-errno.o)
 .debug_frame   0x0000000000000000       0x20 /home/opt/arm-toolchains/gcc-arm-none-eabi-7-2018-q2-update/bin/../lib/gcc/arm-none-eabi/7.3.1/../../../../arm-none-eabi/lib/thumb/v6-m/libg_nano.a(lib_a-errno.o)
 .ARM.attributes
                0x0000000000000000       0x2c /home/opt/arm-toolchains/gcc-arm-none-eabi-7-2018-q2-update/bin/../lib/gcc/arm-none-eabi/7.3.1/../../../../arm-none-eabi/lib/thumb/v6-m/libg_nano.a(lib_a-errno.o)
 .text          0x0000000000000000        0x0 /home/opt/arm-toolchains/gcc-arm-none-eabi-7-2018-q2-update/bin/../lib/gcc/arm-none-eabi/7.3.1/../../../../arm-none-eabi/lib/thumb/v6-m/libg_nano.a(lib_a-impure.o)
 .data          0x0000000000000000        0x0 /home/opt/arm-toolchains/gcc-arm-none-eabi-7-2018-q2-update/bin/../lib/gcc/arm-none-eabi/7.3.1/../../../../arm-none-eabi/lib/thumb/v6-m/libg_nano.a(lib_a-impure.o)
 .bss           0x0000000000000000        0x0 /home/opt/arm-toolchains/gcc-arm-none-eabi-7-2018-q2-update/bin/../lib/gcc/arm-none-eabi/7.3.1/../../../../arm-none-eabi/lib/thumb/v6-m/libg_nano.a(lib_a-impure.o)
 .rodata._global_impure_ptr
                0x0000000000000000        0x4 /home/opt/arm-toolchains/gcc-arm-none-eabi-7-2018-q2-update/bin/../lib/gcc/arm-none-eabi/7.3.1/../../../../arm-none-eabi/lib/thumb/v6-m/libg_nano.a(lib_a-impure.o)
 .text          0x0000000000000000        0x0 /home/opt/arm-toolchains/gcc-arm-none-eabi-7-2018-q2-update/bin/../lib/gcc/arm-none-eabi/7.3.1/../../../../arm-none-eabi/lib/thumb/v6-m/libg_nano.a(lib_a-isdigit.o)
 .data          0x0000000000000000        0x0 /home/opt/arm-toolchains/gcc-arm-none-eabi-7-2018-q2-update/bin/../lib/gcc/arm-none-eabi/7.3.1/../../../../arm-none-eabi/lib/thumb/v6-m/libg_nano.a(lib_a-isdigit.o)
 .bss           0x0000000000000000        0x0 /home/opt/arm-toolchains/gcc-arm-none-eabi-7-2018-q2-update/bin/../lib/gcc/arm-none-eabi/7.3.1/../../../../arm-none-eabi/lib/thumb/v6-m/libg_nano.a(lib_a-isdigit.o)
 .text.isdigit  0x0000000000000000       0x12 /home/opt/arm-toolchains/gcc-arm-none-eabi-7-2018-q2-update/bin/../lib/gcc/arm-none-eabi/7.3.1/../../../../arm-none-eabi/lib/thumb/v6-m/libg_nano.a(lib_a-isdigit.o)
 .debug_frame   0x0000000000000000       0x28 /home/opt/arm-toolchains/gcc-arm-none-eabi-7-2018-q2-update/bin/../lib/gcc/arm-none-eabi/7.3.1/../../../../arm-none-eabi/lib/thumb/v6-m/libg_nano.a(lib_a-isdigit.o)
 .ARM.attributes
                0x0000000000000000       0x2c /home/opt/arm-toolchains/gcc-arm-none-eabi-7-2018-q2-update/bin/../lib/gcc/arm-none-eabi/7.3.1/../../../../arm-none-eabi/lib/thumb/v6-m/libg_nano.a(lib_a-isdigit.o)
 .text          0x0000000000000000        0x0 /home/opt/arm-toolchains/gcc-arm-none-eabi-7-2018-q2-update/bin/../lib/gcc/arm-none-eabi/7.3.1/../../../../arm-none-eabi/lib/thumb/v6-m/libg_nano.a(lib_a-locale.o)
 .data          0x0000000000000000        0x0 /home/opt/arm-toolchains/gcc-arm-none-eabi-7-2018-q2-update/bin/../lib/gcc/arm-none-eabi/7.3.1/../../../../arm-none-eabi/lib/thumb/v6-m/libg_nano.a(lib_a-locale.o)
 .bss           0x0000000000000000        0x0 /home/opt/arm-toolchains/gcc-arm-none-eabi-7-2018-q2-update/bin/../lib/gcc/arm-none-eabi/7.3.1/../../../../arm-none-eabi/lib/thumb/v6-m/libg_nano.a(lib_a-locale.o)
 .text._setlocale_r
                0x0000000000000000       0x40 /home/opt/arm-toolchains/gcc-arm-none-eabi-7-2018-q2-update/bin/../lib/gcc/arm-none-eabi/7.3.1/../../../../arm-none-eabi/lib/thumb/v6-m/libg_nano.a(lib_a-locale.o)
 .text.__locale_mb_cur_max
                0x0000000000000000       0x1c /home/opt/arm-toolchains/gcc-arm-none-eabi-7-2018-q2-update/bin/../lib/gcc/arm-none-eabi/7.3.1/../../../../arm-none-eabi/lib/thumb/v6-m/libg_nano.a(lib_a-locale.o)
 .text.__locale_ctype_ptr_l
                0x0000000000000000        0x6 /home/opt/arm-toolchains/gcc-arm-none-eabi-7-2018-q2-update/bin/../lib/gcc/arm-none-eabi/7.3.1/../../../../arm-none-eabi/lib/thumb/v6-m/libg_nano.a(lib_a-locale.o)
 .text.__locale_ctype_ptr
                0x0000000000000000       0x1c /home/opt/arm-toolchains/gcc-arm-none-eabi-7-2018-q2-update/bin/../lib/gcc/arm-none-eabi/7.3.1/../../../../arm-none-eabi/lib/thumb/v6-m/libg_nano.a(lib_a-locale.o)
 .text.setlocale
                0x0000000000000000       0x14 /home/opt/arm-toolchains/gcc-arm-none-eabi-7-2018-q2-update/bin/../lib/gcc/arm-none-eabi/7.3.1/../../../../arm-none-eabi/lib/thumb/v6-m/libg_nano.a(lib_a-locale.o)
 .bss._PathLocale
                0x0000000000000000        0x4 /home/opt/arm-toolchains/gcc-arm-none-eabi-7-2018-q2-update/bin/../lib/gcc/arm-none-eabi/7.3.1/../../../../arm-none-eabi/lib/thumb/v6-m/libg_nano.a(lib_a-locale.o)
 .data.__global_locale
                0x0000000000000000      0x16c /home/opt/arm-toolchains/gcc-arm-none-eabi-7-2018-q2-update/bin/../lib/gcc/arm-none-eabi/7.3.1/../../../../arm-none-eabi/lib/thumb/v6-m/libg_nano.a(lib_a-locale.o)
 .rodata._setlocale_r.str1.1
                0x0000000000000000        0x9 /home/opt/arm-toolchains/gcc-arm-none-eabi-7-2018-q2-update/bin/../lib/gcc/arm-none-eabi/7.3.1/../../../../arm-none-eabi/lib/thumb/v6-m/libg_nano.a(lib_a-locale.o)
 .rodata.str1.1
                0x0000000000000000        0x2 /home/opt/arm-toolchains/gcc-arm-none-eabi-7-2018-q2-update/bin/../lib/gcc/arm-none-eabi/7.3.1/../../../../arm-none-eabi/lib/thumb/v6-m/libg_nano.a(lib_a-locale.o)
 .debug_frame   0x0000000000000000       0x74 /home/opt/arm-toolchains/gcc-arm-none-eabi-7-2018-q2-update/bin/../lib/gcc/arm-none-eabi/7.3.1/../../../../arm-none-eabi/lib/thumb/v6-m/libg_nano.a(lib_a-locale.o)
 .ARM.attributes
                0x0000000000000000       0x2c /home/opt/arm-toolchains/gcc-arm-none-eabi-7-2018-q2-update/bin/../lib/gcc/arm-none-eabi/7.3.1/../../../../arm-none-eabi/lib/thumb/v6-m/libg_nano.a(lib_a-locale.o)
 .text          0x0000000000000000        0x0 /home/opt/arm-toolchains/gcc-arm-none-eabi-7-2018-q2-update/bin/../lib/gcc/arm-none-eabi/7.3.1/../../../../arm-none-eabi/lib/thumb/v6-m/libg_nano.a(lib_a-malloc.o)
 .data          0x0000000000000000        0x0 /home/opt/arm-toolchains/gcc-arm-none-eabi-7-2018-q2-update/bin/../lib/gcc/arm-none-eabi/7.3.1/../../../../arm-none-eabi/lib/thumb/v6-m/libg_nano.a(lib_a-malloc.o)
 .bss           0x0000000000000000        0x0 /home/opt/arm-toolchains/gcc-arm-none-eabi-7-2018-q2-update/bin/../lib/gcc/arm-none-eabi/7.3.1/../../../../arm-none-eabi/lib/thumb/v6-m/libg_nano.a(lib_a-malloc.o)
 .text.malloc   0x0000000000000000       0x14 /home/opt/arm-toolchains/gcc-arm-none-eabi-7-2018-q2-update/bin/../lib/gcc/arm-none-eabi/7.3.1/../../../../arm-none-eabi/lib/thumb/v6-m/libg_nano.a(lib_a-malloc.o)
 .text          0x0000000000000000        0x0 /home/opt/arm-toolchains/gcc-arm-none-eabi-7-2018-q2-update/bin/../lib/gcc/arm-none-eabi/7.3.1/../../../../arm-none-eabi/lib/thumb/v6-m/libg_nano.a(lib_a-mbtowc_r.o)
 .data          0x0000000000000000        0x0 /home/opt/arm-toolchains/gcc-arm-none-eabi-7-2018-q2-update/bin/../lib/gcc/arm-none-eabi/7.3.1/../../../../arm-none-eabi/lib/thumb/v6-m/libg_nano.a(lib_a-mbtowc_r.o)
 .bss           0x0000000000000000        0x0 /home/opt/arm-toolchains/gcc-arm-none-eabi-7-2018-q2-update/bin/../lib/gcc/arm-none-eabi/7.3.1/../../../../arm-none-eabi/lib/thumb/v6-m/libg_nano.a(lib_a-mbtowc_r.o)
 .text._mbtowc_r
                0x0000000000000000       0x24 /home/opt/arm-toolchains/gcc-arm-none-eabi-7-2018-q2-update/bin/../lib/gcc/arm-none-eabi/7.3.1/../../../../arm-none-eabi/lib/thumb/v6-m/libg_nano.a(lib_a-mbtowc_r.o)
 .text.__ascii_mbtowc
                0x0000000000000000       0x24 /home/opt/arm-toolchains/gcc-arm-none-eabi-7-2018-q2-update/bin/../lib/gcc/arm-none-eabi/7.3.1/../../../../arm-none-eabi/lib/thumb/v6-m/libg_nano.a(lib_a-mbtowc_r.o)
 .debug_frame   0x0000000000000000       0x44 /home/opt/arm-toolchains/gcc-arm-none-eabi-7-2018-q2-update/bin/../lib/gcc/arm-none-eabi/7.3.1/../../../../arm-none-eabi/lib/thumb/v6-m/libg_nano.a(lib_a-mbtowc_r.o)
 .ARM.attributes
                0x0000000000000000       0x2c /home/opt/arm-toolchains/gcc-arm-none-eabi-7-2018-q2-update/bin/../lib/gcc/arm-none-eabi/7.3.1/../../../../arm-none-eabi/lib/thumb/v6-m/libg_nano.a(lib_a-mbtowc_r.o)
 .text          0x0000000000000000        0x0 /home/opt/arm-toolchains/gcc-arm-none-eabi-7-2018-q2-update/bin/../lib/gcc/arm-none-eabi/7.3.1/../../../../arm-none-eabi/lib/thumb/v6-m/libg_nano.a(lib_a-nano-freer.o)
 .data          0x0000000000000000        0x0 /home/opt/arm-toolchains/gcc-arm-none-eabi-7-2018-q2-update/bin/../lib/gcc/arm-none-eabi/7.3.1/../../../../arm-none-eabi/lib/thumb/v6-m/libg_nano.a(lib_a-nano-freer.o)
 .bss           0x0000000000000000        0x0 /home/opt/arm-toolchains/gcc-arm-none-eabi-7-2018-q2-update/bin/../lib/gcc/arm-none-eabi/7.3.1/../../../../arm-none-eabi/lib/thumb/v6-m/libg_nano.a(lib_a-nano-freer.o)
 .text          0x0000000000000000        0x0 /home/opt/arm-toolchains/gcc-arm-none-eabi-7-2018-q2-update/bin/../lib/gcc/arm-none-eabi/7.3.1/../../../../arm-none-eabi/lib/thumb/v6-m/libg_nano.a(lib_a-nano-mallocr.o)
 .data          0x0000000000000000        0x0 /home/opt/arm-toolchains/gcc-arm-none-eabi-7-2018-q2-update/bin/../lib/gcc/arm-none-eabi/7.3.1/../../../../arm-none-eabi/lib/thumb/v6-m/libg_nano.a(lib_a-nano-mallocr.o)
 .bss           0x0000000000000000        0x0 /home/opt/arm-toolchains/gcc-arm-none-eabi-7-2018-q2-update/bin/../lib/gcc/arm-none-eabi/7.3.1/../../../../arm-none-eabi/lib/thumb/v6-m/libg_nano.a(lib_a-nano-mallocr.o)
 .text._malloc_r
                0x0000000000000000       0xbc /home/opt/arm-toolchains/gcc-arm-none-eabi-7-2018-q2-update/bin/../lib/gcc/arm-none-eabi/7.3.1/../../../../arm-none-eabi/lib/thumb/v6-m/libg_nano.a(lib_a-nano-mallocr.o)
 .bss.__malloc_sbrk_start
                0x0000000000000000        0x4 /home/opt/arm-toolchains/gcc-arm-none-eabi-7-2018-q2-update/bin/../lib/gcc/arm-none-eabi/7.3.1/../../../../arm-none-eabi/lib/thumb/v6-m/libg_nano.a(lib_a-nano-mallocr.o)
 .text          0x0000000000000000        0x0 /home/opt/arm-toolchains/gcc-arm-none-eabi-7-2018-q2-update/bin/../lib/gcc/arm-none-eabi/7.3.1/../../../../arm-none-eabi/lib/thumb/v6-m/libg_nano.a(lib_a-sbrkr.o)
 .data          0x0000000000000000        0x0 /home/opt/arm-toolchains/gcc-arm-none-eabi-7-2018-q2-update/bin/../lib/gcc/arm-none-eabi/7.3.1/../../../../arm-none-eabi/lib/thumb/v6-m/libg_nano.a(lib_a-sbrkr.o)
 .bss           0x0000000000000000        0x0 /home/opt/arm-toolchains/gcc-arm-none-eabi-7-2018-q2-update/bin/../lib/gcc/arm-none-eabi/7.3.1/../../../../arm-none-eabi/lib/thumb/v6-m/libg_nano.a(lib_a-sbrkr.o)
 .text._sbrk_r  0x0000000000000000       0x24 /home/opt/arm-toolchains/gcc-arm-none-eabi-7-2018-q2-update/bin/../lib/gcc/arm-none-eabi/7.3.1/../../../../arm-none-eabi/lib/thumb/v6-m/libg_nano.a(lib_a-sbrkr.o)
 .debug_frame   0x0000000000000000       0x2c /home/opt/arm-toolchains/gcc-arm-none-eabi-7-2018-q2-update/bin/../lib/gcc/arm-none-eabi/7.3.1/../../../../arm-none-eabi/lib/thumb/v6-m/libg_nano.a(lib_a-sbrkr.o)
 .ARM.attributes
                0x0000000000000000       0x2c /home/opt/arm-toolchains/gcc-arm-none-eabi-7-2018-q2-update/bin/../lib/gcc/arm-none-eabi/7.3.1/../../../../arm-none-eabi/lib/thumb/v6-m/libg_nano.a(lib_a-sbrkr.o)
 .text          0x0000000000000000       0x14 /home/opt/arm-toolchains/gcc-arm-none-eabi-7-2018-q2-update/bin/../lib/gcc/arm-none-eabi/7.3.1/../../../../arm-none-eabi/lib/thumb/v6-m/libg_nano.a(lib_a-strcmp.o)
 .data          0x0000000000000000        0x0 /home/opt/arm-toolchains/gcc-arm-none-eabi-7-2018-q2-update/bin/../lib/gcc/arm-none-eabi/7.3.1/../../../../arm-none-eabi/lib/thumb/v6-m/libg_nano.a(lib_a-strcmp.o)
 .bss           0x0000000000000000        0x0 /home/opt/arm-toolchains/gcc-arm-none-eabi-7-2018-q2-update/bin/../lib/gcc/arm-none-eabi/7.3.1/../../../../arm-none-eabi/lib/thumb/v6-m/libg_nano.a(lib_a-strcmp.o)
 .debug_frame   0x0000000000000000       0x20 /home/opt/arm-toolchains/gcc-arm-none-eabi-7-2018-q2-update/bin/../lib/gcc/arm-none-eabi/7.3.1/../../../../arm-none-eabi/lib/thumb/v6-m/libg_nano.a(lib_a-strcmp.o)
 .ARM.attributes
                0x0000000000000000       0x1c /home/opt/arm-toolchains/gcc-arm-none-eabi-7-2018-q2-update/bin/../lib/gcc/arm-none-eabi/7.3.1/../../../../arm-none-eabi/lib/thumb/v6-m/libg_nano.a(lib_a-strcmp.o)
 .data          0x0000000000000000        0x0 /home/opt/arm-toolchains/gcc-arm-none-eabi-7-2018-q2-update/bin/../lib/gcc/arm-none-eabi/7.3.1/../../../../arm-none-eabi/lib/thumb/v6-m/libg_nano.a(lib_a-strlen.o)
 .bss           0x0000000000000000        0x0 /home/opt/arm-toolchains/gcc-arm-none-eabi-7-2018-q2-update/bin/../lib/gcc/arm-none-eabi/7.3.1/../../../../arm-none-eabi/lib/thumb/v6-m/libg_nano.a(lib_a-strlen.o)
 .text          0x0000000000000000        0x0 /home/opt/arm-toolchains/gcc-arm-none-eabi-7-2018-q2-update/bin/../lib/gcc/arm-none-eabi/7.3.1/../../../../arm-none-eabi/lib/thumb/v6-m/libg_nano.a(lib_a-wctomb_r.o)
 .data          0x0000000000000000        0x0 /home/opt/arm-toolchains/gcc-arm-none-eabi-7-2018-q2-update/bin/../lib/gcc/arm-none-eabi/7.3.1/../../../../arm-none-eabi/lib/thumb/v6-m/libg_nano.a(lib_a-wctomb_r.o)
 .bss           0x0000000000000000        0x0 /home/opt/arm-toolchains/gcc-arm-none-eabi-7-2018-q2-update/bin/../lib/gcc/arm-none-eabi/7.3.1/../../../../arm-none-eabi/lib/thumb/v6-m/libg_nano.a(lib_a-wctomb_r.o)
 .text._wctomb_r
                0x0000000000000000       0x20 /home/opt/arm-toolchains/gcc-arm-none-eabi-7-2018-q2-update/bin/../lib/gcc/arm-none-eabi/7.3.1/../../../../arm-none-eabi/lib/thumb/v6-m/libg_nano.a(lib_a-wctomb_r.o)
 .text.__ascii_wctomb
                0x0000000000000000       0x18 /home/opt/arm-toolchains/gcc-arm-none-eabi-7-2018-q2-update/bin/../lib/gcc/arm-none-eabi/7.3.1/../../../../arm-none-eabi/lib/thumb/v6-m/libg_nano.a(lib_a-wctomb_r.o)
 .debug_frame   0x0000000000000000       0x38 /home/opt/arm-toolchains/gcc-arm-none-eabi-7-2018-q2-update/bin/../lib/gcc/arm-none-eabi/7.3.1/../../../../arm-none-eabi/lib/thumb/v6-m/libg_nano.a(lib_a-wctomb_r.o)
 .ARM.attributes
                0x0000000000000000       0x2c /home/opt/arm-toolchains/gcc-arm-none-eabi-7-2018-q2-update/bin/../lib/gcc/arm-none-eabi/7.3.1/../../../../arm-none-eabi/lib/thumb/v6-m/libg_nano.a(lib_a-wctomb_r.o)
 .text          0x0000000000000000        0x0 /home/opt/arm-toolchains/gcc-arm-none-eabi-7-2018-q2-update/bin/../lib/gcc/arm-none-eabi/7.3.1/../../../../arm-none-eabi/lib/thumb/v6-m/libg_nano.a(lib_a-ctype_.o)
 .data          0x0000000000000000        0x0 /home/opt/arm-toolchains/gcc-arm-none-eabi-7-2018-q2-update/bin/../lib/gcc/arm-none-eabi/7.3.1/../../../../arm-none-eabi/lib/thumb/v6-m/libg_nano.a(lib_a-ctype_.o)
 .bss           0x0000000000000000        0x0 /home/opt/arm-toolchains/gcc-arm-none-eabi-7-2018-q2-update/bin/../lib/gcc/arm-none-eabi/7.3.1/../../../../arm-none-eabi/lib/thumb/v6-m/libg_nano.a(lib_a-ctype_.o)
 .rodata._ctype_
                0x0000000000000000      0x101 /home/opt/arm-toolchains/gcc-arm-none-eabi-7-2018-q2-update/bin/../lib/gcc/arm-none-eabi/7.3.1/../../../../arm-none-eabi/lib/thumb/v6-m/libg_nano.a(lib_a-ctype_.o)
 .ARM.attributes
                0x0000000000000000       0x2c /home/opt/arm-toolchains/gcc-arm-none-eabi-7-2018-q2-update/bin/../lib/gcc/arm-none-eabi/7.3.1/../../../../arm-none-eabi/lib/thumb/v6-m/libg_nano.a(lib_a-ctype_.o)
 .text          0x0000000000000000        0x0 /home/opt/arm-toolchains/gcc-arm-none-eabi-7-2018-q2-update/bin/../lib/gcc/arm-none-eabi/7.3.1/../../../../arm-none-eabi/lib/thumb/v6-m/libg_nano.a(lib_a-mlock.o)
 .data          0x0000000000000000        0x0 /home/opt/arm-toolchains/gcc-arm-none-eabi-7-2018-q2-update/bin/../lib/gcc/arm-none-eabi/7.3.1/../../../../arm-none-eabi/lib/thumb/v6-m/libg_nano.a(lib_a-mlock.o)
 .bss           0x0000000000000000        0x0 /home/opt/arm-toolchains/gcc-arm-none-eabi-7-2018-q2-update/bin/../lib/gcc/arm-none-eabi/7.3.1/../../../../arm-none-eabi/lib/thumb/v6-m/libg_nano.a(lib_a-mlock.o)
 .data          0x0000000000000000        0x0 /home/opt/arm-toolchains/gcc-arm-none-eabi-7-2018-q2-update/bin/../lib/gcc/arm-none-eabi/7.3.1/thumb/v6-m/libgcc.a(_udivsi3.o)
 .bss           0x0000000000000000        0x0 /home/opt/arm-toolchains/gcc-arm-none-eabi-7-2018-q2-update/bin/../lib/gcc/arm-none-eabi/7.3.1/thumb/v6-m/libgcc.a(_udivsi3.o)
 .text          0x0000000000000000      0x1d4 /home/opt/arm-toolchains/gcc-arm-none-eabi-7-2018-q2-update/bin/../lib/gcc/arm-none-eabi/7.3.1/thumb/v6-m/libgcc.a(_divsi3.o)
 .data          0x0000000000000000        0x0 /home/opt/arm-toolchains/gcc-arm-none-eabi-7-2018-q2-update/bin/../lib/gcc/arm-none-eabi/7.3.1/thumb/v6-m/libgcc.a(_divsi3.o)
 .bss           0x0000000000000000        0x0 /home/opt/arm-toolchains/gcc-arm-none-eabi-7-2018-q2-update/bin/../lib/gcc/arm-none-eabi/7.3.1/thumb/v6-m/libgcc.a(_divsi3.o)
 .debug_frame   0x0000000000000000       0x20 /home/opt/arm-toolchains/gcc-arm-none-eabi-7-2018-q2-update/bin/../lib/gcc/arm-none-eabi/7.3.1/thumb/v6-m/libgcc.a(_divsi3.o)
 .ARM.attributes
                0x0000000000000000       0x1e /home/opt/arm-toolchains/gcc-arm-none-eabi-7-2018-q2-update/bin/../lib/gcc/arm-none-eabi/7.3.1/thumb/v6-m/libgcc.a(_divsi3.o)
 .data          0x0000000000000000        0x0 /home/opt/arm-toolchains/gcc-arm-none-eabi-7-2018-q2-update/bin/../lib/gcc/arm-none-eabi/7.3.1/thumb/v6-m/libgcc.a(_dvmd_tls.o)
 .bss           0x0000000000000000        0x0 /home/opt/arm-toolchains/gcc-arm-none-eabi-7-2018-q2-update/bin/../lib/gcc/arm-none-eabi/7.3.1/thumb/v6-m/libgcc.a(_dvmd_tls.o)
 .text          0x0000000000000000        0x0 /home/opt/arm-toolchains/gcc-arm-none-eabi-7-2018-q2-update/bin/../lib/gcc/arm-none-eabi/7.3.1/../../../../arm-none-eabi/lib/thumb/v6-m/libg_nano.a(lib_a-memset.o)
 .data          0x0000000000000000        0x0 /home/opt/arm-toolchains/gcc-arm-none-eabi-7-2018-q2-update/bin/../lib/gcc/arm-none-eabi/7.3.1/../../../../arm-none-eabi/lib/thumb/v6-m/libg_nano.a(lib_a-memset.o)
 .bss           0x0000000000000000        0x0 /home/opt/arm-toolchains/gcc-arm-none-eabi-7-2018-q2-update/bin/../lib/gcc/arm-none-eabi/7.3.1/../../../../arm-none-eabi/lib/thumb/v6-m/libg_nano.a(lib_a-memset.o)

Memory Configuration

Name             Origin             Length             Attributes
RAM              0x0000000020000000 0x0000000000004000 xrw
CCMRAM           0x0000000000000000 0x0000000000000000 xrw
FLASH            0x0000000008000000 0x0000000000010000 xr
FLASHB1          0x0000000000000000 0x0000000000000000 xr
EXTMEMB0         0x0000000000000000 0x0000000000000000 xr
EXTMEMB1         0x0000000000000000 0x0000000000000000 xr
EXTMEMB2         0x0000000000000000 0x0000000000000000 xr
EXTMEMB3         0x0000000000000000 0x0000000000000000 xr
MEMORY_ARRAY     0x0000000000000000 0x0000000000000000 xrw
*default*        0x0000000000000000 0xffffffffffffffff

Linker script and memory map

LOAD /tmp/ccl6bANf.ltrans0.ltrans.o
LOAD /home/opt/arm-toolchains/gcc-arm-none-eabi-7-2018-q2-update/bin/../lib/gcc/arm-none-eabi/7.3.1/../../../../arm-none-eabi/lib/thumb/v6-m/libstdc++_nano.a
LOAD /home/opt/arm-toolchains/gcc-arm-none-eabi-7-2018-q2-update/bin/../lib/gcc/arm-none-eabi/7.3.1/../../../../arm-none-eabi/lib/thumb/v6-m/libm.a
START GROUP
LOAD /home/opt/arm-toolchains/gcc-arm-none-eabi-7-2018-q2-update/bin/../lib/gcc/arm-none-eabi/7.3.1/thumb/v6-m/libgcc.a
LOAD /home/opt/arm-toolchains/gcc-arm-none-eabi-7-2018-q2-update/bin/../lib/gcc/arm-none-eabi/7.3.1/../../../../arm-none-eabi/lib/thumb/v6-m/libg_nano.a
LOAD /home/opt/arm-toolchains/gcc-arm-none-eabi-7-2018-q2-update/bin/../lib/gcc/arm-none-eabi/7.3.1/../../../../arm-none-eabi/lib/thumb/v6-m/libc_nano.a
END GROUP
START GROUP
LOAD /home/opt/arm-toolchains/gcc-arm-none-eabi-7-2018-q2-update/bin/../lib/gcc/arm-none-eabi/7.3.1/thumb/v6-m/libgcc.a
LOAD /home/opt/arm-toolchains/gcc-arm-none-eabi-7-2018-q2-update/bin/../lib/gcc/arm-none-eabi/7.3.1/../../../../arm-none-eabi/lib/thumb/v6-m/libc_nano.a
LOAD /home/opt/arm-toolchains/gcc-arm-none-eabi-7-2018-q2-update/bin/../lib/gcc/arm-none-eabi/7.3.1/../../../../arm-none-eabi/lib/thumb/v6-m/libnosys.a
END GROUP
START GROUP
LOAD /home/opt/arm-toolchains/gcc-arm-none-eabi-7-2018-q2-update/bin/../lib/gcc/arm-none-eabi/7.3.1/thumb/v6-m/libgcc.a
LOAD /home/opt/arm-toolchains/gcc-arm-none-eabi-7-2018-q2-update/bin/../lib/gcc/arm-none-eabi/7.3.1/../../../../arm-none-eabi/lib/thumb/v6-m/libc_nano.a
LOAD /home/opt/arm-toolchains/gcc-arm-none-eabi-7-2018-q2-update/bin/../lib/gcc/arm-none-eabi/7.3.1/../../../../arm-none-eabi/lib/thumb/v6-m/libnosys.a
END GROUP
                0x0000000020004000                __stack = (ORIGIN (RAM) + LENGTH (RAM))
                0x0000000020004000                _estack = __stack
                0x0000000000000800                __Main_Stack_Size = 0x800
                [!provide]                        PROVIDE (_Main_Stack_Size = __Main_Stack_Size)
                0x0000000020003800                __Main_Stack_Limit = (__stack - __Main_Stack_Size)
                [!provide]                        PROVIDE (_Main_Stack_Limit = __Main_Stack_Limit)
                0x0000000000000100                _Minimum_Stack_Size = 0x100
                0x0000000020000534                PROVIDE (_Heap_Begin = _end_noinit)
                0x0000000020003800                PROVIDE (_Heap_Limit = (__stack - __Main_Stack_Size))

.isr_vector     0x0000000008000000      0x294
 FILL mask 0xff
                0x0000000008000000                __vectors_start = ABSOLUTE (.)
                0x0000000008000000                __vectors_start__ = ABSOLUTE (.)
 *(.isr_vector)
 .isr_vector    0x0000000008000000       0xc4 /tmp/ccl6bANf.ltrans0.ltrans.o
                0x0000000008000000                g_pfnVectors
 *(.cfmconfig)
 *(.after_vectors .after_vectors.*)
 .after_vectors
                0x00000000080000c4      0x1d0 /tmp/ccl6bANf.ltrans0.ltrans.o
                0x00000000080000c4                _start
                0x0000000008000268                HardFault_Handler_C

.inits          0x0000000008000294       0x48
                0x0000000008000294                __data_regions_array_start = .
                0x0000000008000294        0x4 LONG 0x80068b8 LOADADDR (.data)
                0x0000000008000298        0x4 LONG 0x20000000 ADDR (.data)
                0x000000000800029c        0x4 LONG 0x200000b4 (ADDR (.data) + SIZEOF (.data))
                0x00000000080002a0        0x4 LONG 0x80068b8 LOADADDR (.data_CCMRAM)
                0x00000000080002a4        0x4 LONG 0x0 ADDR (.data_CCMRAM)
                0x00000000080002a8        0x4 LONG 0x0 (ADDR (.data_CCMRAM) + SIZEOF (.data_CCMRAM))
                0x00000000080002ac                __data_regions_array_end = .
                0x00000000080002ac                __bss_regions_array_start = .
                0x00000000080002ac        0x4 LONG 0x200000b4 ADDR (.bss)
                0x00000000080002b0        0x4 LONG 0x20000534 (ADDR (.bss) + SIZEOF (.bss))
                0x00000000080002b4        0x4 LONG 0x0 ADDR (.bss_CCMRAM)
                0x00000000080002b8        0x4 LONG 0x0 (ADDR (.bss_CCMRAM) + SIZEOF (.bss_CCMRAM))
                0x00000000080002bc                __bss_regions_array_end = .
 *(.init)
 *(.fini)
                0x00000000080002bc                . = ALIGN (0x4)
                0x00000000080002bc                PROVIDE (__preinit_array_start = .)
 *(.preinit_array_sysinit .preinit_array_sysinit.*)
 *(.preinit_array_platform .preinit_array_platform.*)
 *(.preinit_array .preinit_array.*)
                0x00000000080002bc                PROVIDE (__preinit_array_end = .)
                0x00000000080002bc                . = ALIGN (0x4)
                0x00000000080002bc                PROVIDE (__init_array_start = .)
 *(SORT_BY_NAME(.init_array.*))
 *(.init_array)
 .init_array    0x00000000080002bc       0x18 /tmp/ccl6bANf.ltrans0.ltrans.o
                0x00000000080002d4                PROVIDE (__init_array_end = .)
                0x00000000080002d4                . = ALIGN (0x4)
                0x00000000080002d4                PROVIDE (__fini_array_start = .)
 *(SORT_BY_NAME(.fini_array.*))
 *(.fini_array)
 .fini_array    0x00000000080002d4        0x8 /tmp/ccl6bANf.ltrans0.ltrans.o
                0x00000000080002dc                PROVIDE (__fini_array_end = .)

.flashtext
 *(.flashtext .flashtext.*)

.text           0x00000000080002dc     0x65dc
 *(.text .text.*)
 .text.__cxa_pure_virtual
                0x00000000080002dc       0x14 /tmp/ccl6bANf.ltrans0.ltrans.o
 .text._exit    0x00000000080002f0        0xa /tmp/ccl6bANf.ltrans0.ltrans.o
 *fill*         0x00000000080002fa        0x2 
 .text.abort    0x00000000080002fc       0x14 /tmp/ccl6bANf.ltrans0.ltrans.o
 .text.__initialize_args
                0x0000000008000310       0x20 /tmp/ccl6bANf.ltrans0.ltrans.o
 .text.__initialize_hardware_early
                0x0000000008000330        0xc /tmp/ccl6bANf.ltrans0.ltrans.o
 .text.__initialize_hardware
                0x000000000800033c        0xc /tmp/ccl6bANf.ltrans0.ltrans.o
 .text.SystemInit
                0x0000000008000348       0x8c /tmp/ccl6bANf.ltrans0.ltrans.o
 .text.SystemCoreClockUpdate
                0x00000000080003d4       0xdc /tmp/ccl6bANf.ltrans0.ltrans.o
 .text.SetSysClock
                0x00000000080004b0       0xdc /tmp/ccl6bANf.ltrans0.ltrans.o
 .text._ZN4Gpio11setOutputUpEP12GPIO_TypeDefh
                0x000000000800058c       0x24 /tmp/ccl6bANf.ltrans0.ltrans.o
 .text._ZN4Gpio13setOutputDownEP12GPIO_TypeDefh
                0x00000000080005b0       0x26 /tmp/ccl6bANf.ltrans0.ltrans.o
 .text._ZN4Gpio9setOutputEP12GPIO_TypeDefhb
                0x00000000080005d6       0x44 /tmp/ccl6bANf.ltrans0.ltrans.o
 .text._ZN4Gpio8getInputEP12GPIO_TypeDefh
                0x000000000800061a       0x30 /tmp/ccl6bANf.ltrans0.ltrans.o
 .text._ZN4Gpio11setOutputUpEv
                0x000000000800064a       0x1e /tmp/ccl6bANf.ltrans0.ltrans.o
 .text._ZN4Gpio13setOutputDownEv
                0x0000000008000668       0x1e /tmp/ccl6bANf.ltrans0.ltrans.o
 .text._ZN4Gpio9setOutputEb
                0x0000000008000686       0x26 /tmp/ccl6bANf.ltrans0.ltrans.o
 .text._ZN4Gpio8getInputEv
                0x00000000080006ac       0x22 /tmp/ccl6bANf.ltrans0.ltrans.o
 .text._ZN3Led3setENS_4ModeE
                0x00000000080006ce       0x1c /tmp/ccl6bANf.ltrans0.ltrans.o
 *fill*         0x00000000080006ea        0x2 
 .text._ZN3Led4tickEm
                0x00000000080006ec      0x124 /tmp/ccl6bANf.ltrans0.ltrans.o
 .text._ZN8Keyboard13getPressedKeyEv
                0x0000000008000810      0x122 /tmp/ccl6bANf.ltrans0.ltrans.o
 .text._ZN8Keyboard16getUnbufferedKeyEv
                0x0000000008000932       0x1a /tmp/ccl6bANf.ltrans0.ltrans.o
 .text._ZN3HMIC2Ev
                0x000000000800094c       0x4e /tmp/ccl6bANf.ltrans0.ltrans.o
 .text._ZN3HMI12setBackLightEb
                0x000000000800099a       0x24 /tmp/ccl6bANf.ltrans0.ltrans.o
 *fill*         0x00000000080009be        0x2 
 .text._ZN3HMI4pollEv
                0x00000000080009c0       0xc0 /tmp/ccl6bANf.ltrans0.ltrans.o
 .text._ZN3HMI9isStartupEv
                0x0000000008000a80       0x24 /tmp/ccl6bANf.ltrans0.ltrans.o
 .text._ZL12hmi_callbackv
                0x0000000008000aa4       0x14 /tmp/ccl6bANf.ltrans0.ltrans.o
 .text._ZN3HMI11getInstanceEv
                0x0000000008000ab8       0x10 /tmp/ccl6bANf.ltrans0.ltrans.o
 .text._Z41__static_initialization_and_destruction_0ii.lto_priv.0
                0x0000000008000ac8       0x44 /tmp/ccl6bANf.ltrans0.ltrans.o
 .text._GLOBAL__sub_I_hmi
                0x0000000008000b0c       0x18 /tmp/ccl6bANf.ltrans0.ltrans.o
 .text.NVIC_SetPriority.lto_priv.6
                0x0000000008000b24       0xe8 /tmp/ccl6bANf.ltrans0.ltrans.o
 .text.SysTick_Config
                0x0000000008000c0c       0x48 /tmp/ccl6bANf.ltrans0.ltrans.o
 .text._ZN4Gpio7setMODEEP12GPIO_TypeDefhNS_8GpioModeE
                0x0000000008000c54       0x4e /tmp/ccl6bANf.ltrans0.ltrans.o
 .text._ZN4Gpio8setSpeedEP12GPIO_TypeDefhNS_9GpioSpeedE
                0x0000000008000ca2       0x50 /tmp/ccl6bANf.ltrans0.ltrans.o
 .text._ZN4Gpio11setPullUpDnEP12GPIO_TypeDefhNS_8GpioPuPdE
                0x0000000008000cf2       0x4e /tmp/ccl6bANf.ltrans0.ltrans.o
 .text._ZN4Gpio8setOTypeEP12GPIO_TypeDefhNS_9GpioOTypeE
                0x0000000008000d40       0x56 /tmp/ccl6bANf.ltrans0.ltrans.o
 .text._ZN4Gpio7setMODEENS_8GpioModeE
                0x0000000008000d96       0x26 /tmp/ccl6bANf.ltrans0.ltrans.o
 .text._ZN4Gpio8setSpeedENS_9GpioSpeedE
                0x0000000008000dbc       0x26 /tmp/ccl6bANf.ltrans0.ltrans.o
 .text._ZN4Gpio11setPullUpDnENS_8GpioPuPdE
                0x0000000008000de2       0x26 /tmp/ccl6bANf.ltrans0.ltrans.o
 .text._ZN4Gpio8setOTypeENS_9GpioOTypeE
                0x0000000008000e08       0x26 /tmp/ccl6bANf.ltrans0.ltrans.o
 .text._ZN4GpioC2EP12GPIO_TypeDefh
                0x0000000008000e2e       0x4e /tmp/ccl6bANf.ltrans0.ltrans.o
 .text._ZN8Hardware13errorDispatchENS_9ErrorCodeE
                0x0000000008000e7c       0x3c /tmp/ccl6bANf.ltrans0.ltrans.o
 .text._ZN9QuickTask10getCounterEv
                0x0000000008000eb8       0x14 /tmp/ccl6bANf.ltrans0.ltrans.o
 .text._ZN9QuickTask23delayMsWithStoppedTasksEm
                0x0000000008000ecc       0x2e /tmp/ccl6bANf.ltrans0.ltrans.o
 *fill*         0x0000000008000efa        0x2 
 .text._ZL13flash_latencym
                0x0000000008000efc       0x34 /tmp/ccl6bANf.ltrans0.ltrans.o
 .text._ZL12pll_start_lbmm
                0x0000000008000f30       0xfc /tmp/ccl6bANf.ltrans0.ltrans.o
 .text._ZL7rccInitv
                0x000000000800102c       0x64 /tmp/ccl6bANf.ltrans0.ltrans.o
 .text._ZN8Hardware4initEv
                0x0000000008001090       0x58 /tmp/ccl6bANf.ltrans0.ltrans.o
 .text._ZN8Hardware9WDOG_InitEv
                0x00000000080010e8        0x8 /tmp/ccl6bANf.ltrans0.ltrans.o
 .text._ZN8Hardware11WDOG_ReloadEv
                0x00000000080010f0        0x8 /tmp/ccl6bANf.ltrans0.ltrans.o
 .text._ZN8Hardware9NVIC_initEv
                0x00000000080010f8        0x8 /tmp/ccl6bANf.ltrans0.ltrans.o
 .text._ZN8Hardware12delayMsDirtyEm
                0x0000000008001100       0x16 /tmp/ccl6bANf.ltrans0.ltrans.o
 *fill*         0x0000000008001116        0x2 
 .text._Z41__static_initialization_and_destruction_0ii.lto_priv.1
                0x0000000008001118       0x48 /tmp/ccl6bANf.ltrans0.ltrans.o
 .text._GLOBAL__sub_I__ZN8Hardware4initEv
                0x0000000008001160       0x18 /tmp/ccl6bANf.ltrans0.ltrans.o
 .text._ZN6VEprom9writeWordENS_9VirtAdresEt
                0x0000000008001178       0x54 /tmp/ccl6bANf.ltrans0.ltrans.o
 .text._ZN6VEprom8readWordENS_9VirtAdresEPt
                0x00000000080011cc       0x6c /tmp/ccl6bANf.ltrans0.ltrans.o
 .text._ZN6VEprom8readWordENS_9VirtAdresE
                0x0000000008001238       0x34 /tmp/ccl6bANf.ltrans0.ltrans.o
 .text._ZN4Gpio9getOutputEP12GPIO_TypeDefh
                0x000000000800126c       0x30 /tmp/ccl6bANf.ltrans0.ltrans.o
 .text._ZN4Gpio9getOutputEv
                0x000000000800129c       0x22 /tmp/ccl6bANf.ltrans0.ltrans.o
 .text._ZN4Fifo7isEmptyEv
                0x00000000080012be       0x20 /tmp/ccl6bANf.ltrans0.ltrans.o
 .text._ZN4Fifo10isNotEmptyEv
                0x00000000080012de       0x22 /tmp/ccl6bANf.ltrans0.ltrans.o
 .text._ZN8Keyboard13getFromBufferEv
                0x0000000008001300       0x44 /tmp/ccl6bANf.ltrans0.ltrans.o
 .text._ZN8Keyboard6getKeyEv
                0x0000000008001344       0x1a /tmp/ccl6bANf.ltrans0.ltrans.o
 .text._ZN11FrameBuffer14setRefreshNeedEv
                0x000000000800135e       0x14 /tmp/ccl6bANf.ltrans0.ltrans.o
 .text._ZN11FrameBuffer19checkCursorPositionEv
                0x0000000008001372       0x3e /tmp/ccl6bANf.ltrans0.ltrans.o
 .text._ZNK11FrameBuffer7getROWSEv
                0x00000000080013b0       0x14 /tmp/ccl6bANf.ltrans0.ltrans.o
 .text._ZNK11FrameBuffer10getCOLUMNSEv
                0x00000000080013c4       0x14 /tmp/ccl6bANf.ltrans0.ltrans.o
 .text._ZN11FrameBuffer11cursorRightEv
                0x00000000080013d8       0x3a /tmp/ccl6bANf.ltrans0.ltrans.o
 .text._ZN11FrameBuffer6gotoXYEmm
                0x0000000008001412       0x5a /tmp/ccl6bANf.ltrans0.ltrans.o
 .text._ZN11FrameBuffer5printEc
                0x000000000800146c       0x3c /tmp/ccl6bANf.ltrans0.ltrans.o
 .text._ZN11FrameBuffer5printEPKc
                0x00000000080014a8       0x30 /tmp/ccl6bANf.ltrans0.ltrans.o
 .text._ZN11FrameBuffer7printXYEmmPKc
                0x00000000080014d8       0x2c /tmp/ccl6bANf.ltrans0.ltrans.o
 .text._ZN11FrameBuffer9clearLineEt
                0x0000000008001504       0x7c /tmp/ccl6bANf.ltrans0.ltrans.o
 .text._ZN11FrameBuffer10cursorModeENS_10CursorModeE
                0x0000000008001580       0x1c /tmp/ccl6bANf.ltrans0.ltrans.o
 .text._ZN11FrameBuffer23printNumbersWithPatternEPKcm
                0x000000000800159c       0x56 /tmp/ccl6bANf.ltrans0.ltrans.o
 .text._ZN11FrameBuffer23printSymbolsWithPatternEPKcS1_c
                0x00000000080015f2       0x70 /tmp/ccl6bANf.ltrans0.ltrans.o
 .text._ZN7HBridge8setPowerENS_5POWERE
                0x0000000008001662       0x7a /tmp/ccl6bANf.ltrans0.ltrans.o
 .text._ZN11Silnik24VDC11setType1234Eb
                0x00000000080016dc       0x1c /tmp/ccl6bANf.ltrans0.ltrans.o
 .text._ZN7Hamulec16gotoSafePositionEb
                0x00000000080016f8       0x34 /tmp/ccl6bANf.ltrans0.ltrans.o
 .text._ZN7Hamulec7setModeENS_4MODEE
                0x000000000800172c       0x30 /tmp/ccl6bANf.ltrans0.ltrans.o
 .text._ZN7Hamulec7setModeENS_4MODEEb
                0x000000000800175c       0x3a /tmp/ccl6bANf.ltrans0.ltrans.o
 .text._ZN7Hamulec5hamujEb
                0x0000000008001796       0x92 /tmp/ccl6bANf.ltrans0.ltrans.o
 .text._ZNK9Sterownik9getSilnikEv
                0x0000000008001828       0x2c /tmp/ccl6bANf.ltrans0.ltrans.o
 .text._ZN9Sterownik10fixOutputsEv
                0x0000000008001854       0x5c /tmp/ccl6bANf.ltrans0.ltrans.o
 .text._ZN9Sterownik12checkPozycjaEv
                0x00000000080018b0       0x74 /tmp/ccl6bANf.ltrans0.ltrans.o
 .text._ZN9Sterownik9checkRuchEv
                0x0000000008001924       0xea /tmp/ccl6bANf.ltrans0.ltrans.o
 *fill*         0x0000000008001a0e        0x2 
 .text._ZN9Sterownik9initNapedEv
                0x0000000008001a10       0xcc /tmp/ccl6bANf.ltrans0.ltrans.o
 .text._ZNK9Sterownik11isTyp230VACEv
                0x0000000008001adc       0x26 /tmp/ccl6bANf.ltrans0.ltrans.o
 .text._ZNK9Sterownik12getTypNapeduEv
                0x0000000008001b02       0x14 /tmp/ccl6bANf.ltrans0.ltrans.o
 .text._ZNK9Sterownik9isOtwarteEv
                0x0000000008001b16       0x1e /tmp/ccl6bANf.ltrans0.ltrans.o
 .text._ZNK9Sterownik11isZamknieteEv
                0x0000000008001b34       0x1e /tmp/ccl6bANf.ltrans0.ltrans.o
 .text._ZNK9Sterownik17isZakazOtwieraniaEv
                0x0000000008001b52       0x1e /tmp/ccl6bANf.ltrans0.ltrans.o
 .text._ZNK9Sterownik16isZakazZamykaniaEv
                0x0000000008001b70       0x1e /tmp/ccl6bANf.ltrans0.ltrans.o
 .text._ZNK9Sterownik7isPozarEv
                0x0000000008001b8e       0x26 /tmp/ccl6bANf.ltrans0.ltrans.o
 .text._ZNK9Sterownik17isAlarmAkustycznyEv
                0x0000000008001bb4       0x26 /tmp/ccl6bANf.ltrans0.ltrans.o
 .text._ZNK9Sterownik8isAwariaEv
                0x0000000008001bda       0x14 /tmp/ccl6bANf.ltrans0.ltrans.o
 .text._ZN9Sterownik14isOpenPossibleEv
                0x0000000008001bee       0x58 /tmp/ccl6bANf.ltrans0.ltrans.o
 .text._ZN9Sterownik15isClosePossibleEv
                0x0000000008001c46       0x42 /tmp/ccl6bANf.ltrans0.ltrans.o
 .text._ZN9Sterownik9zatrzymajEv
                0x0000000008001c88       0x22 /tmp/ccl6bANf.ltrans0.ltrans.o
 .text._ZN9Sterownik8setNapedENS_5NAPEDE
                0x0000000008001caa       0x3a /tmp/ccl6bANf.ltrans0.ltrans.o
 .text._ZN9Sterownik12getPrevNapedENS_5NAPEDE
                0x0000000008001ce4       0x44 /tmp/ccl6bANf.ltrans0.ltrans.o
 .text._ZN9Sterownik12getNextNapedENS_5NAPEDE
                0x0000000008001d28       0x48 /tmp/ccl6bANf.ltrans0.ltrans.o
 .text._ZNK9Sterownik13getOpisNapeduEv
                0x0000000008001d70       0x1c /tmp/ccl6bANf.ltrans0.ltrans.o
 .text._ZN9Sterownik13getOpisNapeduENS_5NAPEDE
                0x0000000008001d8c       0x58 /tmp/ccl6bANf.ltrans0.ltrans.o
 .text._ZN9Sterownik16gotoSafePositionEb
                0x0000000008001de4       0x6a /tmp/ccl6bANf.ltrans0.ltrans.o
 .text._ZN8Password3addEN8Keyboard3KeyE
                0x0000000008001e4e       0x7a /tmp/ccl6bANf.ltrans0.ltrans.o
 .text._ZN8Password9getCharAtEh
                0x0000000008001ec8       0x7c /tmp/ccl6bANf.ltrans0.ltrans.o
 .text._ZN8Password6isFullEv
                0x0000000008001f44       0x26 /tmp/ccl6bANf.ltrans0.ltrans.o
 .text._ZN8Password7isMatchEv
                0x0000000008001f6a       0x44 /tmp/ccl6bANf.ltrans0.ltrans.o
 .text._ZN8Password4saveEt
                0x0000000008001fae       0x1e /tmp/ccl6bANf.ltrans0.ltrans.o
 .text._ZN8Password5clearEv
                0x0000000008001fcc       0x1a /tmp/ccl6bANf.ltrans0.ltrans.o
 .text._ZN8Password4saveEv
                0x0000000008001fe6       0x18 /tmp/ccl6bANf.ltrans0.ltrans.o
 .text._ZN8Password9getStatusEv
                0x0000000008001ffe       0x32 /tmp/ccl6bANf.ltrans0.ltrans.o
 .text._ZN8Password7collectEN8Keyboard3KeyE
                0x0000000008002030       0x36 /tmp/ccl6bANf.ltrans0.ltrans.o
 .text._ZN8Password10getAsCharsEPc
                0x0000000008002066       0x4e /tmp/ccl6bANf.ltrans0.ltrans.o
 .text._ZL18getProgMainVersionv
                0x00000000080020b4        0xc /tmp/ccl6bANf.ltrans0.ltrans.o
 .text._ZL17getProgSubVersionv
                0x00000000080020c0        0xc /tmp/ccl6bANf.ltrans0.ltrans.o
 .text._ZN4Menu9goToEkranENS_5EKRANE
                0x00000000080020cc       0x58 /tmp/ccl6bANf.ltrans0.ltrans.o
 .text._ZN3HMI16isBackLightInUseEv
                0x0000000008002124       0x1c /tmp/ccl6bANf.ltrans0.ltrans.o
 .text._ZN5Praca19isAwariaSieci230VACEv
                0x0000000008002140       0x26 /tmp/ccl6bANf.ltrans0.ltrans.o
 .text._ZNK5Praca6getJobEv
                0x0000000008002166       0x14 /tmp/ccl6bANf.ltrans0.ltrans.o
 *fill*         0x000000000800217a        0x2 
 .text._ZN4Menu4pollEv
                0x000000000800217c      0x3c0 /tmp/ccl6bANf.ltrans0.ltrans.o
 .text._ZL12getJobSymbolv
                0x000000000800253c       0x3c /tmp/ccl6bANf.ltrans0.ltrans.o
 .text._ZN4Menu9showEkranEv
                0x0000000008002578      0x654 /tmp/ccl6bANf.ltrans0.ltrans.o
 .text._ZN6VEprom10addToValueENS_9VirtAdresEt
                0x0000000008002bcc       0x6a /tmp/ccl6bANf.ltrans0.ltrans.o
 .text._ZN9Sterownik13isBrakeAtStopEv
                0x0000000008002c36       0x22 /tmp/ccl6bANf.ltrans0.ltrans.o
 .text._ZN9Sterownik9setBuzzerEb
                0x0000000008002c58       0x28 /tmp/ccl6bANf.ltrans0.ltrans.o
 .text._ZN9Sterownik9isMotorOnEv
                0x0000000008002c80       0x44 /tmp/ccl6bANf.ltrans0.ltrans.o
 .text._ZN9Sterownik7podniesEv
                0x0000000008002cc4       0x32 /tmp/ccl6bANf.ltrans0.ltrans.o
 .text._ZN9Sterownik5opuscEv
                0x0000000008002cf6       0x32 /tmp/ccl6bANf.ltrans0.ltrans.o
 .text._ZN9Sterownik4pollEv
                0x0000000008002d28       0x16 /tmp/ccl6bANf.ltrans0.ltrans.o
 *fill*         0x0000000008002d3e        0x2 
 .text._ZN5Praca13isOpenRequestEv
                0x0000000008002d40       0x6c /tmp/ccl6bANf.ltrans0.ltrans.o
 .text._ZN5Praca14isCloseRequestEv
                0x0000000008002dac       0x60 /tmp/ccl6bANf.ltrans0.ltrans.o
 .text._ZN5Praca4pollEv
                0x0000000008002e0c      0x294 /tmp/ccl6bANf.ltrans0.ltrans.o
 .text._Z13pracaCallbackv
                0x00000000080030a0       0x18 /tmp/ccl6bANf.ltrans0.ltrans.o
 .text._Z41__static_initialization_and_destruction_0ii.lto_priv.2
                0x00000000080030b8       0x38 /tmp/ccl6bANf.ltrans0.ltrans.o
 .text._GLOBAL__sub_I__Z13pracaCallbackv
                0x00000000080030f0       0x18 /tmp/ccl6bANf.ltrans0.ltrans.o
 .text._ZN9QuickTask4holdEb
                0x0000000008003108       0x20 /tmp/ccl6bANf.ltrans0.ltrans.o
 .text._ZN17CallbackInterfaceD2Ev
                0x0000000008003128       0x1c /tmp/ccl6bANf.ltrans0.ltrans.o
 .text._ZN4Gpio7getModeEP12GPIO_TypeDefh
                0x0000000008003144       0x30 /tmp/ccl6bANf.ltrans0.ltrans.o
 .text._ZN4Gpio7getPullEP12GPIO_TypeDefh
                0x0000000008003174       0x30 /tmp/ccl6bANf.ltrans0.ltrans.o
 .text._ZN4Gpio8getSpeedEP12GPIO_TypeDefh
                0x00000000080031a4       0x30 /tmp/ccl6bANf.ltrans0.ltrans.o
 .text._ZN4Gpio8getOTypeEP12GPIO_TypeDefh
                0x00000000080031d4       0x32 /tmp/ccl6bANf.ltrans0.ltrans.o
 .text._ZN4Gpio14setupFromCloneEP12GPIO_TypeDefhS1_h
                0x0000000008003206       0x9c /tmp/ccl6bANf.ltrans0.ltrans.o
 .text._ZN4Gpio5setupENS_8GpioModeENS_9GpioOTypeENS_8GpioPuPdENS_9GpioSpeedE
                0x00000000080032a2       0x60 /tmp/ccl6bANf.ltrans0.ltrans.o
 .text._ZN4Gpio14setupFromCloneEPS_
                0x0000000008003302       0x24 /tmp/ccl6bANf.ltrans0.ltrans.o
 .text._ZN6VEprom4initEv
                0x0000000008003326       0x2c /tmp/ccl6bANf.ltrans0.ltrans.o
 *fill*         0x0000000008003352        0x2 
 .text._ZN12SilnikNapeduD2Ev
                0x0000000008003354       0x1c /tmp/ccl6bANf.ltrans0.ltrans.o
 .text._ZN12SilnikNapeduC2Ev
                0x0000000008003370       0x24 /tmp/ccl6bANf.ltrans0.ltrans.o
 .text._ZN12Silnik230VACC2EP4GpioS1_
                0x0000000008003394       0x3c /tmp/ccl6bANf.ltrans0.ltrans.o
 .text._ZN12Silnik230VAC4initEv
                0x00000000080033d0       0x22 /tmp/ccl6bANf.ltrans0.ltrans.o
 .text._ZN12Silnik230VAC16gotoSafePositionEb
                0x00000000080033f2       0x2e /tmp/ccl6bANf.ltrans0.ltrans.o
 .text._ZN12Silnik230VAC7setMoveEN12SilnikNapedu4MOVEE
                0x0000000008003420       0x78 /tmp/ccl6bANf.ltrans0.ltrans.o
 .text._ZN12Silnik230VAC7getMoveEv
                0x0000000008003498       0x14 /tmp/ccl6bANf.ltrans0.ltrans.o
 .text._ZN7HBridge11setPullPlusENS_4PULLE
                0x00000000080034ac       0x6a /tmp/ccl6bANf.ltrans0.ltrans.o
 .text._ZN7HBridge12setPullMinusENS_4PULLE
                0x0000000008003516       0x6a /tmp/ccl6bANf.ltrans0.ltrans.o
 .text._ZN7HBridgeC2EP4GpioS1_S1_S1_
                0x0000000008003580       0x4e /tmp/ccl6bANf.ltrans0.ltrans.o
 .text._ZN7HBridge4initEv
                0x00000000080035ce       0x6e /tmp/ccl6bANf.ltrans0.ltrans.o
 .text._ZN7HBridge4pollEv
                0x000000000800363c       0x68 /tmp/ccl6bANf.ltrans0.ltrans.o
 .text._ZN11Silnik24VDCC2EP7HBridgeS1_
                0x00000000080036a4       0x40 /tmp/ccl6bANf.ltrans0.ltrans.o
 .text._ZN11Silnik24VDC4initEv
                0x00000000080036e4       0x22 /tmp/ccl6bANf.ltrans0.ltrans.o
 .text._ZN11Silnik24VDC16gotoSafePositionEb
                0x0000000008003706       0x30 /tmp/ccl6bANf.ltrans0.ltrans.o
 .text._ZN11Silnik24VDC7setMoveEN12SilnikNapedu4MOVEE
                0x0000000008003736       0xec /tmp/ccl6bANf.ltrans0.ltrans.o
 .text._ZN11Silnik24VDC7getMoveEv
                0x0000000008003822       0x14 /tmp/ccl6bANf.ltrans0.ltrans.o
 .text._ZN7HamulecC2EP7HBridge
                0x0000000008003836       0x2c /tmp/ccl6bANf.ltrans0.ltrans.o
 .text._ZN7Hamulec4initEv
                0x0000000008003862       0x22 /tmp/ccl6bANf.ltrans0.ltrans.o
 .text._ZN3Led7preinitEv
                0x0000000008003884       0x20 /tmp/ccl6bANf.ltrans0.ltrans.o
 .text._ZN3LedC2EP12GPIO_TypeDefh
                0x00000000080038a4       0x2e /tmp/ccl6bANf.ltrans0.ltrans.o
 .text._ZN3Led4initENS_4TypeENS_4ModeE
                0x00000000080038d2       0x44 /tmp/ccl6bANf.ltrans0.ltrans.o
 *fill*         0x0000000008003916        0x2 
 .text._ZN6Pinout4initEv
                0x0000000008003918      0x240 /tmp/ccl6bANf.ltrans0.ltrans.o
 .text._ZN9SterownikC2EP11Silnik24VDCP12Silnik230VACP7Hamulec
                0x0000000008003b58       0x48 /tmp/ccl6bANf.ltrans0.ltrans.o
 .text._ZN9Sterownik4initEv
                0x0000000008003ba0       0x54 /tmp/ccl6bANf.ltrans0.ltrans.o
 .text._ZN8Keyboard11addToBufferENS_3KeyE
                0x0000000008003bf4       0x2c /tmp/ccl6bANf.ltrans0.ltrans.o
 .text._ZN8KeyboardC2EP4GpioS1_S1_S1_
                0x0000000008003c20       0x68 /tmp/ccl6bANf.ltrans0.ltrans.o
 .text._ZN8Keyboard4initEv
                0x0000000008003c88       0x50 /tmp/ccl6bANf.ltrans0.ltrans.o
 .text._ZN8Keyboard6co10msEv
                0x0000000008003cd8       0x50 /tmp/ccl6bANf.ltrans0.ltrans.o
 .text._ZN11FrameBuffer11clearScreenEv
                0x0000000008003d28       0x38 /tmp/ccl6bANf.ltrans0.ltrans.o
 .text._ZN8PasswordC2Ev
                0x0000000008003d60       0x24 /tmp/ccl6bANf.ltrans0.ltrans.o
 .text._ZN8Password4initEv
                0x0000000008003d84       0x48 /tmp/ccl6bANf.ltrans0.ltrans.o
 .text._ZN4Menu4initEP9SterownikP8KeyboardP11FrameBuffer
                0x0000000008003dcc       0x36 /tmp/ccl6bANf.ltrans0.ltrans.o
 *fill*         0x0000000008003e02        0x2 
 .text._ZN17CallbackInterfaceC2Ev
                0x0000000008003e04       0x1c /tmp/ccl6bANf.ltrans0.ltrans.o
 .text._ZN9ST7032iFBC2Ev
                0x0000000008003e20       0x48 /tmp/ccl6bANf.ltrans0.ltrans.o
 .text._ZN9ST7032iFBD2Ev
                0x0000000008003e68       0x24 /tmp/ccl6bANf.ltrans0.ltrans.o
 .text._ZN9ST7032iFBD0Ev
                0x0000000008003e8c       0x24 /tmp/ccl6bANf.ltrans0.ltrans.o
 .text._ZN9ST7032iFB16callbackFunctionEv
                0x0000000008003eb0        0xe /tmp/ccl6bANf.ltrans0.ltrans.o
 .text._ZN9ST7032iFB14getFrameBufferEv
                0x0000000008003ebe       0x14 /tmp/ccl6bANf.ltrans0.ltrans.o
 .text._ZN9ST7032iFB12getBackLightEv
                0x0000000008003ed2       0x14 /tmp/ccl6bANf.ltrans0.ltrans.o
 .text._ZN3HMI4initEP9SterownikP8KeyboardP9ST7032iFBP4MenuP3LedS9_S9_
                0x0000000008003ee6       0x9c /tmp/ccl6bANf.ltrans0.ltrans.o
 *fill*         0x0000000008003f82        0x2 
 .text._ZN5Praca4initEv
                0x0000000008003f84       0x2c /tmp/ccl6bANf.ltrans0.ltrans.o
 .text._ZN6PinoutC2Ev
                0x0000000008003fb0      0x350 /tmp/ccl6bANf.ltrans0.ltrans.o
 .text._ZN4MenuC2Ev
                0x0000000008004300       0x2e /tmp/ccl6bANf.ltrans0.ltrans.o
 *fill*         0x000000000800432e        0x2 
 .text._Z11hBridgePollv
                0x0000000008004330       0x20 /tmp/ccl6bANf.ltrans0.ltrans.o
 .text._ZL13keyb_callbackv
                0x0000000008004350       0x14 /tmp/ccl6bANf.ltrans0.ltrans.o
 .text.main     0x0000000008004364      0x124 /tmp/ccl6bANf.ltrans0.ltrans.o
 .text._ZN11Silnik24VDCD2Ev
                0x0000000008004488       0x24 /tmp/ccl6bANf.ltrans0.ltrans.o
 .text._ZN11Silnik24VDCD0Ev
                0x00000000080044ac       0x24 /tmp/ccl6bANf.ltrans0.ltrans.o
 .text._ZN12Silnik230VACD2Ev
                0x00000000080044d0       0x24 /tmp/ccl6bANf.ltrans0.ltrans.o
 .text._ZN12Silnik230VACD0Ev
                0x00000000080044f4       0x24 /tmp/ccl6bANf.ltrans0.ltrans.o
 .text._Z41__static_initialization_and_destruction_0ii.lto_priv.3
                0x0000000008004518      0x17c /tmp/ccl6bANf.ltrans0.ltrans.o
 .text._GLOBAL__sub_I_pinout
                0x0000000008004694       0x18 /tmp/ccl6bANf.ltrans0.ltrans.o
 .text._GLOBAL__sub_D_pinout
                0x00000000080046ac       0x18 /tmp/ccl6bANf.ltrans0.ltrans.o
 .text._ZN4FifoC2EPhm
                0x00000000080046c4       0x40 /tmp/ccl6bANf.ltrans0.ltrans.o
 .text._ZN4Fifo3putEh
                0x0000000008004704       0x6e /tmp/ccl6bANf.ltrans0.ltrans.o
 .text._ZN4Fifo3getEv
                0x0000000008004772       0x5a /tmp/ccl6bANf.ltrans0.ltrans.o
 .text._ZN4Fifo6putAllEPS_
                0x00000000080047cc       0x64 /tmp/ccl6bANf.ltrans0.ltrans.o
 .text._ZN4Fifo9get_countEv
                0x0000000008004830       0x38 /tmp/ccl6bANf.ltrans0.ltrans.o
 .text._ZN11FrameBufferD2Ev
                0x0000000008004868       0x1c /tmp/ccl6bANf.ltrans0.ltrans.o
 .text._ZN11FrameBufferD0Ev
                0x0000000008004884       0x24 /tmp/ccl6bANf.ltrans0.ltrans.o
 .text._ZN9QuickTask4tickEm
                0x00000000080048a8       0x6c /tmp/ccl6bANf.ltrans0.ltrans.o
 .text._ZN9QuickTask4pollEv
                0x0000000008004914       0x68 /tmp/ccl6bANf.ltrans0.ltrans.o
 .text._ZN9QuickTaskC2ENS_6QTTypeEPFvvEm
                0x000000000800497c       0x94 /tmp/ccl6bANf.ltrans0.ltrans.o
 .text.SysTick_Handler
                0x0000000008004a10        0xe /tmp/ccl6bANf.ltrans0.ltrans.o
 *fill*         0x0000000008004a1e        0x2 
 .text.EE_Init  0x0000000008004a20      0x3d4 /tmp/ccl6bANf.ltrans0.ltrans.o
 .text.EE_ReadVariable
                0x0000000008004df4       0xc8 /tmp/ccl6bANf.ltrans0.ltrans.o
 .text.EE_WriteVariable
                0x0000000008004ebc       0x5e /tmp/ccl6bANf.ltrans0.ltrans.o
 *fill*         0x0000000008004f1a        0x2 
 .text.EE_Format
                0x0000000008004f1c       0x68 /tmp/ccl6bANf.ltrans0.ltrans.o
 .text.EE_FindValidPage
                0x0000000008004f84       0xb0 /tmp/ccl6bANf.ltrans0.ltrans.o
 .text.EE_VerifyPageFullWriteVariable
                0x0000000008005034       0xe0 /tmp/ccl6bANf.ltrans0.ltrans.o
 .text.EE_PageTransfer
                0x0000000008005114      0x1c8 /tmp/ccl6bANf.ltrans0.ltrans.o
 .text.itoaWithPattern
                0x00000000080052dc       0xd2 /tmp/ccl6bANf.ltrans0.ltrans.o
 .text.my_strcpy
                0x00000000080053ae       0x5c /tmp/ccl6bANf.ltrans0.ltrans.o
 .text.numberWithPattern
                0x000000000800540a       0x2e /tmp/ccl6bANf.ltrans0.ltrans.o
 .text.FLASH_Unlock
                0x0000000008005438       0x2c /tmp/ccl6bANf.ltrans0.ltrans.o
 .text.FLASH_Lock
                0x0000000008005464       0x18 /tmp/ccl6bANf.ltrans0.ltrans.o
 .text.FLASH_ErasePage
                0x000000000800547c       0x78 /tmp/ccl6bANf.ltrans0.ltrans.o
 .text.FLASH_ProgramHalfWord
                0x00000000080054f4       0x74 /tmp/ccl6bANf.ltrans0.ltrans.o
 .text.FLASH_GetStatus
                0x0000000008005568       0x5c /tmp/ccl6bANf.ltrans0.ltrans.o
 .text.FLASH_WaitForLastOperation
                0x00000000080055c4       0x5a /tmp/ccl6bANf.ltrans0.ltrans.o
 *fill*         0x000000000800561e        0x2 
 .text.NVIC_EnableIRQ
                0x0000000008005620       0x2c /tmp/ccl6bANf.ltrans0.ltrans.o
 .text.NVIC_SetPriority.lto_priv.7
                0x000000000800564c       0xe8 /tmp/ccl6bANf.ltrans0.ltrans.o
 .text._ZN4Gpio16setAlternateFuncEP12GPIO_TypeDefhh
                0x0000000008005734       0xc8 /tmp/ccl6bANf.ltrans0.ltrans.o
 .text._ZN4Gpio16setAlternateFuncEh
                0x00000000080057fc       0x2a /tmp/ccl6bANf.ltrans0.ltrans.o
 .text._ZN4Fifo5flushEv
                0x0000000008005826       0x1a /tmp/ccl6bANf.ltrans0.ltrans.o
 .text._ZN3I2CC2Ev
                0x0000000008005840       0x30 /tmp/ccl6bANf.ltrans0.ltrans.o
 .text._ZN3I2C21callCompletedCallbackEv
                0x0000000008005870       0x26 /tmp/ccl6bANf.ltrans0.ltrans.o
 .text._ZN3I2C8setStateENS_5StateE
                0x0000000008005896       0x2c /tmp/ccl6bANf.ltrans0.ltrans.o
 .text._ZN3I2C6isBusyEv
                0x00000000080058c2       0x1c /tmp/ccl6bANf.ltrans0.ltrans.o
 *fill*         0x00000000080058de        0x2 
 .text._ZN3I2C11getInstanceEv
                0x00000000080058e0       0x10 /tmp/ccl6bANf.ltrans0.ltrans.o
 .text._ZN3I2C4initEPNS_10DeviceDefsE
                0x00000000080058f0       0x66 /tmp/ccl6bANf.ltrans0.ltrans.o
 *fill*         0x0000000008005956        0x2 
 .text._ZN3I2C4initEv
                0x0000000008005958      0x198 /tmp/ccl6bANf.ltrans0.ltrans.o
 .text._ZN3I2C8irqEventEv
                0x0000000008005af0       0xc0 /tmp/ccl6bANf.ltrans0.ltrans.o
 .text._ZN3I2C16masterWriteBlockEP4Fifo
                0x0000000008005bb0      0x100 /tmp/ccl6bANf.ltrans0.ltrans.o
 .text.I2C1_IRQHandler
                0x0000000008005cb0       0x14 /tmp/ccl6bANf.ltrans0.ltrans.o
 .text.I2C2_IRQHandler
                0x0000000008005cc4       0x14 /tmp/ccl6bANf.ltrans0.ltrans.o
 .text._Z41__static_initialization_and_destruction_0ii.lto_priv.4
                0x0000000008005cd8       0x44 /tmp/ccl6bANf.ltrans0.ltrans.o
 .text._GLOBAL__sub_I_i2cInstance
                0x0000000008005d1c       0x18 /tmp/ccl6bANf.ltrans0.ltrans.o
 .text._ZN11FrameBufferC2EmmPh
                0x0000000008005d34       0x54 /tmp/ccl6bANf.ltrans0.ltrans.o
 .text._ZNK11FrameBuffer9getBufferEv
                0x0000000008005d88       0x14 /tmp/ccl6bANf.ltrans0.ltrans.o
 .text._ZN11FrameBuffer7getLineEmP4Fifo
                0x0000000008005d9c       0x78 /tmp/ccl6bANf.ltrans0.ltrans.o
 .text._ZN3I2C13setSlaveAdresEt
                0x0000000008005e14       0x1c /tmp/ccl6bANf.ltrans0.ltrans.o
 .text._ZN3I2C14masterTransmitEP4Fifo
                0x0000000008005e30       0x20 /tmp/ccl6bANf.ltrans0.ltrans.o
 .text._ZN3I2C20setCompletedCallbackEP17CallbackInterface
                0x0000000008005e50       0x16 /tmp/ccl6bANf.ltrans0.ltrans.o
 .text._ZN9ST7032iFB11sendCommandENS_10LcdCommandE
                0x0000000008005e66       0x26 /tmp/ccl6bANf.ltrans0.ltrans.o
 .text._ZN9ST7032iFB6isBusyEv
                0x0000000008005e8c       0x1c /tmp/ccl6bANf.ltrans0.ltrans.o
 .text._ZN9ST7032iFB11setResetPinEb
                0x0000000008005ea8       0x24 /tmp/ccl6bANf.ltrans0.ltrans.o
 .text._ZN9ST7032iFB12setBackLightEb
                0x0000000008005ecc       0x24 /tmp/ccl6bANf.ltrans0.ltrans.o
 .text._ZN9ST7032iFB6gotoXYEhh
                0x0000000008005ef0       0x76 /tmp/ccl6bANf.ltrans0.ltrans.o
 .text._Z13dummyCallbackv
                0x0000000008005f66        0xc /tmp/ccl6bANf.ltrans0.ltrans.o
 *fill*         0x0000000008005f72        0x2 
 .text._ZN9ST7032iFB4pollEv
                0x0000000008005f74       0x18 /tmp/ccl6bANf.ltrans0.ltrans.o
 .text._ZN9ST7032iFB12delayMsDirtyEm
                0x0000000008005f8c       0x18 /tmp/ccl6bANf.ltrans0.ltrans.o
 .text._ZN9ST7032iFB4initEP3I2CP4GpioS3_
                0x0000000008005fa4      0x178 /tmp/ccl6bANf.ltrans0.ltrans.o
 .text._ZN9ST7032iFB13sendCmdOrDataEbh
                0x000000000800611c       0x66 /tmp/ccl6bANf.ltrans0.ltrans.o
 .text._ZN9ST7032iFB11sendCommandEh
                0x0000000008006182       0x26 /tmp/ccl6bANf.ltrans0.ltrans.o
 .text._ZN9ST7032iFB8sendLineEm
                0x00000000080061a8       0x5c /tmp/ccl6bANf.ltrans0.ltrans.o
 .text._ZN9ST7032iFB7processEv
                0x0000000008006204       0xe8 /tmp/ccl6bANf.ltrans0.ltrans.o
 .text._Z41__static_initialization_and_destruction_0ii.lto_priv.5
                0x00000000080062ec       0x74 /tmp/ccl6bANf.ltrans0.ltrans.o
 .text._GLOBAL__sub_I__Z13dummyCallbackv
                0x0000000008006360       0x18 /tmp/ccl6bANf.ltrans0.ltrans.o
 .text._GLOBAL__sub_D__Z13dummyCallbackv
                0x0000000008006378       0x18 /tmp/ccl6bANf.ltrans0.ltrans.o
 .text._ZdlPvj  0x0000000008006390        0x8 /home/opt/arm-toolchains/gcc-arm-none-eabi-7-2018-q2-update/bin/../lib/gcc/arm-none-eabi/7.3.1/../../../../arm-none-eabi/lib/thumb/v6-m/libstdc++_nano.a(del_ops.o)
                0x0000000008006390                operator delete(void*, unsigned int)
 .text._ZdlPv   0x0000000008006398        0x8 /home/opt/arm-toolchains/gcc-arm-none-eabi-7-2018-q2-update/bin/../lib/gcc/arm-none-eabi/7.3.1/../../../../arm-none-eabi/lib/thumb/v6-m/libstdc++_nano.a(del_op.o)
                0x0000000008006398                operator delete(void*)
 .text.free     0x00000000080063a0       0x14 /home/opt/arm-toolchains/gcc-arm-none-eabi-7-2018-q2-update/bin/../lib/gcc/arm-none-eabi/7.3.1/../../../../arm-none-eabi/lib/thumb/v6-m/libg_nano.a(lib_a-malloc.o)
                0x00000000080063a0                free
 .text._free_r  0x00000000080063b4       0x94 /home/opt/arm-toolchains/gcc-arm-none-eabi-7-2018-q2-update/bin/../lib/gcc/arm-none-eabi/7.3.1/../../../../arm-none-eabi/lib/thumb/v6-m/libg_nano.a(lib_a-nano-freer.o)
                0x00000000080063b4                _free_r
 .text          0x0000000008006448        0xe /home/opt/arm-toolchains/gcc-arm-none-eabi-7-2018-q2-update/bin/../lib/gcc/arm-none-eabi/7.3.1/../../../../arm-none-eabi/lib/thumb/v6-m/libg_nano.a(lib_a-strlen.o)
                0x0000000008006448                strlen
 .text.__malloc_lock
                0x0000000008006456        0x2 /home/opt/arm-toolchains/gcc-arm-none-eabi-7-2018-q2-update/bin/../lib/gcc/arm-none-eabi/7.3.1/../../../../arm-none-eabi/lib/thumb/v6-m/libg_nano.a(lib_a-mlock.o)
                0x0000000008006456                __malloc_lock
 .text.__malloc_unlock
                0x0000000008006458        0x2 /home/opt/arm-toolchains/gcc-arm-none-eabi-7-2018-q2-update/bin/../lib/gcc/arm-none-eabi/7.3.1/../../../../arm-none-eabi/lib/thumb/v6-m/libg_nano.a(lib_a-mlock.o)
                0x0000000008006458                __malloc_unlock
 *fill*         0x000000000800645a        0x2 
 .text          0x000000000800645c      0x114 /home/opt/arm-toolchains/gcc-arm-none-eabi-7-2018-q2-update/bin/../lib/gcc/arm-none-eabi/7.3.1/thumb/v6-m/libgcc.a(_udivsi3.o)
                0x000000000800645c                __udivsi3
                0x000000000800645c                __aeabi_uidiv
                0x0000000008006568                __aeabi_uidivmod
 .text          0x0000000008006570        0x4 /home/opt/arm-toolchains/gcc-arm-none-eabi-7-2018-q2-update/bin/../lib/gcc/arm-none-eabi/7.3.1/thumb/v6-m/libgcc.a(_dvmd_tls.o)
                0x0000000008006570                __aeabi_ldiv0
                0x0000000008006570                __aeabi_idiv0
 .text.memset   0x0000000008006574       0x10 /home/opt/arm-toolchains/gcc-arm-none-eabi-7-2018-q2-update/bin/../lib/gcc/arm-none-eabi/7.3.1/../../../../arm-none-eabi/lib/thumb/v6-m/libg_nano.a(lib_a-memset.o)
                0x0000000008006574                memset
 *(.rodata .rodata.* .constdata .constdata.*)
 .rodata._ZZ18__cxa_pure_virtualE8__func__
                0x0000000008006584       0x13 /tmp/ccl6bANf.ltrans0.ltrans.o
 *fill*         0x0000000008006597        0x1 
 .rodata.abort.str1.4
                0x0000000008006598       0x14 /tmp/ccl6bANf.ltrans0.ltrans.o
 .rodata._ZN3Led4tickEm
                0x00000000080065ac       0x1c /tmp/ccl6bANf.ltrans0.ltrans.o
 .rodata._ZN8Hardware13errorDispatchENS_9ErrorCodeE
                0x00000000080065c8       0x14 /tmp/ccl6bANf.ltrans0.ltrans.o
 .rodata._ZN9Sterownik9initNapedEv
                0x00000000080065dc       0x18 /tmp/ccl6bANf.ltrans0.ltrans.o
 .rodata._ZN9Sterownik13getOpisNapeduENS_5NAPEDE.str1.4
                0x00000000080065f4       0x49 /tmp/ccl6bANf.ltrans0.ltrans.o
 *fill*         0x000000000800663d        0x3 
 .rodata._ZN9Sterownik13getOpisNapeduENS_5NAPEDE
                0x0000000008006640       0x18 /tmp/ccl6bANf.ltrans0.ltrans.o
 .rodata._ZN4Menu4pollEv
                0x0000000008006658       0x30 /tmp/ccl6bANf.ltrans0.ltrans.o
 .rodata._ZN4Menu9showEkranEv.str1.4
                0x0000000008006688      0x160 /tmp/ccl6bANf.ltrans0.ltrans.o
                                        0x165 (size before relaxing)
 .rodata._ZN4Menu9showEkranEv
                0x00000000080067e8       0x30 /tmp/ccl6bANf.ltrans0.ltrans.o
 .rodata._ZTV9ST7032iFB
                0x0000000008006818       0x14 /tmp/ccl6bANf.ltrans0.ltrans.o
 .rodata._ZTV11Silnik24VDC
                0x000000000800682c       0x1c /tmp/ccl6bANf.ltrans0.ltrans.o
 .rodata._ZTV12Silnik230VAC
                0x0000000008006848       0x1c /tmp/ccl6bANf.ltrans0.ltrans.o
 .rodata._ZTV12SilnikNapedu
                0x0000000008006864       0x1c /tmp/ccl6bANf.ltrans0.ltrans.o
 .rodata._ZTV17CallbackInterface
                0x0000000008006880       0x14 /tmp/ccl6bANf.ltrans0.ltrans.o
 .rodata._ZTV11FrameBuffer
                0x0000000008006894       0x10 /tmp/ccl6bANf.ltrans0.ltrans.o
 .rodata._ZN9ST7032iFB7processEv
                0x00000000080068a4       0x14 /tmp/ccl6bANf.ltrans0.ltrans.o
 *(vtable)
 *(.eh_frame*)
 *(.glue_7)
 .glue_7        0x00000000080068b8        0x0 linker stubs
 *(.glue_7t)
 .glue_7t       0x00000000080068b8        0x0 linker stubs

.vfp11_veneer   0x00000000080068b8        0x0
 .vfp11_veneer  0x00000000080068b8        0x0 linker stubs

.v4_bx          0x00000000080068b8        0x0
 .v4_bx         0x00000000080068b8        0x0 linker stubs

.iplt           0x00000000080068b8        0x0
 .iplt          0x00000000080068b8        0x0 /home/opt/arm-toolchains/gcc-arm-none-eabi-7-2018-q2-update/bin/../lib/gcc/arm-none-eabi/7.3.1/../../../../arm-none-eabi/lib/thumb/v6-m/libstdc++_nano.a(del_ops.o)

.rel.dyn        0x00000000080068b8        0x0
 .rel.iplt      0x00000000080068b8        0x0 /home/opt/arm-toolchains/gcc-arm-none-eabi-7-2018-q2-update/bin/../lib/gcc/arm-none-eabi/7.3.1/../../../../arm-none-eabi/lib/thumb/v6-m/libstdc++_nano.a(del_ops.o)

.ARM.extab
 *(.ARM.extab* .gnu.linkonce.armextab.*)
                0x00000000080068b8                . = ALIGN (0x4)
                0x00000000080068b8                __exidx_start = .

.ARM.exidx
 *(.ARM.exidx* .gnu.linkonce.armexidx.*)
                0x00000000080068b8                __exidx_end = .
                0x00000000080068b8                . = ALIGN (0x4)
                0x00000000080068b8                _etext = .
                0x00000000080068b8                __etext = .

.data_CCMRAM    0x0000000000000000        0x0 load address 0x00000000080068b8
 FILL mask 0xff
 *(.data.CCMRAM .data.CCMRAM.*)
                0x0000000000000000                . = ALIGN (0x4)
                0x00000000080068b8                _sidata = LOADADDR (.data)

.data           0x0000000020000000       0xb4 load address 0x00000000080068b8
 FILL mask 0xff
                0x0000000020000000                _sdata = .
                0x0000000020000000                __data_start__ = .
 *(.data_begin .data_begin.*)
 .data_begin    0x0000000020000000        0x4 /tmp/ccl6bANf.ltrans0.ltrans.o
 *(.data .data.*)
 .data.argv.4310
                0x0000000020000004        0x8 /tmp/ccl6bANf.ltrans0.ltrans.o
 .data.SystemCoreClock
                0x000000002000000c        0x4 /tmp/ccl6bANf.ltrans0.ltrans.o
 .data.AHBPrescTable
                0x0000000020000010       0x10 /tmp/ccl6bANf.ltrans0.ltrans.o
 .data.pins     0x0000000020000020        0x4 /tmp/ccl6bANf.ltrans0.ltrans.o
 .data.i2cDefs  0x0000000020000024       0x10 /tmp/ccl6bANf.ltrans0.ltrans.o
 .data.sterM    0x0000000020000034        0x4 /tmp/ccl6bANf.ltrans0.ltrans.o
 .data.job      0x0000000020000038        0xc /tmp/ccl6bANf.ltrans0.ltrans.o
 .data.praca    0x0000000020000044        0x4 /tmp/ccl6bANf.ltrans0.ltrans.o
 .data._ZN9QuickTask6holdedE
                0x0000000020000048        0x1 /tmp/ccl6bANf.ltrans0.ltrans.o
 *fill*         0x0000000020000049        0x3 ff
 .data._impure_ptr
                0x000000002000004c        0x4 /home/opt/arm-toolchains/gcc-arm-none-eabi-7-2018-q2-update/bin/../lib/gcc/arm-none-eabi/7.3.1/../../../../arm-none-eabi/lib/thumb/v6-m/libg_nano.a(lib_a-impure.o)
                0x000000002000004c                _impure_ptr
 .data.impure_data
                0x0000000020000050       0x60 /home/opt/arm-toolchains/gcc-arm-none-eabi-7-2018-q2-update/bin/../lib/gcc/arm-none-eabi/7.3.1/../../../../arm-none-eabi/lib/thumb/v6-m/libg_nano.a(lib_a-impure.o)
 *(.data_end .data_end.*)
 .data_end      0x00000000200000b0        0x4 /tmp/ccl6bANf.ltrans0.ltrans.o
                0x00000000200000b4                . = ALIGN (0x4)
                0x00000000200000b4                _edata = .
                0x00000000200000b4                __data_end__ = .

.igot.plt       0x00000000200000b4        0x0 load address 0x000000000800696c
 .igot.plt      0x00000000200000b4        0x0 /home/opt/arm-toolchains/gcc-arm-none-eabi-7-2018-q2-update/bin/../lib/gcc/arm-none-eabi/7.3.1/../../../../arm-none-eabi/lib/thumb/v6-m/libstdc++_nano.a(del_ops.o)

.bss_CCMRAM     0x0000000000000000        0x0
 *(.bss.CCMRAM .bss.CCMRAM.*)

.bss            0x00000000200000b4      0x480
                0x00000000200000b4                __bss_start__ = .
                0x00000000200000b4                _sbss = .
 *(.bss_begin .bss_begin.*)
 .bss_begin     0x00000000200000b4        0x4 /tmp/ccl6bANf.ltrans0.ltrans.o
 *(.bss .bss.*)
 .bss.name.4309
                0x00000000200000b8        0x1 /tmp/ccl6bANf.ltrans0.ltrans.o
 *fill*         0x00000000200000b9        0x3 
 .bss.hmi       0x00000000200000bc       0x28 /tmp/ccl6bANf.ltrans0.ltrans.o
 .bss.hmiQtsk   0x00000000200000e4       0x14 /tmp/ccl6bANf.ltrans0.ltrans.o
 .bss.gpioPomSygnL
                0x00000000200000f8        0x8 /tmp/ccl6bANf.ltrans0.ltrans.o
 .bss.gpioPomZas24V
                0x0000000020000100        0x8 /tmp/ccl6bANf.ltrans0.ltrans.o
 .bss._ZN8Hardware11adcDmaErrorE
                0x0000000020000108        0x1 /tmp/ccl6bANf.ltrans0.ltrans.o
 *fill*         0x0000000020000109        0x3 
 .bss.pracaQtsk
                0x000000002000010c       0x14 /tmp/ccl6bANf.ltrans0.ltrans.o
 .bss._ZZN8Keyboard6co10msEvE6oldKey
                0x0000000020000120        0x1 /tmp/ccl6bANf.ltrans0.ltrans.o
 *fill*         0x0000000020000121        0x3 
 .bss.pinout    0x0000000020000124      0x1b8 /tmp/ccl6bANf.ltrans0.ltrans.o
 .bss.keys      0x00000000200002dc       0x2c /tmp/ccl6bANf.ltrans0.ltrans.o
 .bss.hBridgeHamulec
                0x0000000020000308       0x18 /tmp/ccl6bANf.ltrans0.ltrans.o
 .bss.hBridgeSilnik
                0x0000000020000320       0x18 /tmp/ccl6bANf.ltrans0.ltrans.o
 .bss.hamulec   0x0000000020000338        0x8 /tmp/ccl6bANf.ltrans0.ltrans.o
 .bss.silnik24VDC
                0x0000000020000340       0x14 /tmp/ccl6bANf.ltrans0.ltrans.o
 .bss.silnik230VAC
                0x0000000020000354       0x14 /tmp/ccl6bANf.ltrans0.ltrans.o
 .bss.i2c       0x0000000020000368        0x4 /tmp/ccl6bANf.ltrans0.ltrans.o
 .bss.st7032iDriver
                0x000000002000036c       0x1c /tmp/ccl6bANf.ltrans0.ltrans.o
 .bss.sterBramDym
                0x0000000020000388       0x14 /tmp/ccl6bANf.ltrans0.ltrans.o
 .bss.menu      0x000000002000039c       0x20 /tmp/ccl6bANf.ltrans0.ltrans.o
 .bss.keybQtsk  0x00000000200003bc       0x14 /tmp/ccl6bANf.ltrans0.ltrans.o
 .bss.hBridgeQtsk
                0x00000000200003d0       0x14 /tmp/ccl6bANf.ltrans0.ltrans.o
 .bss.taskbase  0x00000000200003e4        0x4 /tmp/ccl6bANf.ltrans0.ltrans.o
 .bss._ZN9QuickTask12milisCounterE
                0x00000000200003e8        0x4 /tmp/ccl6bANf.ltrans0.ltrans.o
 .bss.VirtAddVarTab
                0x00000000200003ec       0x14 /tmp/ccl6bANf.ltrans0.ltrans.o
 .bss.DataVar   0x0000000020000400        0x2 /tmp/ccl6bANf.ltrans0.ltrans.o
 *fill*         0x0000000020000402        0x2 
 .bss.i2cInstance
                0x0000000020000404       0x10 /tmp/ccl6bANf.ltrans0.ltrans.o
 .bss.buffer    0x0000000020000414       0x64 /tmp/ccl6bANf.ltrans0.ltrans.o
 .bss.dataFrame
                0x0000000020000478       0x18 /tmp/ccl6bANf.ltrans0.ltrans.o
 .bss._ZN9ST7032iFB14callbackObjectE
                0x0000000020000490        0x4 /tmp/ccl6bANf.ltrans0.ltrans.o
 .bss.st7032Task
                0x0000000020000494       0x14 /tmp/ccl6bANf.ltrans0.ltrans.o
 .bss.dataTab1  0x00000000200004a8       0x25 /tmp/ccl6bANf.ltrans0.ltrans.o
 *fill*         0x00000000200004cd        0x3 
 .bss.frame_buffer
                0x00000000200004d0       0x1c /tmp/ccl6bANf.ltrans0.ltrans.o
 .bss.dataTab2  0x00000000200004ec       0x25 /tmp/ccl6bANf.ltrans0.ltrans.o
 *fill*         0x0000000020000511        0x3 
 .bss.dataFifo  0x0000000020000514       0x18 /tmp/ccl6bANf.ltrans0.ltrans.o
 .bss.__malloc_free_list
                0x000000002000052c        0x4 /home/opt/arm-toolchains/gcc-arm-none-eabi-7-2018-q2-update/bin/../lib/gcc/arm-none-eabi/7.3.1/../../../../arm-none-eabi/lib/thumb/v6-m/libg_nano.a(lib_a-nano-mallocr.o)
                0x000000002000052c                __malloc_free_list
 *(COMMON)
 *(.bss_end .bss_end.*)
 .bss_end       0x0000000020000530        0x4 /tmp/ccl6bANf.ltrans0.ltrans.o
                0x0000000020000534                . = ALIGN (0x4)
                0x0000000020000534                __bss_end__ = .
                0x0000000020000534                _ebss = .

.noinit_CCMRAM
 *(.noinit.CCMRAM .noinit.CCMRAM.*)

.noinit         0x0000000020000534        0x0
                0x0000000020000534                _noinit = .
 *(.noinit .noinit.*)
                0x0000000020000534                . = ALIGN (0x4)
                0x0000000020000534                _end_noinit = .
                [!provide]                        PROVIDE (end = _end_noinit)
                [!provide]                        PROVIDE (_end = _end_noinit)
                [!provide]                        PROVIDE (__end = _end_noinit)
                [!provide]                        PROVIDE (__end__ = _end_noinit)

._check_stack   0x0000000020000534      0x100
                0x0000000020000634                . = (. + _Minimum_Stack_Size)
 *fill*         0x0000000020000534      0x100 

.b1text
 *(.b1text)
 *(.b1rodata)
 *(.b1rodata.*)

.eb0text
 *(.eb0text)
 *(.eb0rodata)
 *(.eb0rodata.*)

.eb1text
 *(.eb1text)
 *(.eb1rodata)
 *(.eb1rodata.*)

.eb2text
 *(.eb2text)
 *(.eb2rodata)
 *(.eb2rodata.*)

.eb3text
 *(.eb3text)
 *(.eb3rodata)
 *(.eb3rodata.*)

.stab
 *(.stab)

.stabstr
 *(.stabstr)

.stab.excl
 *(.stab.excl)

.stab.exclstr
 *(.stab.exclstr)

.stab.index
 *(.stab.index)

.stab.indexstr
 *(.stab.indexstr)

.comment        0x0000000000000000       0x7f
 *(.comment)
 .comment       0x0000000000000000       0x7f /tmp/ccl6bANf.ltrans0.ltrans.o
                                         0x80 (size before relaxing)

.ARM.attributes
                0x0000000000000000       0x2f
 .ARM.attributes
                0x0000000000000000       0x2f /tmp/ccl6bANf.ltrans0.ltrans.o
 .ARM.attributes
                0x000000000000002f       0x2c /home/opt/arm-toolchains/gcc-arm-none-eabi-7-2018-q2-update/bin/../lib/gcc/arm-none-eabi/7.3.1/../../../../arm-none-eabi/lib/thumb/v6-m/libstdc++_nano.a(del_ops.o)
 .ARM.attributes
                0x000000000000005b       0x2c /home/opt/arm-toolchains/gcc-arm-none-eabi-7-2018-q2-update/bin/../lib/gcc/arm-none-eabi/7.3.1/../../../../arm-none-eabi/lib/thumb/v6-m/libstdc++_nano.a(del_op.o)
 .ARM.attributes
                0x0000000000000087       0x2c /home/opt/arm-toolchains/gcc-arm-none-eabi-7-2018-q2-update/bin/../lib/gcc/arm-none-eabi/7.3.1/../../../../arm-none-eabi/lib/thumb/v6-m/libg_nano.a(lib_a-impure.o)
 .ARM.attributes
                0x00000000000000b3       0x2c /home/opt/arm-toolchains/gcc-arm-none-eabi-7-2018-q2-update/bin/../lib/gcc/arm-none-eabi/7.3.1/../../../../arm-none-eabi/lib/thumb/v6-m/libg_nano.a(lib_a-malloc.o)
 .ARM.attributes
                0x00000000000000df       0x2c /home/opt/arm-toolchains/gcc-arm-none-eabi-7-2018-q2-update/bin/../lib/gcc/arm-none-eabi/7.3.1/../../../../arm-none-eabi/lib/thumb/v6-m/libg_nano.a(lib_a-nano-freer.o)
 .ARM.attributes
                0x000000000000010b       0x2c /home/opt/arm-toolchains/gcc-arm-none-eabi-7-2018-q2-update/bin/../lib/gcc/arm-none-eabi/7.3.1/../../../../arm-none-eabi/lib/thumb/v6-m/libg_nano.a(lib_a-nano-mallocr.o)
 .ARM.attributes
                0x0000000000000137       0x1c /home/opt/arm-toolchains/gcc-arm-none-eabi-7-2018-q2-update/bin/../lib/gcc/arm-none-eabi/7.3.1/../../../../arm-none-eabi/lib/thumb/v6-m/libg_nano.a(lib_a-strlen.o)
 .ARM.attributes
                0x0000000000000153       0x2c /home/opt/arm-toolchains/gcc-arm-none-eabi-7-2018-q2-update/bin/../lib/gcc/arm-none-eabi/7.3.1/../../../../arm-none-eabi/lib/thumb/v6-m/libg_nano.a(lib_a-mlock.o)
 .ARM.attributes
                0x000000000000017f       0x1e /home/opt/arm-toolchains/gcc-arm-none-eabi-7-2018-q2-update/bin/../lib/gcc/arm-none-eabi/7.3.1/thumb/v6-m/libgcc.a(_udivsi3.o)
 .ARM.attributes
                0x000000000000019d       0x1e /home/opt/arm-toolchains/gcc-arm-none-eabi-7-2018-q2-update/bin/../lib/gcc/arm-none-eabi/7.3.1/thumb/v6-m/libgcc.a(_dvmd_tls.o)
 .ARM.attributes
                0x00000000000001bb       0x2c /home/opt/arm-toolchains/gcc-arm-none-eabi-7-2018-q2-update/bin/../lib/gcc/arm-none-eabi/7.3.1/../../../../arm-none-eabi/lib/thumb/v6-m/libg_nano.a(lib_a-memset.o)

.debug
 *(.debug)

.line
 *(.line)

.debug_srcinfo
 *(.debug_srcinfo)

.debug_sfnames
 *(.debug_sfnames)

.debug_aranges  0x0000000000000000      0xad8
 *(.debug_aranges)
 .debug_aranges
                0x0000000000000000      0xad8 /tmp/ccl6bANf.ltrans0.ltrans.o

.debug_pubnames
 *(.debug_pubnames)

.debug_info     0x0000000000000000     0x9047
 *(.debug_info .gnu.linkonce.wi.*)
 .debug_info    0x0000000000000000     0x9047 /tmp/ccl6bANf.ltrans0.ltrans.o

.debug_abbrev   0x0000000000000000      0x8c0
 *(.debug_abbrev)
 .debug_abbrev  0x0000000000000000      0x8c0 /tmp/ccl6bANf.ltrans0.ltrans.o

.debug_line     0x0000000000000000     0x274c
 *(.debug_line)
 .debug_line    0x0000000000000000     0x274c /tmp/ccl6bANf.ltrans0.ltrans.o

.debug_frame    0x0000000000000000     0x2c24
 *(.debug_frame)
 .debug_frame   0x0000000000000000     0x2acc /tmp/ccl6bANf.ltrans0.ltrans.o
 .debug_frame   0x0000000000002acc       0x28 /home/opt/arm-toolchains/gcc-arm-none-eabi-7-2018-q2-update/bin/../lib/gcc/arm-none-eabi/7.3.1/../../../../arm-none-eabi/lib/thumb/v6-m/libstdc++_nano.a(del_ops.o)
 .debug_frame   0x0000000000002af4       0x28 /home/opt/arm-toolchains/gcc-arm-none-eabi-7-2018-q2-update/bin/../lib/gcc/arm-none-eabi/7.3.1/../../../../arm-none-eabi/lib/thumb/v6-m/libstdc++_nano.a(del_op.o)
 .debug_frame   0x0000000000002b1c       0x40 /home/opt/arm-toolchains/gcc-arm-none-eabi-7-2018-q2-update/bin/../lib/gcc/arm-none-eabi/7.3.1/../../../../arm-none-eabi/lib/thumb/v6-m/libg_nano.a(lib_a-malloc.o)
 .debug_frame   0x0000000000002b5c       0x2c /home/opt/arm-toolchains/gcc-arm-none-eabi-7-2018-q2-update/bin/../lib/gcc/arm-none-eabi/7.3.1/../../../../arm-none-eabi/lib/thumb/v6-m/libg_nano.a(lib_a-nano-freer.o)
 .debug_frame   0x0000000000002b88       0x2c /home/opt/arm-toolchains/gcc-arm-none-eabi-7-2018-q2-update/bin/../lib/gcc/arm-none-eabi/7.3.1/../../../../arm-none-eabi/lib/thumb/v6-m/libg_nano.a(lib_a-nano-mallocr.o)
 .debug_frame   0x0000000000002bb4       0x30 /home/opt/arm-toolchains/gcc-arm-none-eabi-7-2018-q2-update/bin/../lib/gcc/arm-none-eabi/7.3.1/../../../../arm-none-eabi/lib/thumb/v6-m/libg_nano.a(lib_a-mlock.o)
 .debug_frame   0x0000000000002be4       0x20 /home/opt/arm-toolchains/gcc-arm-none-eabi-7-2018-q2-update/bin/../lib/gcc/arm-none-eabi/7.3.1/thumb/v6-m/libgcc.a(_udivsi3.o)
 .debug_frame   0x0000000000002c04       0x20 /home/opt/arm-toolchains/gcc-arm-none-eabi-7-2018-q2-update/bin/../lib/gcc/arm-none-eabi/7.3.1/../../../../arm-none-eabi/lib/thumb/v6-m/libg_nano.a(lib_a-memset.o)

.debug_str      0x0000000000000000     0x2a10
 *(.debug_str)
 .debug_str     0x0000000000000000     0x2a10 /tmp/ccl6bANf.ltrans0.ltrans.o
                                       0x2c3f (size before relaxing)

.debug_loc
 *(.debug_loc)

.debug_macinfo
 *(.debug_macinfo)

.debug_weaknames
 *(.debug_weaknames)

.debug_funcnames
 *(.debug_funcnames)

.debug_typenames
 *(.debug_typenames)

.debug_varnames
 *(.debug_varnames)
OUTPUT(sterM.elf elf32-littlearm)

.debug_ranges   0x0000000000000000      0xae0
 .debug_ranges  0x0000000000000000      0xae0 /tmp/ccl6bANf.ltrans0.ltrans.o
