Archive member included to satisfy reference by file (symbol)

/home/opt/arm-toolchains/gcc-arm-none-eabi-7-2018-q2-update/bin/../lib/gcc/arm-none-eabi/7.3.1/../../../../arm-none-eabi/lib/thumb/v6-m/libstdc++_nano.a(del_ops.o)
                              ./src/HBridgePWM.o (symbol from plugin) (operator delete(void*, unsigned int))
/home/opt/arm-toolchains/gcc-arm-none-eabi-7-2018-q2-update/bin/../lib/gcc/arm-none-eabi/7.3.1/../../../../arm-none-eabi/lib/thumb/v6-m/libstdc++_nano.a(del_op.o)
                              /home/opt/arm-toolchains/gcc-arm-none-eabi-7-2018-q2-update/bin/../lib/gcc/arm-none-eabi/7.3.1/../../../../arm-none-eabi/lib/thumb/v6-m/libstdc++_nano.a(del_ops.o) (operator delete(void*))
/home/opt/arm-toolchains/gcc-arm-none-eabi-7-2018-q2-update/bin/../lib/gcc/arm-none-eabi/7.3.1/../../../../arm-none-eabi/lib/thumb/v6-m/libg_nano.a(lib_a-errno.o)
                              ./system/src/newlib/_sbrk.o (symbol from plugin) (__errno)
/home/opt/arm-toolchains/gcc-arm-none-eabi-7-2018-q2-update/bin/../lib/gcc/arm-none-eabi/7.3.1/../../../../arm-none-eabi/lib/thumb/v6-m/libg_nano.a(lib_a-impure.o)
                              /home/opt/arm-toolchains/gcc-arm-none-eabi-7-2018-q2-update/bin/../lib/gcc/arm-none-eabi/7.3.1/../../../../arm-none-eabi/lib/thumb/v6-m/libg_nano.a(lib_a-errno.o) (_impure_ptr)
/home/opt/arm-toolchains/gcc-arm-none-eabi-7-2018-q2-update/bin/../lib/gcc/arm-none-eabi/7.3.1/../../../../arm-none-eabi/lib/thumb/v6-m/libg_nano.a(lib_a-isdigit.o)
                              ./src/Menu.o (symbol from plugin) (isdigit)
/home/opt/arm-toolchains/gcc-arm-none-eabi-7-2018-q2-update/bin/../lib/gcc/arm-none-eabi/7.3.1/../../../../arm-none-eabi/lib/thumb/v6-m/libg_nano.a(lib_a-locale.o)
                              /home/opt/arm-toolchains/gcc-arm-none-eabi-7-2018-q2-update/bin/../lib/gcc/arm-none-eabi/7.3.1/../../../../arm-none-eabi/lib/thumb/v6-m/libg_nano.a(lib_a-isdigit.o) (__locale_ctype_ptr)
/home/opt/arm-toolchains/gcc-arm-none-eabi-7-2018-q2-update/bin/../lib/gcc/arm-none-eabi/7.3.1/../../../../arm-none-eabi/lib/thumb/v6-m/libg_nano.a(lib_a-malloc.o)
                              /home/opt/arm-toolchains/gcc-arm-none-eabi-7-2018-q2-update/bin/../lib/gcc/arm-none-eabi/7.3.1/../../../../arm-none-eabi/lib/thumb/v6-m/libstdc++_nano.a(del_op.o) (free)
/home/opt/arm-toolchains/gcc-arm-none-eabi-7-2018-q2-update/bin/../lib/gcc/arm-none-eabi/7.3.1/../../../../arm-none-eabi/lib/thumb/v6-m/libg_nano.a(lib_a-mbtowc_r.o)
                              /home/opt/arm-toolchains/gcc-arm-none-eabi-7-2018-q2-update/bin/../lib/gcc/arm-none-eabi/7.3.1/../../../../arm-none-eabi/lib/thumb/v6-m/libg_nano.a(lib_a-locale.o) (__ascii_mbtowc)
/home/opt/arm-toolchains/gcc-arm-none-eabi-7-2018-q2-update/bin/../lib/gcc/arm-none-eabi/7.3.1/../../../../arm-none-eabi/lib/thumb/v6-m/libg_nano.a(lib_a-nano-freer.o)
                              /home/opt/arm-toolchains/gcc-arm-none-eabi-7-2018-q2-update/bin/../lib/gcc/arm-none-eabi/7.3.1/../../../../arm-none-eabi/lib/thumb/v6-m/libg_nano.a(lib_a-malloc.o) (_free_r)
/home/opt/arm-toolchains/gcc-arm-none-eabi-7-2018-q2-update/bin/../lib/gcc/arm-none-eabi/7.3.1/../../../../arm-none-eabi/lib/thumb/v6-m/libg_nano.a(lib_a-nano-mallocr.o)
                              /home/opt/arm-toolchains/gcc-arm-none-eabi-7-2018-q2-update/bin/../lib/gcc/arm-none-eabi/7.3.1/../../../../arm-none-eabi/lib/thumb/v6-m/libg_nano.a(lib_a-malloc.o) (_malloc_r)
/home/opt/arm-toolchains/gcc-arm-none-eabi-7-2018-q2-update/bin/../lib/gcc/arm-none-eabi/7.3.1/../../../../arm-none-eabi/lib/thumb/v6-m/libg_nano.a(lib_a-sbrkr.o)
                              /home/opt/arm-toolchains/gcc-arm-none-eabi-7-2018-q2-update/bin/../lib/gcc/arm-none-eabi/7.3.1/../../../../arm-none-eabi/lib/thumb/v6-m/libg_nano.a(lib_a-nano-mallocr.o) (_sbrk_r)
/home/opt/arm-toolchains/gcc-arm-none-eabi-7-2018-q2-update/bin/../lib/gcc/arm-none-eabi/7.3.1/../../../../arm-none-eabi/lib/thumb/v6-m/libg_nano.a(lib_a-strcmp.o)
                              /home/opt/arm-toolchains/gcc-arm-none-eabi-7-2018-q2-update/bin/../lib/gcc/arm-none-eabi/7.3.1/../../../../arm-none-eabi/lib/thumb/v6-m/libg_nano.a(lib_a-locale.o) (strcmp)
/home/opt/arm-toolchains/gcc-arm-none-eabi-7-2018-q2-update/bin/../lib/gcc/arm-none-eabi/7.3.1/../../../../arm-none-eabi/lib/thumb/v6-m/libg_nano.a(lib_a-strlen.o)
                              ./src/Menu.o (symbol from plugin) (strlen)
/home/opt/arm-toolchains/gcc-arm-none-eabi-7-2018-q2-update/bin/../lib/gcc/arm-none-eabi/7.3.1/../../../../arm-none-eabi/lib/thumb/v6-m/libg_nano.a(lib_a-wctomb_r.o)
                              /home/opt/arm-toolchains/gcc-arm-none-eabi-7-2018-q2-update/bin/../lib/gcc/arm-none-eabi/7.3.1/../../../../arm-none-eabi/lib/thumb/v6-m/libg_nano.a(lib_a-locale.o) (__ascii_wctomb)
/home/opt/arm-toolchains/gcc-arm-none-eabi-7-2018-q2-update/bin/../lib/gcc/arm-none-eabi/7.3.1/../../../../arm-none-eabi/lib/thumb/v6-m/libg_nano.a(lib_a-ctype_.o)
                              /home/opt/arm-toolchains/gcc-arm-none-eabi-7-2018-q2-update/bin/../lib/gcc/arm-none-eabi/7.3.1/../../../../arm-none-eabi/lib/thumb/v6-m/libg_nano.a(lib_a-locale.o) (_ctype_)
/home/opt/arm-toolchains/gcc-arm-none-eabi-7-2018-q2-update/bin/../lib/gcc/arm-none-eabi/7.3.1/../../../../arm-none-eabi/lib/thumb/v6-m/libg_nano.a(lib_a-mlock.o)
                              /home/opt/arm-toolchains/gcc-arm-none-eabi-7-2018-q2-update/bin/../lib/gcc/arm-none-eabi/7.3.1/../../../../arm-none-eabi/lib/thumb/v6-m/libg_nano.a(lib_a-nano-freer.o) (__malloc_lock)
/home/opt/arm-toolchains/gcc-arm-none-eabi-7-2018-q2-update/bin/../lib/gcc/arm-none-eabi/7.3.1/thumb/v6-m/libgcc.a(_udivsi3.o)
                              /tmp/ccMNRXtp.ltrans0.ltrans.o (__aeabi_uidiv)
/home/opt/arm-toolchains/gcc-arm-none-eabi-7-2018-q2-update/bin/../lib/gcc/arm-none-eabi/7.3.1/thumb/v6-m/libgcc.a(_divsi3.o)
                              /tmp/ccMNRXtp.ltrans0.ltrans.o (__aeabi_idiv)
/home/opt/arm-toolchains/gcc-arm-none-eabi-7-2018-q2-update/bin/../lib/gcc/arm-none-eabi/7.3.1/thumb/v6-m/libgcc.a(_dvmd_tls.o)
                              /home/opt/arm-toolchains/gcc-arm-none-eabi-7-2018-q2-update/bin/../lib/gcc/arm-none-eabi/7.3.1/thumb/v6-m/libgcc.a(_udivsi3.o) (__aeabi_idiv0)
/home/opt/arm-toolchains/gcc-arm-none-eabi-7-2018-q2-update/bin/../lib/gcc/arm-none-eabi/7.3.1/../../../../arm-none-eabi/lib/thumb/v6-m/libg_nano.a(lib_a-memset.o)
                              /tmp/ccMNRXtp.ltrans0.ltrans.o (memset)

Allocating common symbols
Common symbol       size              file

errno               0x4               /tmp/ccMNRXtp.ltrans0.ltrans.o

Discarded input sections

 .text          0x0000000000000000        0x0 /tmp/ccMNRXtp.ltrans0.ltrans.o
 .data          0x0000000000000000        0x0 /tmp/ccMNRXtp.ltrans0.ltrans.o
 .bss           0x0000000000000000        0x0 /tmp/ccMNRXtp.ltrans0.ltrans.o
 .text.AsciiBcdToValue
                0x0000000000000000       0x70 /tmp/ccMNRXtp.ltrans0.ltrans.o
 .text.AsciiBcd2toByte
                0x0000000000000000       0x70 /tmp/ccMNRXtp.ltrans0.ltrans.o
 .text._ZN11FrameBuffer10cursorLeftEv
                0x0000000000000000       0x30 /tmp/ccMNRXtp.ltrans0.ltrans.o
 .text._ZN11FrameBuffer10cursorLeftEm
                0x0000000000000000       0x2a /tmp/ccMNRXtp.ltrans0.ltrans.o
 .text._ZN3I2C15masterReadStartEm
                0x0000000000000000       0xc8 /tmp/ccMNRXtp.ltrans0.ltrans.o
 .text._ZN3I2C8irqErrorEv
                0x0000000000000000       0x30 /tmp/ccMNRXtp.ltrans0.ltrans.o
 .text.FLASH_ClearFlag
                0x0000000000000000       0x34 /tmp/ccMNRXtp.ltrans0.ltrans.o
 .text.FLASH_GetFlagStatus
                0x0000000000000000       0x64 /tmp/ccMNRXtp.ltrans0.ltrans.o
 .text.FLASH_ITConfig
                0x0000000000000000       0x78 /tmp/ccMNRXtp.ltrans0.ltrans.o
 .text.FLASH_OB_GetRDP
                0x0000000000000000       0x38 /tmp/ccMNRXtp.ltrans0.ltrans.o
 .text.FLASH_OB_GetWRP
                0x0000000000000000       0x14 /tmp/ccMNRXtp.ltrans0.ltrans.o
 .text.FLASH_OB_GetUser
                0x0000000000000000       0x18 /tmp/ccMNRXtp.ltrans0.ltrans.o
 .text.FLASH_OB_ProgramData
                0x0000000000000000       0xa4 /tmp/ccMNRXtp.ltrans0.ltrans.o
 .text.FLASH_OB_WriteUser
                0x0000000000000000       0x80 /tmp/ccMNRXtp.ltrans0.ltrans.o
 .text.FLASH_OB_SRAMParityConfig
                0x0000000000000000       0xa4 /tmp/ccMNRXtp.ltrans0.ltrans.o
 .text.FLASH_OB_VDDAConfig
                0x0000000000000000       0xa4 /tmp/ccMNRXtp.ltrans0.ltrans.o
 .text.FLASH_OB_BOOT0SWConfig
                0x0000000000000000       0xa4 /tmp/ccMNRXtp.ltrans0.ltrans.o
 .text.FLASH_OB_BOOT0Config
                0x0000000000000000       0xa4 /tmp/ccMNRXtp.ltrans0.ltrans.o
 .text.FLASH_OB_BOOTConfig
                0x0000000000000000       0xa4 /tmp/ccMNRXtp.ltrans0.ltrans.o
 .text.FLASH_OB_UserConfig
                0x0000000000000000      0x100 /tmp/ccMNRXtp.ltrans0.ltrans.o
 .text.FLASH_OB_RDPConfig
                0x0000000000000000       0xf8 /tmp/ccMNRXtp.ltrans0.ltrans.o
 .text.FLASH_OB_EnableWRP
                0x0000000000000000      0x100 /tmp/ccMNRXtp.ltrans0.ltrans.o
 .text.FLASH_OB_Erase
                0x0000000000000000       0xdc /tmp/ccMNRXtp.ltrans0.ltrans.o
 .text.FLASH_OB_Launch
                0x0000000000000000       0x1c /tmp/ccMNRXtp.ltrans0.ltrans.o
 .text.FLASH_OB_Lock
                0x0000000000000000       0x1c /tmp/ccMNRXtp.ltrans0.ltrans.o
 .text.FLASH_OB_Unlock
                0x0000000000000000       0x2c /tmp/ccMNRXtp.ltrans0.ltrans.o
 .text.FLASH_ProgramWord
                0x0000000000000000       0xd0 /tmp/ccMNRXtp.ltrans0.ltrans.o
 .text.FLASH_EraseAllPages
                0x0000000000000000       0x68 /tmp/ccMNRXtp.ltrans0.ltrans.o
 .text.FLASH_GetPrefetchBufferStatus
                0x0000000000000000       0x34 /tmp/ccMNRXtp.ltrans0.ltrans.o
 .text.FLASH_PrefetchBufferCmd
                0x0000000000000000       0x54 /tmp/ccMNRXtp.ltrans0.ltrans.o
 .text.FLASH_SetLatency
                0x0000000000000000       0x4c /tmp/ccMNRXtp.ltrans0.ltrans.o
 .text.power10  0x0000000000000000       0x38 /tmp/ccMNRXtp.ltrans0.ltrans.o
 .text.my_btoa  0x0000000000000000       0x5e /tmp/ccMNRXtp.ltrans0.ltrans.o
 .text.my_htoa  0x0000000000000000       0x82 /tmp/ccMNRXtp.ltrans0.ltrans.o
 .text.my_itoa  0x0000000000000000      0x14e /tmp/ccMNRXtp.ltrans0.ltrans.o
 .text._ZN9QuickTask22delayMsWithActiveTasksEm
                0x0000000000000000       0x34 /tmp/ccMNRXtp.ltrans0.ltrans.o
 .text._ZN4Fifo6isFullEv
                0x0000000000000000       0x4c /tmp/ccMNRXtp.ltrans0.ltrans.o
 .text._ZN4Fifo9getUInt16Ev
                0x0000000000000000       0x64 /tmp/ccMNRXtp.ltrans0.ltrans.o
 .text._ZN4Fifo9getUInt32EPb
                0x0000000000000000       0x5a /tmp/ccMNRXtp.ltrans0.ltrans.o
 .text._ZN4Fifo18getByteAs2HexAsciiEv
                0x0000000000000000       0x6c /tmp/ccMNRXtp.ltrans0.ltrans.o
 .text._ZN4Fifo20get2BytesAs4HexAsciiEv
                0x0000000000000000       0x60 /tmp/ccMNRXtp.ltrans0.ltrans.o
 .text._ZN4Fifo5cloneEPS_
                0x0000000000000000       0x7e /tmp/ccMNRXtp.ltrans0.ltrans.o
 .text._ZN4Fifo9putUint16Et
                0x0000000000000000       0x5e /tmp/ccMNRXtp.ltrans0.ltrans.o
 .text._ZN4Fifo9putUint32Em
                0x0000000000000000       0x56 /tmp/ccMNRXtp.ltrans0.ltrans.o
 .text._ZN4Fifo9putStringEPKcm
                0x0000000000000000       0x70 /tmp/ccMNRXtp.ltrans0.ltrans.o
 .text._ZN4Fifo9putStringEPKc
                0x0000000000000000       0x58 /tmp/ccMNRXtp.ltrans0.ltrans.o
 .text._ZN9ST7032iFB8sendDataEh
                0x0000000000000000       0x26 /tmp/ccMNRXtp.ltrans0.ltrans.o
 .text._ZN4Fifo18putByteAs2AsciiBCDEh
                0x0000000000000000       0xce /tmp/ccMNRXtp.ltrans0.ltrans.o
 .text._ZN4Fifo20put2BytesAs4AsciiBCDEt
                0x0000000000000000       0x3a /tmp/ccMNRXtp.ltrans0.ltrans.o
 .text._ZN6Pomiar7initDmaEv
                0x0000000000000000       0x64 /tmp/ccMNRXtp.ltrans0.ltrans.o
 .text._ZN6Pomiar7initADCEv
                0x0000000000000000      0x150 /tmp/ccMNRXtp.ltrans0.ltrans.o
 .text._ZN6Pomiar12initAdcGpiosEv
                0x0000000000000000       0x60 /tmp/ccMNRXtp.ltrans0.ltrans.o
 .text._ZN6Pomiar5setupEPNS_6AdcDefE
                0x0000000000000000       0x1a /tmp/ccMNRXtp.ltrans0.ltrans.o
 .text._ZN6Pomiar12getOutput_mVEt
                0x0000000000000000       0x3c /tmp/ccMNRXtp.ltrans0.ltrans.o
 .text._ZN6Pomiar13getCurrent_mAEt
                0x0000000000000000       0x3c /tmp/ccMNRXtp.ltrans0.ltrans.o
 .text._ZN6Pomiar13getBattery_mVEt
                0x0000000000000000       0x3c /tmp/ccMNRXtp.ltrans0.ltrans.o
 .text._ZN4Menu12printPatternEPKcm
                0x0000000000000000       0xb0 /tmp/ccMNRXtp.ltrans0.ltrans.o
 .text._ZN8Hardware21delayMsWithBackgroundEm
                0x0000000000000000       0x16 /tmp/ccMNRXtp.ltrans0.ltrans.o
 .text._ZN9ST7032iFB7delayMsEm
                0x0000000000000000       0x18 /tmp/ccMNRXtp.ltrans0.ltrans.o
 .text.kill     0x0000000000000000       0x20 /tmp/ccMNRXtp.ltrans0.ltrans.o
 .text.raise    0x0000000000000000       0x1e /tmp/ccMNRXtp.ltrans0.ltrans.o
 .text._sbrk    0x0000000000000000       0x68 /tmp/ccMNRXtp.ltrans0.ltrans.o
 .rodata.__assert_func.str1.4
                0x0000000000000000       0x43 /tmp/ccMNRXtp.ltrans0.ltrans.o
 .text.__assert_func
                0x0000000000000000       0x1c /tmp/ccMNRXtp.ltrans0.ltrans.o
 .text._ZN9__gnu_cxx27__verbose_terminate_handlerEv
                0x0000000000000000       0x14 /tmp/ccMNRXtp.ltrans0.ltrans.o
 .rodata._ZZN9__gnu_cxx27__verbose_terminate_handlerEvE8__func__
                0x0000000000000000       0x1c /tmp/ccMNRXtp.ltrans0.ltrans.o
 .bss.current_heap_end.3961
                0x0000000000000000        0x4 /tmp/ccMNRXtp.ltrans0.ltrans.o
 .rodata._ZN6Pomiar7adcDefsE
                0x0000000000000000       0x40 /tmp/ccMNRXtp.ltrans0.ltrans.o
 .bss._ZZN3I2C8irqErrorEvE3err
                0x0000000000000000        0x4 /tmp/ccMNRXtp.ltrans0.ltrans.o
 .bss.__dso_handle
                0x0000000000000000        0x4 /tmp/ccMNRXtp.ltrans0.ltrans.o
 .data._ZN6Pomiar12TS_CAL1_30oCE
                0x0000000000000000        0x4 /tmp/ccMNRXtp.ltrans0.ltrans.o
 .data._ZN6Pomiar13TS_CAL2_110oCE
                0x0000000000000000        0x4 /tmp/ccMNRXtp.ltrans0.ltrans.o
 .rodata._ZL11I2C_FOR_LCD
                0x0000000000000000        0x4 /tmp/ccMNRXtp.ltrans0.ltrans.o
 .rodata._ZL15SOTWARE_VERSION.lto_priv.12
                0x0000000000000000        0x2 /tmp/ccMNRXtp.ltrans0.ltrans.o
 .rodata._ZL15SOTWARE_VERSION.lto_priv.13
                0x0000000000000000        0x2 /tmp/ccMNRXtp.ltrans0.ltrans.o
 .rodata._ZL15SOTWARE_VERSION.lto_priv.14
                0x0000000000000000        0x2 /tmp/ccMNRXtp.ltrans0.ltrans.o
 .rodata._ZL15SOTWARE_VERSION.lto_priv.15
                0x0000000000000000        0x2 /tmp/ccMNRXtp.ltrans0.ltrans.o
 .rodata._ZL22MAX_OPOZN_ZAMK_POZ_sek.lto_priv.10
                0x0000000000000000        0x2 /tmp/ccMNRXtp.ltrans0.ltrans.o
 .rodata._ZL22MAX_OPOZN_ZAMK_POZ_sek.lto_priv.11
                0x0000000000000000        0x2 /tmp/ccMNRXtp.ltrans0.ltrans.o
 .rodata._ZL22MAX_OPOZN_ZAMK_POZ_sek.lto_priv.8
                0x0000000000000000        0x2 /tmp/ccMNRXtp.ltrans0.ltrans.o
 .rodata._ZL22MAX_OPOZN_ZAMK_POZ_sek.lto_priv.9
                0x0000000000000000        0x2 /tmp/ccMNRXtp.ltrans0.ltrans.o
 COMMON         0x0000000000000000        0x4 /tmp/ccMNRXtp.ltrans0.ltrans.o
 .text          0x0000000000000000        0x0 /home/opt/arm-toolchains/gcc-arm-none-eabi-7-2018-q2-update/bin/../lib/gcc/arm-none-eabi/7.3.1/../../../../arm-none-eabi/lib/thumb/v6-m/libstdc++_nano.a(del_ops.o)
 .data          0x0000000000000000        0x0 /home/opt/arm-toolchains/gcc-arm-none-eabi-7-2018-q2-update/bin/../lib/gcc/arm-none-eabi/7.3.1/../../../../arm-none-eabi/lib/thumb/v6-m/libstdc++_nano.a(del_ops.o)
 .bss           0x0000000000000000        0x0 /home/opt/arm-toolchains/gcc-arm-none-eabi-7-2018-q2-update/bin/../lib/gcc/arm-none-eabi/7.3.1/../../../../arm-none-eabi/lib/thumb/v6-m/libstdc++_nano.a(del_ops.o)
 .text          0x0000000000000000        0x0 /home/opt/arm-toolchains/gcc-arm-none-eabi-7-2018-q2-update/bin/../lib/gcc/arm-none-eabi/7.3.1/../../../../arm-none-eabi/lib/thumb/v6-m/libstdc++_nano.a(del_op.o)
 .data          0x0000000000000000        0x0 /home/opt/arm-toolchains/gcc-arm-none-eabi-7-2018-q2-update/bin/../lib/gcc/arm-none-eabi/7.3.1/../../../../arm-none-eabi/lib/thumb/v6-m/libstdc++_nano.a(del_op.o)
 .bss           0x0000000000000000        0x0 /home/opt/arm-toolchains/gcc-arm-none-eabi-7-2018-q2-update/bin/../lib/gcc/arm-none-eabi/7.3.1/../../../../arm-none-eabi/lib/thumb/v6-m/libstdc++_nano.a(del_op.o)
 .text          0x0000000000000000        0x0 /home/opt/arm-toolchains/gcc-arm-none-eabi-7-2018-q2-update/bin/../lib/gcc/arm-none-eabi/7.3.1/../../../../arm-none-eabi/lib/thumb/v6-m/libg_nano.a(lib_a-errno.o)
 .data          0x0000000000000000        0x0 /home/opt/arm-toolchains/gcc-arm-none-eabi-7-2018-q2-update/bin/../lib/gcc/arm-none-eabi/7.3.1/../../../../arm-none-eabi/lib/thumb/v6-m/libg_nano.a(lib_a-errno.o)
 .bss           0x0000000000000000        0x0 /home/opt/arm-toolchains/gcc-arm-none-eabi-7-2018-q2-update/bin/../lib/gcc/arm-none-eabi/7.3.1/../../../../arm-none-eabi/lib/thumb/v6-m/libg_nano.a(lib_a-errno.o)
 .text.__errno  0x0000000000000000        0xc /home/opt/arm-toolchains/gcc-arm-none-eabi-7-2018-q2-update/bin/../lib/gcc/arm-none-eabi/7.3.1/../../../../arm-none-eabi/lib/thumb/v6-m/libg_nano.a(lib_a-errno.o)
 .debug_frame   0x0000000000000000       0x20 /home/opt/arm-toolchains/gcc-arm-none-eabi-7-2018-q2-update/bin/../lib/gcc/arm-none-eabi/7.3.1/../../../../arm-none-eabi/lib/thumb/v6-m/libg_nano.a(lib_a-errno.o)
 .ARM.attributes
                0x0000000000000000       0x2c /home/opt/arm-toolchains/gcc-arm-none-eabi-7-2018-q2-update/bin/../lib/gcc/arm-none-eabi/7.3.1/../../../../arm-none-eabi/lib/thumb/v6-m/libg_nano.a(lib_a-errno.o)
 .text          0x0000000000000000        0x0 /home/opt/arm-toolchains/gcc-arm-none-eabi-7-2018-q2-update/bin/../lib/gcc/arm-none-eabi/7.3.1/../../../../arm-none-eabi/lib/thumb/v6-m/libg_nano.a(lib_a-impure.o)
 .data          0x0000000000000000        0x0 /home/opt/arm-toolchains/gcc-arm-none-eabi-7-2018-q2-update/bin/../lib/gcc/arm-none-eabi/7.3.1/../../../../arm-none-eabi/lib/thumb/v6-m/libg_nano.a(lib_a-impure.o)
 .bss           0x0000000000000000        0x0 /home/opt/arm-toolchains/gcc-arm-none-eabi-7-2018-q2-update/bin/../lib/gcc/arm-none-eabi/7.3.1/../../../../arm-none-eabi/lib/thumb/v6-m/libg_nano.a(lib_a-impure.o)
 .rodata._global_impure_ptr
                0x0000000000000000        0x4 /home/opt/arm-toolchains/gcc-arm-none-eabi-7-2018-q2-update/bin/../lib/gcc/arm-none-eabi/7.3.1/../../../../arm-none-eabi/lib/thumb/v6-m/libg_nano.a(lib_a-impure.o)
 .text          0x0000000000000000        0x0 /home/opt/arm-toolchains/gcc-arm-none-eabi-7-2018-q2-update/bin/../lib/gcc/arm-none-eabi/7.3.1/../../../../arm-none-eabi/lib/thumb/v6-m/libg_nano.a(lib_a-isdigit.o)
 .data          0x0000000000000000        0x0 /home/opt/arm-toolchains/gcc-arm-none-eabi-7-2018-q2-update/bin/../lib/gcc/arm-none-eabi/7.3.1/../../../../arm-none-eabi/lib/thumb/v6-m/libg_nano.a(lib_a-isdigit.o)
 .bss           0x0000000000000000        0x0 /home/opt/arm-toolchains/gcc-arm-none-eabi-7-2018-q2-update/bin/../lib/gcc/arm-none-eabi/7.3.1/../../../../arm-none-eabi/lib/thumb/v6-m/libg_nano.a(lib_a-isdigit.o)
 .text.isdigit  0x0000000000000000       0x12 /home/opt/arm-toolchains/gcc-arm-none-eabi-7-2018-q2-update/bin/../lib/gcc/arm-none-eabi/7.3.1/../../../../arm-none-eabi/lib/thumb/v6-m/libg_nano.a(lib_a-isdigit.o)
 .debug_frame   0x0000000000000000       0x28 /home/opt/arm-toolchains/gcc-arm-none-eabi-7-2018-q2-update/bin/../lib/gcc/arm-none-eabi/7.3.1/../../../../arm-none-eabi/lib/thumb/v6-m/libg_nano.a(lib_a-isdigit.o)
 .ARM.attributes
                0x0000000000000000       0x2c /home/opt/arm-toolchains/gcc-arm-none-eabi-7-2018-q2-update/bin/../lib/gcc/arm-none-eabi/7.3.1/../../../../arm-none-eabi/lib/thumb/v6-m/libg_nano.a(lib_a-isdigit.o)
 .text          0x0000000000000000        0x0 /home/opt/arm-toolchains/gcc-arm-none-eabi-7-2018-q2-update/bin/../lib/gcc/arm-none-eabi/7.3.1/../../../../arm-none-eabi/lib/thumb/v6-m/libg_nano.a(lib_a-locale.o)
 .data          0x0000000000000000        0x0 /home/opt/arm-toolchains/gcc-arm-none-eabi-7-2018-q2-update/bin/../lib/gcc/arm-none-eabi/7.3.1/../../../../arm-none-eabi/lib/thumb/v6-m/libg_nano.a(lib_a-locale.o)
 .bss           0x0000000000000000        0x0 /home/opt/arm-toolchains/gcc-arm-none-eabi-7-2018-q2-update/bin/../lib/gcc/arm-none-eabi/7.3.1/../../../../arm-none-eabi/lib/thumb/v6-m/libg_nano.a(lib_a-locale.o)
 .text._setlocale_r
                0x0000000000000000       0x40 /home/opt/arm-toolchains/gcc-arm-none-eabi-7-2018-q2-update/bin/../lib/gcc/arm-none-eabi/7.3.1/../../../../arm-none-eabi/lib/thumb/v6-m/libg_nano.a(lib_a-locale.o)
 .text.__locale_mb_cur_max
                0x0000000000000000       0x1c /home/opt/arm-toolchains/gcc-arm-none-eabi-7-2018-q2-update/bin/../lib/gcc/arm-none-eabi/7.3.1/../../../../arm-none-eabi/lib/thumb/v6-m/libg_nano.a(lib_a-locale.o)
 .text.__locale_ctype_ptr_l
                0x0000000000000000        0x6 /home/opt/arm-toolchains/gcc-arm-none-eabi-7-2018-q2-update/bin/../lib/gcc/arm-none-eabi/7.3.1/../../../../arm-none-eabi/lib/thumb/v6-m/libg_nano.a(lib_a-locale.o)
 .text.__locale_ctype_ptr
                0x0000000000000000       0x1c /home/opt/arm-toolchains/gcc-arm-none-eabi-7-2018-q2-update/bin/../lib/gcc/arm-none-eabi/7.3.1/../../../../arm-none-eabi/lib/thumb/v6-m/libg_nano.a(lib_a-locale.o)
 .text.setlocale
                0x0000000000000000       0x14 /home/opt/arm-toolchains/gcc-arm-none-eabi-7-2018-q2-update/bin/../lib/gcc/arm-none-eabi/7.3.1/../../../../arm-none-eabi/lib/thumb/v6-m/libg_nano.a(lib_a-locale.o)
 .bss._PathLocale
                0x0000000000000000        0x4 /home/opt/arm-toolchains/gcc-arm-none-eabi-7-2018-q2-update/bin/../lib/gcc/arm-none-eabi/7.3.1/../../../../arm-none-eabi/lib/thumb/v6-m/libg_nano.a(lib_a-locale.o)
 .data.__global_locale
                0x0000000000000000      0x16c /home/opt/arm-toolchains/gcc-arm-none-eabi-7-2018-q2-update/bin/../lib/gcc/arm-none-eabi/7.3.1/../../../../arm-none-eabi/lib/thumb/v6-m/libg_nano.a(lib_a-locale.o)
 .rodata._setlocale_r.str1.1
                0x0000000000000000        0x9 /home/opt/arm-toolchains/gcc-arm-none-eabi-7-2018-q2-update/bin/../lib/gcc/arm-none-eabi/7.3.1/../../../../arm-none-eabi/lib/thumb/v6-m/libg_nano.a(lib_a-locale.o)
 .rodata.str1.1
                0x0000000000000000        0x2 /home/opt/arm-toolchains/gcc-arm-none-eabi-7-2018-q2-update/bin/../lib/gcc/arm-none-eabi/7.3.1/../../../../arm-none-eabi/lib/thumb/v6-m/libg_nano.a(lib_a-locale.o)
 .debug_frame   0x0000000000000000       0x74 /home/opt/arm-toolchains/gcc-arm-none-eabi-7-2018-q2-update/bin/../lib/gcc/arm-none-eabi/7.3.1/../../../../arm-none-eabi/lib/thumb/v6-m/libg_nano.a(lib_a-locale.o)
 .ARM.attributes
                0x0000000000000000       0x2c /home/opt/arm-toolchains/gcc-arm-none-eabi-7-2018-q2-update/bin/../lib/gcc/arm-none-eabi/7.3.1/../../../../arm-none-eabi/lib/thumb/v6-m/libg_nano.a(lib_a-locale.o)
 .text          0x0000000000000000        0x0 /home/opt/arm-toolchains/gcc-arm-none-eabi-7-2018-q2-update/bin/../lib/gcc/arm-none-eabi/7.3.1/../../../../arm-none-eabi/lib/thumb/v6-m/libg_nano.a(lib_a-malloc.o)
 .data          0x0000000000000000        0x0 /home/opt/arm-toolchains/gcc-arm-none-eabi-7-2018-q2-update/bin/../lib/gcc/arm-none-eabi/7.3.1/../../../../arm-none-eabi/lib/thumb/v6-m/libg_nano.a(lib_a-malloc.o)
 .bss           0x0000000000000000        0x0 /home/opt/arm-toolchains/gcc-arm-none-eabi-7-2018-q2-update/bin/../lib/gcc/arm-none-eabi/7.3.1/../../../../arm-none-eabi/lib/thumb/v6-m/libg_nano.a(lib_a-malloc.o)
 .text.malloc   0x0000000000000000       0x14 /home/opt/arm-toolchains/gcc-arm-none-eabi-7-2018-q2-update/bin/../lib/gcc/arm-none-eabi/7.3.1/../../../../arm-none-eabi/lib/thumb/v6-m/libg_nano.a(lib_a-malloc.o)
 .text          0x0000000000000000        0x0 /home/opt/arm-toolchains/gcc-arm-none-eabi-7-2018-q2-update/bin/../lib/gcc/arm-none-eabi/7.3.1/../../../../arm-none-eabi/lib/thumb/v6-m/libg_nano.a(lib_a-mbtowc_r.o)
 .data          0x0000000000000000        0x0 /home/opt/arm-toolchains/gcc-arm-none-eabi-7-2018-q2-update/bin/../lib/gcc/arm-none-eabi/7.3.1/../../../../arm-none-eabi/lib/thumb/v6-m/libg_nano.a(lib_a-mbtowc_r.o)
 .bss           0x0000000000000000        0x0 /home/opt/arm-toolchains/gcc-arm-none-eabi-7-2018-q2-update/bin/../lib/gcc/arm-none-eabi/7.3.1/../../../../arm-none-eabi/lib/thumb/v6-m/libg_nano.a(lib_a-mbtowc_r.o)
 .text._mbtowc_r
                0x0000000000000000       0x24 /home/opt/arm-toolchains/gcc-arm-none-eabi-7-2018-q2-update/bin/../lib/gcc/arm-none-eabi/7.3.1/../../../../arm-none-eabi/lib/thumb/v6-m/libg_nano.a(lib_a-mbtowc_r.o)
 .text.__ascii_mbtowc
                0x0000000000000000       0x24 /home/opt/arm-toolchains/gcc-arm-none-eabi-7-2018-q2-update/bin/../lib/gcc/arm-none-eabi/7.3.1/../../../../arm-none-eabi/lib/thumb/v6-m/libg_nano.a(lib_a-mbtowc_r.o)
 .debug_frame   0x0000000000000000       0x44 /home/opt/arm-toolchains/gcc-arm-none-eabi-7-2018-q2-update/bin/../lib/gcc/arm-none-eabi/7.3.1/../../../../arm-none-eabi/lib/thumb/v6-m/libg_nano.a(lib_a-mbtowc_r.o)
 .ARM.attributes
                0x0000000000000000       0x2c /home/opt/arm-toolchains/gcc-arm-none-eabi-7-2018-q2-update/bin/../lib/gcc/arm-none-eabi/7.3.1/../../../../arm-none-eabi/lib/thumb/v6-m/libg_nano.a(lib_a-mbtowc_r.o)
 .text          0x0000000000000000        0x0 /home/opt/arm-toolchains/gcc-arm-none-eabi-7-2018-q2-update/bin/../lib/gcc/arm-none-eabi/7.3.1/../../../../arm-none-eabi/lib/thumb/v6-m/libg_nano.a(lib_a-nano-freer.o)
 .data          0x0000000000000000        0x0 /home/opt/arm-toolchains/gcc-arm-none-eabi-7-2018-q2-update/bin/../lib/gcc/arm-none-eabi/7.3.1/../../../../arm-none-eabi/lib/thumb/v6-m/libg_nano.a(lib_a-nano-freer.o)
 .bss           0x0000000000000000        0x0 /home/opt/arm-toolchains/gcc-arm-none-eabi-7-2018-q2-update/bin/../lib/gcc/arm-none-eabi/7.3.1/../../../../arm-none-eabi/lib/thumb/v6-m/libg_nano.a(lib_a-nano-freer.o)
 .text          0x0000000000000000        0x0 /home/opt/arm-toolchains/gcc-arm-none-eabi-7-2018-q2-update/bin/../lib/gcc/arm-none-eabi/7.3.1/../../../../arm-none-eabi/lib/thumb/v6-m/libg_nano.a(lib_a-nano-mallocr.o)
 .data          0x0000000000000000        0x0 /home/opt/arm-toolchains/gcc-arm-none-eabi-7-2018-q2-update/bin/../lib/gcc/arm-none-eabi/7.3.1/../../../../arm-none-eabi/lib/thumb/v6-m/libg_nano.a(lib_a-nano-mallocr.o)
 .bss           0x0000000000000000        0x0 /home/opt/arm-toolchains/gcc-arm-none-eabi-7-2018-q2-update/bin/../lib/gcc/arm-none-eabi/7.3.1/../../../../arm-none-eabi/lib/thumb/v6-m/libg_nano.a(lib_a-nano-mallocr.o)
 .text._malloc_r
                0x0000000000000000       0xbc /home/opt/arm-toolchains/gcc-arm-none-eabi-7-2018-q2-update/bin/../lib/gcc/arm-none-eabi/7.3.1/../../../../arm-none-eabi/lib/thumb/v6-m/libg_nano.a(lib_a-nano-mallocr.o)
 .bss.__malloc_sbrk_start
                0x0000000000000000        0x4 /home/opt/arm-toolchains/gcc-arm-none-eabi-7-2018-q2-update/bin/../lib/gcc/arm-none-eabi/7.3.1/../../../../arm-none-eabi/lib/thumb/v6-m/libg_nano.a(lib_a-nano-mallocr.o)
 .text          0x0000000000000000        0x0 /home/opt/arm-toolchains/gcc-arm-none-eabi-7-2018-q2-update/bin/../lib/gcc/arm-none-eabi/7.3.1/../../../../arm-none-eabi/lib/thumb/v6-m/libg_nano.a(lib_a-sbrkr.o)
 .data          0x0000000000000000        0x0 /home/opt/arm-toolchains/gcc-arm-none-eabi-7-2018-q2-update/bin/../lib/gcc/arm-none-eabi/7.3.1/../../../../arm-none-eabi/lib/thumb/v6-m/libg_nano.a(lib_a-sbrkr.o)
 .bss           0x0000000000000000        0x0 /home/opt/arm-toolchains/gcc-arm-none-eabi-7-2018-q2-update/bin/../lib/gcc/arm-none-eabi/7.3.1/../../../../arm-none-eabi/lib/thumb/v6-m/libg_nano.a(lib_a-sbrkr.o)
 .text._sbrk_r  0x0000000000000000       0x24 /home/opt/arm-toolchains/gcc-arm-none-eabi-7-2018-q2-update/bin/../lib/gcc/arm-none-eabi/7.3.1/../../../../arm-none-eabi/lib/thumb/v6-m/libg_nano.a(lib_a-sbrkr.o)
 .debug_frame   0x0000000000000000       0x2c /home/opt/arm-toolchains/gcc-arm-none-eabi-7-2018-q2-update/bin/../lib/gcc/arm-none-eabi/7.3.1/../../../../arm-none-eabi/lib/thumb/v6-m/libg_nano.a(lib_a-sbrkr.o)
 .ARM.attributes
                0x0000000000000000       0x2c /home/opt/arm-toolchains/gcc-arm-none-eabi-7-2018-q2-update/bin/../lib/gcc/arm-none-eabi/7.3.1/../../../../arm-none-eabi/lib/thumb/v6-m/libg_nano.a(lib_a-sbrkr.o)
 .text          0x0000000000000000       0x14 /home/opt/arm-toolchains/gcc-arm-none-eabi-7-2018-q2-update/bin/../lib/gcc/arm-none-eabi/7.3.1/../../../../arm-none-eabi/lib/thumb/v6-m/libg_nano.a(lib_a-strcmp.o)
 .data          0x0000000000000000        0x0 /home/opt/arm-toolchains/gcc-arm-none-eabi-7-2018-q2-update/bin/../lib/gcc/arm-none-eabi/7.3.1/../../../../arm-none-eabi/lib/thumb/v6-m/libg_nano.a(lib_a-strcmp.o)
 .bss           0x0000000000000000        0x0 /home/opt/arm-toolchains/gcc-arm-none-eabi-7-2018-q2-update/bin/../lib/gcc/arm-none-eabi/7.3.1/../../../../arm-none-eabi/lib/thumb/v6-m/libg_nano.a(lib_a-strcmp.o)
 .debug_frame   0x0000000000000000       0x20 /home/opt/arm-toolchains/gcc-arm-none-eabi-7-2018-q2-update/bin/../lib/gcc/arm-none-eabi/7.3.1/../../../../arm-none-eabi/lib/thumb/v6-m/libg_nano.a(lib_a-strcmp.o)
 .ARM.attributes
                0x0000000000000000       0x1c /home/opt/arm-toolchains/gcc-arm-none-eabi-7-2018-q2-update/bin/../lib/gcc/arm-none-eabi/7.3.1/../../../../arm-none-eabi/lib/thumb/v6-m/libg_nano.a(lib_a-strcmp.o)
 .data          0x0000000000000000        0x0 /home/opt/arm-toolchains/gcc-arm-none-eabi-7-2018-q2-update/bin/../lib/gcc/arm-none-eabi/7.3.1/../../../../arm-none-eabi/lib/thumb/v6-m/libg_nano.a(lib_a-strlen.o)
 .bss           0x0000000000000000        0x0 /home/opt/arm-toolchains/gcc-arm-none-eabi-7-2018-q2-update/bin/../lib/gcc/arm-none-eabi/7.3.1/../../../../arm-none-eabi/lib/thumb/v6-m/libg_nano.a(lib_a-strlen.o)
 .text          0x0000000000000000        0x0 /home/opt/arm-toolchains/gcc-arm-none-eabi-7-2018-q2-update/bin/../lib/gcc/arm-none-eabi/7.3.1/../../../../arm-none-eabi/lib/thumb/v6-m/libg_nano.a(lib_a-wctomb_r.o)
 .data          0x0000000000000000        0x0 /home/opt/arm-toolchains/gcc-arm-none-eabi-7-2018-q2-update/bin/../lib/gcc/arm-none-eabi/7.3.1/../../../../arm-none-eabi/lib/thumb/v6-m/libg_nano.a(lib_a-wctomb_r.o)
 .bss           0x0000000000000000        0x0 /home/opt/arm-toolchains/gcc-arm-none-eabi-7-2018-q2-update/bin/../lib/gcc/arm-none-eabi/7.3.1/../../../../arm-none-eabi/lib/thumb/v6-m/libg_nano.a(lib_a-wctomb_r.o)
 .text._wctomb_r
                0x0000000000000000       0x20 /home/opt/arm-toolchains/gcc-arm-none-eabi-7-2018-q2-update/bin/../lib/gcc/arm-none-eabi/7.3.1/../../../../arm-none-eabi/lib/thumb/v6-m/libg_nano.a(lib_a-wctomb_r.o)
 .text.__ascii_wctomb
                0x0000000000000000       0x18 /home/opt/arm-toolchains/gcc-arm-none-eabi-7-2018-q2-update/bin/../lib/gcc/arm-none-eabi/7.3.1/../../../../arm-none-eabi/lib/thumb/v6-m/libg_nano.a(lib_a-wctomb_r.o)
 .debug_frame   0x0000000000000000       0x38 /home/opt/arm-toolchains/gcc-arm-none-eabi-7-2018-q2-update/bin/../lib/gcc/arm-none-eabi/7.3.1/../../../../arm-none-eabi/lib/thumb/v6-m/libg_nano.a(lib_a-wctomb_r.o)
 .ARM.attributes
                0x0000000000000000       0x2c /home/opt/arm-toolchains/gcc-arm-none-eabi-7-2018-q2-update/bin/../lib/gcc/arm-none-eabi/7.3.1/../../../../arm-none-eabi/lib/thumb/v6-m/libg_nano.a(lib_a-wctomb_r.o)
 .text          0x0000000000000000        0x0 /home/opt/arm-toolchains/gcc-arm-none-eabi-7-2018-q2-update/bin/../lib/gcc/arm-none-eabi/7.3.1/../../../../arm-none-eabi/lib/thumb/v6-m/libg_nano.a(lib_a-ctype_.o)
 .data          0x0000000000000000        0x0 /home/opt/arm-toolchains/gcc-arm-none-eabi-7-2018-q2-update/bin/../lib/gcc/arm-none-eabi/7.3.1/../../../../arm-none-eabi/lib/thumb/v6-m/libg_nano.a(lib_a-ctype_.o)
 .bss           0x0000000000000000        0x0 /home/opt/arm-toolchains/gcc-arm-none-eabi-7-2018-q2-update/bin/../lib/gcc/arm-none-eabi/7.3.1/../../../../arm-none-eabi/lib/thumb/v6-m/libg_nano.a(lib_a-ctype_.o)
 .rodata._ctype_
                0x0000000000000000      0x101 /home/opt/arm-toolchains/gcc-arm-none-eabi-7-2018-q2-update/bin/../lib/gcc/arm-none-eabi/7.3.1/../../../../arm-none-eabi/lib/thumb/v6-m/libg_nano.a(lib_a-ctype_.o)
 .ARM.attributes
                0x0000000000000000       0x2c /home/opt/arm-toolchains/gcc-arm-none-eabi-7-2018-q2-update/bin/../lib/gcc/arm-none-eabi/7.3.1/../../../../arm-none-eabi/lib/thumb/v6-m/libg_nano.a(lib_a-ctype_.o)
 .text          0x0000000000000000        0x0 /home/opt/arm-toolchains/gcc-arm-none-eabi-7-2018-q2-update/bin/../lib/gcc/arm-none-eabi/7.3.1/../../../../arm-none-eabi/lib/thumb/v6-m/libg_nano.a(lib_a-mlock.o)
 .data          0x0000000000000000        0x0 /home/opt/arm-toolchains/gcc-arm-none-eabi-7-2018-q2-update/bin/../lib/gcc/arm-none-eabi/7.3.1/../../../../arm-none-eabi/lib/thumb/v6-m/libg_nano.a(lib_a-mlock.o)
 .bss           0x0000000000000000        0x0 /home/opt/arm-toolchains/gcc-arm-none-eabi-7-2018-q2-update/bin/../lib/gcc/arm-none-eabi/7.3.1/../../../../arm-none-eabi/lib/thumb/v6-m/libg_nano.a(lib_a-mlock.o)
 .data          0x0000000000000000        0x0 /home/opt/arm-toolchains/gcc-arm-none-eabi-7-2018-q2-update/bin/../lib/gcc/arm-none-eabi/7.3.1/thumb/v6-m/libgcc.a(_udivsi3.o)
 .bss           0x0000000000000000        0x0 /home/opt/arm-toolchains/gcc-arm-none-eabi-7-2018-q2-update/bin/../lib/gcc/arm-none-eabi/7.3.1/thumb/v6-m/libgcc.a(_udivsi3.o)
 .text          0x0000000000000000      0x1d4 /home/opt/arm-toolchains/gcc-arm-none-eabi-7-2018-q2-update/bin/../lib/gcc/arm-none-eabi/7.3.1/thumb/v6-m/libgcc.a(_divsi3.o)
 .data          0x0000000000000000        0x0 /home/opt/arm-toolchains/gcc-arm-none-eabi-7-2018-q2-update/bin/../lib/gcc/arm-none-eabi/7.3.1/thumb/v6-m/libgcc.a(_divsi3.o)
 .bss           0x0000000000000000        0x0 /home/opt/arm-toolchains/gcc-arm-none-eabi-7-2018-q2-update/bin/../lib/gcc/arm-none-eabi/7.3.1/thumb/v6-m/libgcc.a(_divsi3.o)
 .debug_frame   0x0000000000000000       0x20 /home/opt/arm-toolchains/gcc-arm-none-eabi-7-2018-q2-update/bin/../lib/gcc/arm-none-eabi/7.3.1/thumb/v6-m/libgcc.a(_divsi3.o)
 .ARM.attributes
                0x0000000000000000       0x1e /home/opt/arm-toolchains/gcc-arm-none-eabi-7-2018-q2-update/bin/../lib/gcc/arm-none-eabi/7.3.1/thumb/v6-m/libgcc.a(_divsi3.o)
 .data          0x0000000000000000        0x0 /home/opt/arm-toolchains/gcc-arm-none-eabi-7-2018-q2-update/bin/../lib/gcc/arm-none-eabi/7.3.1/thumb/v6-m/libgcc.a(_dvmd_tls.o)
 .bss           0x0000000000000000        0x0 /home/opt/arm-toolchains/gcc-arm-none-eabi-7-2018-q2-update/bin/../lib/gcc/arm-none-eabi/7.3.1/thumb/v6-m/libgcc.a(_dvmd_tls.o)
 .text          0x0000000000000000        0x0 /home/opt/arm-toolchains/gcc-arm-none-eabi-7-2018-q2-update/bin/../lib/gcc/arm-none-eabi/7.3.1/../../../../arm-none-eabi/lib/thumb/v6-m/libg_nano.a(lib_a-memset.o)
 .data          0x0000000000000000        0x0 /home/opt/arm-toolchains/gcc-arm-none-eabi-7-2018-q2-update/bin/../lib/gcc/arm-none-eabi/7.3.1/../../../../arm-none-eabi/lib/thumb/v6-m/libg_nano.a(lib_a-memset.o)
 .bss           0x0000000000000000        0x0 /home/opt/arm-toolchains/gcc-arm-none-eabi-7-2018-q2-update/bin/../lib/gcc/arm-none-eabi/7.3.1/../../../../arm-none-eabi/lib/thumb/v6-m/libg_nano.a(lib_a-memset.o)

Memory Configuration

Name             Origin             Length             Attributes
RAM              0x0000000020000000 0x0000000000004000 xrw
CCMRAM           0x0000000000000000 0x0000000000000000 xrw
FLASH            0x0000000008000000 0x0000000000010000 xr
FLASHB1          0x0000000000000000 0x0000000000000000 xr
EXTMEMB0         0x0000000000000000 0x0000000000000000 xr
EXTMEMB1         0x0000000000000000 0x0000000000000000 xr
EXTMEMB2         0x0000000000000000 0x0000000000000000 xr
EXTMEMB3         0x0000000000000000 0x0000000000000000 xr
MEMORY_ARRAY     0x0000000000000000 0x0000000000000000 xrw
*default*        0x0000000000000000 0xffffffffffffffff

Linker script and memory map

LOAD /tmp/ccMNRXtp.ltrans0.ltrans.o
LOAD /home/opt/arm-toolchains/gcc-arm-none-eabi-7-2018-q2-update/bin/../lib/gcc/arm-none-eabi/7.3.1/../../../../arm-none-eabi/lib/thumb/v6-m/libstdc++_nano.a
LOAD /home/opt/arm-toolchains/gcc-arm-none-eabi-7-2018-q2-update/bin/../lib/gcc/arm-none-eabi/7.3.1/../../../../arm-none-eabi/lib/thumb/v6-m/libm.a
START GROUP
LOAD /home/opt/arm-toolchains/gcc-arm-none-eabi-7-2018-q2-update/bin/../lib/gcc/arm-none-eabi/7.3.1/thumb/v6-m/libgcc.a
LOAD /home/opt/arm-toolchains/gcc-arm-none-eabi-7-2018-q2-update/bin/../lib/gcc/arm-none-eabi/7.3.1/../../../../arm-none-eabi/lib/thumb/v6-m/libg_nano.a
LOAD /home/opt/arm-toolchains/gcc-arm-none-eabi-7-2018-q2-update/bin/../lib/gcc/arm-none-eabi/7.3.1/../../../../arm-none-eabi/lib/thumb/v6-m/libc_nano.a
END GROUP
START GROUP
LOAD /home/opt/arm-toolchains/gcc-arm-none-eabi-7-2018-q2-update/bin/../lib/gcc/arm-none-eabi/7.3.1/thumb/v6-m/libgcc.a
LOAD /home/opt/arm-toolchains/gcc-arm-none-eabi-7-2018-q2-update/bin/../lib/gcc/arm-none-eabi/7.3.1/../../../../arm-none-eabi/lib/thumb/v6-m/libc_nano.a
LOAD /home/opt/arm-toolchains/gcc-arm-none-eabi-7-2018-q2-update/bin/../lib/gcc/arm-none-eabi/7.3.1/../../../../arm-none-eabi/lib/thumb/v6-m/libnosys.a
END GROUP
START GROUP
LOAD /home/opt/arm-toolchains/gcc-arm-none-eabi-7-2018-q2-update/bin/../lib/gcc/arm-none-eabi/7.3.1/thumb/v6-m/libgcc.a
LOAD /home/opt/arm-toolchains/gcc-arm-none-eabi-7-2018-q2-update/bin/../lib/gcc/arm-none-eabi/7.3.1/../../../../arm-none-eabi/lib/thumb/v6-m/libc_nano.a
LOAD /home/opt/arm-toolchains/gcc-arm-none-eabi-7-2018-q2-update/bin/../lib/gcc/arm-none-eabi/7.3.1/../../../../arm-none-eabi/lib/thumb/v6-m/libnosys.a
END GROUP
                0x0000000020004000                __stack = (ORIGIN (RAM) + LENGTH (RAM))
                0x0000000020004000                _estack = __stack
                0x0000000000000800                __Main_Stack_Size = 0x800
                [!provide]                        PROVIDE (_Main_Stack_Size = __Main_Stack_Size)
                0x0000000020003800                __Main_Stack_Limit = (__stack - __Main_Stack_Size)
                [!provide]                        PROVIDE (_Main_Stack_Limit = __Main_Stack_Limit)
                0x0000000000000100                _Minimum_Stack_Size = 0x100
                0x0000000020000550                PROVIDE (_Heap_Begin = _end_noinit)
                0x0000000020003800                PROVIDE (_Heap_Limit = (__stack - __Main_Stack_Size))

.isr_vector     0x0000000008000000      0x22c
 FILL mask 0xff
                0x0000000008000000                __vectors_start = ABSOLUTE (.)
                0x0000000008000000                __vectors_start__ = ABSOLUTE (.)
 *(.isr_vector)
 .isr_vector    0x0000000008000000       0xc4 /tmp/ccMNRXtp.ltrans0.ltrans.o
                0x0000000008000000                g_pfnVectors
 *(.cfmconfig)
 *(.after_vectors .after_vectors.*)
 .after_vectors
                0x00000000080000c4      0x168 /tmp/ccMNRXtp.ltrans0.ltrans.o
                0x00000000080000f8                HardFault_Handler_C
                0x0000000008000104                _start

.inits          0x000000000800022c       0x30
                0x000000000800022c                __data_regions_array_start = .
                0x000000000800022c        0x4 LONG 0x8007e5c LOADADDR (.data)
                0x0000000008000230        0x4 LONG 0x20000000 ADDR (.data)
                0x0000000008000234        0x4 LONG 0x200000b0 (ADDR (.data) + SIZEOF (.data))
                0x0000000008000238        0x4 LONG 0x8007e5c LOADADDR (.data_CCMRAM)
                0x000000000800023c        0x4 LONG 0x0 ADDR (.data_CCMRAM)
                0x0000000008000240        0x4 LONG 0x0 (ADDR (.data_CCMRAM) + SIZEOF (.data_CCMRAM))
                0x0000000008000244                __data_regions_array_end = .
                0x0000000008000244                __bss_regions_array_start = .
                0x0000000008000244        0x4 LONG 0x200000b0 ADDR (.bss)
                0x0000000008000248        0x4 LONG 0x20000550 (ADDR (.bss) + SIZEOF (.bss))
                0x000000000800024c        0x4 LONG 0x0 ADDR (.bss_CCMRAM)
                0x0000000008000250        0x4 LONG 0x0 (ADDR (.bss_CCMRAM) + SIZEOF (.bss_CCMRAM))
                0x0000000008000254                __bss_regions_array_end = .
 *(.init)
 *(.fini)
                0x0000000008000254                . = ALIGN (0x4)
                0x0000000008000254                PROVIDE (__preinit_array_start = .)
 *(.preinit_array_sysinit .preinit_array_sysinit.*)
 *(.preinit_array_platform .preinit_array_platform.*)
 *(.preinit_array .preinit_array.*)
                0x0000000008000254                PROVIDE (__preinit_array_end = .)
                0x0000000008000254                . = ALIGN (0x4)
                0x0000000008000254                PROVIDE (__init_array_start = .)
 *(SORT_BY_NAME(.init_array.*))
 *(.init_array)
 .init_array    0x0000000008000254        0x4 /tmp/ccMNRXtp.ltrans0.ltrans.o
                0x0000000008000258                PROVIDE (__init_array_end = .)
                0x0000000008000258                . = ALIGN (0x4)
                0x0000000008000258                PROVIDE (__fini_array_start = .)
 *(SORT_BY_NAME(.fini_array.*))
 *(.fini_array)
 .fini_array    0x0000000008000258        0x4 /tmp/ccMNRXtp.ltrans0.ltrans.o
                0x000000000800025c                PROVIDE (__fini_array_end = .)

.flashtext
 *(.flashtext .flashtext.*)

.text           0x000000000800025c     0x7c00
 *(.text .text.*)
 .text._ZN3I2C20setCompletedCallbackEP17CallbackInterface
                0x000000000800025c       0x16 /tmp/ccMNRXtp.ltrans0.ltrans.o
 .text._ZN3I2C13setSlaveAdresEt
                0x0000000008000272       0x1c /tmp/ccMNRXtp.ltrans0.ltrans.o
 .text._ZNK11FrameBuffer9getBufferEv
                0x000000000800028e       0x14 /tmp/ccMNRXtp.ltrans0.ltrans.o
 *fill*         0x00000000080002a2        0x2 
 .text._ZN11FrameBufferC2EmmPh
                0x00000000080002a4       0x54 /tmp/ccMNRXtp.ltrans0.ltrans.o
 .text._ZN3I2C6isBusyEv
                0x00000000080002f8       0x1c /tmp/ccMNRXtp.ltrans0.ltrans.o
 .text._ZN9ST7032iFB6isBusyEv
                0x0000000008000314       0x1c /tmp/ccMNRXtp.ltrans0.ltrans.o
 .text._ZN3I2C8setStateENS_5StateE
                0x0000000008000330       0x2c /tmp/ccMNRXtp.ltrans0.ltrans.o
 .text._ZN3I2C21callCompletedCallbackEv
                0x000000000800035c       0x26 /tmp/ccMNRXtp.ltrans0.ltrans.o
 .text._ZN3I2CC2Ev
                0x0000000008000382       0x30 /tmp/ccMNRXtp.ltrans0.ltrans.o
 .text._ZN4Fifo5flushEv
                0x00000000080003b2       0x1a /tmp/ccMNRXtp.ltrans0.ltrans.o
 .text.NVIC_SetPriority.lto_priv.7
                0x00000000080003cc       0xe8 /tmp/ccMNRXtp.ltrans0.ltrans.o
 .text.NVIC_EnableIRQ
                0x00000000080004b4       0x2c /tmp/ccMNRXtp.ltrans0.ltrans.o
 .text._ZN11FrameBufferD2Ev
                0x00000000080004e0       0x1c /tmp/ccMNRXtp.ltrans0.ltrans.o
 .text._ZN5FrontC2EP4GpioS1_S1_S1_
                0x00000000080004fc       0x36 /tmp/ccMNRXtp.ltrans0.ltrans.o
 .text._ZN9ST7032iFB12getBackLightEv
                0x0000000008000532       0x14 /tmp/ccMNRXtp.ltrans0.ltrans.o
 .text._ZN9ST7032iFB14getFrameBufferEv
                0x0000000008000546       0x14 /tmp/ccMNRXtp.ltrans0.ltrans.o
 .text._ZN9ST7032iFB16callbackFunctionEv
                0x000000000800055a        0xe /tmp/ccMNRXtp.ltrans0.ltrans.o
 .text._ZN17CallbackInterfaceC2Ev
                0x0000000008000568       0x1c /tmp/ccMNRXtp.ltrans0.ltrans.o
 .text._ZN9ST7032iFBC2Ev
                0x0000000008000584       0x48 /tmp/ccMNRXtp.ltrans0.ltrans.o
 .text._ZN8PasswordC2Ev
                0x00000000080005cc       0x24 /tmp/ccMNRXtp.ltrans0.ltrans.o
 .text._ZN4MenuC2Ev
                0x00000000080005f0       0x30 /tmp/ccMNRXtp.ltrans0.ltrans.o
 .text._ZN9SterownikC2EP11Silnik24VDCP12Silnik230VACP7Hamulec
                0x0000000008000620       0x48 /tmp/ccMNRXtp.ltrans0.ltrans.o
 .text._ZN3Led7preinitEv
                0x0000000008000668       0x20 /tmp/ccMNRXtp.ltrans0.ltrans.o
 .text._ZN7HamulecC2EP7HBridge
                0x0000000008000688       0x2c /tmp/ccMNRXtp.ltrans0.ltrans.o
 .text._ZN11Silnik24VDC7setMoveEN12SilnikNapedu4MOVEE
                0x00000000080006b4      0x144 /tmp/ccMNRXtp.ltrans0.ltrans.o
 .text._ZN11Silnik24VDC4initEv
                0x00000000080007f8       0x32 /tmp/ccMNRXtp.ltrans0.ltrans.o
 .text._ZN11HBridgeGPIO12getPowerModeEv
                0x000000000800082a       0x14 /tmp/ccMNRXtp.ltrans0.ltrans.o
 *fill*         0x000000000800083e        0x2 
 .text._ZN7HBridgeC2Ev
                0x0000000008000840       0x1c /tmp/ccMNRXtp.ltrans0.ltrans.o
 .text._ZN11HBridgeGPIOC2EP4GpioS1_S1_S1_
                0x000000000800085c       0x54 /tmp/ccMNRXtp.ltrans0.ltrans.o
 .text._ZN12SilnikNapeduC2Ev
                0x00000000080008b0       0x28 /tmp/ccMNRXtp.ltrans0.ltrans.o
 .text._ZN11Silnik24VDCC2EP7HBridgeS1_
                0x00000000080008d8       0x3c /tmp/ccMNRXtp.ltrans0.ltrans.o
 .text._ZN12Silnik230VACC2EP4GpioS1_
                0x0000000008000914       0x34 /tmp/ccMNRXtp.ltrans0.ltrans.o
 .text._ZN12SilnikNapeduD2Ev
                0x0000000008000948       0x1c /tmp/ccMNRXtp.ltrans0.ltrans.o
 .text._ZN12Silnik230VACD2Ev
                0x0000000008000964       0x24 /tmp/ccMNRXtp.ltrans0.ltrans.o
 .text._ZN11Silnik24VDCD2Ev
                0x0000000008000988       0x24 /tmp/ccMNRXtp.ltrans0.ltrans.o
 .text._ZN12SilnikNapedu16gotoSafePositionEb
                0x00000000080009ac       0x36 /tmp/ccMNRXtp.ltrans0.ltrans.o
 .text._ZNK12SilnikNapedu7getMoveEv
                0x00000000080009e2       0x14 /tmp/ccMNRXtp.ltrans0.ltrans.o
 .text._ZN4Gpio8getOTypeEP12GPIO_TypeDefh
                0x00000000080009f6       0x32 /tmp/ccMNRXtp.ltrans0.ltrans.o
 .text._ZN4Gpio8getSpeedEP12GPIO_TypeDefh
                0x0000000008000a28       0x30 /tmp/ccMNRXtp.ltrans0.ltrans.o
 .text._ZN4Gpio7getPullEP12GPIO_TypeDefh
                0x0000000008000a58       0x30 /tmp/ccMNRXtp.ltrans0.ltrans.o
 .text._ZN4Gpio7getModeEP12GPIO_TypeDefh
                0x0000000008000a88       0x30 /tmp/ccMNRXtp.ltrans0.ltrans.o
 .text._ZN17CallbackInterfaceD2Ev
                0x0000000008000ab8       0x1c /tmp/ccMNRXtp.ltrans0.ltrans.o
 .text._ZN9ST7032iFBD2Ev
                0x0000000008000ad4       0x24 /tmp/ccMNRXtp.ltrans0.ltrans.o
 .text._ZN9QuickTask4holdEb
                0x0000000008000af8       0x20 /tmp/ccMNRXtp.ltrans0.ltrans.o
 .text._ZN5Front8getStateEv
                0x0000000008000b18       0x14 /tmp/ccMNRXtp.ltrans0.ltrans.o
 .text._ZNK5Praca6getJobEv
                0x0000000008000b2c       0x14 /tmp/ccMNRXtp.ltrans0.ltrans.o
 .text._ZL12getJobSymbolv
                0x0000000008000b40       0x3c /tmp/ccMNRXtp.ltrans0.ltrans.o
 .text._ZL17getProgSubVersionv
                0x0000000008000b7c        0xc /tmp/ccMNRXtp.ltrans0.ltrans.o
 .text._ZL18getProgMainVersionv
                0x0000000008000b88        0xc /tmp/ccMNRXtp.ltrans0.ltrans.o
 .text._ZN8Password16getServiceStatusEv
                0x0000000008000b94       0x50 /tmp/ccMNRXtp.ltrans0.ltrans.o
 .text._ZN8Password12clearServiceEv
                0x0000000008000be4       0x32 /tmp/ccMNRXtp.ltrans0.ltrans.o
 .text._ZN8Password5clearEv
                0x0000000008000c16       0x1a /tmp/ccMNRXtp.ltrans0.ltrans.o
 .text._ZN8Password6isFullEv
                0x0000000008000c30       0x26 /tmp/ccMNRXtp.ltrans0.ltrans.o
 .text._ZN8Password9keyToCharEN8Keyboard3KeyE
                0x0000000008000c56       0x42 /tmp/ccMNRXtp.ltrans0.ltrans.o
 .text._ZN8Password15getServiceCharsEPc
                0x0000000008000c98       0x4e /tmp/ccMNRXtp.ltrans0.ltrans.o
 .text._ZN8Password9getCharAtEh
                0x0000000008000ce6       0x60 /tmp/ccMNRXtp.ltrans0.ltrans.o
 .text._ZN8Password10getAsCharsEPc
                0x0000000008000d46       0x4e /tmp/ccMNRXtp.ltrans0.ltrans.o
 .text._ZN8Password10addServiceEN8Keyboard3KeyE
                0x0000000008000d94       0x34 /tmp/ccMNRXtp.ltrans0.ltrans.o
 .text._ZN8Password14collectServiceEN8Keyboard3KeyE
                0x0000000008000dc8       0x36 /tmp/ccMNRXtp.ltrans0.ltrans.o
 .text._ZN8Password3addEN8Keyboard3KeyE
                0x0000000008000dfe       0x7a /tmp/ccMNRXtp.ltrans0.ltrans.o
 .text._ZN9Sterownik13getOpisNapeduENS_5NAPEDE
                0x0000000008000e78       0x58 /tmp/ccMNRXtp.ltrans0.ltrans.o
 .text._ZNK9Sterownik13getOpisNapeduEv
                0x0000000008000ed0       0x1c /tmp/ccMNRXtp.ltrans0.ltrans.o
 .text._ZN9Sterownik12getNextNapedENS_5NAPEDE
                0x0000000008000eec       0x48 /tmp/ccMNRXtp.ltrans0.ltrans.o
 .text._ZN9Sterownik12getPrevNapedENS_5NAPEDE
                0x0000000008000f34       0x44 /tmp/ccMNRXtp.ltrans0.ltrans.o
 .text._ZNK9Sterownik8isAwariaEv
                0x0000000008000f78       0x14 /tmp/ccMNRXtp.ltrans0.ltrans.o
 .text._ZN7Hamulec5hamujEb
                0x0000000008000f8c       0xb2 /tmp/ccMNRXtp.ltrans0.ltrans.o
 .text._ZN7Hamulec7setModeENS_4MODEE
                0x000000000800103e       0x38 /tmp/ccMNRXtp.ltrans0.ltrans.o
 .text._ZN7Hamulec7setModeENS_4MODEEb
                0x0000000008001076       0x3a /tmp/ccMNRXtp.ltrans0.ltrans.o
 .text._ZN7Hamulec16gotoSafePositionEb
                0x00000000080010b0       0x34 /tmp/ccMNRXtp.ltrans0.ltrans.o
 .text._ZN7Hamulec4initEv
                0x00000000080010e4       0x2a /tmp/ccMNRXtp.ltrans0.ltrans.o
 .text._ZN11Silnik24VDC11setType1234Eb
                0x000000000800110e       0x1c /tmp/ccMNRXtp.ltrans0.ltrans.o
 *fill*         0x000000000800112a        0x2 
 .text._ZN9Sterownik9initNapedEv
                0x000000000800112c       0xcc /tmp/ccMNRXtp.ltrans0.ltrans.o
 .text._ZN11FrameBuffer10cursorModeENS_10CursorModeE
                0x00000000080011f8       0x1c /tmp/ccMNRXtp.ltrans0.ltrans.o
 .text._ZNK11FrameBuffer10getCOLUMNSEv
                0x0000000008001214       0x14 /tmp/ccMNRXtp.ltrans0.ltrans.o
 .text._ZNK11FrameBuffer7getROWSEv
                0x0000000008001228       0x14 /tmp/ccMNRXtp.ltrans0.ltrans.o
 .text._ZN11FrameBuffer14setRefreshNeedEv
                0x000000000800123c       0x14 /tmp/ccMNRXtp.ltrans0.ltrans.o
 .text._ZN11FrameBuffer11clearScreenEv
                0x0000000008001250       0x38 /tmp/ccMNRXtp.ltrans0.ltrans.o
 .text._ZN11FrameBuffer9clearLineEt
                0x0000000008001288       0x7c /tmp/ccMNRXtp.ltrans0.ltrans.o
 .text._ZN11FrameBuffer6gotoXYEmm
                0x0000000008001304       0x5a /tmp/ccMNRXtp.ltrans0.ltrans.o
 .text._ZN11FrameBuffer11cursorRightEv
                0x000000000800135e       0x3a /tmp/ccMNRXtp.ltrans0.ltrans.o
 .text._ZN11FrameBuffer19checkCursorPositionEv
                0x0000000008001398       0x3e /tmp/ccMNRXtp.ltrans0.ltrans.o
 .text._ZN11FrameBuffer5printEc
                0x00000000080013d6       0x3c /tmp/ccMNRXtp.ltrans0.ltrans.o
 .text._ZN11FrameBuffer23printSymbolsWithPatternEPKcS1_c
                0x0000000008001412       0x70 /tmp/ccMNRXtp.ltrans0.ltrans.o
 .text._ZN11FrameBuffer5printEPKc
                0x0000000008001482       0x30 /tmp/ccMNRXtp.ltrans0.ltrans.o
 .text._ZN11FrameBuffer7printXYEmmPKc
                0x00000000080014b2       0x2c /tmp/ccMNRXtp.ltrans0.ltrans.o
 .text._ZN4Fifo7isEmptyEv
                0x00000000080014de       0x20 /tmp/ccMNRXtp.ltrans0.ltrans.o
 .text._ZN4Fifo10isNotEmptyEv
                0x00000000080014fe       0x22 /tmp/ccMNRXtp.ltrans0.ltrans.o
 .text._ZN9QuickTask10getCounterEv
                0x0000000008001520       0x14 /tmp/ccMNRXtp.ltrans0.ltrans.o
 .text._ZN9QuickTask23delayMsWithStoppedTasksEm
                0x0000000008001534       0x2e /tmp/ccMNRXtp.ltrans0.ltrans.o
 *fill*         0x0000000008001562        0x2 
 .text._ZN8Hardware13errorDispatchENS_9ErrorCodeE
                0x0000000008001564       0x3c /tmp/ccMNRXtp.ltrans0.ltrans.o
 .text.NVIC_SetPriority.lto_priv.6
                0x00000000080015a0       0xe8 /tmp/ccMNRXtp.ltrans0.ltrans.o
 .text.SysTick_Config
                0x0000000008001688       0x48 /tmp/ccMNRXtp.ltrans0.ltrans.o
 .text._ZN3HMI9isStartupEv
                0x00000000080016d0       0x24 /tmp/ccMNRXtp.ltrans0.ltrans.o
 .text._ZN3HMIC2Ev
                0x00000000080016f4       0x4e /tmp/ccMNRXtp.ltrans0.ltrans.o
 .text._ZN3Led3setENS_4ModeE
                0x0000000008001742       0x1c /tmp/ccMNRXtp.ltrans0.ltrans.o
 .text._ZN10HBridgePWM12getPowerModeEv
                0x000000000800175e       0x16 /tmp/ccMNRXtp.ltrans0.ltrans.o
 .text._ZNK9Sterownik12getTypNapeduEv
                0x0000000008001774       0x14 /tmp/ccMNRXtp.ltrans0.ltrans.o
 .text._ZNK9Sterownik11isTyp230VACEv
                0x0000000008001788       0x26 /tmp/ccMNRXtp.ltrans0.ltrans.o
 .text._ZNK9Sterownik9getSilnikEv
                0x00000000080017ae       0x2c /tmp/ccMNRXtp.ltrans0.ltrans.o
 .text._ZN9Sterownik9isMotorOnEv
                0x00000000080017da       0x44 /tmp/ccMNRXtp.ltrans0.ltrans.o
 .text._ZN9Sterownik10fixOutputsEv
                0x000000000800181e       0x5c /tmp/ccMNRXtp.ltrans0.ltrans.o
 .text._ZNK9Sterownik14isSoftStartUseEv
                0x000000000800187a       0x24 /tmp/ccMNRXtp.ltrans0.ltrans.o
 *fill*         0x000000000800189e        0x2 
 .text._ZN9SoftStart11getRightPWMEv
                0x00000000080018a0       0x18 /tmp/ccMNRXtp.ltrans0.ltrans.o
 .text._ZN9SoftStart10getLeftPWMEv
                0x00000000080018b8       0x18 /tmp/ccMNRXtp.ltrans0.ltrans.o
 .text._ZN8Hardware9getSYSCLKEv
                0x00000000080018d0       0x14 /tmp/ccMNRXtp.ltrans0.ltrans.o
 .text._ZN8Hardware7getHCLKEv
                0x00000000080018e4       0x54 /tmp/ccMNRXtp.ltrans0.ltrans.o
 .text._ZN8Hardware7getPCLKEv
                0x0000000008001938       0x48 /tmp/ccMNRXtp.ltrans0.ltrans.o
 .text._ZN9SoftStart8initTIM1Ev
                0x0000000008001980       0xc8 /tmp/ccMNRXtp.ltrans0.ltrans.o
 .text._ZN7HBridgeD2Ev
                0x0000000008001a48       0x1c /tmp/ccMNRXtp.ltrans0.ltrans.o
 .text._ZN11HBridgeGPIOD2Ev
                0x0000000008001a64       0x24 /tmp/ccMNRXtp.ltrans0.ltrans.o
 .text._ZN10HBridgePWMD2Ev
                0x0000000008001a88       0x24 /tmp/ccMNRXtp.ltrans0.ltrans.o
 .text._ZN4Gpio16setAlternateFuncEP12GPIO_TypeDefhh
                0x0000000008001aac       0xc8 /tmp/ccMNRXtp.ltrans0.ltrans.o
 .text._ZN4Gpio16setAlternateFuncEh
                0x0000000008001b74       0x2a /tmp/ccMNRXtp.ltrans0.ltrans.o
 .text._ZN4Gpio9getOutputEP12GPIO_TypeDefh
                0x0000000008001b9e       0x30 /tmp/ccMNRXtp.ltrans0.ltrans.o
 .text._ZN4Gpio9getOutputEv
                0x0000000008001bce       0x22 /tmp/ccMNRXtp.ltrans0.ltrans.o
 .text._ZN3HMI16isBackLightInUseEv
                0x0000000008001bf0       0x1c /tmp/ccMNRXtp.ltrans0.ltrans.o
 .text._ZN9SoftStart9getRightHEv
                0x0000000008001c0c       0x1c /tmp/ccMNRXtp.ltrans0.ltrans.o
 .text._ZN9SoftStart11setRightPWMEm
                0x0000000008001c28       0x50 /tmp/ccMNRXtp.ltrans0.ltrans.o
 .text._ZN9SoftStart9setRightLEb
                0x0000000008001c78       0x5e /tmp/ccMNRXtp.ltrans0.ltrans.o
 .text._ZN9SoftStart8getLeftHEv
                0x0000000008001cd6       0x1a /tmp/ccMNRXtp.ltrans0.ltrans.o
 .text._ZN9SoftStart10setLeftPWMEm
                0x0000000008001cf0       0x50 /tmp/ccMNRXtp.ltrans0.ltrans.o
 .text._ZN9SoftStart8setLeftLEb
                0x0000000008001d40       0x5e /tmp/ccMNRXtp.ltrans0.ltrans.o
 .text._ZN4Gpio13setOutputDownEP12GPIO_TypeDefh
                0x0000000008001d9e       0x26 /tmp/ccMNRXtp.ltrans0.ltrans.o
 .text._ZN4Gpio13setOutputDownEv
                0x0000000008001dc4       0x1e /tmp/ccMNRXtp.ltrans0.ltrans.o
 .text._ZN12Silnik230VAC4initEv
                0x0000000008001de2       0x22 /tmp/ccMNRXtp.ltrans0.ltrans.o
 .text._ZN4Gpio11setOutputUpEP12GPIO_TypeDefh
                0x0000000008001e04       0x24 /tmp/ccMNRXtp.ltrans0.ltrans.o
 .text._ZN4Gpio11setOutputUpEv
                0x0000000008001e28       0x1e /tmp/ccMNRXtp.ltrans0.ltrans.o
 .text._ZN11HBridgeGPIO8setStageENS_5StageE
                0x0000000008001e46      0x1b8 /tmp/ccMNRXtp.ltrans0.ltrans.o
 .text._ZN11HBridgeGPIO4pollEv
                0x0000000008001ffe       0x82 /tmp/ccMNRXtp.ltrans0.ltrans.o
 .text._ZN11HBridgeGPIO8setPowerEN7HBridge5POWERE
                0x0000000008002080       0x32 /tmp/ccMNRXtp.ltrans0.ltrans.o
 .text._ZN12Silnik230VAC7setMoveEN12SilnikNapedu4MOVEE
                0x00000000080020b2       0x78 /tmp/ccMNRXtp.ltrans0.ltrans.o
 .text._ZN4Gpio9setOutputEP12GPIO_TypeDefhb
                0x000000000800212a       0x44 /tmp/ccMNRXtp.ltrans0.ltrans.o
 .text._ZN4Gpio9setOutputEb
                0x000000000800216e       0x26 /tmp/ccMNRXtp.ltrans0.ltrans.o
 .text._ZN9ST7032iFB12setBackLightEb
                0x0000000008002194       0x24 /tmp/ccMNRXtp.ltrans0.ltrans.o
 .text._ZN9ST7032iFB11setResetPinEb
                0x00000000080021b8       0x24 /tmp/ccMNRXtp.ltrans0.ltrans.o
 .text._ZN9Sterownik9setBuzzerEb
                0x00000000080021dc       0x28 /tmp/ccMNRXtp.ltrans0.ltrans.o
 .text._ZN3HMI12setBackLightEb
                0x0000000008002204       0x24 /tmp/ccMNRXtp.ltrans0.ltrans.o
 .text._ZN3Led4tickEm
                0x0000000008002228      0x124 /tmp/ccMNRXtp.ltrans0.ltrans.o
 .text._ZN9SoftStart9setRightHEb
                0x000000000800234c       0x52 /tmp/ccMNRXtp.ltrans0.ltrans.o
 .text._ZN9SoftStart8setLeftHEb
                0x000000000800239e       0x4c /tmp/ccMNRXtp.ltrans0.ltrans.o
 .text._ZN10HBridgePWM8setStageENS_5StageE
                0x00000000080023ea      0x170 /tmp/ccMNRXtp.ltrans0.ltrans.o
 .text._ZN10HBridgePWM8setPowerEN7HBridge5POWERE
                0x000000000800255a       0x3c /tmp/ccMNRXtp.ltrans0.ltrans.o
 .text._ZN4Gpio8setOTypeEP12GPIO_TypeDefhNS_9GpioOTypeE
                0x0000000008002596       0x56 /tmp/ccMNRXtp.ltrans0.ltrans.o
 .text._ZN4Gpio8setOTypeENS_9GpioOTypeE
                0x00000000080025ec       0x26 /tmp/ccMNRXtp.ltrans0.ltrans.o
 .text._ZN4Gpio11setPullUpDnEP12GPIO_TypeDefhNS_8GpioPuPdE
                0x0000000008002612       0x4e /tmp/ccMNRXtp.ltrans0.ltrans.o
 .text._ZN4Gpio11setPullUpDnENS_8GpioPuPdE
                0x0000000008002660       0x26 /tmp/ccMNRXtp.ltrans0.ltrans.o
 .text._ZN4Gpio8setSpeedEP12GPIO_TypeDefhNS_9GpioSpeedE
                0x0000000008002686       0x50 /tmp/ccMNRXtp.ltrans0.ltrans.o
 .text._ZN4Gpio8setSpeedENS_9GpioSpeedE
                0x00000000080026d6       0x26 /tmp/ccMNRXtp.ltrans0.ltrans.o
 .text._ZN4Gpio7setMODEEP12GPIO_TypeDefhNS_8GpioModeE
                0x00000000080026fc       0x4e /tmp/ccMNRXtp.ltrans0.ltrans.o
 .text._ZN4Gpio14setupFromCloneEP12GPIO_TypeDefhS1_h
                0x000000000800274a       0x9c /tmp/ccMNRXtp.ltrans0.ltrans.o
 .text._ZN4Gpio14setupFromCloneEPS_
                0x00000000080027e6       0x24 /tmp/ccMNRXtp.ltrans0.ltrans.o
 .text._ZN4Gpio7setMODEENS_8GpioModeE
                0x000000000800280a       0x26 /tmp/ccMNRXtp.ltrans0.ltrans.o
 .text._ZN4GpioC2EP12GPIO_TypeDefh
                0x0000000008002830       0x4e /tmp/ccMNRXtp.ltrans0.ltrans.o
 *fill*         0x000000000800287e        0x2 
 .text._ZN9SoftStartC2Ev
                0x0000000008002880       0x30 /tmp/ccMNRXtp.ltrans0.ltrans.o
 .text._ZN10HBridgePWMC2Ev
                0x00000000080028b0       0x78 /tmp/ccMNRXtp.ltrans0.ltrans.o
 .text._ZN3LedC2EP12GPIO_TypeDefh
                0x0000000008002928       0x2e /tmp/ccMNRXtp.ltrans0.ltrans.o
 *fill*         0x0000000008002956        0x2 
 .text._ZN6PinoutC2Ev
                0x0000000008002958      0x350 /tmp/ccMNRXtp.ltrans0.ltrans.o
 .text._ZN4Gpio5setupENS_8GpioModeENS_9GpioOTypeENS_8GpioPuPdENS_9GpioSpeedE
                0x0000000008002ca8       0x60 /tmp/ccMNRXtp.ltrans0.ltrans.o
 .text._ZN8Keyboard4initEv
                0x0000000008002d08       0x50 /tmp/ccMNRXtp.ltrans0.ltrans.o
 .text._ZN6Pinout4initEv
                0x0000000008002d58      0x240 /tmp/ccMNRXtp.ltrans0.ltrans.o
 .text._ZN3Led4initENS_4TypeENS_4ModeE
                0x0000000008002f98       0x44 /tmp/ccMNRXtp.ltrans0.ltrans.o
 .text._ZN11HBridgeGPIO4initEv
                0x0000000008002fdc       0x92 /tmp/ccMNRXtp.ltrans0.ltrans.o
 .text._ZN4Gpio5setupEP12GPIO_TypeDefhNS_8GpioModeENS_9GpioOTypeENS_8GpioPuPdENS_9GpioSpeedE
                0x000000000800306e       0x6a /tmp/ccMNRXtp.ltrans0.ltrans.o
 .text._ZN9SoftStart13setGpiosAsPWMEv
                0x00000000080030d8       0x78 /tmp/ccMNRXtp.ltrans0.ltrans.o
 .text._ZN9SoftStart4initEv
                0x0000000008003150       0x1e /tmp/ccMNRXtp.ltrans0.ltrans.o
 .text._ZN10HBridgePWM4initEv
                0x000000000800316e       0x46 /tmp/ccMNRXtp.ltrans0.ltrans.o
 .text._ZN4Gpio8getInputEP12GPIO_TypeDefh
                0x00000000080031b4       0x30 /tmp/ccMNRXtp.ltrans0.ltrans.o
 .text._ZN4Gpio8getInputEv
                0x00000000080031e4       0x22 /tmp/ccMNRXtp.ltrans0.ltrans.o
 .text._ZN5Praca19isAwariaSieci230VACEv
                0x0000000008003206       0x26 /tmp/ccMNRXtp.ltrans0.ltrans.o
 .text._ZNK9Sterownik16isZakazZamykaniaEv
                0x000000000800322c       0x1e /tmp/ccMNRXtp.ltrans0.ltrans.o
 .text._ZNK9Sterownik17isZakazOtwieraniaEv
                0x000000000800324a       0x1e /tmp/ccMNRXtp.ltrans0.ltrans.o
 .text._ZN8Keyboard13getPressedKeyEv
                0x0000000008003268      0x122 /tmp/ccMNRXtp.ltrans0.ltrans.o
 .text._ZN8Keyboard16getUnbufferedKeyEv
                0x000000000800338a       0x1a /tmp/ccMNRXtp.ltrans0.ltrans.o
 .text._ZN10HBridgePWM13isOVCDetectedEv
                0x00000000080033a4       0x24 /tmp/ccMNRXtp.ltrans0.ltrans.o
 .text._ZN10HBridgePWM4pollEv
                0x00000000080033c8      0x20c /tmp/ccMNRXtp.ltrans0.ltrans.o
 .text._Z11hBridgePollv
                0x00000000080035d4       0x20 /tmp/ccMNRXtp.ltrans0.ltrans.o
 .text._ZNK9Sterownik17isAlarmAkustycznyEv
                0x00000000080035f4       0x26 /tmp/ccMNRXtp.ltrans0.ltrans.o
 .text._ZNK9Sterownik7isPozarEv
                0x000000000800361a       0x26 /tmp/ccMNRXtp.ltrans0.ltrans.o
 .text._ZN5Praca9checkLEDsEv
                0x0000000008003640       0xe0 /tmp/ccMNRXtp.ltrans0.ltrans.o
 .text._ZNK9Sterownik19isPozarOrAlarmAkustEv
                0x0000000008003720       0x2e /tmp/ccMNRXtp.ltrans0.ltrans.o
 .text._ZNK9Sterownik11isZamknieteEv
                0x000000000800374e       0x1e /tmp/ccMNRXtp.ltrans0.ltrans.o
 .text._ZN9Sterownik15isClosePossibleEv
                0x000000000800376c       0x42 /tmp/ccMNRXtp.ltrans0.ltrans.o
 .text._ZNK9Sterownik9isOtwarteEv
                0x00000000080037ae       0x1e /tmp/ccMNRXtp.ltrans0.ltrans.o
 .text._ZN9Sterownik11checkRelaysEv
                0x00000000080037cc       0xf6 /tmp/ccMNRXtp.ltrans0.ltrans.o
 .text._ZN9Sterownik14isOpenPossibleEv
                0x00000000080038c2       0x58 /tmp/ccMNRXtp.ltrans0.ltrans.o
 .text._ZN9Sterownik12checkPozycjaEv
                0x000000000800391a       0x74 /tmp/ccMNRXtp.ltrans0.ltrans.o
 .text._ZN9Sterownik9checkRuchEv
                0x000000000800398e       0xea /tmp/ccMNRXtp.ltrans0.ltrans.o
 .text._ZN9Sterownik4pollEv
                0x0000000008003a78       0x1e /tmp/ccMNRXtp.ltrans0.ltrans.o
 .text._ZN9Sterownik9zatrzymajEv
                0x0000000008003a96       0x22 /tmp/ccMNRXtp.ltrans0.ltrans.o
 .text._ZN5Front11isKeyActiveEv
                0x0000000008003ab8       0x24 /tmp/ccMNRXtp.ltrans0.ltrans.o
 .text._ZN5Front11getkeyStateEv
                0x0000000008003adc       0x80 /tmp/ccMNRXtp.ltrans0.ltrans.o
 .text.NVIC_SystemReset
                0x0000000008003b5c       0x20 /tmp/ccMNRXtp.ltrans0.ltrans.o
 .text._ZN11FrameBufferD0Ev
                0x0000000008003b7c       0x24 /tmp/ccMNRXtp.ltrans0.ltrans.o
 .text._ZN12Silnik230VACD0Ev
                0x0000000008003ba0       0x24 /tmp/ccMNRXtp.ltrans0.ltrans.o
 .text._ZN11HBridgeGPIOD0Ev
                0x0000000008003bc4       0x24 /tmp/ccMNRXtp.ltrans0.ltrans.o
 .text._ZN11Silnik24VDCD0Ev
                0x0000000008003be8       0x24 /tmp/ccMNRXtp.ltrans0.ltrans.o
 .text._ZN9ST7032iFBD0Ev
                0x0000000008003c0c       0x24 /tmp/ccMNRXtp.ltrans0.ltrans.o
 .text._ZN10HBridgePWMD0Ev
                0x0000000008003c30       0x24 /tmp/ccMNRXtp.ltrans0.ltrans.o
 .text._GLOBAL__sub_D__Z13dummyCallbackv
                0x0000000008003c54       0x18 /tmp/ccMNRXtp.ltrans0.ltrans.o
 .text._GLOBAL__sub_I__Z13dummyCallbackv
                0x0000000008003c6c       0x18 /tmp/ccMNRXtp.ltrans0.ltrans.o
 .text._GLOBAL__sub_I_i2cInstance
                0x0000000008003c84       0x18 /tmp/ccMNRXtp.ltrans0.ltrans.o
 .text._ZN3I2C4initEv
                0x0000000008003c9c      0x198 /tmp/ccMNRXtp.ltrans0.ltrans.o
 .text._ZN3I2C4initEPNS_10DeviceDefsE
                0x0000000008003e34       0x66 /tmp/ccMNRXtp.ltrans0.ltrans.o
 *fill*         0x0000000008003e9a        0x2 
 .text._ZN3I2C11getInstanceEv
                0x0000000008003e9c       0x10 /tmp/ccMNRXtp.ltrans0.ltrans.o
 .text.FLASH_GetStatus
                0x0000000008003eac       0x5c /tmp/ccMNRXtp.ltrans0.ltrans.o
 .text.FLASH_WaitForLastOperation
                0x0000000008003f08       0x5a /tmp/ccMNRXtp.ltrans0.ltrans.o
 *fill*         0x0000000008003f62        0x2 
 .text.FLASH_ProgramHalfWord
                0x0000000008003f64       0x74 /tmp/ccMNRXtp.ltrans0.ltrans.o
 .text.FLASH_ErasePage
                0x0000000008003fd8       0x78 /tmp/ccMNRXtp.ltrans0.ltrans.o
 .text.FLASH_Lock
                0x0000000008004050       0x18 /tmp/ccMNRXtp.ltrans0.ltrans.o
 .text.FLASH_Unlock
                0x0000000008004068       0x2c /tmp/ccMNRXtp.ltrans0.ltrans.o
 .text.my_strcpy
                0x0000000008004094       0x5c /tmp/ccMNRXtp.ltrans0.ltrans.o
 .text.itoaWithPattern
                0x00000000080040f0       0xd2 /tmp/ccMNRXtp.ltrans0.ltrans.o
 .text.numberWithPattern
                0x00000000080041c2       0x2e /tmp/ccMNRXtp.ltrans0.ltrans.o
 .text._ZN11FrameBuffer23printNumbersWithPatternEPKcm
                0x00000000080041f0       0x56 /tmp/ccMNRXtp.ltrans0.ltrans.o
 *fill*         0x0000000008004246        0x2 
 .text.EE_FindValidPage
                0x0000000008004248       0xb0 /tmp/ccMNRXtp.ltrans0.ltrans.o
 .text.EE_VerifyPageFullWriteVariable
                0x00000000080042f8       0xe0 /tmp/ccMNRXtp.ltrans0.ltrans.o
 .text.EE_Format
                0x00000000080043d8       0x68 /tmp/ccMNRXtp.ltrans0.ltrans.o
 .text.EE_ReadVariable
                0x0000000008004440       0xc8 /tmp/ccMNRXtp.ltrans0.ltrans.o
 .text.EE_PageTransfer
                0x0000000008004508      0x1c8 /tmp/ccMNRXtp.ltrans0.ltrans.o
 .text.EE_WriteVariable
                0x00000000080046d0       0x5e /tmp/ccMNRXtp.ltrans0.ltrans.o
 .text._ZN6VEprom9writeWordENS_9VirtAdresEt
                0x000000000800472e       0x54 /tmp/ccMNRXtp.ltrans0.ltrans.o
 .text._ZN8Password4saveEt
                0x0000000008004782       0x1e /tmp/ccMNRXtp.ltrans0.ltrans.o
 .text._ZN8Password4saveEv
                0x00000000080047a0       0x18 /tmp/ccMNRXtp.ltrans0.ltrans.o
 .text._ZN9Sterownik8setNapedENS_5NAPEDE
                0x00000000080047b8       0x3a /tmp/ccMNRXtp.ltrans0.ltrans.o
 .text._ZN9Sterownik16gotoSafePositionEb
                0x00000000080047f2       0x6e /tmp/ccMNRXtp.ltrans0.ltrans.o
 .text._ZN5Praca4initEv
                0x0000000008004860       0x2c /tmp/ccMNRXtp.ltrans0.ltrans.o
 .text._ZN6VEprom8readWordENS_9VirtAdresEPt
                0x000000000800488c       0x6c /tmp/ccMNRXtp.ltrans0.ltrans.o
 .text._ZN6VEprom10addToValueENS_9VirtAdresEt
                0x00000000080048f8       0x6a /tmp/ccMNRXtp.ltrans0.ltrans.o
 .text._ZN9Sterownik5opuscEv
                0x0000000008004962       0x32 /tmp/ccMNRXtp.ltrans0.ltrans.o
 .text._ZN9Sterownik7podniesEv
                0x0000000008004994       0x32 /tmp/ccMNRXtp.ltrans0.ltrans.o
 .text._ZN6VEprom8readWordENS_9VirtAdresE
                0x00000000080049c6       0x34 /tmp/ccMNRXtp.ltrans0.ltrans.o
 *fill*         0x00000000080049fa        0x2 
 .text._ZN8Password4initEv
                0x00000000080049fc       0x48 /tmp/ccMNRXtp.ltrans0.ltrans.o
 .text._ZN4Menu4initEP9SterownikP8KeyboardP11FrameBuffer
                0x0000000008004a44       0x38 /tmp/ccMNRXtp.ltrans0.ltrans.o
 .text._ZN3HMI4initEP9SterownikP8KeyboardP5FrontP9ST7032iFBP4MenuP3LedSB_SB_
                0x0000000008004a7c       0xa2 /tmp/ccMNRXtp.ltrans0.ltrans.o
 *fill*         0x0000000008004b1e        0x2 
 .text._ZN9Sterownik4initEv
                0x0000000008004b20       0x54 /tmp/ccMNRXtp.ltrans0.ltrans.o
 .text._ZN8Password7isMatchEv
                0x0000000008004b74       0x44 /tmp/ccMNRXtp.ltrans0.ltrans.o
 .text._ZN8Password9getStatusEv
                0x0000000008004bb8       0x32 /tmp/ccMNRXtp.ltrans0.ltrans.o
 .text._ZN8Password7collectEN8Keyboard3KeyE
                0x0000000008004bea       0x36 /tmp/ccMNRXtp.ltrans0.ltrans.o
 .text.EE_Init  0x0000000008004c20      0x3d4 /tmp/ccMNRXtp.ltrans0.ltrans.o
 .text._ZN6VEprom4initEv
                0x0000000008004ff4       0x2c /tmp/ccMNRXtp.ltrans0.ltrans.o
 .text._ZN9QuickTaskC2ENS_6QTTypeEPFvvEm
                0x0000000008005020       0x94 /tmp/ccMNRXtp.ltrans0.ltrans.o
 .text._ZN9QuickTask4pollEv
                0x00000000080050b4       0x68 /tmp/ccMNRXtp.ltrans0.ltrans.o
 .text._ZN9QuickTask4tickEm
                0x000000000800511c       0x6c /tmp/ccMNRXtp.ltrans0.ltrans.o
 .text.SysTick_Handler
                0x0000000008005188        0xe /tmp/ccMNRXtp.ltrans0.ltrans.o
 .text._ZN4Fifo9get_countEv
                0x0000000008005196       0x38 /tmp/ccMNRXtp.ltrans0.ltrans.o
 .text._ZN4Fifo3getEv
                0x00000000080051ce       0x5a /tmp/ccMNRXtp.ltrans0.ltrans.o
 .text._ZN8Keyboard13getFromBufferEv
                0x0000000008005228       0x44 /tmp/ccMNRXtp.ltrans0.ltrans.o
 .text._ZN8Keyboard6getKeyEv
                0x000000000800526c       0x1a /tmp/ccMNRXtp.ltrans0.ltrans.o
 .text._ZN4Fifo3putEh
                0x0000000008005286       0x6e /tmp/ccMNRXtp.ltrans0.ltrans.o
 .text._ZN11FrameBuffer7getLineEmP4Fifo
                0x00000000080052f4       0x78 /tmp/ccMNRXtp.ltrans0.ltrans.o
 .text._ZN3I2C8irqEventEv
                0x000000000800536c       0xc0 /tmp/ccMNRXtp.ltrans0.ltrans.o
 .text.I2C2_IRQHandler
                0x000000000800542c       0x14 /tmp/ccMNRXtp.ltrans0.ltrans.o
 .text.I2C1_IRQHandler
                0x0000000008005440       0x14 /tmp/ccMNRXtp.ltrans0.ltrans.o
 .text._ZN4Fifo6putAllEPS_
                0x0000000008005454       0x64 /tmp/ccMNRXtp.ltrans0.ltrans.o
 .text._ZN3I2C16masterWriteBlockEP4Fifo
                0x00000000080054b8      0x100 /tmp/ccMNRXtp.ltrans0.ltrans.o
 .text._ZN9ST7032iFB13sendCmdOrDataEbh
                0x00000000080055b8       0x66 /tmp/ccMNRXtp.ltrans0.ltrans.o
 .text._ZN9ST7032iFB11sendCommandEh
                0x000000000800561e       0x26 /tmp/ccMNRXtp.ltrans0.ltrans.o
 .text._ZN9ST7032iFB6gotoXYEhh
                0x0000000008005644       0x76 /tmp/ccMNRXtp.ltrans0.ltrans.o
 .text._ZN9ST7032iFB11sendCommandENS_10LcdCommandE
                0x00000000080056ba       0x26 /tmp/ccMNRXtp.ltrans0.ltrans.o
 .text._ZN3I2C14masterTransmitEP4Fifo
                0x00000000080056e0       0x20 /tmp/ccMNRXtp.ltrans0.ltrans.o
 .text._ZN9ST7032iFB8sendLineEm
                0x0000000008005700       0x5c /tmp/ccMNRXtp.ltrans0.ltrans.o
 .text._ZN9ST7032iFB7processEv
                0x000000000800575c       0xe8 /tmp/ccMNRXtp.ltrans0.ltrans.o
 .text._ZN9ST7032iFB4pollEv
                0x0000000008005844       0x18 /tmp/ccMNRXtp.ltrans0.ltrans.o
 .text._Z13dummyCallbackv
                0x000000000800585c        0xc /tmp/ccMNRXtp.ltrans0.ltrans.o
 .text._ZN8Keyboard11addToBufferENS_3KeyE
                0x0000000008005868       0x2c /tmp/ccMNRXtp.ltrans0.ltrans.o
 .text._ZN8Keyboard6co10msEv
                0x0000000008005894       0x8c /tmp/ccMNRXtp.ltrans0.ltrans.o
 .text._ZN4FifoC2EPhm
                0x0000000008005920       0x40 /tmp/ccMNRXtp.ltrans0.ltrans.o
 .text._Z41__static_initialization_and_destruction_0ii.lto_priv.5
                0x0000000008005960       0x74 /tmp/ccMNRXtp.ltrans0.ltrans.o
 .text._Z41__static_initialization_and_destruction_0ii.lto_priv.4
                0x00000000080059d4       0x44 /tmp/ccMNRXtp.ltrans0.ltrans.o
 .text._ZN8KeyboardC2EP4GpioS1_S1_S1_
                0x0000000008005a18       0x68 /tmp/ccMNRXtp.ltrans0.ltrans.o
 .text._GLOBAL__sub_D_pinout
                0x0000000008005a80       0x18 /tmp/ccMNRXtp.ltrans0.ltrans.o
 .text._GLOBAL__D_65535_1__cxx.o.8410
                0x0000000008005a98        0xc /tmp/ccMNRXtp.ltrans0.ltrans.o
 .text._GLOBAL__sub_I_pinout
                0x0000000008005aa4       0x18 /tmp/ccMNRXtp.ltrans0.ltrans.o
 .text._Z41__static_initialization_and_destruction_0ii.lto_priv.3
                0x0000000008005abc      0x194 /tmp/ccMNRXtp.ltrans0.ltrans.o
 .text._GLOBAL__sub_I__Z13pracaCallbackv
                0x0000000008005c50       0x18 /tmp/ccMNRXtp.ltrans0.ltrans.o
 .text._Z41__static_initialization_and_destruction_0ii.lto_priv.2
                0x0000000008005c68       0x38 /tmp/ccMNRXtp.ltrans0.ltrans.o
 .text._ZN4Menu9showEkranEv
                0x0000000008005ca0      0x7cc /tmp/ccMNRXtp.ltrans0.ltrans.o
 .text._ZN4Menu9goToEkranENS_5EKRANE
                0x000000000800646c       0x60 /tmp/ccMNRXtp.ltrans0.ltrans.o
 .text._GLOBAL__sub_I__ZN8Hardware4initEv
                0x00000000080064cc       0x18 /tmp/ccMNRXtp.ltrans0.ltrans.o
 .text._Z41__static_initialization_and_destruction_0ii.lto_priv.1
                0x00000000080064e4       0x48 /tmp/ccMNRXtp.ltrans0.ltrans.o
 .text._ZN8Hardware12delayMsDirtyEm
                0x000000000800652c       0x16 /tmp/ccMNRXtp.ltrans0.ltrans.o
 .text._ZN9ST7032iFB12delayMsDirtyEm
                0x0000000008006542       0x18 /tmp/ccMNRXtp.ltrans0.ltrans.o
 *fill*         0x000000000800655a        0x2 
 .text._ZN9ST7032iFB4initEP3I2CP4GpioS3_
                0x000000000800655c      0x178 /tmp/ccMNRXtp.ltrans0.ltrans.o
 .text._ZN8Hardware9NVIC_initEv
                0x00000000080066d4        0x8 /tmp/ccMNRXtp.ltrans0.ltrans.o
 .text._ZN8Hardware11WDOG_ReloadEv
                0x00000000080066dc       0x18 /tmp/ccMNRXtp.ltrans0.ltrans.o
 .text._ZN8Hardware9WDOG_InitEv
                0x00000000080066f4       0x30 /tmp/ccMNRXtp.ltrans0.ltrans.o
 .text._ZL7rccInitv
                0x0000000008006724       0x64 /tmp/ccMNRXtp.ltrans0.ltrans.o
 .text._ZL13flash_latencym
                0x0000000008006788       0x34 /tmp/ccMNRXtp.ltrans0.ltrans.o
 .text._ZL12pll_start_lbmm
                0x00000000080067bc       0xfc /tmp/ccMNRXtp.ltrans0.ltrans.o
 .text._GLOBAL__sub_I_hmi
                0x00000000080068b8       0x18 /tmp/ccMNRXtp.ltrans0.ltrans.o
 .text._GLOBAL__I_65535_0__cxx.o.8405
                0x00000000080068d0       0x1c /tmp/ccMNRXtp.ltrans0.ltrans.o
 .text._Z41__static_initialization_and_destruction_0ii.lto_priv.0
                0x00000000080068ec       0x44 /tmp/ccMNRXtp.ltrans0.ltrans.o
 .text._ZN3HMI11getInstanceEv
                0x0000000008006930       0x10 /tmp/ccMNRXtp.ltrans0.ltrans.o
 .text._ZN5Praca14isCloseRequestEv
                0x0000000008006940       0x74 /tmp/ccMNRXtp.ltrans0.ltrans.o
 .text._ZN5Praca13isOpenRequestEv
                0x00000000080069b4       0x80 /tmp/ccMNRXtp.ltrans0.ltrans.o
 .text._ZN5Praca4pollEv
                0x0000000008006a34      0x250 /tmp/ccMNRXtp.ltrans0.ltrans.o
 .text._Z13pracaCallbackv
                0x0000000008006c84       0x18 /tmp/ccMNRXtp.ltrans0.ltrans.o
 .text._ZN4Menu4pollEv
                0x0000000008006c9c      0x56c /tmp/ccMNRXtp.ltrans0.ltrans.o
 .text._ZN5Front4pollEv
                0x0000000008007208       0xe4 /tmp/ccMNRXtp.ltrans0.ltrans.o
 .text._ZN3HMI4pollEv
                0x00000000080072ec       0xd4 /tmp/ccMNRXtp.ltrans0.ltrans.o
 .text._ZL12hmi_callbackv
                0x00000000080073c0       0x14 /tmp/ccMNRXtp.ltrans0.ltrans.o
 .text.SetSysClock
                0x00000000080073d4       0xdc /tmp/ccMNRXtp.ltrans0.ltrans.o
 .text.SystemCoreClockUpdate
                0x00000000080074b0       0xdc /tmp/ccMNRXtp.ltrans0.ltrans.o
 .text._ZN8Hardware4initEv
                0x000000000800758c       0x58 /tmp/ccMNRXtp.ltrans0.ltrans.o
 .text.main     0x00000000080075e4      0x12c /tmp/ccMNRXtp.ltrans0.ltrans.o
 .text.SystemInit
                0x0000000008007710       0x8c /tmp/ccMNRXtp.ltrans0.ltrans.o
 .text.__reset_hardware
                0x000000000800779c        0x8 /tmp/ccMNRXtp.ltrans0.ltrans.o
 .text.__initialize_hardware
                0x00000000080077a4        0xc /tmp/ccMNRXtp.ltrans0.ltrans.o
 .text.__initialize_hardware_early
                0x00000000080077b0        0xc /tmp/ccMNRXtp.ltrans0.ltrans.o
 .text.__initialize_args
                0x00000000080077bc       0x20 /tmp/ccMNRXtp.ltrans0.ltrans.o
 .text._exit    0x00000000080077dc        0xc /tmp/ccMNRXtp.ltrans0.ltrans.o
 .text.abort    0x00000000080077e8       0x14 /tmp/ccMNRXtp.ltrans0.ltrans.o
 .text.__cxa_pure_virtual
                0x00000000080077fc       0x14 /tmp/ccMNRXtp.ltrans0.ltrans.o
 .text._ZdlPvj  0x0000000008007810        0x8 /home/opt/arm-toolchains/gcc-arm-none-eabi-7-2018-q2-update/bin/../lib/gcc/arm-none-eabi/7.3.1/../../../../arm-none-eabi/lib/thumb/v6-m/libstdc++_nano.a(del_ops.o)
                0x0000000008007810                operator delete(void*, unsigned int)
 .text._ZdlPv   0x0000000008007818        0x8 /home/opt/arm-toolchains/gcc-arm-none-eabi-7-2018-q2-update/bin/../lib/gcc/arm-none-eabi/7.3.1/../../../../arm-none-eabi/lib/thumb/v6-m/libstdc++_nano.a(del_op.o)
                0x0000000008007818                operator delete(void*)
 .text.free     0x0000000008007820       0x14 /home/opt/arm-toolchains/gcc-arm-none-eabi-7-2018-q2-update/bin/../lib/gcc/arm-none-eabi/7.3.1/../../../../arm-none-eabi/lib/thumb/v6-m/libg_nano.a(lib_a-malloc.o)
                0x0000000008007820                free
 .text._free_r  0x0000000008007834       0x94 /home/opt/arm-toolchains/gcc-arm-none-eabi-7-2018-q2-update/bin/../lib/gcc/arm-none-eabi/7.3.1/../../../../arm-none-eabi/lib/thumb/v6-m/libg_nano.a(lib_a-nano-freer.o)
                0x0000000008007834                _free_r
 .text          0x00000000080078c8        0xe /home/opt/arm-toolchains/gcc-arm-none-eabi-7-2018-q2-update/bin/../lib/gcc/arm-none-eabi/7.3.1/../../../../arm-none-eabi/lib/thumb/v6-m/libg_nano.a(lib_a-strlen.o)
                0x00000000080078c8                strlen
 .text.__malloc_lock
                0x00000000080078d6        0x2 /home/opt/arm-toolchains/gcc-arm-none-eabi-7-2018-q2-update/bin/../lib/gcc/arm-none-eabi/7.3.1/../../../../arm-none-eabi/lib/thumb/v6-m/libg_nano.a(lib_a-mlock.o)
                0x00000000080078d6                __malloc_lock
 .text.__malloc_unlock
                0x00000000080078d8        0x2 /home/opt/arm-toolchains/gcc-arm-none-eabi-7-2018-q2-update/bin/../lib/gcc/arm-none-eabi/7.3.1/../../../../arm-none-eabi/lib/thumb/v6-m/libg_nano.a(lib_a-mlock.o)
                0x00000000080078d8                __malloc_unlock
 *fill*         0x00000000080078da        0x2 
 .text          0x00000000080078dc      0x114 /home/opt/arm-toolchains/gcc-arm-none-eabi-7-2018-q2-update/bin/../lib/gcc/arm-none-eabi/7.3.1/thumb/v6-m/libgcc.a(_udivsi3.o)
                0x00000000080078dc                __udivsi3
                0x00000000080078dc                __aeabi_uidiv
                0x00000000080079e8                __aeabi_uidivmod
 .text          0x00000000080079f0        0x4 /home/opt/arm-toolchains/gcc-arm-none-eabi-7-2018-q2-update/bin/../lib/gcc/arm-none-eabi/7.3.1/thumb/v6-m/libgcc.a(_dvmd_tls.o)
                0x00000000080079f0                __aeabi_ldiv0
                0x00000000080079f0                __aeabi_idiv0
 .text.memset   0x00000000080079f4       0x10 /home/opt/arm-toolchains/gcc-arm-none-eabi-7-2018-q2-update/bin/../lib/gcc/arm-none-eabi/7.3.1/../../../../arm-none-eabi/lib/thumb/v6-m/libg_nano.a(lib_a-memset.o)
                0x00000000080079f4                memset
 *(.rodata .rodata.* .constdata .constdata.*)
 .rodata._ZN9Sterownik13getOpisNapeduENS_5NAPEDE.str1.4
                0x0000000008007a04       0x49 /tmp/ccMNRXtp.ltrans0.ltrans.o
 *fill*         0x0000000008007a4d        0x3 
 .rodata._ZN9Sterownik13getOpisNapeduENS_5NAPEDE
                0x0000000008007a50       0x18 /tmp/ccMNRXtp.ltrans0.ltrans.o
 .rodata._ZN9Sterownik9initNapedEv
                0x0000000008007a68       0x18 /tmp/ccMNRXtp.ltrans0.ltrans.o
 .rodata._ZN8Hardware13errorDispatchENS_9ErrorCodeE
                0x0000000008007a80       0x14 /tmp/ccMNRXtp.ltrans0.ltrans.o
 .rodata._ZN3Led4tickEm
                0x0000000008007a94       0x1c /tmp/ccMNRXtp.ltrans0.ltrans.o
 .rodata._ZN10HBridgePWM4pollEv
                0x0000000008007ab0       0x14 /tmp/ccMNRXtp.ltrans0.ltrans.o
 .rodata._ZN9ST7032iFB7processEv
                0x0000000008007ac4       0x14 /tmp/ccMNRXtp.ltrans0.ltrans.o
 .rodata._ZN4Menu9showEkranEv.str1.4
                0x0000000008007ad8      0x1d1 /tmp/ccMNRXtp.ltrans0.ltrans.o
                                        0x1d9 (size before relaxing)
 *fill*         0x0000000008007ca9        0x3 
 .rodata._ZN4Menu9showEkranEv
                0x0000000008007cac       0x40 /tmp/ccMNRXtp.ltrans0.ltrans.o
 .rodata._ZN4Menu4pollEv
                0x0000000008007cec       0x40 /tmp/ccMNRXtp.ltrans0.ltrans.o
 .rodata._ZN5Front4pollEv
                0x0000000008007d2c       0x14 /tmp/ccMNRXtp.ltrans0.ltrans.o
 .rodata.abort.str1.4
                0x0000000008007d40       0x14 /tmp/ccMNRXtp.ltrans0.ltrans.o
 .rodata._ZZ18__cxa_pure_virtualE8__func__
                0x0000000008007d54       0x13 /tmp/ccMNRXtp.ltrans0.ltrans.o
 *fill*         0x0000000008007d67        0x1 
 .rodata._ZN8Password15servicePasswordE
                0x0000000008007d68        0x8 /tmp/ccMNRXtp.ltrans0.ltrans.o
 .rodata._ZTV12SilnikNapedu
                0x0000000008007d70       0x1c /tmp/ccMNRXtp.ltrans0.ltrans.o
 .rodata._ZTV7HBridge
                0x0000000008007d8c       0x20 /tmp/ccMNRXtp.ltrans0.ltrans.o
 .rodata._ZTV10HBridgePWM
                0x0000000008007dac       0x20 /tmp/ccMNRXtp.ltrans0.ltrans.o
 .rodata._ZTV17CallbackInterface
                0x0000000008007dcc       0x14 /tmp/ccMNRXtp.ltrans0.ltrans.o
 .rodata._ZTV9ST7032iFB
                0x0000000008007de0       0x14 /tmp/ccMNRXtp.ltrans0.ltrans.o
 .rodata._ZTV11Silnik24VDC
                0x0000000008007df4       0x1c /tmp/ccMNRXtp.ltrans0.ltrans.o
 .rodata._ZTV11HBridgeGPIO
                0x0000000008007e10       0x20 /tmp/ccMNRXtp.ltrans0.ltrans.o
 .rodata._ZTV12Silnik230VAC
                0x0000000008007e30       0x1c /tmp/ccMNRXtp.ltrans0.ltrans.o
 .rodata._ZTV11FrameBuffer
                0x0000000008007e4c       0x10 /tmp/ccMNRXtp.ltrans0.ltrans.o
 *(vtable)
 *(.eh_frame*)
 *(.glue_7)
 .glue_7        0x0000000008007e5c        0x0 linker stubs
 *(.glue_7t)
 .glue_7t       0x0000000008007e5c        0x0 linker stubs

.vfp11_veneer   0x0000000008007e5c        0x0
 .vfp11_veneer  0x0000000008007e5c        0x0 linker stubs

.v4_bx          0x0000000008007e5c        0x0
 .v4_bx         0x0000000008007e5c        0x0 linker stubs

.iplt           0x0000000008007e5c        0x0
 .iplt          0x0000000008007e5c        0x0 /home/opt/arm-toolchains/gcc-arm-none-eabi-7-2018-q2-update/bin/../lib/gcc/arm-none-eabi/7.3.1/../../../../arm-none-eabi/lib/thumb/v6-m/libstdc++_nano.a(del_ops.o)

.rel.dyn        0x0000000008007e5c        0x0
 .rel.iplt      0x0000000008007e5c        0x0 /home/opt/arm-toolchains/gcc-arm-none-eabi-7-2018-q2-update/bin/../lib/gcc/arm-none-eabi/7.3.1/../../../../arm-none-eabi/lib/thumb/v6-m/libstdc++_nano.a(del_ops.o)

.ARM.extab
 *(.ARM.extab* .gnu.linkonce.armextab.*)
                0x0000000008007e5c                . = ALIGN (0x4)
                0x0000000008007e5c                __exidx_start = .

.ARM.exidx
 *(.ARM.exidx* .gnu.linkonce.armexidx.*)
                0x0000000008007e5c                __exidx_end = .
                0x0000000008007e5c                . = ALIGN (0x4)
                0x0000000008007e5c                _etext = .
                0x0000000008007e5c                __etext = .

.data_CCMRAM    0x0000000000000000        0x0 load address 0x0000000008007e5c
 FILL mask 0xff
 *(.data.CCMRAM .data.CCMRAM.*)
                0x0000000000000000                . = ALIGN (0x4)
                0x0000000008007e5c                _sidata = LOADADDR (.data)

.data           0x0000000020000000       0xb0 load address 0x0000000008007e5c
 FILL mask 0xff
                0x0000000020000000                _sdata = .
                0x0000000020000000                __data_start__ = .
 *(.data_begin .data_begin.*)
 *(.data .data.*)
 .data.argv.4310
                0x0000000020000000        0x8 /tmp/ccMNRXtp.ltrans0.ltrans.o
 .data.AHBPrescTable
                0x0000000020000008       0x10 /tmp/ccMNRXtp.ltrans0.ltrans.o
 .data.SystemCoreClock
                0x0000000020000018        0x4 /tmp/ccMNRXtp.ltrans0.ltrans.o
 .data.praca    0x000000002000001c        0x4 /tmp/ccMNRXtp.ltrans0.ltrans.o
 .data.sterM    0x0000000020000020        0x4 /tmp/ccMNRXtp.ltrans0.ltrans.o
 .data.i2cDefs  0x0000000020000024       0x10 /tmp/ccMNRXtp.ltrans0.ltrans.o
 .data.pins     0x0000000020000034        0x4 /tmp/ccMNRXtp.ltrans0.ltrans.o
 .data._ZN9QuickTask6holdedE
                0x0000000020000038        0x1 /tmp/ccMNRXtp.ltrans0.ltrans.o
 *fill*         0x0000000020000039        0x3 ff
 .data.job      0x000000002000003c       0x10 /tmp/ccMNRXtp.ltrans0.ltrans.o
 .data._impure_ptr
                0x000000002000004c        0x4 /home/opt/arm-toolchains/gcc-arm-none-eabi-7-2018-q2-update/bin/../lib/gcc/arm-none-eabi/7.3.1/../../../../arm-none-eabi/lib/thumb/v6-m/libg_nano.a(lib_a-impure.o)
                0x000000002000004c                _impure_ptr
 .data.impure_data
                0x0000000020000050       0x60 /home/opt/arm-toolchains/gcc-arm-none-eabi-7-2018-q2-update/bin/../lib/gcc/arm-none-eabi/7.3.1/../../../../arm-none-eabi/lib/thumb/v6-m/libg_nano.a(lib_a-impure.o)
 *(.data_end .data_end.*)
                0x00000000200000b0                . = ALIGN (0x4)
                0x00000000200000b0                _edata = .
                0x00000000200000b0                __data_end__ = .

.igot.plt       0x00000000200000b0        0x0 load address 0x0000000008007f0c
 .igot.plt      0x00000000200000b0        0x0 /home/opt/arm-toolchains/gcc-arm-none-eabi-7-2018-q2-update/bin/../lib/gcc/arm-none-eabi/7.3.1/../../../../arm-none-eabi/lib/thumb/v6-m/libstdc++_nano.a(del_ops.o)

.bss_CCMRAM     0x0000000000000000        0x0
 *(.bss.CCMRAM .bss.CCMRAM.*)

.bss            0x00000000200000b0      0x4a0
                0x00000000200000b0                __bss_start__ = .
                0x00000000200000b0                _sbss = .
 *(.bss_begin .bss_begin.*)
 *(.bss .bss.*)
 .bss._ZZN8Keyboard6co10msEvE6oldKey
                0x00000000200000b0        0x1 /tmp/ccMNRXtp.ltrans0.ltrans.o
 *fill*         0x00000000200000b1        0x3 
 .bss.hmiQtsk   0x00000000200000b4       0x14 /tmp/ccMNRXtp.ltrans0.ltrans.o
 .bss.hmi       0x00000000200000c8       0x2c /tmp/ccMNRXtp.ltrans0.ltrans.o
 .bss._ZN8Hardware11adcDmaErrorE
                0x00000000200000f4        0x1 /tmp/ccMNRXtp.ltrans0.ltrans.o
 *fill*         0x00000000200000f5        0x3 
 .bss.gpioPomZas24V
                0x00000000200000f8        0x8 /tmp/ccMNRXtp.ltrans0.ltrans.o
 .bss.gpioPomSygnL
                0x0000000020000100        0x8 /tmp/ccMNRXtp.ltrans0.ltrans.o
 .bss.pracaQtsk
                0x0000000020000108       0x14 /tmp/ccMNRXtp.ltrans0.ltrans.o
 .bss.hBridgeQtsk
                0x000000002000011c       0x14 /tmp/ccMNRXtp.ltrans0.ltrans.o
 .bss.menu      0x0000000020000130       0x2c /tmp/ccMNRXtp.ltrans0.ltrans.o
 .bss.sterBramDym
                0x000000002000015c       0x14 /tmp/ccMNRXtp.ltrans0.ltrans.o
 .bss.st7032iDriver
                0x0000000020000170       0x1c /tmp/ccMNRXtp.ltrans0.ltrans.o
 .bss.i2c       0x000000002000018c        0x4 /tmp/ccMNRXtp.ltrans0.ltrans.o
 .bss.silnik230VAC
                0x0000000020000190       0x10 /tmp/ccMNRXtp.ltrans0.ltrans.o
 .bss.silnik24VDC
                0x00000000200001a0       0x14 /tmp/ccMNRXtp.ltrans0.ltrans.o
 .bss.hamulec   0x00000000200001b4        0x8 /tmp/ccMNRXtp.ltrans0.ltrans.o
 .bss.hBridgeSilnik
                0x00000000200001bc       0x30 /tmp/ccMNRXtp.ltrans0.ltrans.o
 .bss.hBridgeHamulec
                0x00000000200001ec       0x1c /tmp/ccMNRXtp.ltrans0.ltrans.o
 .bss.front     0x0000000020000208       0x14 /tmp/ccMNRXtp.ltrans0.ltrans.o
 .bss.keys      0x000000002000021c       0x2c /tmp/ccMNRXtp.ltrans0.ltrans.o
 .bss.pinout    0x0000000020000248      0x1b8 /tmp/ccMNRXtp.ltrans0.ltrans.o
 .bss._ZN9QuickTask12milisCounterE
                0x0000000020000400        0x4 /tmp/ccMNRXtp.ltrans0.ltrans.o
 .bss.taskbase  0x0000000020000404        0x4 /tmp/ccMNRXtp.ltrans0.ltrans.o
 .bss.DataVar   0x0000000020000408        0x2 /tmp/ccMNRXtp.ltrans0.ltrans.o
 *fill*         0x000000002000040a        0x2 
 .bss.VirtAddVarTab
                0x000000002000040c       0x14 /tmp/ccMNRXtp.ltrans0.ltrans.o
 .bss.buffer    0x0000000020000420       0x64 /tmp/ccMNRXtp.ltrans0.ltrans.o
 .bss.dataFrame
                0x0000000020000484       0x18 /tmp/ccMNRXtp.ltrans0.ltrans.o
 .bss.i2cInstance
                0x000000002000049c       0x10 /tmp/ccMNRXtp.ltrans0.ltrans.o
 .bss._ZN9ST7032iFB14callbackObjectE
                0x00000000200004ac        0x4 /tmp/ccMNRXtp.ltrans0.ltrans.o
 .bss.dataTab2  0x00000000200004b0       0x25 /tmp/ccMNRXtp.ltrans0.ltrans.o
 *fill*         0x00000000200004d5        0x3 
 .bss.dataFifo  0x00000000200004d8       0x18 /tmp/ccMNRXtp.ltrans0.ltrans.o
 .bss.dataTab1  0x00000000200004f0       0x25 /tmp/ccMNRXtp.ltrans0.ltrans.o
 *fill*         0x0000000020000515        0x3 
 .bss.frame_buffer
                0x0000000020000518       0x1c /tmp/ccMNRXtp.ltrans0.ltrans.o
 .bss.st7032Task
                0x0000000020000534       0x14 /tmp/ccMNRXtp.ltrans0.ltrans.o
 .bss.name.4309
                0x0000000020000548        0x1 /tmp/ccMNRXtp.ltrans0.ltrans.o
 *fill*         0x0000000020000549        0x3 
 .bss.__malloc_free_list
                0x000000002000054c        0x4 /home/opt/arm-toolchains/gcc-arm-none-eabi-7-2018-q2-update/bin/../lib/gcc/arm-none-eabi/7.3.1/../../../../arm-none-eabi/lib/thumb/v6-m/libg_nano.a(lib_a-nano-mallocr.o)
                0x000000002000054c                __malloc_free_list
 *(COMMON)
 *(.bss_end .bss_end.*)
                0x0000000020000550                . = ALIGN (0x4)
                0x0000000020000550                __bss_end__ = .
                0x0000000020000550                _ebss = .

.noinit_CCMRAM
 *(.noinit.CCMRAM .noinit.CCMRAM.*)

.noinit         0x0000000020000550        0x0
                0x0000000020000550                _noinit = .
 *(.noinit .noinit.*)
                0x0000000020000550                . = ALIGN (0x4)
                0x0000000020000550                _end_noinit = .
                [!provide]                        PROVIDE (end = _end_noinit)
                [!provide]                        PROVIDE (_end = _end_noinit)
                [!provide]                        PROVIDE (__end = _end_noinit)
                [!provide]                        PROVIDE (__end__ = _end_noinit)

._check_stack   0x0000000020000550      0x100
                0x0000000020000650                . = (. + _Minimum_Stack_Size)
 *fill*         0x0000000020000550      0x100 

.b1text
 *(.b1text)
 *(.b1rodata)
 *(.b1rodata.*)

.eb0text
 *(.eb0text)
 *(.eb0rodata)
 *(.eb0rodata.*)

.eb1text
 *(.eb1text)
 *(.eb1rodata)
 *(.eb1rodata.*)

.eb2text
 *(.eb2text)
 *(.eb2rodata)
 *(.eb2rodata.*)

.eb3text
 *(.eb3text)
 *(.eb3rodata)
 *(.eb3rodata.*)

.stab
 *(.stab)

.stabstr
 *(.stabstr)

.stab.excl
 *(.stab.excl)

.stab.exclstr
 *(.stab.exclstr)

.stab.index
 *(.stab.index)

.stab.indexstr
 *(.stab.indexstr)

.comment        0x0000000000000000       0x7f
 *(.comment)
 .comment       0x0000000000000000       0x7f /tmp/ccMNRXtp.ltrans0.ltrans.o
                                         0x80 (size before relaxing)

.ARM.attributes
                0x0000000000000000       0x2f
 .ARM.attributes
                0x0000000000000000       0x2f /tmp/ccMNRXtp.ltrans0.ltrans.o
 .ARM.attributes
                0x000000000000002f       0x2c /home/opt/arm-toolchains/gcc-arm-none-eabi-7-2018-q2-update/bin/../lib/gcc/arm-none-eabi/7.3.1/../../../../arm-none-eabi/lib/thumb/v6-m/libstdc++_nano.a(del_ops.o)
 .ARM.attributes
                0x000000000000005b       0x2c /home/opt/arm-toolchains/gcc-arm-none-eabi-7-2018-q2-update/bin/../lib/gcc/arm-none-eabi/7.3.1/../../../../arm-none-eabi/lib/thumb/v6-m/libstdc++_nano.a(del_op.o)
 .ARM.attributes
                0x0000000000000087       0x2c /home/opt/arm-toolchains/gcc-arm-none-eabi-7-2018-q2-update/bin/../lib/gcc/arm-none-eabi/7.3.1/../../../../arm-none-eabi/lib/thumb/v6-m/libg_nano.a(lib_a-impure.o)
 .ARM.attributes
                0x00000000000000b3       0x2c /home/opt/arm-toolchains/gcc-arm-none-eabi-7-2018-q2-update/bin/../lib/gcc/arm-none-eabi/7.3.1/../../../../arm-none-eabi/lib/thumb/v6-m/libg_nano.a(lib_a-malloc.o)
 .ARM.attributes
                0x00000000000000df       0x2c /home/opt/arm-toolchains/gcc-arm-none-eabi-7-2018-q2-update/bin/../lib/gcc/arm-none-eabi/7.3.1/../../../../arm-none-eabi/lib/thumb/v6-m/libg_nano.a(lib_a-nano-freer.o)
 .ARM.attributes
                0x000000000000010b       0x2c /home/opt/arm-toolchains/gcc-arm-none-eabi-7-2018-q2-update/bin/../lib/gcc/arm-none-eabi/7.3.1/../../../../arm-none-eabi/lib/thumb/v6-m/libg_nano.a(lib_a-nano-mallocr.o)
 .ARM.attributes
                0x0000000000000137       0x1c /home/opt/arm-toolchains/gcc-arm-none-eabi-7-2018-q2-update/bin/../lib/gcc/arm-none-eabi/7.3.1/../../../../arm-none-eabi/lib/thumb/v6-m/libg_nano.a(lib_a-strlen.o)
 .ARM.attributes
                0x0000000000000153       0x2c /home/opt/arm-toolchains/gcc-arm-none-eabi-7-2018-q2-update/bin/../lib/gcc/arm-none-eabi/7.3.1/../../../../arm-none-eabi/lib/thumb/v6-m/libg_nano.a(lib_a-mlock.o)
 .ARM.attributes
                0x000000000000017f       0x1e /home/opt/arm-toolchains/gcc-arm-none-eabi-7-2018-q2-update/bin/../lib/gcc/arm-none-eabi/7.3.1/thumb/v6-m/libgcc.a(_udivsi3.o)
 .ARM.attributes
                0x000000000000019d       0x1e /home/opt/arm-toolchains/gcc-arm-none-eabi-7-2018-q2-update/bin/../lib/gcc/arm-none-eabi/7.3.1/thumb/v6-m/libgcc.a(_dvmd_tls.o)
 .ARM.attributes
                0x00000000000001bb       0x2c /home/opt/arm-toolchains/gcc-arm-none-eabi-7-2018-q2-update/bin/../lib/gcc/arm-none-eabi/7.3.1/../../../../arm-none-eabi/lib/thumb/v6-m/libg_nano.a(lib_a-memset.o)

.debug
 *(.debug)

.line
 *(.line)

.debug_srcinfo
 *(.debug_srcinfo)

.debug_sfnames
 *(.debug_sfnames)

.debug_aranges  0x0000000000000000      0xc10
 *(.debug_aranges)
 .debug_aranges
                0x0000000000000000      0xc10 /tmp/ccMNRXtp.ltrans0.ltrans.o

.debug_pubnames
 *(.debug_pubnames)

.debug_info     0x0000000000000000     0xa03f
 *(.debug_info .gnu.linkonce.wi.*)
 .debug_info    0x0000000000000000     0xa03f /tmp/ccMNRXtp.ltrans0.ltrans.o

.debug_abbrev   0x0000000000000000      0x8d4
 *(.debug_abbrev)
 .debug_abbrev  0x0000000000000000      0x8d4 /tmp/ccMNRXtp.ltrans0.ltrans.o

.debug_line     0x0000000000000000     0x2c13
 *(.debug_line)
 .debug_line    0x0000000000000000     0x2c13 /tmp/ccMNRXtp.ltrans0.ltrans.o

.debug_frame    0x0000000000000000     0x3134
 *(.debug_frame)
 .debug_frame   0x0000000000000000     0x2fdc /tmp/ccMNRXtp.ltrans0.ltrans.o
 .debug_frame   0x0000000000002fdc       0x28 /home/opt/arm-toolchains/gcc-arm-none-eabi-7-2018-q2-update/bin/../lib/gcc/arm-none-eabi/7.3.1/../../../../arm-none-eabi/lib/thumb/v6-m/libstdc++_nano.a(del_ops.o)
 .debug_frame   0x0000000000003004       0x28 /home/opt/arm-toolchains/gcc-arm-none-eabi-7-2018-q2-update/bin/../lib/gcc/arm-none-eabi/7.3.1/../../../../arm-none-eabi/lib/thumb/v6-m/libstdc++_nano.a(del_op.o)
 .debug_frame   0x000000000000302c       0x40 /home/opt/arm-toolchains/gcc-arm-none-eabi-7-2018-q2-update/bin/../lib/gcc/arm-none-eabi/7.3.1/../../../../arm-none-eabi/lib/thumb/v6-m/libg_nano.a(lib_a-malloc.o)
 .debug_frame   0x000000000000306c       0x2c /home/opt/arm-toolchains/gcc-arm-none-eabi-7-2018-q2-update/bin/../lib/gcc/arm-none-eabi/7.3.1/../../../../arm-none-eabi/lib/thumb/v6-m/libg_nano.a(lib_a-nano-freer.o)
 .debug_frame   0x0000000000003098       0x2c /home/opt/arm-toolchains/gcc-arm-none-eabi-7-2018-q2-update/bin/../lib/gcc/arm-none-eabi/7.3.1/../../../../arm-none-eabi/lib/thumb/v6-m/libg_nano.a(lib_a-nano-mallocr.o)
 .debug_frame   0x00000000000030c4       0x30 /home/opt/arm-toolchains/gcc-arm-none-eabi-7-2018-q2-update/bin/../lib/gcc/arm-none-eabi/7.3.1/../../../../arm-none-eabi/lib/thumb/v6-m/libg_nano.a(lib_a-mlock.o)
 .debug_frame   0x00000000000030f4       0x20 /home/opt/arm-toolchains/gcc-arm-none-eabi-7-2018-q2-update/bin/../lib/gcc/arm-none-eabi/7.3.1/thumb/v6-m/libgcc.a(_udivsi3.o)
 .debug_frame   0x0000000000003114       0x20 /home/opt/arm-toolchains/gcc-arm-none-eabi-7-2018-q2-update/bin/../lib/gcc/arm-none-eabi/7.3.1/../../../../arm-none-eabi/lib/thumb/v6-m/libg_nano.a(lib_a-memset.o)

.debug_str      0x0000000000000000     0x2d83
 *(.debug_str)
 .debug_str     0x0000000000000000     0x2d83 /tmp/ccMNRXtp.ltrans0.ltrans.o
                                       0x2ffa (size before relaxing)

.debug_loc
 *(.debug_loc)

.debug_macinfo
 *(.debug_macinfo)

.debug_weaknames
 *(.debug_weaknames)

.debug_funcnames
 *(.debug_funcnames)

.debug_typenames
 *(.debug_typenames)

.debug_varnames
 *(.debug_varnames)
OUTPUT(sterM.elf elf32-littlearm)

.debug_ranges   0x0000000000000000      0xc50
 .debug_ranges  0x0000000000000000      0xc50 /tmp/ccMNRXtp.ltrans0.ltrans.o
