Archive member included to satisfy reference by file (symbol)

/home/opt/arm-toolchains/gcc-arm-none-eabi-7-2018-q2-update/bin/../lib/gcc/arm-none-eabi/7.3.1/../../../../arm-none-eabi/lib/thumb/v6-m/libstdc++_nano.a(del_ops.o)
                              ./src/main.o (operator delete(void*, unsigned int))
/home/opt/arm-toolchains/gcc-arm-none-eabi-7-2018-q2-update/bin/../lib/gcc/arm-none-eabi/7.3.1/../../../../arm-none-eabi/lib/thumb/v6-m/libstdc++_nano.a(del_op.o)
                              /home/opt/arm-toolchains/gcc-arm-none-eabi-7-2018-q2-update/bin/../lib/gcc/arm-none-eabi/7.3.1/../../../../arm-none-eabi/lib/thumb/v6-m/libstdc++_nano.a(del_ops.o) (operator delete(void*))
/home/opt/arm-toolchains/gcc-arm-none-eabi-7-2018-q2-update/bin/../lib/gcc/arm-none-eabi/7.3.1/thumb/v6-m/libgcc.a(_udivsi3.o)
                              ./system/src/cmsis/system_stm32f0xx.o (__aeabi_uidiv)
/home/opt/arm-toolchains/gcc-arm-none-eabi-7-2018-q2-update/bin/../lib/gcc/arm-none-eabi/7.3.1/thumb/v6-m/libgcc.a(_divsi3.o)
                              ./lbutils/myUtils.o (__aeabi_idiv)
/home/opt/arm-toolchains/gcc-arm-none-eabi-7-2018-q2-update/bin/../lib/gcc/arm-none-eabi/7.3.1/thumb/v6-m/libgcc.a(_dvmd_tls.o)
                              /home/opt/arm-toolchains/gcc-arm-none-eabi-7-2018-q2-update/bin/../lib/gcc/arm-none-eabi/7.3.1/thumb/v6-m/libgcc.a(_udivsi3.o) (__aeabi_idiv0)
/home/opt/arm-toolchains/gcc-arm-none-eabi-7-2018-q2-update/bin/../lib/gcc/arm-none-eabi/7.3.1/../../../../arm-none-eabi/lib/thumb/v6-m/libg_nano.a(lib_a-errno.o)
                              ./system/src/newlib/_sbrk.o (__errno)
/home/opt/arm-toolchains/gcc-arm-none-eabi-7-2018-q2-update/bin/../lib/gcc/arm-none-eabi/7.3.1/../../../../arm-none-eabi/lib/thumb/v6-m/libg_nano.a(lib_a-impure.o)
                              /home/opt/arm-toolchains/gcc-arm-none-eabi-7-2018-q2-update/bin/../lib/gcc/arm-none-eabi/7.3.1/../../../../arm-none-eabi/lib/thumb/v6-m/libg_nano.a(lib_a-errno.o) (_impure_ptr)
/home/opt/arm-toolchains/gcc-arm-none-eabi-7-2018-q2-update/bin/../lib/gcc/arm-none-eabi/7.3.1/../../../../arm-none-eabi/lib/thumb/v6-m/libg_nano.a(lib_a-isdigit.o)
                              ./src/Menu.o (isdigit)
/home/opt/arm-toolchains/gcc-arm-none-eabi-7-2018-q2-update/bin/../lib/gcc/arm-none-eabi/7.3.1/../../../../arm-none-eabi/lib/thumb/v6-m/libg_nano.a(lib_a-locale.o)
                              /home/opt/arm-toolchains/gcc-arm-none-eabi-7-2018-q2-update/bin/../lib/gcc/arm-none-eabi/7.3.1/../../../../arm-none-eabi/lib/thumb/v6-m/libg_nano.a(lib_a-isdigit.o) (__locale_ctype_ptr)
/home/opt/arm-toolchains/gcc-arm-none-eabi-7-2018-q2-update/bin/../lib/gcc/arm-none-eabi/7.3.1/../../../../arm-none-eabi/lib/thumb/v6-m/libg_nano.a(lib_a-malloc.o)
                              /home/opt/arm-toolchains/gcc-arm-none-eabi-7-2018-q2-update/bin/../lib/gcc/arm-none-eabi/7.3.1/../../../../arm-none-eabi/lib/thumb/v6-m/libstdc++_nano.a(del_op.o) (free)
/home/opt/arm-toolchains/gcc-arm-none-eabi-7-2018-q2-update/bin/../lib/gcc/arm-none-eabi/7.3.1/../../../../arm-none-eabi/lib/thumb/v6-m/libg_nano.a(lib_a-mbtowc_r.o)
                              /home/opt/arm-toolchains/gcc-arm-none-eabi-7-2018-q2-update/bin/../lib/gcc/arm-none-eabi/7.3.1/../../../../arm-none-eabi/lib/thumb/v6-m/libg_nano.a(lib_a-locale.o) (__ascii_mbtowc)
/home/opt/arm-toolchains/gcc-arm-none-eabi-7-2018-q2-update/bin/../lib/gcc/arm-none-eabi/7.3.1/../../../../arm-none-eabi/lib/thumb/v6-m/libg_nano.a(lib_a-memset.o)
                              ./src/main.o (memset)
/home/opt/arm-toolchains/gcc-arm-none-eabi-7-2018-q2-update/bin/../lib/gcc/arm-none-eabi/7.3.1/../../../../arm-none-eabi/lib/thumb/v6-m/libg_nano.a(lib_a-nano-freer.o)
                              /home/opt/arm-toolchains/gcc-arm-none-eabi-7-2018-q2-update/bin/../lib/gcc/arm-none-eabi/7.3.1/../../../../arm-none-eabi/lib/thumb/v6-m/libg_nano.a(lib_a-malloc.o) (_free_r)
/home/opt/arm-toolchains/gcc-arm-none-eabi-7-2018-q2-update/bin/../lib/gcc/arm-none-eabi/7.3.1/../../../../arm-none-eabi/lib/thumb/v6-m/libg_nano.a(lib_a-nano-mallocr.o)
                              /home/opt/arm-toolchains/gcc-arm-none-eabi-7-2018-q2-update/bin/../lib/gcc/arm-none-eabi/7.3.1/../../../../arm-none-eabi/lib/thumb/v6-m/libg_nano.a(lib_a-malloc.o) (_malloc_r)
/home/opt/arm-toolchains/gcc-arm-none-eabi-7-2018-q2-update/bin/../lib/gcc/arm-none-eabi/7.3.1/../../../../arm-none-eabi/lib/thumb/v6-m/libg_nano.a(lib_a-sbrkr.o)
                              /home/opt/arm-toolchains/gcc-arm-none-eabi-7-2018-q2-update/bin/../lib/gcc/arm-none-eabi/7.3.1/../../../../arm-none-eabi/lib/thumb/v6-m/libg_nano.a(lib_a-nano-mallocr.o) (_sbrk_r)
/home/opt/arm-toolchains/gcc-arm-none-eabi-7-2018-q2-update/bin/../lib/gcc/arm-none-eabi/7.3.1/../../../../arm-none-eabi/lib/thumb/v6-m/libg_nano.a(lib_a-strcmp.o)
                              /home/opt/arm-toolchains/gcc-arm-none-eabi-7-2018-q2-update/bin/../lib/gcc/arm-none-eabi/7.3.1/../../../../arm-none-eabi/lib/thumb/v6-m/libg_nano.a(lib_a-locale.o) (strcmp)
/home/opt/arm-toolchains/gcc-arm-none-eabi-7-2018-q2-update/bin/../lib/gcc/arm-none-eabi/7.3.1/../../../../arm-none-eabi/lib/thumb/v6-m/libg_nano.a(lib_a-strlen.o)
                              ./src/Menu.o (strlen)
/home/opt/arm-toolchains/gcc-arm-none-eabi-7-2018-q2-update/bin/../lib/gcc/arm-none-eabi/7.3.1/../../../../arm-none-eabi/lib/thumb/v6-m/libg_nano.a(lib_a-wctomb_r.o)
                              /home/opt/arm-toolchains/gcc-arm-none-eabi-7-2018-q2-update/bin/../lib/gcc/arm-none-eabi/7.3.1/../../../../arm-none-eabi/lib/thumb/v6-m/libg_nano.a(lib_a-locale.o) (__ascii_wctomb)
/home/opt/arm-toolchains/gcc-arm-none-eabi-7-2018-q2-update/bin/../lib/gcc/arm-none-eabi/7.3.1/../../../../arm-none-eabi/lib/thumb/v6-m/libg_nano.a(lib_a-ctype_.o)
                              /home/opt/arm-toolchains/gcc-arm-none-eabi-7-2018-q2-update/bin/../lib/gcc/arm-none-eabi/7.3.1/../../../../arm-none-eabi/lib/thumb/v6-m/libg_nano.a(lib_a-locale.o) (_ctype_)
/home/opt/arm-toolchains/gcc-arm-none-eabi-7-2018-q2-update/bin/../lib/gcc/arm-none-eabi/7.3.1/../../../../arm-none-eabi/lib/thumb/v6-m/libg_nano.a(lib_a-mlock.o)
                              /home/opt/arm-toolchains/gcc-arm-none-eabi-7-2018-q2-update/bin/../lib/gcc/arm-none-eabi/7.3.1/../../../../arm-none-eabi/lib/thumb/v6-m/libg_nano.a(lib_a-nano-freer.o) (__malloc_lock)

Allocating common symbols
Common symbol       size              file

errno               0x4               ./system/src/newlib/_syscalls.o

Discarded input sections

 .text          0x0000000000000000        0x0 ./system/src/newlib/_cxx.o
 .data          0x0000000000000000        0x0 ./system/src/newlib/_cxx.o
 .bss           0x0000000000000000        0x0 ./system/src/newlib/_cxx.o
 .text._ZN9__gnu_cxx27__verbose_terminate_handlerEv
                0x0000000000000000        0x6 ./system/src/newlib/_cxx.o
 .text.__cxa_pure_virtual
                0x0000000000000000        0x6 ./system/src/newlib/_cxx.o
 .debug_info    0x0000000000000000      0xf93 ./system/src/newlib/_cxx.o
 .debug_abbrev  0x0000000000000000      0x2f5 ./system/src/newlib/_cxx.o
 .debug_aranges
                0x0000000000000000       0x28 ./system/src/newlib/_cxx.o
 .debug_ranges  0x0000000000000000       0x18 ./system/src/newlib/_cxx.o
 .debug_line    0x0000000000000000      0x33a ./system/src/newlib/_cxx.o
 .debug_str     0x0000000000000000      0x812 ./system/src/newlib/_cxx.o
 .comment       0x0000000000000000       0x80 ./system/src/newlib/_cxx.o
 .debug_frame   0x0000000000000000       0x40 ./system/src/newlib/_cxx.o
 .ARM.attributes
                0x0000000000000000       0x31 ./system/src/newlib/_cxx.o
 .text          0x0000000000000000        0x0 ./system/src/newlib/_exit.o
 .data          0x0000000000000000        0x0 ./system/src/newlib/_exit.o
 .bss           0x0000000000000000        0x0 ./system/src/newlib/_exit.o
 .text.abort    0x0000000000000000        0x8 ./system/src/newlib/_exit.o
 .text          0x0000000000000000        0x0 ./system/src/newlib/_sbrk.o
 .data          0x0000000000000000        0x0 ./system/src/newlib/_sbrk.o
 .bss           0x0000000000000000        0x0 ./system/src/newlib/_sbrk.o
 .text._sbrk    0x0000000000000000       0x48 ./system/src/newlib/_sbrk.o
 .bss.current_heap_end.3961
                0x0000000000000000        0x4 ./system/src/newlib/_sbrk.o
 .debug_info    0x0000000000000000      0x93e ./system/src/newlib/_sbrk.o
 .debug_abbrev  0x0000000000000000      0x1f9 ./system/src/newlib/_sbrk.o
 .debug_loc     0x0000000000000000       0x7d ./system/src/newlib/_sbrk.o
 .debug_aranges
                0x0000000000000000       0x20 ./system/src/newlib/_sbrk.o
 .debug_ranges  0x0000000000000000       0x10 ./system/src/newlib/_sbrk.o
 .debug_line    0x0000000000000000      0x154 ./system/src/newlib/_sbrk.o
 .debug_str     0x0000000000000000      0x5fe ./system/src/newlib/_sbrk.o
 .comment       0x0000000000000000       0x80 ./system/src/newlib/_sbrk.o
 .debug_frame   0x0000000000000000       0x28 ./system/src/newlib/_sbrk.o
 .ARM.attributes
                0x0000000000000000       0x31 ./system/src/newlib/_sbrk.o
 .text          0x0000000000000000        0x0 ./system/src/newlib/_startup.o
 .data          0x0000000000000000        0x0 ./system/src/newlib/_startup.o
 .bss           0x0000000000000000        0x0 ./system/src/newlib/_startup.o
 .text.__initialize_data
                0x0000000000000000       0x20 ./system/src/newlib/_startup.o
 .text.__initialize_bss
                0x0000000000000000        0xe ./system/src/newlib/_startup.o
 .text.__run_init_array
                0x0000000000000000       0x4c ./system/src/newlib/_startup.o
 .text.__run_fini_array
                0x0000000000000000       0x30 ./system/src/newlib/_startup.o
 .text          0x0000000000000000        0x0 ./system/src/newlib/_syscalls.o
 .data          0x0000000000000000        0x0 ./system/src/newlib/_syscalls.o
 .bss           0x0000000000000000        0x0 ./system/src/newlib/_syscalls.o
 .text.raise    0x0000000000000000       0x10 ./system/src/newlib/_syscalls.o
 .text.kill     0x0000000000000000       0x10 ./system/src/newlib/_syscalls.o
 .bss.__dso_handle
                0x0000000000000000        0x4 ./system/src/newlib/_syscalls.o
 COMMON         0x0000000000000000        0x4 ./system/src/newlib/_syscalls.o
 .text          0x0000000000000000        0x0 ./system/src/newlib/assert.o
 .data          0x0000000000000000        0x0 ./system/src/newlib/assert.o
 .bss           0x0000000000000000        0x0 ./system/src/newlib/assert.o
 .text.__assert_func
                0x0000000000000000        0x6 ./system/src/newlib/assert.o
 .debug_info    0x0000000000000000      0x96b ./system/src/newlib/assert.o
 .debug_abbrev  0x0000000000000000      0x1fe ./system/src/newlib/assert.o
 .debug_loc     0x0000000000000000       0x84 ./system/src/newlib/assert.o
 .debug_aranges
                0x0000000000000000       0x20 ./system/src/newlib/assert.o
 .debug_ranges  0x0000000000000000       0x10 ./system/src/newlib/assert.o
 .debug_line    0x0000000000000000      0x1c9 ./system/src/newlib/assert.o
 .debug_str     0x0000000000000000      0x607 ./system/src/newlib/assert.o
 .comment       0x0000000000000000       0x80 ./system/src/newlib/assert.o
 .debug_frame   0x0000000000000000       0x28 ./system/src/newlib/assert.o
 .ARM.attributes
                0x0000000000000000       0x31 ./system/src/newlib/assert.o
 .text          0x0000000000000000        0x0 ./system/src/diag/Trace.o
 .data          0x0000000000000000        0x0 ./system/src/diag/Trace.o
 .bss           0x0000000000000000        0x0 ./system/src/diag/Trace.o
 .debug_line    0x0000000000000000        0x0 ./system/src/diag/Trace.o
 .debug_str     0x0000000000000000      0x11a ./system/src/diag/Trace.o
 .comment       0x0000000000000000       0x80 ./system/src/diag/Trace.o
 .ARM.attributes
                0x0000000000000000       0x31 ./system/src/diag/Trace.o
 .text          0x0000000000000000        0x0 ./system/src/diag/trace_impl.o
 .data          0x0000000000000000        0x0 ./system/src/diag/trace_impl.o
 .bss           0x0000000000000000        0x0 ./system/src/diag/trace_impl.o
 .debug_line    0x0000000000000000        0x0 ./system/src/diag/trace_impl.o
 .debug_str     0x0000000000000000      0x11f ./system/src/diag/trace_impl.o
 .comment       0x0000000000000000       0x80 ./system/src/diag/trace_impl.o
 .ARM.attributes
                0x0000000000000000       0x31 ./system/src/diag/trace_impl.o
 .text          0x0000000000000000        0x0 ./system/src/cortexm/_initialize_hardware.o
 .data          0x0000000000000000        0x0 ./system/src/cortexm/_initialize_hardware.o
 .bss           0x0000000000000000        0x0 ./system/src/cortexm/_initialize_hardware.o
 .text          0x0000000000000000        0x0 ./system/src/cortexm/_reset_hardware.o
 .data          0x0000000000000000        0x0 ./system/src/cortexm/_reset_hardware.o
 .bss           0x0000000000000000        0x0 ./system/src/cortexm/_reset_hardware.o
 .text          0x0000000000000000        0x0 ./system/src/cortexm/exception_handlers.o
 .data          0x0000000000000000        0x0 ./system/src/cortexm/exception_handlers.o
 .bss           0x0000000000000000        0x0 ./system/src/cortexm/exception_handlers.o
 .text          0x0000000000000000        0x0 ./system/src/cmsis/system_stm32f0xx.o
 .data          0x0000000000000000        0x0 ./system/src/cmsis/system_stm32f0xx.o
 .bss           0x0000000000000000        0x0 ./system/src/cmsis/system_stm32f0xx.o
 .text          0x0000000000000000        0x0 ./system/src/cmsis/vectors_stm32f0xx.o
 .data          0x0000000000000000        0x0 ./system/src/cmsis/vectors_stm32f0xx.o
 .bss           0x0000000000000000        0x0 ./system/src/cmsis/vectors_stm32f0xx.o
 .text          0x0000000000000000        0x0 ./src/HBridge.o
 .data          0x0000000000000000        0x0 ./src/HBridge.o
 .bss           0x0000000000000000        0x0 ./src/HBridge.o
 .debug_info    0x0000000000000000       0x81 ./src/HBridge.o
 .debug_abbrev  0x0000000000000000       0x44 ./src/HBridge.o
 .debug_aranges
                0x0000000000000000       0x18 ./src/HBridge.o
 .debug_line    0x0000000000000000       0xbb ./src/HBridge.o
 .debug_str     0x0000000000000000      0x20e ./src/HBridge.o
 .comment       0x0000000000000000       0x80 ./src/HBridge.o
 .ARM.attributes
                0x0000000000000000       0x31 ./src/HBridge.o
 .text          0x0000000000000000        0x0 ./src/HMI.o
 .data          0x0000000000000000        0x0 ./src/HMI.o
 .bss           0x0000000000000000        0x0 ./src/HMI.o
 .text          0x0000000000000000        0x0 ./src/Hamulec.o
 .data          0x0000000000000000        0x0 ./src/Hamulec.o
 .bss           0x0000000000000000        0x0 ./src/Hamulec.o
 .debug_info    0x0000000000000000       0x81 ./src/Hamulec.o
 .debug_abbrev  0x0000000000000000       0x44 ./src/Hamulec.o
 .debug_aranges
                0x0000000000000000       0x18 ./src/Hamulec.o
 .debug_line    0x0000000000000000       0xbb ./src/Hamulec.o
 .debug_str     0x0000000000000000      0x20e ./src/Hamulec.o
 .comment       0x0000000000000000       0x80 ./src/Hamulec.o
 .ARM.attributes
                0x0000000000000000       0x31 ./src/Hamulec.o
 .group         0x0000000000000000        0x8 ./src/Hardware.o
 .text          0x0000000000000000        0x0 ./src/Hardware.o
 .data          0x0000000000000000        0x0 ./src/Hardware.o
 .bss           0x0000000000000000        0x0 ./src/Hardware.o
 .text._ZN8Hardware9NVIC_initEv
                0x0000000000000000        0x2 ./src/Hardware.o
 .text._ZN8Hardware21delayMsWithBackgroundEm
                0x0000000000000000       0x30 ./src/Hardware.o
 .bss._ZN8Hardware11adcDmaErrorE
                0x0000000000000000        0x1 ./src/Hardware.o
 .text          0x0000000000000000        0x0 ./src/Menu.o
 .data          0x0000000000000000        0x0 ./src/Menu.o
 .bss           0x0000000000000000        0x0 ./src/Menu.o
 .text._ZN4Menu12printPatternEPKcm
                0x0000000000000000       0xbe ./src/Menu.o
 .text._ZN4Menu4editEN8Keyboard3KeyE
                0x0000000000000000        0x4 ./src/Menu.o
 .text          0x0000000000000000        0x0 ./src/Praca.o
 .data          0x0000000000000000        0x0 ./src/Praca.o
 .bss           0x0000000000000000        0x0 ./src/Praca.o
 .debug_info    0x0000000000000000     0x124b ./src/Praca.o
 .debug_abbrev  0x0000000000000000      0x2da ./src/Praca.o
 .debug_aranges
                0x0000000000000000       0x18 ./src/Praca.o
 .debug_line    0x0000000000000000      0x166 ./src/Praca.o
 .debug_str     0x0000000000000000     0x139b ./src/Praca.o
 .comment       0x0000000000000000       0x80 ./src/Praca.o
 .ARM.attributes
                0x0000000000000000       0x31 ./src/Praca.o
 .text          0x0000000000000000        0x0 ./src/Silnik230VAC.o
 .data          0x0000000000000000        0x0 ./src/Silnik230VAC.o
 .bss           0x0000000000000000        0x0 ./src/Silnik230VAC.o
 .debug_info    0x0000000000000000       0x81 ./src/Silnik230VAC.o
 .debug_abbrev  0x0000000000000000       0x44 ./src/Silnik230VAC.o
 .debug_aranges
                0x0000000000000000       0x18 ./src/Silnik230VAC.o
 .debug_line    0x0000000000000000       0xbb ./src/Silnik230VAC.o
 .debug_str     0x0000000000000000      0x213 ./src/Silnik230VAC.o
 .comment       0x0000000000000000       0x80 ./src/Silnik230VAC.o
 .ARM.attributes
                0x0000000000000000       0x31 ./src/Silnik230VAC.o
 .text          0x0000000000000000        0x0 ./src/Silnik24VDC.o
 .data          0x0000000000000000        0x0 ./src/Silnik24VDC.o
 .bss           0x0000000000000000        0x0 ./src/Silnik24VDC.o
 .debug_info    0x0000000000000000       0x81 ./src/Silnik24VDC.o
 .debug_abbrev  0x0000000000000000       0x44 ./src/Silnik24VDC.o
 .debug_aranges
                0x0000000000000000       0x18 ./src/Silnik24VDC.o
 .debug_line    0x0000000000000000       0xbb ./src/Silnik24VDC.o
 .debug_str     0x0000000000000000      0x212 ./src/Silnik24VDC.o
 .comment       0x0000000000000000       0x80 ./src/Silnik24VDC.o
 .ARM.attributes
                0x0000000000000000       0x31 ./src/Silnik24VDC.o
 .text          0x0000000000000000        0x0 ./src/SilnikNapedu.o
 .data          0x0000000000000000        0x0 ./src/SilnikNapedu.o
 .bss           0x0000000000000000        0x0 ./src/SilnikNapedu.o
 .debug_info    0x0000000000000000       0x2c ./src/SilnikNapedu.o
 .debug_abbrev  0x0000000000000000       0x26 ./src/SilnikNapedu.o
 .debug_aranges
                0x0000000000000000       0x18 ./src/SilnikNapedu.o
 .debug_line    0x0000000000000000       0x1d ./src/SilnikNapedu.o
 .debug_str     0x0000000000000000      0x17f ./src/SilnikNapedu.o
 .comment       0x0000000000000000       0x80 ./src/SilnikNapedu.o
 .ARM.attributes
                0x0000000000000000       0x31 ./src/SilnikNapedu.o
 .text          0x0000000000000000        0x0 ./src/Sterownik.o
 .data          0x0000000000000000        0x0 ./src/Sterownik.o
 .bss           0x0000000000000000        0x0 ./src/Sterownik.o
 .debug_info    0x0000000000000000     0x124b ./src/Sterownik.o
 .debug_abbrev  0x0000000000000000      0x2da ./src/Sterownik.o
 .debug_aranges
                0x0000000000000000       0x18 ./src/Sterownik.o
 .debug_line    0x0000000000000000      0x166 ./src/Sterownik.o
 .debug_str     0x0000000000000000     0x139f ./src/Sterownik.o
 .comment       0x0000000000000000       0x80 ./src/Sterownik.o
 .ARM.attributes
                0x0000000000000000       0x31 ./src/Sterownik.o
 .text          0x0000000000000000        0x0 ./src/_write.o
 .data          0x0000000000000000        0x0 ./src/_write.o
 .bss           0x0000000000000000        0x0 ./src/_write.o
 .debug_line    0x0000000000000000        0x0 ./src/_write.o
 .debug_str     0x0000000000000000      0x10f ./src/_write.o
 .comment       0x0000000000000000       0x80 ./src/_write.o
 .ARM.attributes
                0x0000000000000000       0x31 ./src/_write.o
 .group         0x0000000000000000        0x8 ./src/main.o
 .group         0x0000000000000000        0x8 ./src/main.o
 .group         0x0000000000000000        0x8 ./src/main.o
 .group         0x0000000000000000       0x10 ./src/main.o
 .group         0x0000000000000000       0x10 ./src/main.o
 .group         0x0000000000000000        0x8 ./src/main.o
 .group         0x0000000000000000        0x8 ./src/main.o
 .group         0x0000000000000000        0xc ./src/main.o
 .group         0x0000000000000000        0x8 ./src/main.o
 .group         0x0000000000000000        0xc ./src/main.o
 .group         0x0000000000000000        0xc ./src/main.o
 .group         0x0000000000000000        0x8 ./src/main.o
 .text          0x0000000000000000        0x0 ./src/main.o
 .data          0x0000000000000000        0x0 ./src/main.o
 .bss           0x0000000000000000        0x0 ./src/main.o
 .text          0x0000000000000000        0x0 ./lbutils/Fifo.o
 .data          0x0000000000000000        0x0 ./lbutils/Fifo.o
 .bss           0x0000000000000000        0x0 ./lbutils/Fifo.o
 .text._ZN4Fifo18getByteAs2HexAsciiEv
                0x0000000000000000       0x9c ./lbutils/Fifo.o
 .text._ZN4Fifo20get2BytesAs4HexAsciiEv
                0x0000000000000000       0x30 ./lbutils/Fifo.o
 .text._ZN4Fifo9getUInt16Ev
                0x0000000000000000       0x2a ./lbutils/Fifo.o
 .text._ZN4Fifo9getUInt32EPb
                0x0000000000000000       0x34 ./lbutils/Fifo.o
 .text._ZN4Fifo18putByteAs2AsciiBCDEh
                0x0000000000000000       0x36 ./lbutils/Fifo.o
 .text._ZN4Fifo20put2BytesAs4AsciiBCDEt
                0x0000000000000000       0x16 ./lbutils/Fifo.o
 .text._ZN4Fifo9putStringEPKc
                0x0000000000000000       0x26 ./lbutils/Fifo.o
 .text._ZN4Fifo9putStringEPKcm
                0x0000000000000000       0x3e ./lbutils/Fifo.o
 .text._ZN4Fifo9putUint16Et
                0x0000000000000000       0x1c ./lbutils/Fifo.o
 .text._ZN4Fifo9putUint32Em
                0x0000000000000000       0x1c ./lbutils/Fifo.o
 .text._ZN4Fifo6isFullEv
                0x0000000000000000       0x20 ./lbutils/Fifo.o
 .text._ZN4Fifo5cloneEPS_
                0x0000000000000000       0x42 ./lbutils/Fifo.o
 .text          0x0000000000000000        0x0 ./lbutils/FrameBuffer.o
 .data          0x0000000000000000        0x0 ./lbutils/FrameBuffer.o
 .bss           0x0000000000000000        0x0 ./lbutils/FrameBuffer.o
 .text          0x0000000000000000        0x0 ./lbutils/QuickTask.o
 .data          0x0000000000000000        0x0 ./lbutils/QuickTask.o
 .bss           0x0000000000000000        0x0 ./lbutils/QuickTask.o
 .text          0x0000000000000000        0x0 ./lbutils/myUtils.o
 .data          0x0000000000000000        0x0 ./lbutils/myUtils.o
 .bss           0x0000000000000000        0x0 ./lbutils/myUtils.o
 .text.my_itoa  0x0000000000000000       0x84 ./lbutils/myUtils.o
 .text.my_htoa  0x0000000000000000       0x2e ./lbutils/myUtils.o
 .text.my_btoa  0x0000000000000000       0x1e ./lbutils/myUtils.o
 .text.power10  0x0000000000000000       0x16 ./lbutils/myUtils.o
 .text          0x0000000000000000        0x0 ./lbdrivers/I2C.o
 .data          0x0000000000000000        0x0 ./lbdrivers/I2C.o
 .bss           0x0000000000000000        0x0 ./lbdrivers/I2C.o
 .text._ZN3I2C11getInstanceEv
                0x0000000000000000        0x8 ./lbdrivers/I2C.o
 .text._ZN3I2C8irqEventEv
                0x0000000000000000       0x46 ./lbdrivers/I2C.o
 .text._ZN3I2C8irqErrorEv
                0x0000000000000000       0x18 ./lbdrivers/I2C.o
 .text._ZN3I2C15masterReadStartEm
                0x0000000000000000       0x88 ./lbdrivers/I2C.o
 .text._Z15I2C1_IRQHandlerv
                0x0000000000000000       0x10 ./lbdrivers/I2C.o
 .text._Z15I2C2_IRQHandlerv
                0x0000000000000000       0x10 ./lbdrivers/I2C.o
 .bss._ZZN3I2C8irqErrorEvE3err
                0x0000000000000000        0x4 ./lbdrivers/I2C.o
 .text          0x0000000000000000        0x0 ./lbdrivers/ST7032iFB.o
 .data          0x0000000000000000        0x0 ./lbdrivers/ST7032iFB.o
 .bss           0x0000000000000000        0x0 ./lbdrivers/ST7032iFB.o
 .text._Z15setPollFunctionM9ST7032iFBFvvE
                0x0000000000000000        0x6 ./lbdrivers/ST7032iFB.o
 .text._ZN9ST7032iFB7delayMsEm
                0x0000000000000000        0xa ./lbdrivers/ST7032iFB.o
 .text._ZN9ST7032iFB12delayMsDirtyEm
                0x0000000000000000        0xa ./lbdrivers/ST7032iFB.o
 .text._ZN9ST7032iFB8sendDataEh
                0x0000000000000000        0xc ./lbdrivers/ST7032iFB.o
 .text          0x0000000000000000        0x0 /home/opt/arm-toolchains/gcc-arm-none-eabi-7-2018-q2-update/bin/../lib/gcc/arm-none-eabi/7.3.1/../../../../arm-none-eabi/lib/thumb/v6-m/libstdc++_nano.a(del_ops.o)
 .data          0x0000000000000000        0x0 /home/opt/arm-toolchains/gcc-arm-none-eabi-7-2018-q2-update/bin/../lib/gcc/arm-none-eabi/7.3.1/../../../../arm-none-eabi/lib/thumb/v6-m/libstdc++_nano.a(del_ops.o)
 .bss           0x0000000000000000        0x0 /home/opt/arm-toolchains/gcc-arm-none-eabi-7-2018-q2-update/bin/../lib/gcc/arm-none-eabi/7.3.1/../../../../arm-none-eabi/lib/thumb/v6-m/libstdc++_nano.a(del_ops.o)
 .text          0x0000000000000000        0x0 /home/opt/arm-toolchains/gcc-arm-none-eabi-7-2018-q2-update/bin/../lib/gcc/arm-none-eabi/7.3.1/../../../../arm-none-eabi/lib/thumb/v6-m/libstdc++_nano.a(del_op.o)
 .data          0x0000000000000000        0x0 /home/opt/arm-toolchains/gcc-arm-none-eabi-7-2018-q2-update/bin/../lib/gcc/arm-none-eabi/7.3.1/../../../../arm-none-eabi/lib/thumb/v6-m/libstdc++_nano.a(del_op.o)
 .bss           0x0000000000000000        0x0 /home/opt/arm-toolchains/gcc-arm-none-eabi-7-2018-q2-update/bin/../lib/gcc/arm-none-eabi/7.3.1/../../../../arm-none-eabi/lib/thumb/v6-m/libstdc++_nano.a(del_op.o)
 .data          0x0000000000000000        0x0 /home/opt/arm-toolchains/gcc-arm-none-eabi-7-2018-q2-update/bin/../lib/gcc/arm-none-eabi/7.3.1/thumb/v6-m/libgcc.a(_udivsi3.o)
 .bss           0x0000000000000000        0x0 /home/opt/arm-toolchains/gcc-arm-none-eabi-7-2018-q2-update/bin/../lib/gcc/arm-none-eabi/7.3.1/thumb/v6-m/libgcc.a(_udivsi3.o)
 .text          0x0000000000000000      0x1d4 /home/opt/arm-toolchains/gcc-arm-none-eabi-7-2018-q2-update/bin/../lib/gcc/arm-none-eabi/7.3.1/thumb/v6-m/libgcc.a(_divsi3.o)
 .data          0x0000000000000000        0x0 /home/opt/arm-toolchains/gcc-arm-none-eabi-7-2018-q2-update/bin/../lib/gcc/arm-none-eabi/7.3.1/thumb/v6-m/libgcc.a(_divsi3.o)
 .bss           0x0000000000000000        0x0 /home/opt/arm-toolchains/gcc-arm-none-eabi-7-2018-q2-update/bin/../lib/gcc/arm-none-eabi/7.3.1/thumb/v6-m/libgcc.a(_divsi3.o)
 .debug_frame   0x0000000000000000       0x20 /home/opt/arm-toolchains/gcc-arm-none-eabi-7-2018-q2-update/bin/../lib/gcc/arm-none-eabi/7.3.1/thumb/v6-m/libgcc.a(_divsi3.o)
 .ARM.attributes
                0x0000000000000000       0x1e /home/opt/arm-toolchains/gcc-arm-none-eabi-7-2018-q2-update/bin/../lib/gcc/arm-none-eabi/7.3.1/thumb/v6-m/libgcc.a(_divsi3.o)
 .data          0x0000000000000000        0x0 /home/opt/arm-toolchains/gcc-arm-none-eabi-7-2018-q2-update/bin/../lib/gcc/arm-none-eabi/7.3.1/thumb/v6-m/libgcc.a(_dvmd_tls.o)
 .bss           0x0000000000000000        0x0 /home/opt/arm-toolchains/gcc-arm-none-eabi-7-2018-q2-update/bin/../lib/gcc/arm-none-eabi/7.3.1/thumb/v6-m/libgcc.a(_dvmd_tls.o)
 .text          0x0000000000000000        0x0 /home/opt/arm-toolchains/gcc-arm-none-eabi-7-2018-q2-update/bin/../lib/gcc/arm-none-eabi/7.3.1/../../../../arm-none-eabi/lib/thumb/v6-m/libg_nano.a(lib_a-errno.o)
 .data          0x0000000000000000        0x0 /home/opt/arm-toolchains/gcc-arm-none-eabi-7-2018-q2-update/bin/../lib/gcc/arm-none-eabi/7.3.1/../../../../arm-none-eabi/lib/thumb/v6-m/libg_nano.a(lib_a-errno.o)
 .bss           0x0000000000000000        0x0 /home/opt/arm-toolchains/gcc-arm-none-eabi-7-2018-q2-update/bin/../lib/gcc/arm-none-eabi/7.3.1/../../../../arm-none-eabi/lib/thumb/v6-m/libg_nano.a(lib_a-errno.o)
 .text.__errno  0x0000000000000000        0xc /home/opt/arm-toolchains/gcc-arm-none-eabi-7-2018-q2-update/bin/../lib/gcc/arm-none-eabi/7.3.1/../../../../arm-none-eabi/lib/thumb/v6-m/libg_nano.a(lib_a-errno.o)
 .debug_frame   0x0000000000000000       0x20 /home/opt/arm-toolchains/gcc-arm-none-eabi-7-2018-q2-update/bin/../lib/gcc/arm-none-eabi/7.3.1/../../../../arm-none-eabi/lib/thumb/v6-m/libg_nano.a(lib_a-errno.o)
 .ARM.attributes
                0x0000000000000000       0x2c /home/opt/arm-toolchains/gcc-arm-none-eabi-7-2018-q2-update/bin/../lib/gcc/arm-none-eabi/7.3.1/../../../../arm-none-eabi/lib/thumb/v6-m/libg_nano.a(lib_a-errno.o)
 .text          0x0000000000000000        0x0 /home/opt/arm-toolchains/gcc-arm-none-eabi-7-2018-q2-update/bin/../lib/gcc/arm-none-eabi/7.3.1/../../../../arm-none-eabi/lib/thumb/v6-m/libg_nano.a(lib_a-impure.o)
 .data          0x0000000000000000        0x0 /home/opt/arm-toolchains/gcc-arm-none-eabi-7-2018-q2-update/bin/../lib/gcc/arm-none-eabi/7.3.1/../../../../arm-none-eabi/lib/thumb/v6-m/libg_nano.a(lib_a-impure.o)
 .bss           0x0000000000000000        0x0 /home/opt/arm-toolchains/gcc-arm-none-eabi-7-2018-q2-update/bin/../lib/gcc/arm-none-eabi/7.3.1/../../../../arm-none-eabi/lib/thumb/v6-m/libg_nano.a(lib_a-impure.o)
 .rodata._global_impure_ptr
                0x0000000000000000        0x4 /home/opt/arm-toolchains/gcc-arm-none-eabi-7-2018-q2-update/bin/../lib/gcc/arm-none-eabi/7.3.1/../../../../arm-none-eabi/lib/thumb/v6-m/libg_nano.a(lib_a-impure.o)
 .text          0x0000000000000000        0x0 /home/opt/arm-toolchains/gcc-arm-none-eabi-7-2018-q2-update/bin/../lib/gcc/arm-none-eabi/7.3.1/../../../../arm-none-eabi/lib/thumb/v6-m/libg_nano.a(lib_a-isdigit.o)
 .data          0x0000000000000000        0x0 /home/opt/arm-toolchains/gcc-arm-none-eabi-7-2018-q2-update/bin/../lib/gcc/arm-none-eabi/7.3.1/../../../../arm-none-eabi/lib/thumb/v6-m/libg_nano.a(lib_a-isdigit.o)
 .bss           0x0000000000000000        0x0 /home/opt/arm-toolchains/gcc-arm-none-eabi-7-2018-q2-update/bin/../lib/gcc/arm-none-eabi/7.3.1/../../../../arm-none-eabi/lib/thumb/v6-m/libg_nano.a(lib_a-isdigit.o)
 .text.isdigit  0x0000000000000000       0x12 /home/opt/arm-toolchains/gcc-arm-none-eabi-7-2018-q2-update/bin/../lib/gcc/arm-none-eabi/7.3.1/../../../../arm-none-eabi/lib/thumb/v6-m/libg_nano.a(lib_a-isdigit.o)
 .debug_frame   0x0000000000000000       0x28 /home/opt/arm-toolchains/gcc-arm-none-eabi-7-2018-q2-update/bin/../lib/gcc/arm-none-eabi/7.3.1/../../../../arm-none-eabi/lib/thumb/v6-m/libg_nano.a(lib_a-isdigit.o)
 .ARM.attributes
                0x0000000000000000       0x2c /home/opt/arm-toolchains/gcc-arm-none-eabi-7-2018-q2-update/bin/../lib/gcc/arm-none-eabi/7.3.1/../../../../arm-none-eabi/lib/thumb/v6-m/libg_nano.a(lib_a-isdigit.o)
 .text          0x0000000000000000        0x0 /home/opt/arm-toolchains/gcc-arm-none-eabi-7-2018-q2-update/bin/../lib/gcc/arm-none-eabi/7.3.1/../../../../arm-none-eabi/lib/thumb/v6-m/libg_nano.a(lib_a-locale.o)
 .data          0x0000000000000000        0x0 /home/opt/arm-toolchains/gcc-arm-none-eabi-7-2018-q2-update/bin/../lib/gcc/arm-none-eabi/7.3.1/../../../../arm-none-eabi/lib/thumb/v6-m/libg_nano.a(lib_a-locale.o)
 .bss           0x0000000000000000        0x0 /home/opt/arm-toolchains/gcc-arm-none-eabi-7-2018-q2-update/bin/../lib/gcc/arm-none-eabi/7.3.1/../../../../arm-none-eabi/lib/thumb/v6-m/libg_nano.a(lib_a-locale.o)
 .text._setlocale_r
                0x0000000000000000       0x40 /home/opt/arm-toolchains/gcc-arm-none-eabi-7-2018-q2-update/bin/../lib/gcc/arm-none-eabi/7.3.1/../../../../arm-none-eabi/lib/thumb/v6-m/libg_nano.a(lib_a-locale.o)
 .text.__locale_mb_cur_max
                0x0000000000000000       0x1c /home/opt/arm-toolchains/gcc-arm-none-eabi-7-2018-q2-update/bin/../lib/gcc/arm-none-eabi/7.3.1/../../../../arm-none-eabi/lib/thumb/v6-m/libg_nano.a(lib_a-locale.o)
 .text.__locale_ctype_ptr_l
                0x0000000000000000        0x6 /home/opt/arm-toolchains/gcc-arm-none-eabi-7-2018-q2-update/bin/../lib/gcc/arm-none-eabi/7.3.1/../../../../arm-none-eabi/lib/thumb/v6-m/libg_nano.a(lib_a-locale.o)
 .text.__locale_ctype_ptr
                0x0000000000000000       0x1c /home/opt/arm-toolchains/gcc-arm-none-eabi-7-2018-q2-update/bin/../lib/gcc/arm-none-eabi/7.3.1/../../../../arm-none-eabi/lib/thumb/v6-m/libg_nano.a(lib_a-locale.o)
 .text.setlocale
                0x0000000000000000       0x14 /home/opt/arm-toolchains/gcc-arm-none-eabi-7-2018-q2-update/bin/../lib/gcc/arm-none-eabi/7.3.1/../../../../arm-none-eabi/lib/thumb/v6-m/libg_nano.a(lib_a-locale.o)
 .bss._PathLocale
                0x0000000000000000        0x4 /home/opt/arm-toolchains/gcc-arm-none-eabi-7-2018-q2-update/bin/../lib/gcc/arm-none-eabi/7.3.1/../../../../arm-none-eabi/lib/thumb/v6-m/libg_nano.a(lib_a-locale.o)
 .data.__global_locale
                0x0000000000000000      0x16c /home/opt/arm-toolchains/gcc-arm-none-eabi-7-2018-q2-update/bin/../lib/gcc/arm-none-eabi/7.3.1/../../../../arm-none-eabi/lib/thumb/v6-m/libg_nano.a(lib_a-locale.o)
 .rodata._setlocale_r.str1.1
                0x0000000000000000        0x9 /home/opt/arm-toolchains/gcc-arm-none-eabi-7-2018-q2-update/bin/../lib/gcc/arm-none-eabi/7.3.1/../../../../arm-none-eabi/lib/thumb/v6-m/libg_nano.a(lib_a-locale.o)
 .rodata.str1.1
                0x0000000000000000        0x2 /home/opt/arm-toolchains/gcc-arm-none-eabi-7-2018-q2-update/bin/../lib/gcc/arm-none-eabi/7.3.1/../../../../arm-none-eabi/lib/thumb/v6-m/libg_nano.a(lib_a-locale.o)
 .debug_frame   0x0000000000000000       0x74 /home/opt/arm-toolchains/gcc-arm-none-eabi-7-2018-q2-update/bin/../lib/gcc/arm-none-eabi/7.3.1/../../../../arm-none-eabi/lib/thumb/v6-m/libg_nano.a(lib_a-locale.o)
 .ARM.attributes
                0x0000000000000000       0x2c /home/opt/arm-toolchains/gcc-arm-none-eabi-7-2018-q2-update/bin/../lib/gcc/arm-none-eabi/7.3.1/../../../../arm-none-eabi/lib/thumb/v6-m/libg_nano.a(lib_a-locale.o)
 .text          0x0000000000000000        0x0 /home/opt/arm-toolchains/gcc-arm-none-eabi-7-2018-q2-update/bin/../lib/gcc/arm-none-eabi/7.3.1/../../../../arm-none-eabi/lib/thumb/v6-m/libg_nano.a(lib_a-malloc.o)
 .data          0x0000000000000000        0x0 /home/opt/arm-toolchains/gcc-arm-none-eabi-7-2018-q2-update/bin/../lib/gcc/arm-none-eabi/7.3.1/../../../../arm-none-eabi/lib/thumb/v6-m/libg_nano.a(lib_a-malloc.o)
 .bss           0x0000000000000000        0x0 /home/opt/arm-toolchains/gcc-arm-none-eabi-7-2018-q2-update/bin/../lib/gcc/arm-none-eabi/7.3.1/../../../../arm-none-eabi/lib/thumb/v6-m/libg_nano.a(lib_a-malloc.o)
 .text.malloc   0x0000000000000000       0x14 /home/opt/arm-toolchains/gcc-arm-none-eabi-7-2018-q2-update/bin/../lib/gcc/arm-none-eabi/7.3.1/../../../../arm-none-eabi/lib/thumb/v6-m/libg_nano.a(lib_a-malloc.o)
 .text          0x0000000000000000        0x0 /home/opt/arm-toolchains/gcc-arm-none-eabi-7-2018-q2-update/bin/../lib/gcc/arm-none-eabi/7.3.1/../../../../arm-none-eabi/lib/thumb/v6-m/libg_nano.a(lib_a-mbtowc_r.o)
 .data          0x0000000000000000        0x0 /home/opt/arm-toolchains/gcc-arm-none-eabi-7-2018-q2-update/bin/../lib/gcc/arm-none-eabi/7.3.1/../../../../arm-none-eabi/lib/thumb/v6-m/libg_nano.a(lib_a-mbtowc_r.o)
 .bss           0x0000000000000000        0x0 /home/opt/arm-toolchains/gcc-arm-none-eabi-7-2018-q2-update/bin/../lib/gcc/arm-none-eabi/7.3.1/../../../../arm-none-eabi/lib/thumb/v6-m/libg_nano.a(lib_a-mbtowc_r.o)
 .text._mbtowc_r
                0x0000000000000000       0x24 /home/opt/arm-toolchains/gcc-arm-none-eabi-7-2018-q2-update/bin/../lib/gcc/arm-none-eabi/7.3.1/../../../../arm-none-eabi/lib/thumb/v6-m/libg_nano.a(lib_a-mbtowc_r.o)
 .text.__ascii_mbtowc
                0x0000000000000000       0x24 /home/opt/arm-toolchains/gcc-arm-none-eabi-7-2018-q2-update/bin/../lib/gcc/arm-none-eabi/7.3.1/../../../../arm-none-eabi/lib/thumb/v6-m/libg_nano.a(lib_a-mbtowc_r.o)
 .debug_frame   0x0000000000000000       0x44 /home/opt/arm-toolchains/gcc-arm-none-eabi-7-2018-q2-update/bin/../lib/gcc/arm-none-eabi/7.3.1/../../../../arm-none-eabi/lib/thumb/v6-m/libg_nano.a(lib_a-mbtowc_r.o)
 .ARM.attributes
                0x0000000000000000       0x2c /home/opt/arm-toolchains/gcc-arm-none-eabi-7-2018-q2-update/bin/../lib/gcc/arm-none-eabi/7.3.1/../../../../arm-none-eabi/lib/thumb/v6-m/libg_nano.a(lib_a-mbtowc_r.o)
 .text          0x0000000000000000        0x0 /home/opt/arm-toolchains/gcc-arm-none-eabi-7-2018-q2-update/bin/../lib/gcc/arm-none-eabi/7.3.1/../../../../arm-none-eabi/lib/thumb/v6-m/libg_nano.a(lib_a-memset.o)
 .data          0x0000000000000000        0x0 /home/opt/arm-toolchains/gcc-arm-none-eabi-7-2018-q2-update/bin/../lib/gcc/arm-none-eabi/7.3.1/../../../../arm-none-eabi/lib/thumb/v6-m/libg_nano.a(lib_a-memset.o)
 .bss           0x0000000000000000        0x0 /home/opt/arm-toolchains/gcc-arm-none-eabi-7-2018-q2-update/bin/../lib/gcc/arm-none-eabi/7.3.1/../../../../arm-none-eabi/lib/thumb/v6-m/libg_nano.a(lib_a-memset.o)
 .text          0x0000000000000000        0x0 /home/opt/arm-toolchains/gcc-arm-none-eabi-7-2018-q2-update/bin/../lib/gcc/arm-none-eabi/7.3.1/../../../../arm-none-eabi/lib/thumb/v6-m/libg_nano.a(lib_a-nano-freer.o)
 .data          0x0000000000000000        0x0 /home/opt/arm-toolchains/gcc-arm-none-eabi-7-2018-q2-update/bin/../lib/gcc/arm-none-eabi/7.3.1/../../../../arm-none-eabi/lib/thumb/v6-m/libg_nano.a(lib_a-nano-freer.o)
 .bss           0x0000000000000000        0x0 /home/opt/arm-toolchains/gcc-arm-none-eabi-7-2018-q2-update/bin/../lib/gcc/arm-none-eabi/7.3.1/../../../../arm-none-eabi/lib/thumb/v6-m/libg_nano.a(lib_a-nano-freer.o)
 .text          0x0000000000000000        0x0 /home/opt/arm-toolchains/gcc-arm-none-eabi-7-2018-q2-update/bin/../lib/gcc/arm-none-eabi/7.3.1/../../../../arm-none-eabi/lib/thumb/v6-m/libg_nano.a(lib_a-nano-mallocr.o)
 .data          0x0000000000000000        0x0 /home/opt/arm-toolchains/gcc-arm-none-eabi-7-2018-q2-update/bin/../lib/gcc/arm-none-eabi/7.3.1/../../../../arm-none-eabi/lib/thumb/v6-m/libg_nano.a(lib_a-nano-mallocr.o)
 .bss           0x0000000000000000        0x0 /home/opt/arm-toolchains/gcc-arm-none-eabi-7-2018-q2-update/bin/../lib/gcc/arm-none-eabi/7.3.1/../../../../arm-none-eabi/lib/thumb/v6-m/libg_nano.a(lib_a-nano-mallocr.o)
 .text._malloc_r
                0x0000000000000000       0xbc /home/opt/arm-toolchains/gcc-arm-none-eabi-7-2018-q2-update/bin/../lib/gcc/arm-none-eabi/7.3.1/../../../../arm-none-eabi/lib/thumb/v6-m/libg_nano.a(lib_a-nano-mallocr.o)
 .bss.__malloc_sbrk_start
                0x0000000000000000        0x4 /home/opt/arm-toolchains/gcc-arm-none-eabi-7-2018-q2-update/bin/../lib/gcc/arm-none-eabi/7.3.1/../../../../arm-none-eabi/lib/thumb/v6-m/libg_nano.a(lib_a-nano-mallocr.o)
 .text          0x0000000000000000        0x0 /home/opt/arm-toolchains/gcc-arm-none-eabi-7-2018-q2-update/bin/../lib/gcc/arm-none-eabi/7.3.1/../../../../arm-none-eabi/lib/thumb/v6-m/libg_nano.a(lib_a-sbrkr.o)
 .data          0x0000000000000000        0x0 /home/opt/arm-toolchains/gcc-arm-none-eabi-7-2018-q2-update/bin/../lib/gcc/arm-none-eabi/7.3.1/../../../../arm-none-eabi/lib/thumb/v6-m/libg_nano.a(lib_a-sbrkr.o)
 .bss           0x0000000000000000        0x0 /home/opt/arm-toolchains/gcc-arm-none-eabi-7-2018-q2-update/bin/../lib/gcc/arm-none-eabi/7.3.1/../../../../arm-none-eabi/lib/thumb/v6-m/libg_nano.a(lib_a-sbrkr.o)
 .text._sbrk_r  0x0000000000000000       0x24 /home/opt/arm-toolchains/gcc-arm-none-eabi-7-2018-q2-update/bin/../lib/gcc/arm-none-eabi/7.3.1/../../../../arm-none-eabi/lib/thumb/v6-m/libg_nano.a(lib_a-sbrkr.o)
 .debug_frame   0x0000000000000000       0x2c /home/opt/arm-toolchains/gcc-arm-none-eabi-7-2018-q2-update/bin/../lib/gcc/arm-none-eabi/7.3.1/../../../../arm-none-eabi/lib/thumb/v6-m/libg_nano.a(lib_a-sbrkr.o)
 .ARM.attributes
                0x0000000000000000       0x2c /home/opt/arm-toolchains/gcc-arm-none-eabi-7-2018-q2-update/bin/../lib/gcc/arm-none-eabi/7.3.1/../../../../arm-none-eabi/lib/thumb/v6-m/libg_nano.a(lib_a-sbrkr.o)
 .text          0x0000000000000000       0x14 /home/opt/arm-toolchains/gcc-arm-none-eabi-7-2018-q2-update/bin/../lib/gcc/arm-none-eabi/7.3.1/../../../../arm-none-eabi/lib/thumb/v6-m/libg_nano.a(lib_a-strcmp.o)
 .data          0x0000000000000000        0x0 /home/opt/arm-toolchains/gcc-arm-none-eabi-7-2018-q2-update/bin/../lib/gcc/arm-none-eabi/7.3.1/../../../../arm-none-eabi/lib/thumb/v6-m/libg_nano.a(lib_a-strcmp.o)
 .bss           0x0000000000000000        0x0 /home/opt/arm-toolchains/gcc-arm-none-eabi-7-2018-q2-update/bin/../lib/gcc/arm-none-eabi/7.3.1/../../../../arm-none-eabi/lib/thumb/v6-m/libg_nano.a(lib_a-strcmp.o)
 .debug_frame   0x0000000000000000       0x20 /home/opt/arm-toolchains/gcc-arm-none-eabi-7-2018-q2-update/bin/../lib/gcc/arm-none-eabi/7.3.1/../../../../arm-none-eabi/lib/thumb/v6-m/libg_nano.a(lib_a-strcmp.o)
 .ARM.attributes
                0x0000000000000000       0x1c /home/opt/arm-toolchains/gcc-arm-none-eabi-7-2018-q2-update/bin/../lib/gcc/arm-none-eabi/7.3.1/../../../../arm-none-eabi/lib/thumb/v6-m/libg_nano.a(lib_a-strcmp.o)
 .data          0x0000000000000000        0x0 /home/opt/arm-toolchains/gcc-arm-none-eabi-7-2018-q2-update/bin/../lib/gcc/arm-none-eabi/7.3.1/../../../../arm-none-eabi/lib/thumb/v6-m/libg_nano.a(lib_a-strlen.o)
 .bss           0x0000000000000000        0x0 /home/opt/arm-toolchains/gcc-arm-none-eabi-7-2018-q2-update/bin/../lib/gcc/arm-none-eabi/7.3.1/../../../../arm-none-eabi/lib/thumb/v6-m/libg_nano.a(lib_a-strlen.o)
 .text          0x0000000000000000        0x0 /home/opt/arm-toolchains/gcc-arm-none-eabi-7-2018-q2-update/bin/../lib/gcc/arm-none-eabi/7.3.1/../../../../arm-none-eabi/lib/thumb/v6-m/libg_nano.a(lib_a-wctomb_r.o)
 .data          0x0000000000000000        0x0 /home/opt/arm-toolchains/gcc-arm-none-eabi-7-2018-q2-update/bin/../lib/gcc/arm-none-eabi/7.3.1/../../../../arm-none-eabi/lib/thumb/v6-m/libg_nano.a(lib_a-wctomb_r.o)
 .bss           0x0000000000000000        0x0 /home/opt/arm-toolchains/gcc-arm-none-eabi-7-2018-q2-update/bin/../lib/gcc/arm-none-eabi/7.3.1/../../../../arm-none-eabi/lib/thumb/v6-m/libg_nano.a(lib_a-wctomb_r.o)
 .text._wctomb_r
                0x0000000000000000       0x20 /home/opt/arm-toolchains/gcc-arm-none-eabi-7-2018-q2-update/bin/../lib/gcc/arm-none-eabi/7.3.1/../../../../arm-none-eabi/lib/thumb/v6-m/libg_nano.a(lib_a-wctomb_r.o)
 .text.__ascii_wctomb
                0x0000000000000000       0x18 /home/opt/arm-toolchains/gcc-arm-none-eabi-7-2018-q2-update/bin/../lib/gcc/arm-none-eabi/7.3.1/../../../../arm-none-eabi/lib/thumb/v6-m/libg_nano.a(lib_a-wctomb_r.o)
 .debug_frame   0x0000000000000000       0x38 /home/opt/arm-toolchains/gcc-arm-none-eabi-7-2018-q2-update/bin/../lib/gcc/arm-none-eabi/7.3.1/../../../../arm-none-eabi/lib/thumb/v6-m/libg_nano.a(lib_a-wctomb_r.o)
 .ARM.attributes
                0x0000000000000000       0x2c /home/opt/arm-toolchains/gcc-arm-none-eabi-7-2018-q2-update/bin/../lib/gcc/arm-none-eabi/7.3.1/../../../../arm-none-eabi/lib/thumb/v6-m/libg_nano.a(lib_a-wctomb_r.o)
 .text          0x0000000000000000        0x0 /home/opt/arm-toolchains/gcc-arm-none-eabi-7-2018-q2-update/bin/../lib/gcc/arm-none-eabi/7.3.1/../../../../arm-none-eabi/lib/thumb/v6-m/libg_nano.a(lib_a-ctype_.o)
 .data          0x0000000000000000        0x0 /home/opt/arm-toolchains/gcc-arm-none-eabi-7-2018-q2-update/bin/../lib/gcc/arm-none-eabi/7.3.1/../../../../arm-none-eabi/lib/thumb/v6-m/libg_nano.a(lib_a-ctype_.o)
 .bss           0x0000000000000000        0x0 /home/opt/arm-toolchains/gcc-arm-none-eabi-7-2018-q2-update/bin/../lib/gcc/arm-none-eabi/7.3.1/../../../../arm-none-eabi/lib/thumb/v6-m/libg_nano.a(lib_a-ctype_.o)
 .rodata._ctype_
                0x0000000000000000      0x101 /home/opt/arm-toolchains/gcc-arm-none-eabi-7-2018-q2-update/bin/../lib/gcc/arm-none-eabi/7.3.1/../../../../arm-none-eabi/lib/thumb/v6-m/libg_nano.a(lib_a-ctype_.o)
 .ARM.attributes
                0x0000000000000000       0x2c /home/opt/arm-toolchains/gcc-arm-none-eabi-7-2018-q2-update/bin/../lib/gcc/arm-none-eabi/7.3.1/../../../../arm-none-eabi/lib/thumb/v6-m/libg_nano.a(lib_a-ctype_.o)
 .text          0x0000000000000000        0x0 /home/opt/arm-toolchains/gcc-arm-none-eabi-7-2018-q2-update/bin/../lib/gcc/arm-none-eabi/7.3.1/../../../../arm-none-eabi/lib/thumb/v6-m/libg_nano.a(lib_a-mlock.o)
 .data          0x0000000000000000        0x0 /home/opt/arm-toolchains/gcc-arm-none-eabi-7-2018-q2-update/bin/../lib/gcc/arm-none-eabi/7.3.1/../../../../arm-none-eabi/lib/thumb/v6-m/libg_nano.a(lib_a-mlock.o)
 .bss           0x0000000000000000        0x0 /home/opt/arm-toolchains/gcc-arm-none-eabi-7-2018-q2-update/bin/../lib/gcc/arm-none-eabi/7.3.1/../../../../arm-none-eabi/lib/thumb/v6-m/libg_nano.a(lib_a-mlock.o)

Memory Configuration

Name             Origin             Length             Attributes
RAM              0x0000000020000000 0x0000000000004000 xrw
CCMRAM           0x0000000000000000 0x0000000000000000 xrw
FLASH            0x0000000008000000 0x0000000000010000 xr
FLASHB1          0x0000000000000000 0x0000000000000000 xr
EXTMEMB0         0x0000000000000000 0x0000000000000000 xr
EXTMEMB1         0x0000000000000000 0x0000000000000000 xr
EXTMEMB2         0x0000000000000000 0x0000000000000000 xr
EXTMEMB3         0x0000000000000000 0x0000000000000000 xr
MEMORY_ARRAY     0x0000000000000000 0x0000000000000000 xrw
*default*        0x0000000000000000 0xffffffffffffffff

Linker script and memory map

LOAD ./system/src/newlib/_cxx.o
LOAD ./system/src/newlib/_exit.o
LOAD ./system/src/newlib/_sbrk.o
LOAD ./system/src/newlib/_startup.o
LOAD ./system/src/newlib/_syscalls.o
LOAD ./system/src/newlib/assert.o
LOAD ./system/src/diag/Trace.o
LOAD ./system/src/diag/trace_impl.o
LOAD ./system/src/cortexm/_initialize_hardware.o
LOAD ./system/src/cortexm/_reset_hardware.o
LOAD ./system/src/cortexm/exception_handlers.o
LOAD ./system/src/cmsis/system_stm32f0xx.o
LOAD ./system/src/cmsis/vectors_stm32f0xx.o
LOAD ./src/HBridge.o
LOAD ./src/HMI.o
LOAD ./src/Hamulec.o
LOAD ./src/Hardware.o
LOAD ./src/Menu.o
LOAD ./src/Praca.o
LOAD ./src/Silnik230VAC.o
LOAD ./src/Silnik24VDC.o
LOAD ./src/SilnikNapedu.o
LOAD ./src/Sterownik.o
LOAD ./src/_write.o
LOAD ./src/main.o
LOAD ./lbutils/Fifo.o
LOAD ./lbutils/FrameBuffer.o
LOAD ./lbutils/QuickTask.o
LOAD ./lbutils/myUtils.o
LOAD ./lbdrivers/I2C.o
LOAD ./lbdrivers/ST7032iFB.o
LOAD /home/opt/arm-toolchains/gcc-arm-none-eabi-7-2018-q2-update/bin/../lib/gcc/arm-none-eabi/7.3.1/../../../../arm-none-eabi/lib/thumb/v6-m/libstdc++_nano.a
LOAD /home/opt/arm-toolchains/gcc-arm-none-eabi-7-2018-q2-update/bin/../lib/gcc/arm-none-eabi/7.3.1/../../../../arm-none-eabi/lib/thumb/v6-m/libm.a
START GROUP
LOAD /home/opt/arm-toolchains/gcc-arm-none-eabi-7-2018-q2-update/bin/../lib/gcc/arm-none-eabi/7.3.1/thumb/v6-m/libgcc.a
LOAD /home/opt/arm-toolchains/gcc-arm-none-eabi-7-2018-q2-update/bin/../lib/gcc/arm-none-eabi/7.3.1/../../../../arm-none-eabi/lib/thumb/v6-m/libg_nano.a
LOAD /home/opt/arm-toolchains/gcc-arm-none-eabi-7-2018-q2-update/bin/../lib/gcc/arm-none-eabi/7.3.1/../../../../arm-none-eabi/lib/thumb/v6-m/libc_nano.a
END GROUP
START GROUP
LOAD /home/opt/arm-toolchains/gcc-arm-none-eabi-7-2018-q2-update/bin/../lib/gcc/arm-none-eabi/7.3.1/thumb/v6-m/libgcc.a
LOAD /home/opt/arm-toolchains/gcc-arm-none-eabi-7-2018-q2-update/bin/../lib/gcc/arm-none-eabi/7.3.1/../../../../arm-none-eabi/lib/thumb/v6-m/libc_nano.a
LOAD /home/opt/arm-toolchains/gcc-arm-none-eabi-7-2018-q2-update/bin/../lib/gcc/arm-none-eabi/7.3.1/../../../../arm-none-eabi/lib/thumb/v6-m/libnosys.a
END GROUP
START GROUP
LOAD /home/opt/arm-toolchains/gcc-arm-none-eabi-7-2018-q2-update/bin/../lib/gcc/arm-none-eabi/7.3.1/thumb/v6-m/libgcc.a
LOAD /home/opt/arm-toolchains/gcc-arm-none-eabi-7-2018-q2-update/bin/../lib/gcc/arm-none-eabi/7.3.1/../../../../arm-none-eabi/lib/thumb/v6-m/libc_nano.a
LOAD /home/opt/arm-toolchains/gcc-arm-none-eabi-7-2018-q2-update/bin/../lib/gcc/arm-none-eabi/7.3.1/../../../../arm-none-eabi/lib/thumb/v6-m/libnosys.a
END GROUP
                0x0000000020004000                __stack = (ORIGIN (RAM) + LENGTH (RAM))
                0x0000000020004000                _estack = __stack
                0x0000000000000800                __Main_Stack_Size = 0x800
                [!provide]                        PROVIDE (_Main_Stack_Size = __Main_Stack_Size)
                0x0000000020003800                __Main_Stack_Limit = (__stack - __Main_Stack_Size)
                [!provide]                        PROVIDE (_Main_Stack_Limit = __Main_Stack_Limit)
                0x0000000000000100                _Minimum_Stack_Size = 0x100
                0x0000000020000458                PROVIDE (_Heap_Begin = _end_noinit)
                0x0000000020003800                PROVIDE (_Heap_Limit = (__stack - __Main_Stack_Size))

.isr_vector     0x0000000008000000      0x1ee
 FILL mask 0xff
                0x0000000008000000                __vectors_start = ABSOLUTE (.)
                0x0000000008000000                __vectors_start__ = ABSOLUTE (.)
 *(.isr_vector)
 .isr_vector    0x0000000008000000       0xc4 ./system/src/cmsis/vectors_stm32f0xx.o
                0x0000000008000000                g_pfnVectors
 *(.cfmconfig)
 *(.after_vectors .after_vectors.*)
 .after_vectors
                0x00000000080000c4       0xf8 ./system/src/newlib/_startup.o
                0x00000000080000c4                _start
 .after_vectors
                0x00000000080001bc       0x30 ./system/src/cortexm/exception_handlers.o
                0x00000000080001bc                Reset_Handler
                0x00000000080001c0                NMI_Handler
                0x00000000080001c2                HardFault_Handler
                0x00000000080001da                HardFault_Handler_C
                0x00000000080001dc                SVC_Handler
                0x00000000080001de                PendSV_Handler
 .after_vectors
                0x00000000080001ec        0x2 ./system/src/cmsis/vectors_stm32f0xx.o
                0x00000000080001ec                TIM1_CC_IRQHandler
                0x00000000080001ec                TSC_IRQHandler
                0x00000000080001ec                ADC1_COMP_IRQHandler
                0x00000000080001ec                TIM6_IRQHandler
                0x00000000080001ec                PVD_IRQHandler
                0x00000000080001ec                I2C1_IRQHandler
                0x00000000080001ec                RCC_CRS_IRQHandler
                0x00000000080001ec                SPI1_IRQHandler
                0x00000000080001ec                TIM6_DAC_IRQHandler
                0x00000000080001ec                USART3_4_IRQHandler
                0x00000000080001ec                EXTI2_3_IRQHandler
                0x00000000080001ec                ADC1_IRQHandler
                0x00000000080001ec                I2C2_IRQHandler
                0x00000000080001ec                USART3_6_IRQHandler
                0x00000000080001ec                TIM17_IRQHandler
                0x00000000080001ec                CEC_CAN_IRQHandler
                0x00000000080001ec                RTC_IRQHandler
                0x00000000080001ec                PVD_VDDIO2_IRQHandler
                0x00000000080001ec                DMA1_Channel4_5_6_7_IRQHandler
                0x00000000080001ec                TIM16_IRQHandler
                0x00000000080001ec                TIM3_IRQHandler
                0x00000000080001ec                RCC_IRQHandler
                0x00000000080001ec                EXTI4_15_IRQHandler
                0x00000000080001ec                USART3_8_IRQHandler
                0x00000000080001ec                DMA1_Channel1_IRQHandler
                0x00000000080001ec                Default_Handler
                0x00000000080001ec                CEC_IRQHandler
                0x00000000080001ec                TIM14_IRQHandler
                0x00000000080001ec                DMA1_Channel4_5_IRQHandler
                0x00000000080001ec                TIM7_IRQHandler
                0x00000000080001ec                TIM15_IRQHandler
                0x00000000080001ec                EXTI0_1_IRQHandler
                0x00000000080001ec                USB_IRQHandler
                0x00000000080001ec                SPI2_IRQHandler
                0x00000000080001ec                DMA1_Ch2_3_DMA2_Ch1_2_IRQHandler
                0x00000000080001ec                DMA1_Ch4_7_DMA2_Ch3_5_IRQHandler
                0x00000000080001ec                TS_IRQHandler
                0x00000000080001ec                WWDG_IRQHandler
                0x00000000080001ec                TIM2_IRQHandler
                0x00000000080001ec                DMA1_Channel2_3_IRQHandler
                0x00000000080001ec                USART2_IRQHandler
                0x00000000080001ec                VDDIO2_IRQHandler
                0x00000000080001ec                FLASH_IRQHandler
                0x00000000080001ec                USART1_IRQHandler
                0x00000000080001ec                TIM1_BRK_UP_TRG_COM_IRQHandler

.inits          0x00000000080001f0       0x44
                0x00000000080001f0                __data_regions_array_start = .
                0x00000000080001f0        0x4 LONG 0x8004e9c LOADADDR (.data)
                0x00000000080001f4        0x4 LONG 0x20000000 ADDR (.data)
                0x00000000080001f8        0x4 LONG 0x20000094 (ADDR (.data) + SIZEOF (.data))
                0x00000000080001fc        0x4 LONG 0x8004e9c LOADADDR (.data_CCMRAM)
                0x0000000008000200        0x4 LONG 0x0 ADDR (.data_CCMRAM)
                0x0000000008000204        0x4 LONG 0x0 (ADDR (.data_CCMRAM) + SIZEOF (.data_CCMRAM))
                0x0000000008000208                __data_regions_array_end = .
                0x0000000008000208                __bss_regions_array_start = .
                0x0000000008000208        0x4 LONG 0x20000094 ADDR (.bss)
                0x000000000800020c        0x4 LONG 0x20000458 (ADDR (.bss) + SIZEOF (.bss))
                0x0000000008000210        0x4 LONG 0x0 ADDR (.bss_CCMRAM)
                0x0000000008000214        0x4 LONG 0x0 (ADDR (.bss_CCMRAM) + SIZEOF (.bss_CCMRAM))
                0x0000000008000218                __bss_regions_array_end = .
 *(.init)
 *(.fini)
                0x0000000008000218                . = ALIGN (0x4)
                0x0000000008000218                PROVIDE (__preinit_array_start = .)
 *(.preinit_array_sysinit .preinit_array_sysinit.*)
 *(.preinit_array_platform .preinit_array_platform.*)
 *(.preinit_array .preinit_array.*)
                0x0000000008000218                PROVIDE (__preinit_array_end = .)
                0x0000000008000218                . = ALIGN (0x4)
                0x0000000008000218                PROVIDE (__init_array_start = .)
 *(SORT_BY_NAME(.init_array.*))
 *(.init_array)
 .init_array    0x0000000008000218        0x4 ./src/HMI.o
 .init_array    0x000000000800021c        0x4 ./src/Hardware.o
 .init_array    0x0000000008000220        0x4 ./src/main.o
 .init_array    0x0000000008000224        0x4 ./lbdrivers/I2C.o
 .init_array    0x0000000008000228        0x4 ./lbdrivers/ST7032iFB.o
                0x000000000800022c                PROVIDE (__init_array_end = .)
                0x000000000800022c                . = ALIGN (0x4)
                0x000000000800022c                PROVIDE (__fini_array_start = .)
 *(SORT_BY_NAME(.fini_array.*))
 *(.fini_array)
 .fini_array    0x000000000800022c        0x4 ./src/main.o
 .fini_array    0x0000000008000230        0x4 ./lbdrivers/ST7032iFB.o
                0x0000000008000234                PROVIDE (__fini_array_end = .)

.flashtext
 *(.flashtext .flashtext.*)

.text           0x0000000008000234     0x4c68
 *(.text .text.*)
 .text._exit    0x0000000008000234        0x6 ./system/src/newlib/_exit.o
                0x0000000008000234                _exit
 *fill*         0x000000000800023a        0x2 
 .text.__initialize_args
                0x000000000800023c       0x10 ./system/src/newlib/_syscalls.o
                0x000000000800023c                __initialize_args
 .text.__initialize_hardware_early
                0x000000000800024c        0x8 ./system/src/cortexm/_initialize_hardware.o
                0x000000000800024c                __initialize_hardware_early
 .text.__initialize_hardware
                0x0000000008000254        0x8 ./system/src/cortexm/_initialize_hardware.o
                0x0000000008000254                __initialize_hardware
 .text.__reset_hardware
                0x000000000800025c       0x1c ./system/src/cortexm/_reset_hardware.o
                0x000000000800025c                __reset_hardware
 .text.SystemInit
                0x0000000008000278      0x108 ./system/src/cmsis/system_stm32f0xx.o
                0x0000000008000278                SystemInit
 .text.SystemCoreClockUpdate
                0x0000000008000380       0x94 ./system/src/cmsis/system_stm32f0xx.o
                0x0000000008000380                SystemCoreClockUpdate
 .text._ZL12hmi_callbackv
                0x0000000008000414       0x10 ./src/HMI.o
 .text._ZN3HMI11getInstanceEv
                0x0000000008000424        0x8 ./src/HMI.o
                0x0000000008000424                HMI::getInstance()
 .text._GLOBAL__sub_I_hmi
                0x000000000800042c       0x2c ./src/HMI.o
 .text._ZN4GpioC2EP12GPIO_TypeDeft
                0x0000000008000458       0x6e ./src/Hardware.o
                0x0000000008000458                Gpio::Gpio(GPIO_TypeDef*, unsigned short)
                0x0000000008000458                Gpio::Gpio(GPIO_TypeDef*, unsigned short)
 *fill*         0x00000000080004c6        0x2 
 .text._ZN8Hardware9WDOG_InitEv
                0x00000000080004c8       0x24 ./src/Hardware.o
                0x00000000080004c8                Hardware::WDOG_Init()
 .text._ZN8Hardware4initEv
                0x00000000080004ec      0x12c ./src/Hardware.o
                0x00000000080004ec                Hardware::init()
 .text._ZN8Hardware11WDOG_ReloadEv
                0x0000000008000618       0x10 ./src/Hardware.o
                0x0000000008000618                Hardware::WDOG_Reload()
 .text._ZN8Hardware12delayMsDirtyEm
                0x0000000008000628       0x1c ./src/Hardware.o
                0x0000000008000628                Hardware::delayMsDirty(unsigned long)
 .text._GLOBAL__sub_I__ZN8Hardware4initEv
                0x0000000008000644       0x28 ./src/Hardware.o
 .text._ZN4Menu9showEkranEt
                0x000000000800066c       0x7c ./src/Menu.o
                0x000000000800066c                Menu::showEkran(unsigned short)
 .text._ZN4Menu4pollEv
                0x00000000080006e8       0x88 ./src/Menu.o
                0x00000000080006e8                Menu::poll()
 .text._ZN12Silnik230VAC7setMoveEN12SilnikNapedu4MOVEE
                0x0000000008000770       0x62 ./src/main.o
                0x0000000008000770                Silnik230VAC::setMove(SilnikNapedu::MOVE)
 .text._ZN12Silnik230VAC7getMoveEv
                0x00000000080007d2        0x4 ./src/main.o
                0x00000000080007d2                Silnik230VAC::getMove()
 .text._ZN11Silnik24VDC7getMoveEv
                0x00000000080007d6        0x4 ./src/main.o
                0x00000000080007d6                Silnik24VDC::getMove()
 .text._ZN11Silnik24VDCD2Ev
                0x00000000080007da        0x2 ./src/main.o
                0x00000000080007da                Silnik24VDC::~Silnik24VDC()
                0x00000000080007da                Silnik24VDC::~Silnik24VDC()
 .text._ZN12Silnik230VACD2Ev
                0x00000000080007dc        0x2 ./src/main.o
                0x00000000080007dc                Silnik230VAC::~Silnik230VAC()
                0x00000000080007dc                Silnik230VAC::~Silnik230VAC()
 *fill*         0x00000000080007de        0x2 
 .text._ZL13keyb_callbackv
                0x00000000080007e0       0x88 ./src/main.o
 .text._ZN11Silnik24VDCD0Ev
                0x0000000008000868        0xe ./src/main.o
                0x0000000008000868                Silnik24VDC::~Silnik24VDC()
 .text._ZN12Silnik230VACD0Ev
                0x0000000008000876        0xe ./src/main.o
                0x0000000008000876                Silnik230VAC::~Silnik230VAC()
 .text._ZN11Silnik24VDC7setMoveEN12SilnikNapedu4MOVEE
                0x0000000008000884      0x21a ./src/main.o
                0x0000000008000884                Silnik24VDC::setMove(SilnikNapedu::MOVE)
 *fill*         0x0000000008000a9e        0x2 
 .text._ZN6Pinout5setupEv
                0x0000000008000aa0     0x1de4 ./src/main.o
                0x0000000008000aa0                Pinout::setup()
 .text._ZN11FrameBuffer7printXYEmmPKc
                0x0000000008002884       0x44 ./src/main.o
                0x0000000008002884                FrameBuffer::printXY(unsigned long, unsigned long, char const*)
 .text._ZN6PinoutC2Ev
                0x00000000080028c8     0x17f4 ./src/main.o
                0x00000000080028c8                Pinout::Pinout()
                0x00000000080028c8                Pinout::Pinout()
 .text.main     0x00000000080040bc       0xf8 ./src/main.o
                0x00000000080040bc                main
 .text._GLOBAL__sub_I_pins
                0x00000000080041b4      0x14c ./src/main.o
 .text._GLOBAL__sub_D_pins
                0x0000000008004300       0x10 ./src/main.o
 .text._ZN4FifoC2EPhm
                0x0000000008004310       0x18 ./lbutils/Fifo.o
                0x0000000008004310                Fifo::Fifo(unsigned char*, unsigned long)
                0x0000000008004310                Fifo::Fifo(unsigned char*, unsigned long)
 .text._ZN4Fifo3putEh
                0x0000000008004328       0x36 ./lbutils/Fifo.o
                0x0000000008004328                Fifo::put(unsigned char)
 .text._ZN4Fifo3getEv
                0x000000000800435e       0x24 ./lbutils/Fifo.o
                0x000000000800435e                Fifo::get()
 .text._ZN4Fifo6putAllEPS_
                0x0000000008004382       0x2e ./lbutils/Fifo.o
                0x0000000008004382                Fifo::putAll(Fifo*)
 .text._ZN4Fifo9get_countEv
                0x00000000080043b0       0x14 ./lbutils/Fifo.o
                0x00000000080043b0                Fifo::get_count()
 .text._ZN11FrameBufferD2Ev
                0x00000000080043c4        0x2 ./lbutils/FrameBuffer.o
                0x00000000080043c4                FrameBuffer::~FrameBuffer()
                0x00000000080043c4                FrameBuffer::~FrameBuffer()
 .text._ZN11FrameBufferD0Ev
                0x00000000080043c6        0xe ./lbutils/FrameBuffer.o
                0x00000000080043c6                FrameBuffer::~FrameBuffer()
 .text._ZN9QuickTask4tickEm
                0x00000000080043d4       0x3c ./lbutils/QuickTask.o
                0x00000000080043d4                QuickTask::tick(unsigned long)
 .text._ZN9QuickTask4pollEv
                0x0000000008004410       0x3c ./lbutils/QuickTask.o
                0x0000000008004410                QuickTask::poll()
 .text._ZN9QuickTaskC2ENS_6QTTypeEPFvvEm
                0x000000000800444c       0x44 ./lbutils/QuickTask.o
                0x000000000800444c                QuickTask::QuickTask(QuickTask::QTType, void (*)(), unsigned long)
                0x000000000800444c                QuickTask::QuickTask(QuickTask::QTType, void (*)(), unsigned long)
 .text.SysTick_Handler
                0x0000000008004490        0xa ./lbutils/QuickTask.o
                0x0000000008004490                SysTick_Handler
 .text.itoaWithPattern
                0x000000000800449a       0x68 ./lbutils/myUtils.o
                0x000000000800449a                itoaWithPattern
 .text.my_strcpy
                0x0000000008004502       0x30 ./lbutils/myUtils.o
                0x0000000008004502                my_strcpy
 .text.numberWithPattern
                0x0000000008004532       0x1a ./lbutils/myUtils.o
                0x0000000008004532                numberWithPattern
 .text._ZN3I2C4initEv
                0x000000000800454c      0x254 ./lbdrivers/I2C.o
                0x000000000800454c                I2C::init()
 .text._ZN3I2C4initEPNS_10DeviceDefsE
                0x00000000080047a0       0x32 ./lbdrivers/I2C.o
                0x00000000080047a0                I2C::init(I2C::DeviceDefs*)
 *fill*         0x00000000080047d2        0x2 
 .text._ZN3I2C16masterWriteBlockEP4Fifo
                0x00000000080047d4       0xac ./lbdrivers/I2C.o
                0x00000000080047d4                I2C::masterWriteBlock(Fifo*)
 .text._GLOBAL__sub_I_i2cInstance
                0x0000000008004880       0x28 ./lbdrivers/I2C.o
 .text._ZN9ST7032iFBD2Ev
                0x00000000080048a8        0x2 ./lbdrivers/ST7032iFB.o
                0x00000000080048a8                ST7032iFB::~ST7032iFB()
                0x00000000080048a8                ST7032iFB::~ST7032iFB()
 .text._ZN9ST7032iFBD0Ev
                0x00000000080048aa        0xe ./lbdrivers/ST7032iFB.o
                0x00000000080048aa                ST7032iFB::~ST7032iFB()
 .text._ZN9ST7032iFB15setPollFunctionEv
                0x00000000080048b8       0x10 ./lbdrivers/ST7032iFB.o
                0x00000000080048b8                ST7032iFB::setPollFunction()
 .text._ZN9ST7032iFB13sendCmdOrDataEbh
                0x00000000080048c8       0x2c ./lbdrivers/ST7032iFB.o
                0x00000000080048c8                ST7032iFB::sendCmdOrData(bool, unsigned char)
 .text._ZN9ST7032iFB11sendCommandEh
                0x00000000080048f4        0xc ./lbdrivers/ST7032iFB.o
                0x00000000080048f4                ST7032iFB::sendCommand(unsigned char)
 .text._ZN9ST7032iFB4initEP3I2CP4GpioS3_
                0x0000000008004900      0x258 ./lbdrivers/ST7032iFB.o
                0x0000000008004900                ST7032iFB::init(I2C*, Gpio*, Gpio*)
 .text._ZN9ST7032iFB8sendLineEm
                0x0000000008004b58       0x4c ./lbdrivers/ST7032iFB.o
                0x0000000008004b58                ST7032iFB::sendLine(unsigned long)
 .text._ZN9ST7032iFB7processEv
                0x0000000008004ba4       0x1e ./lbdrivers/ST7032iFB.o
                0x0000000008004ba4                ST7032iFB::process()
 *fill*         0x0000000008004bc2        0x2 
 .text._GLOBAL__sub_I_st7032Task
                0x0000000008004bc4       0x50 ./lbdrivers/ST7032iFB.o
 .text._GLOBAL__sub_D_st7032Task
                0x0000000008004c14       0x10 ./lbdrivers/ST7032iFB.o
 .text._ZdlPvj  0x0000000008004c24        0x8 /home/opt/arm-toolchains/gcc-arm-none-eabi-7-2018-q2-update/bin/../lib/gcc/arm-none-eabi/7.3.1/../../../../arm-none-eabi/lib/thumb/v6-m/libstdc++_nano.a(del_ops.o)
                0x0000000008004c24                operator delete(void*, unsigned int)
 .text._ZdlPv   0x0000000008004c2c        0x8 /home/opt/arm-toolchains/gcc-arm-none-eabi-7-2018-q2-update/bin/../lib/gcc/arm-none-eabi/7.3.1/../../../../arm-none-eabi/lib/thumb/v6-m/libstdc++_nano.a(del_op.o)
                0x0000000008004c2c                operator delete(void*)
 .text          0x0000000008004c34      0x114 /home/opt/arm-toolchains/gcc-arm-none-eabi-7-2018-q2-update/bin/../lib/gcc/arm-none-eabi/7.3.1/thumb/v6-m/libgcc.a(_udivsi3.o)
                0x0000000008004c34                __udivsi3
                0x0000000008004c34                __aeabi_uidiv
                0x0000000008004d40                __aeabi_uidivmod
 .text          0x0000000008004d48        0x4 /home/opt/arm-toolchains/gcc-arm-none-eabi-7-2018-q2-update/bin/../lib/gcc/arm-none-eabi/7.3.1/thumb/v6-m/libgcc.a(_dvmd_tls.o)
                0x0000000008004d48                __aeabi_ldiv0
                0x0000000008004d48                __aeabi_idiv0
 .text.free     0x0000000008004d4c       0x14 /home/opt/arm-toolchains/gcc-arm-none-eabi-7-2018-q2-update/bin/../lib/gcc/arm-none-eabi/7.3.1/../../../../arm-none-eabi/lib/thumb/v6-m/libg_nano.a(lib_a-malloc.o)
                0x0000000008004d4c                free
 .text.memset   0x0000000008004d60       0x10 /home/opt/arm-toolchains/gcc-arm-none-eabi-7-2018-q2-update/bin/../lib/gcc/arm-none-eabi/7.3.1/../../../../arm-none-eabi/lib/thumb/v6-m/libg_nano.a(lib_a-memset.o)
                0x0000000008004d60                memset
 .text._free_r  0x0000000008004d70       0x94 /home/opt/arm-toolchains/gcc-arm-none-eabi-7-2018-q2-update/bin/../lib/gcc/arm-none-eabi/7.3.1/../../../../arm-none-eabi/lib/thumb/v6-m/libg_nano.a(lib_a-nano-freer.o)
                0x0000000008004d70                _free_r
 .text          0x0000000008004e04        0xe /home/opt/arm-toolchains/gcc-arm-none-eabi-7-2018-q2-update/bin/../lib/gcc/arm-none-eabi/7.3.1/../../../../arm-none-eabi/lib/thumb/v6-m/libg_nano.a(lib_a-strlen.o)
                0x0000000008004e04                strlen
 .text.__malloc_lock
                0x0000000008004e12        0x2 /home/opt/arm-toolchains/gcc-arm-none-eabi-7-2018-q2-update/bin/../lib/gcc/arm-none-eabi/7.3.1/../../../../arm-none-eabi/lib/thumb/v6-m/libg_nano.a(lib_a-mlock.o)
                0x0000000008004e12                __malloc_lock
 .text.__malloc_unlock
                0x0000000008004e14        0x2 /home/opt/arm-toolchains/gcc-arm-none-eabi-7-2018-q2-update/bin/../lib/gcc/arm-none-eabi/7.3.1/../../../../arm-none-eabi/lib/thumb/v6-m/libg_nano.a(lib_a-mlock.o)
                0x0000000008004e14                __malloc_unlock
 *(.rodata .rodata.* .constdata .constdata.*)
 *fill*         0x0000000008004e16        0x2 
 .rodata._ZN4Menu9showEkranEt.str1.4
                0x0000000008004e18        0xa ./src/Menu.o
 *fill*         0x0000000008004e22        0x2 
 .rodata._ZTV12Silnik230VAC
                0x0000000008004e24       0x18 ./src/main.o
                0x0000000008004e24                vtable for Silnik230VAC
 .rodata._ZTV11Silnik24VDC
                0x0000000008004e3c       0x18 ./src/main.o
                0x0000000008004e3c                vtable for Silnik24VDC
 .rodata.main.str1.4
                0x0000000008004e54       0x28 ./src/main.o
                                         0x25 (size before relaxing)
 .rodata._ZTV11FrameBuffer
                0x0000000008004e7c       0x10 ./lbutils/FrameBuffer.o
                0x0000000008004e7c                vtable for FrameBuffer
 .rodata._ZTV9ST7032iFB
                0x0000000008004e8c       0x10 ./lbdrivers/ST7032iFB.o
                0x0000000008004e8c                vtable for ST7032iFB
 *(vtable)
 *(.eh_frame*)
 *(.glue_7)
 .glue_7        0x0000000008004e9c        0x0 linker stubs
 *(.glue_7t)
 .glue_7t       0x0000000008004e9c        0x0 linker stubs

.vfp11_veneer   0x0000000008004e9c        0x0
 .vfp11_veneer  0x0000000008004e9c        0x0 linker stubs

.v4_bx          0x0000000008004e9c        0x0
 .v4_bx         0x0000000008004e9c        0x0 linker stubs

.iplt           0x0000000008004e9c        0x0
 .iplt          0x0000000008004e9c        0x0 ./system/src/newlib/_exit.o

.rel.dyn        0x0000000008004e9c        0x0
 .rel.iplt      0x0000000008004e9c        0x0 ./system/src/newlib/_exit.o

.ARM.extab
 *(.ARM.extab* .gnu.linkonce.armextab.*)
                0x0000000008004e9c                . = ALIGN (0x4)
                0x0000000008004e9c                __exidx_start = .

.ARM.exidx
 *(.ARM.exidx* .gnu.linkonce.armexidx.*)
                0x0000000008004e9c                __exidx_end = .
                0x0000000008004e9c                . = ALIGN (0x4)
                0x0000000008004e9c                _etext = .
                0x0000000008004e9c                __etext = .

.data_CCMRAM    0x0000000000000000        0x0 load address 0x0000000008004e9c
 FILL mask 0xff
 *(.data.CCMRAM .data.CCMRAM.*)
                0x0000000000000000                . = ALIGN (0x4)
                0x0000000008004e9c                _sidata = LOADADDR (.data)

.data           0x0000000020000000       0x94 load address 0x0000000008004e9c
 FILL mask 0xff
                0x0000000020000000                _sdata = .
                0x0000000020000000                __data_start__ = .
 *(.data_begin .data_begin.*)
 *(.data .data.*)
 .data.argv.4310
                0x0000000020000000        0x8 ./system/src/newlib/_syscalls.o
 .data.AHBPrescTable
                0x0000000020000008       0x10 ./system/src/cmsis/system_stm32f0xx.o
                0x0000000020000008                AHBPrescTable
 .data.SystemCoreClock
                0x0000000020000018        0x4 ./system/src/cmsis/system_stm32f0xx.o
                0x0000000020000018                SystemCoreClock
 .data.i2cDefs  0x000000002000001c       0x10 ./src/main.o
                0x000000002000001c                i2cDefs
 .data.sterM    0x000000002000002c        0x4 ./src/main.o
                0x000000002000002c                sterM
 .data._impure_ptr
                0x0000000020000030        0x4 /home/opt/arm-toolchains/gcc-arm-none-eabi-7-2018-q2-update/bin/../lib/gcc/arm-none-eabi/7.3.1/../../../../arm-none-eabi/lib/thumb/v6-m/libg_nano.a(lib_a-impure.o)
                0x0000000020000030                _impure_ptr
 .data.impure_data
                0x0000000020000034       0x60 /home/opt/arm-toolchains/gcc-arm-none-eabi-7-2018-q2-update/bin/../lib/gcc/arm-none-eabi/7.3.1/../../../../arm-none-eabi/lib/thumb/v6-m/libg_nano.a(lib_a-impure.o)
 *(.data_end .data_end.*)
                0x0000000020000094                . = ALIGN (0x4)
                0x0000000020000094                _edata = .
                0x0000000020000094                __data_end__ = .

.igot.plt       0x0000000020000094        0x0 load address 0x0000000008004f30
 .igot.plt      0x0000000020000094        0x0 ./system/src/newlib/_exit.o

.bss_CCMRAM     0x0000000000000000        0x0
 *(.bss.CCMRAM .bss.CCMRAM.*)

.bss            0x0000000020000094      0x3c4
                0x0000000020000094                __bss_start__ = .
                0x0000000020000094                _sbss = .
 *(.bss_begin .bss_begin.*)
 *(.bss .bss.*)
 .bss.name.4309
                0x0000000020000094        0x1 ./system/src/newlib/_syscalls.o
 *fill*         0x0000000020000095        0x3 
 .bss.hmi       0x0000000020000098       0x14 ./src/HMI.o
                0x0000000020000098                hmi
 .bss.hmiQtsk   0x00000000200000ac       0x14 ./src/HMI.o
                0x00000000200000ac                hmiQtsk
 .bss.gpioPomSygnL
                0x00000000200000c0        0x8 ./src/Hardware.o
                0x00000000200000c0                gpioPomSygnL
 .bss.gpioPomZas24V
                0x00000000200000c8        0x8 ./src/Hardware.o
                0x00000000200000c8                gpioPomZas24V
 .bss._ZZN4Menu4pollEvE10enterToMem
                0x00000000200000d0        0x1 ./src/Menu.o
 .bss._ZZN8Keyboard6co10msEvE6oldKey
                0x00000000200000d1        0x1 ./src/main.o
                0x00000000200000d1                Keyboard::co10ms()::oldKey
 *fill*         0x00000000200000d2        0x2 
 .bss.hBridgeHamulec
                0x00000000200000d4       0x14 ./src/main.o
                0x00000000200000d4                hBridgeHamulec
 .bss.hBridgeSilnik
                0x00000000200000e8       0x14 ./src/main.o
                0x00000000200000e8                hBridgeSilnik
 .bss.hamulec   0x00000000200000fc        0x8 ./src/main.o
                0x00000000200000fc                hamulec
 .bss.i2c       0x0000000020000104        0xc ./src/main.o
                0x0000000020000104                i2c
 .bss.keybQtsk  0x0000000020000110       0x14 ./src/main.o
                0x0000000020000110                keybQtsk
 .bss.keys      0x0000000020000124       0x2c ./src/main.o
                0x0000000020000124                keys
 .bss.menu      0x0000000020000150       0x18 ./src/main.o
                0x0000000020000150                menu
 .bss.pins      0x0000000020000168      0x178 ./src/main.o
                0x0000000020000168                pins
 .bss.silnik230VAC
                0x00000000200002e0       0x10 ./src/main.o
                0x00000000200002e0                silnik230VAC
 .bss.silnik24VDC
                0x00000000200002f0        0xc ./src/main.o
                0x00000000200002f0                silnik24VDC
 .bss.st7032iDriver
                0x00000000200002fc       0x1c ./src/main.o
                0x00000000200002fc                st7032iDriver
 .bss.sterBramDym
                0x0000000020000318       0x14 ./src/main.o
                0x0000000020000318                sterBramDym
 .bss._ZN9QuickTask12milisCounterE
                0x000000002000032c        0x4 ./lbutils/QuickTask.o
                0x000000002000032c                QuickTask::milisCounter
 .bss.taskbase  0x0000000020000330        0x4 ./lbutils/QuickTask.o
                0x0000000020000330                taskbase
 .bss.buffer    0x0000000020000334       0x64 ./lbdrivers/I2C.o
                0x0000000020000334                buffer
 .bss.dataFrame
                0x0000000020000398       0x18 ./lbdrivers/I2C.o
                0x0000000020000398                dataFrame
 .bss.i2cInstance
                0x00000000200003b0        0xc ./lbdrivers/I2C.o
                0x00000000200003b0                i2cInstance
 .bss.dataFifo  0x00000000200003bc       0x18 ./lbdrivers/ST7032iFB.o
                0x00000000200003bc                dataFifo
 .bss.dataTab1  0x00000000200003d4       0x25 ./lbdrivers/ST7032iFB.o
                0x00000000200003d4                dataTab1
 *fill*         0x00000000200003f9        0x3 
 .bss.dataTab2  0x00000000200003fc       0x25 ./lbdrivers/ST7032iFB.o
                0x00000000200003fc                dataTab2
 *fill*         0x0000000020000421        0x3 
 .bss.frame_buffer
                0x0000000020000424       0x1c ./lbdrivers/ST7032iFB.o
                0x0000000020000424                frame_buffer
 .bss.st7032Task
                0x0000000020000440       0x14 ./lbdrivers/ST7032iFB.o
                0x0000000020000440                st7032Task
 .bss.__malloc_free_list
                0x0000000020000454        0x4 /home/opt/arm-toolchains/gcc-arm-none-eabi-7-2018-q2-update/bin/../lib/gcc/arm-none-eabi/7.3.1/../../../../arm-none-eabi/lib/thumb/v6-m/libg_nano.a(lib_a-nano-mallocr.o)
                0x0000000020000454                __malloc_free_list
 *(COMMON)
 *(.bss_end .bss_end.*)
                0x0000000020000458                . = ALIGN (0x4)
                0x0000000020000458                __bss_end__ = .
                0x0000000020000458                _ebss = .

.noinit_CCMRAM
 *(.noinit.CCMRAM .noinit.CCMRAM.*)

.noinit         0x0000000020000458        0x0
                0x0000000020000458                _noinit = .
 *(.noinit .noinit.*)
                0x0000000020000458                . = ALIGN (0x4)
                0x0000000020000458                _end_noinit = .
                [!provide]                        PROVIDE (end = _end_noinit)
                [!provide]                        PROVIDE (_end = _end_noinit)
                [!provide]                        PROVIDE (__end = _end_noinit)
                [!provide]                        PROVIDE (__end__ = _end_noinit)

._check_stack   0x0000000020000458      0x100
                0x0000000020000558                . = (. + _Minimum_Stack_Size)
 *fill*         0x0000000020000458      0x100 

.b1text
 *(.b1text)
 *(.b1rodata)
 *(.b1rodata.*)

.eb0text
 *(.eb0text)
 *(.eb0rodata)
 *(.eb0rodata.*)

.eb1text
 *(.eb1text)
 *(.eb1rodata)
 *(.eb1rodata.*)

.eb2text
 *(.eb2text)
 *(.eb2rodata)
 *(.eb2rodata.*)

.eb3text
 *(.eb3text)
 *(.eb3rodata)
 *(.eb3rodata.*)

.stab
 *(.stab)

.stabstr
 *(.stabstr)

.stab.excl
 *(.stab.excl)

.stab.exclstr
 *(.stab.exclstr)

.stab.index
 *(.stab.index)

.stab.indexstr
 *(.stab.indexstr)

.comment        0x0000000000000000       0x7f
 *(.comment)
 .comment       0x0000000000000000       0x7f ./system/src/newlib/_exit.o
                                         0x80 (size before relaxing)
 .comment       0x000000000000007f       0x80 ./system/src/newlib/_startup.o
 .comment       0x000000000000007f       0x80 ./system/src/newlib/_syscalls.o
 .comment       0x000000000000007f       0x80 ./system/src/cortexm/_initialize_hardware.o
 .comment       0x000000000000007f       0x80 ./system/src/cortexm/_reset_hardware.o
 .comment       0x000000000000007f       0x80 ./system/src/cortexm/exception_handlers.o
 .comment       0x000000000000007f       0x80 ./system/src/cmsis/system_stm32f0xx.o
 .comment       0x000000000000007f       0x80 ./system/src/cmsis/vectors_stm32f0xx.o
 .comment       0x000000000000007f       0x80 ./src/HMI.o
 .comment       0x000000000000007f       0x80 ./src/Hardware.o
 .comment       0x000000000000007f       0x80 ./src/Menu.o
 .comment       0x000000000000007f       0x80 ./src/main.o
 .comment       0x000000000000007f       0x80 ./lbutils/Fifo.o
 .comment       0x000000000000007f       0x80 ./lbutils/FrameBuffer.o
 .comment       0x000000000000007f       0x80 ./lbutils/QuickTask.o
 .comment       0x000000000000007f       0x80 ./lbutils/myUtils.o
 .comment       0x000000000000007f       0x80 ./lbdrivers/I2C.o
 .comment       0x000000000000007f       0x80 ./lbdrivers/ST7032iFB.o

.ARM.attributes
                0x0000000000000000       0x2f
 .ARM.attributes
                0x0000000000000000       0x31 ./system/src/newlib/_exit.o
 .ARM.attributes
                0x0000000000000031       0x31 ./system/src/newlib/_startup.o
 .ARM.attributes
                0x0000000000000062       0x31 ./system/src/newlib/_syscalls.o
 .ARM.attributes
                0x0000000000000093       0x31 ./system/src/cortexm/_initialize_hardware.o
 .ARM.attributes
                0x00000000000000c4       0x31 ./system/src/cortexm/_reset_hardware.o
 .ARM.attributes
                0x00000000000000f5       0x31 ./system/src/cortexm/exception_handlers.o
 .ARM.attributes
                0x0000000000000126       0x31 ./system/src/cmsis/system_stm32f0xx.o
 .ARM.attributes
                0x0000000000000157       0x31 ./system/src/cmsis/vectors_stm32f0xx.o
 .ARM.attributes
                0x0000000000000188       0x31 ./src/HMI.o
 .ARM.attributes
                0x00000000000001b9       0x31 ./src/Hardware.o
 .ARM.attributes
                0x00000000000001ea       0x31 ./src/Menu.o
 .ARM.attributes
                0x000000000000021b       0x31 ./src/main.o
 .ARM.attributes
                0x000000000000024c       0x31 ./lbutils/Fifo.o
 .ARM.attributes
                0x000000000000027d       0x31 ./lbutils/FrameBuffer.o
 .ARM.attributes
                0x00000000000002ae       0x31 ./lbutils/QuickTask.o
 .ARM.attributes
                0x00000000000002df       0x31 ./lbutils/myUtils.o
 .ARM.attributes
                0x0000000000000310       0x31 ./lbdrivers/I2C.o
 .ARM.attributes
                0x0000000000000341       0x31 ./lbdrivers/ST7032iFB.o
 .ARM.attributes
                0x0000000000000372       0x2c /home/opt/arm-toolchains/gcc-arm-none-eabi-7-2018-q2-update/bin/../lib/gcc/arm-none-eabi/7.3.1/../../../../arm-none-eabi/lib/thumb/v6-m/libstdc++_nano.a(del_ops.o)
 .ARM.attributes
                0x000000000000039e       0x2c /home/opt/arm-toolchains/gcc-arm-none-eabi-7-2018-q2-update/bin/../lib/gcc/arm-none-eabi/7.3.1/../../../../arm-none-eabi/lib/thumb/v6-m/libstdc++_nano.a(del_op.o)
 .ARM.attributes
                0x00000000000003ca       0x1e /home/opt/arm-toolchains/gcc-arm-none-eabi-7-2018-q2-update/bin/../lib/gcc/arm-none-eabi/7.3.1/thumb/v6-m/libgcc.a(_udivsi3.o)
 .ARM.attributes
                0x00000000000003e8       0x1e /home/opt/arm-toolchains/gcc-arm-none-eabi-7-2018-q2-update/bin/../lib/gcc/arm-none-eabi/7.3.1/thumb/v6-m/libgcc.a(_dvmd_tls.o)
 .ARM.attributes
                0x0000000000000406       0x2c /home/opt/arm-toolchains/gcc-arm-none-eabi-7-2018-q2-update/bin/../lib/gcc/arm-none-eabi/7.3.1/../../../../arm-none-eabi/lib/thumb/v6-m/libg_nano.a(lib_a-impure.o)
 .ARM.attributes
                0x0000000000000432       0x2c /home/opt/arm-toolchains/gcc-arm-none-eabi-7-2018-q2-update/bin/../lib/gcc/arm-none-eabi/7.3.1/../../../../arm-none-eabi/lib/thumb/v6-m/libg_nano.a(lib_a-malloc.o)
 .ARM.attributes
                0x000000000000045e       0x2c /home/opt/arm-toolchains/gcc-arm-none-eabi-7-2018-q2-update/bin/../lib/gcc/arm-none-eabi/7.3.1/../../../../arm-none-eabi/lib/thumb/v6-m/libg_nano.a(lib_a-memset.o)
 .ARM.attributes
                0x000000000000048a       0x2c /home/opt/arm-toolchains/gcc-arm-none-eabi-7-2018-q2-update/bin/../lib/gcc/arm-none-eabi/7.3.1/../../../../arm-none-eabi/lib/thumb/v6-m/libg_nano.a(lib_a-nano-freer.o)
 .ARM.attributes
                0x00000000000004b6       0x2c /home/opt/arm-toolchains/gcc-arm-none-eabi-7-2018-q2-update/bin/../lib/gcc/arm-none-eabi/7.3.1/../../../../arm-none-eabi/lib/thumb/v6-m/libg_nano.a(lib_a-nano-mallocr.o)
 .ARM.attributes
                0x00000000000004e2       0x1c /home/opt/arm-toolchains/gcc-arm-none-eabi-7-2018-q2-update/bin/../lib/gcc/arm-none-eabi/7.3.1/../../../../arm-none-eabi/lib/thumb/v6-m/libg_nano.a(lib_a-strlen.o)
 .ARM.attributes
                0x00000000000004fe       0x2c /home/opt/arm-toolchains/gcc-arm-none-eabi-7-2018-q2-update/bin/../lib/gcc/arm-none-eabi/7.3.1/../../../../arm-none-eabi/lib/thumb/v6-m/libg_nano.a(lib_a-mlock.o)

.debug
 *(.debug)

.line
 *(.line)

.debug_srcinfo
 *(.debug_srcinfo)

.debug_sfnames
 *(.debug_sfnames)

.debug_aranges  0x0000000000000000      0x508
 *(.debug_aranges)
 .debug_aranges
                0x0000000000000000       0x28 ./system/src/newlib/_exit.o
 .debug_aranges
                0x0000000000000028       0x40 ./system/src/newlib/_startup.o
 .debug_aranges
                0x0000000000000068       0x30 ./system/src/newlib/_syscalls.o
 .debug_aranges
                0x0000000000000098       0x28 ./system/src/cortexm/_initialize_hardware.o
 .debug_aranges
                0x00000000000000c0       0x20 ./system/src/cortexm/_reset_hardware.o
 .debug_aranges
                0x00000000000000e0       0x50 ./system/src/cortexm/exception_handlers.o
 .debug_aranges
                0x0000000000000130       0x28 ./system/src/cmsis/system_stm32f0xx.o
 .debug_aranges
                0x0000000000000158       0x20 ./system/src/cmsis/vectors_stm32f0xx.o
 .debug_aranges
                0x0000000000000178       0x30 ./src/HMI.o
 .debug_aranges
                0x00000000000001a8       0x58 ./src/Hardware.o
 .debug_aranges
                0x0000000000000200       0x38 ./src/Menu.o
 .debug_aranges
                0x0000000000000238       0x90 ./src/main.o
 .debug_aranges
                0x00000000000002c8       0xa0 ./lbutils/Fifo.o
 .debug_aranges
                0x0000000000000368       0x28 ./lbutils/FrameBuffer.o
 .debug_aranges
                0x0000000000000390       0x38 ./lbutils/QuickTask.o
 .debug_aranges
                0x00000000000003c8       0x50 ./lbutils/myUtils.o
 .debug_aranges
                0x0000000000000418       0x68 ./lbdrivers/I2C.o
 .debug_aranges
                0x0000000000000480       0x88 ./lbdrivers/ST7032iFB.o

.debug_pubnames
 *(.debug_pubnames)

.debug_info     0x0000000000000000    0x1a581
 *(.debug_info .gnu.linkonce.wi.*)
 .debug_info    0x0000000000000000      0x960 ./system/src/newlib/_exit.o
 .debug_info    0x0000000000000960      0x3de ./system/src/newlib/_startup.o
 .debug_info    0x0000000000000d3e      0xa15 ./system/src/newlib/_syscalls.o
 .debug_info    0x0000000000001753       0xe1 ./system/src/cortexm/_initialize_hardware.o
 .debug_info    0x0000000000001834      0x19d ./system/src/cortexm/_reset_hardware.o
 .debug_info    0x00000000000019d1      0xa03 ./system/src/cortexm/exception_handlers.o
 .debug_info    0x00000000000023d4      0x2fd ./system/src/cmsis/system_stm32f0xx.o
 .debug_info    0x00000000000026d1       0xc6 ./system/src/cmsis/vectors_stm32f0xx.o
 .debug_info    0x0000000000002797     0x26c4 ./src/HMI.o
 .debug_info    0x0000000000004e5b     0x1320 ./src/Hardware.o
 .debug_info    0x000000000000617b     0x2d29 ./src/Menu.o
 .debug_info    0x0000000000008ea4     0xa929 ./src/main.o
 .debug_info    0x00000000000137cd      0xcd5 ./lbutils/Fifo.o
 .debug_info    0x00000000000144a2     0x1034 ./lbutils/FrameBuffer.o
 .debug_info    0x00000000000154d6      0x491 ./lbutils/QuickTask.o
 .debug_info    0x0000000000015967      0x358 ./lbutils/myUtils.o
 .debug_info    0x0000000000015cbf     0x195a ./lbdrivers/I2C.o
 .debug_info    0x0000000000017619     0x2f68 ./lbdrivers/ST7032iFB.o

.debug_abbrev   0x0000000000000000     0x3a67
 *(.debug_abbrev)
 .debug_abbrev  0x0000000000000000      0x210 ./system/src/newlib/_exit.o
 .debug_abbrev  0x0000000000000210      0x175 ./system/src/newlib/_startup.o
 .debug_abbrev  0x0000000000000385      0x231 ./system/src/newlib/_syscalls.o
 .debug_abbrev  0x00000000000005b6       0x7e ./system/src/cortexm/_initialize_hardware.o
 .debug_abbrev  0x0000000000000634       0xfc ./system/src/cortexm/_reset_hardware.o
 .debug_abbrev  0x0000000000000730      0x1f7 ./system/src/cortexm/exception_handlers.o
 .debug_abbrev  0x0000000000000927      0x16e ./system/src/cmsis/system_stm32f0xx.o
 .debug_abbrev  0x0000000000000a95       0x9a ./system/src/cmsis/vectors_stm32f0xx.o
 .debug_abbrev  0x0000000000000b2f      0x5b9 ./src/HMI.o
 .debug_abbrev  0x00000000000010e8      0x499 ./src/Hardware.o
 .debug_abbrev  0x0000000000001581      0x6a8 ./src/Menu.o
 .debug_abbrev  0x0000000000001c29      0x923 ./src/main.o
 .debug_abbrev  0x000000000000254c      0x291 ./lbutils/Fifo.o
 .debug_abbrev  0x00000000000027dd      0x341 ./lbutils/FrameBuffer.o
 .debug_abbrev  0x0000000000002b1e      0x2cb ./lbutils/QuickTask.o
 .debug_abbrev  0x0000000000002de9      0x150 ./lbutils/myUtils.o
 .debug_abbrev  0x0000000000002f39      0x4c6 ./lbdrivers/I2C.o
 .debug_abbrev  0x00000000000033ff      0x668 ./lbdrivers/ST7032iFB.o

.debug_line     0x0000000000000000     0x3090
 *(.debug_line)
 .debug_line    0x0000000000000000      0x1cd ./system/src/newlib/_exit.o
 .debug_line    0x00000000000001cd       0xeb ./system/src/newlib/_startup.o
 .debug_line    0x00000000000002b8      0x1e8 ./system/src/newlib/_syscalls.o
 .debug_line    0x00000000000004a0      0x110 ./system/src/cortexm/_initialize_hardware.o
 .debug_line    0x00000000000005b0      0x127 ./system/src/cortexm/_reset_hardware.o
 .debug_line    0x00000000000006d7      0x1cf ./system/src/cortexm/exception_handlers.o
 .debug_line    0x00000000000008a6      0x154 ./system/src/cmsis/system_stm32f0xx.o
 .debug_line    0x00000000000009fa       0x58 ./system/src/cmsis/vectors_stm32f0xx.o
 .debug_line    0x0000000000000a52      0x271 ./src/HMI.o
 .debug_line    0x0000000000000cc3      0x25f ./src/Hardware.o
 .debug_line    0x0000000000000f22      0x3aa ./src/Menu.o
 .debug_line    0x00000000000012cc     0x1043 ./src/main.o
 .debug_line    0x000000000000230f      0x2a4 ./lbutils/Fifo.o
 .debug_line    0x00000000000025b3      0x169 ./lbutils/FrameBuffer.o
 .debug_line    0x000000000000271c      0x13b ./lbutils/QuickTask.o
 .debug_line    0x0000000000002857      0x198 ./lbutils/myUtils.o
 .debug_line    0x00000000000029ef      0x2d7 ./lbdrivers/I2C.o
 .debug_line    0x0000000000002cc6      0x3ca ./lbdrivers/ST7032iFB.o

.debug_frame    0x0000000000000000      0xc80
 *(.debug_frame)
 .debug_frame   0x0000000000000000       0x40 ./system/src/newlib/_exit.o
 .debug_frame   0x0000000000000040       0x90 ./system/src/newlib/_startup.o
 .debug_frame   0x00000000000000d0       0x50 ./system/src/newlib/_syscalls.o
 .debug_frame   0x0000000000000120       0x40 ./system/src/cortexm/_initialize_hardware.o
 .debug_frame   0x0000000000000160       0x20 ./system/src/cortexm/_reset_hardware.o
 .debug_frame   0x0000000000000180       0x80 ./system/src/cortexm/exception_handlers.o
 .debug_frame   0x0000000000000200       0x3c ./system/src/cmsis/system_stm32f0xx.o
 .debug_frame   0x000000000000023c       0x20 ./system/src/cmsis/vectors_stm32f0xx.o
 .debug_frame   0x000000000000025c       0x50 ./src/HMI.o
 .debug_frame   0x00000000000002ac       0xc0 ./src/Hardware.o
 .debug_frame   0x000000000000036c       0x88 ./src/Menu.o
 .debug_frame   0x00000000000003f4      0x198 ./src/main.o
 .debug_frame   0x000000000000058c      0x1c0 ./lbutils/Fifo.o
 .debug_frame   0x000000000000074c       0x38 ./lbutils/FrameBuffer.o
 .debug_frame   0x0000000000000784       0x68 ./lbutils/QuickTask.o
 .debug_frame   0x00000000000007ec       0xcc ./lbutils/myUtils.o
 .debug_frame   0x00000000000008b8      0x104 ./lbdrivers/I2C.o
 .debug_frame   0x00000000000009bc      0x16c ./lbdrivers/ST7032iFB.o
 .debug_frame   0x0000000000000b28       0x28 /home/opt/arm-toolchains/gcc-arm-none-eabi-7-2018-q2-update/bin/../lib/gcc/arm-none-eabi/7.3.1/../../../../arm-none-eabi/lib/thumb/v6-m/libstdc++_nano.a(del_ops.o)
 .debug_frame   0x0000000000000b50       0x28 /home/opt/arm-toolchains/gcc-arm-none-eabi-7-2018-q2-update/bin/../lib/gcc/arm-none-eabi/7.3.1/../../../../arm-none-eabi/lib/thumb/v6-m/libstdc++_nano.a(del_op.o)
 .debug_frame   0x0000000000000b78       0x20 /home/opt/arm-toolchains/gcc-arm-none-eabi-7-2018-q2-update/bin/../lib/gcc/arm-none-eabi/7.3.1/thumb/v6-m/libgcc.a(_udivsi3.o)
 .debug_frame   0x0000000000000b98       0x40 /home/opt/arm-toolchains/gcc-arm-none-eabi-7-2018-q2-update/bin/../lib/gcc/arm-none-eabi/7.3.1/../../../../arm-none-eabi/lib/thumb/v6-m/libg_nano.a(lib_a-malloc.o)
 .debug_frame   0x0000000000000bd8       0x20 /home/opt/arm-toolchains/gcc-arm-none-eabi-7-2018-q2-update/bin/../lib/gcc/arm-none-eabi/7.3.1/../../../../arm-none-eabi/lib/thumb/v6-m/libg_nano.a(lib_a-memset.o)
 .debug_frame   0x0000000000000bf8       0x2c /home/opt/arm-toolchains/gcc-arm-none-eabi-7-2018-q2-update/bin/../lib/gcc/arm-none-eabi/7.3.1/../../../../arm-none-eabi/lib/thumb/v6-m/libg_nano.a(lib_a-nano-freer.o)
 .debug_frame   0x0000000000000c24       0x2c /home/opt/arm-toolchains/gcc-arm-none-eabi-7-2018-q2-update/bin/../lib/gcc/arm-none-eabi/7.3.1/../../../../arm-none-eabi/lib/thumb/v6-m/libg_nano.a(lib_a-nano-mallocr.o)
 .debug_frame   0x0000000000000c50       0x30 /home/opt/arm-toolchains/gcc-arm-none-eabi-7-2018-q2-update/bin/../lib/gcc/arm-none-eabi/7.3.1/../../../../arm-none-eabi/lib/thumb/v6-m/libg_nano.a(lib_a-mlock.o)

.debug_str      0x0000000000000000     0x4314
 *(.debug_str)
 .debug_str     0x0000000000000000      0x575 ./system/src/newlib/_exit.o
                                        0x5f1 (size before relaxing)
 .debug_str     0x0000000000000575      0x16d ./system/src/newlib/_startup.o
                                        0x323 (size before relaxing)
 .debug_str     0x00000000000006e2       0x8a ./system/src/newlib/_syscalls.o
                                        0x622 (size before relaxing)
 .debug_str     0x000000000000076c       0x6e ./system/src/cortexm/_initialize_hardware.o
                                        0x22c (size before relaxing)
 .debug_str     0x00000000000007da       0x70 ./system/src/cortexm/_reset_hardware.o
                                        0x226 (size before relaxing)
 .debug_str     0x000000000000084a       0xb0 ./system/src/cortexm/exception_handlers.o
                                        0x666 (size before relaxing)
 .debug_str     0x00000000000008fa       0xdd ./system/src/cmsis/system_stm32f0xx.o
                                        0x2ca (size before relaxing)
 .debug_str     0x00000000000009d7       0x56 ./system/src/cmsis/vectors_stm32f0xx.o
                                        0x1d9 (size before relaxing)
 .debug_str     0x0000000000000a2d     0x1dbd ./src/HMI.o
                                       0x236d (size before relaxing)
 .debug_str     0x00000000000027ea      0x582 ./src/Hardware.o
                                       0x1123 (size before relaxing)
 .debug_str     0x0000000000002d6c      0x212 ./src/Menu.o
                                       0x23ff (size before relaxing)
 .debug_str     0x0000000000002f7e      0x9b2 ./src/main.o
                                       0x31a2 (size before relaxing)
 .debug_str     0x0000000000003930       0xaa ./lbutils/Fifo.o
                                        0x630 (size before relaxing)
 .debug_str     0x00000000000039da      0x1a4 ./lbutils/FrameBuffer.o
                                        0xd8f (size before relaxing)
 .debug_str     0x0000000000003b7e       0x69 ./lbutils/QuickTask.o
                                        0x60b (size before relaxing)
 .debug_str     0x0000000000003be7       0x9a ./lbutils/myUtils.o
                                        0x281 (size before relaxing)
 .debug_str     0x0000000000003c81       0xca ./lbdrivers/I2C.o
                                       0x118d (size before relaxing)
 .debug_str     0x0000000000003d4b      0x5c9 ./lbdrivers/ST7032iFB.o
                                       0x1fce (size before relaxing)

.debug_loc      0x0000000000000000     0x9ebe
 *(.debug_loc)
 .debug_loc     0x0000000000000000       0x21 ./system/src/newlib/_exit.o
 .debug_loc     0x0000000000000021      0x187 ./system/src/newlib/_startup.o
 .debug_loc     0x00000000000001a8       0x63 ./system/src/newlib/_syscalls.o
 .debug_loc     0x000000000000020b      0x14f ./system/src/cmsis/system_stm32f0xx.o
 .debug_loc     0x000000000000035a       0x5a ./src/HMI.o
 .debug_loc     0x00000000000003b4      0x211 ./src/Hardware.o
 .debug_loc     0x00000000000005c5      0x4fb ./src/Menu.o
 .debug_loc     0x0000000000000ac0     0x72b8 ./src/main.o
 .debug_loc     0x0000000000007d78      0xa67 ./lbutils/Fifo.o
 .debug_loc     0x00000000000087df       0x29 ./lbutils/FrameBuffer.o
 .debug_loc     0x0000000000008808       0xad ./lbutils/QuickTask.o
 .debug_loc     0x00000000000088b5      0x563 ./lbutils/myUtils.o
 .debug_loc     0x0000000000008e18      0x71d ./lbdrivers/I2C.o
 .debug_loc     0x0000000000009535      0x989 ./lbdrivers/ST7032iFB.o

.debug_macinfo
 *(.debug_macinfo)

.debug_weaknames
 *(.debug_weaknames)

.debug_funcnames
 *(.debug_funcnames)

.debug_typenames
 *(.debug_typenames)

.debug_varnames
 *(.debug_varnames)
OUTPUT(sterM.elf elf32-littlearm)

.debug_ranges   0x0000000000000000      0x590
 .debug_ranges  0x0000000000000000       0x18 ./system/src/newlib/_exit.o
 .debug_ranges  0x0000000000000018       0x30 ./system/src/newlib/_startup.o
 .debug_ranges  0x0000000000000048       0x20 ./system/src/newlib/_syscalls.o
 .debug_ranges  0x0000000000000068       0x18 ./system/src/cortexm/_initialize_hardware.o
 .debug_ranges  0x0000000000000080       0x10 ./system/src/cortexm/_reset_hardware.o
 .debug_ranges  0x0000000000000090       0x40 ./system/src/cortexm/exception_handlers.o
 .debug_ranges  0x00000000000000d0       0x30 ./system/src/cmsis/system_stm32f0xx.o
 .debug_ranges  0x0000000000000100       0x10 ./system/src/cmsis/vectors_stm32f0xx.o
 .debug_ranges  0x0000000000000110       0x20 ./src/HMI.o
 .debug_ranges  0x0000000000000130       0x60 ./src/Hardware.o
 .debug_ranges  0x0000000000000190       0xa0 ./src/Menu.o
 .debug_ranges  0x0000000000000230       0xc0 ./src/main.o
 .debug_ranges  0x00000000000002f0      0x108 ./lbutils/Fifo.o
 .debug_ranges  0x00000000000003f8       0x18 ./lbutils/FrameBuffer.o
 .debug_ranges  0x0000000000000410       0x28 ./lbutils/QuickTask.o
 .debug_ranges  0x0000000000000438       0x58 ./lbutils/myUtils.o
 .debug_ranges  0x0000000000000490       0x58 ./lbdrivers/I2C.o
 .debug_ranges  0x00000000000004e8       0xa8 ./lbdrivers/ST7032iFB.o
