Archive member included to satisfy reference by file (symbol)

/home/opt/arm-toolchains/gcc-arm-none-eabi-8-2018-q4-major/bin/../lib/gcc/arm-none-eabi/8.2.1/../../../../arm-none-eabi/lib/thumb/v6-m/nofp/libstdc++_nano.a(del_ops.o)
                              ./src/HBridgePWM.o (symbol from plugin) (operator delete(void*, unsigned int))
/home/opt/arm-toolchains/gcc-arm-none-eabi-8-2018-q4-major/bin/../lib/gcc/arm-none-eabi/8.2.1/../../../../arm-none-eabi/lib/thumb/v6-m/nofp/libstdc++_nano.a(del_op.o)
                              /home/opt/arm-toolchains/gcc-arm-none-eabi-8-2018-q4-major/bin/../lib/gcc/arm-none-eabi/8.2.1/../../../../arm-none-eabi/lib/thumb/v6-m/nofp/libstdc++_nano.a(del_ops.o) (operator delete(void*))
/home/opt/arm-toolchains/gcc-arm-none-eabi-8-2018-q4-major/bin/../lib/gcc/arm-none-eabi/8.2.1/../../../../arm-none-eabi/lib/thumb/v6-m/nofp/libg_nano.a(lib_a-errno.o)
                              ./system/src/newlib/_sbrk.o (symbol from plugin) (__errno)
/home/opt/arm-toolchains/gcc-arm-none-eabi-8-2018-q4-major/bin/../lib/gcc/arm-none-eabi/8.2.1/../../../../arm-none-eabi/lib/thumb/v6-m/nofp/libg_nano.a(lib_a-impure.o)
                              /home/opt/arm-toolchains/gcc-arm-none-eabi-8-2018-q4-major/bin/../lib/gcc/arm-none-eabi/8.2.1/../../../../arm-none-eabi/lib/thumb/v6-m/nofp/libg_nano.a(lib_a-errno.o) (_impure_ptr)
/home/opt/arm-toolchains/gcc-arm-none-eabi-8-2018-q4-major/bin/../lib/gcc/arm-none-eabi/8.2.1/../../../../arm-none-eabi/lib/thumb/v6-m/nofp/libg_nano.a(lib_a-isdigit.o)
                              ./src/Menu.o (symbol from plugin) (isdigit)
/home/opt/arm-toolchains/gcc-arm-none-eabi-8-2018-q4-major/bin/../lib/gcc/arm-none-eabi/8.2.1/../../../../arm-none-eabi/lib/thumb/v6-m/nofp/libg_nano.a(lib_a-malloc.o)
                              /home/opt/arm-toolchains/gcc-arm-none-eabi-8-2018-q4-major/bin/../lib/gcc/arm-none-eabi/8.2.1/../../../../arm-none-eabi/lib/thumb/v6-m/nofp/libstdc++_nano.a(del_op.o) (free)
/home/opt/arm-toolchains/gcc-arm-none-eabi-8-2018-q4-major/bin/../lib/gcc/arm-none-eabi/8.2.1/../../../../arm-none-eabi/lib/thumb/v6-m/nofp/libg_nano.a(lib_a-nano-freer.o)
                              /home/opt/arm-toolchains/gcc-arm-none-eabi-8-2018-q4-major/bin/../lib/gcc/arm-none-eabi/8.2.1/../../../../arm-none-eabi/lib/thumb/v6-m/nofp/libg_nano.a(lib_a-malloc.o) (_free_r)
/home/opt/arm-toolchains/gcc-arm-none-eabi-8-2018-q4-major/bin/../lib/gcc/arm-none-eabi/8.2.1/../../../../arm-none-eabi/lib/thumb/v6-m/nofp/libg_nano.a(lib_a-nano-mallocr.o)
                              /home/opt/arm-toolchains/gcc-arm-none-eabi-8-2018-q4-major/bin/../lib/gcc/arm-none-eabi/8.2.1/../../../../arm-none-eabi/lib/thumb/v6-m/nofp/libg_nano.a(lib_a-malloc.o) (_malloc_r)
/home/opt/arm-toolchains/gcc-arm-none-eabi-8-2018-q4-major/bin/../lib/gcc/arm-none-eabi/8.2.1/../../../../arm-none-eabi/lib/thumb/v6-m/nofp/libg_nano.a(lib_a-sbrkr.o)
                              /home/opt/arm-toolchains/gcc-arm-none-eabi-8-2018-q4-major/bin/../lib/gcc/arm-none-eabi/8.2.1/../../../../arm-none-eabi/lib/thumb/v6-m/nofp/libg_nano.a(lib_a-nano-mallocr.o) (_sbrk_r)
/home/opt/arm-toolchains/gcc-arm-none-eabi-8-2018-q4-major/bin/../lib/gcc/arm-none-eabi/8.2.1/../../../../arm-none-eabi/lib/thumb/v6-m/nofp/libg_nano.a(lib_a-strlen.o)
                              ./src/Menu.o (symbol from plugin) (strlen)
/home/opt/arm-toolchains/gcc-arm-none-eabi-8-2018-q4-major/bin/../lib/gcc/arm-none-eabi/8.2.1/../../../../arm-none-eabi/lib/thumb/v6-m/nofp/libg_nano.a(lib_a-ctype_.o)
                              /home/opt/arm-toolchains/gcc-arm-none-eabi-8-2018-q4-major/bin/../lib/gcc/arm-none-eabi/8.2.1/../../../../arm-none-eabi/lib/thumb/v6-m/nofp/libg_nano.a(lib_a-isdigit.o) (_ctype_)
/home/opt/arm-toolchains/gcc-arm-none-eabi-8-2018-q4-major/bin/../lib/gcc/arm-none-eabi/8.2.1/../../../../arm-none-eabi/lib/thumb/v6-m/nofp/libg_nano.a(lib_a-mlock.o)
                              /home/opt/arm-toolchains/gcc-arm-none-eabi-8-2018-q4-major/bin/../lib/gcc/arm-none-eabi/8.2.1/../../../../arm-none-eabi/lib/thumb/v6-m/nofp/libg_nano.a(lib_a-nano-freer.o) (__malloc_lock)
/home/opt/arm-toolchains/gcc-arm-none-eabi-8-2018-q4-major/bin/../lib/gcc/arm-none-eabi/8.2.1/../../../../arm-none-eabi/lib/thumb/v6-m/nofp/libg_nano.a(lib_a-lock.o)
                              /home/opt/arm-toolchains/gcc-arm-none-eabi-8-2018-q4-major/bin/../lib/gcc/arm-none-eabi/8.2.1/../../../../arm-none-eabi/lib/thumb/v6-m/nofp/libg_nano.a(lib_a-mlock.o) (__retarget_lock_acquire_recursive)
/home/opt/arm-toolchains/gcc-arm-none-eabi-8-2018-q4-major/bin/../lib/gcc/arm-none-eabi/8.2.1/thumb/v6-m/nofp/libgcc.a(_udivsi3.o)
                              /tmp/ccjc4nEZ.ltrans0.ltrans.o (__aeabi_uidiv)
/home/opt/arm-toolchains/gcc-arm-none-eabi-8-2018-q4-major/bin/../lib/gcc/arm-none-eabi/8.2.1/thumb/v6-m/nofp/libgcc.a(_dvmd_tls.o)
                              /home/opt/arm-toolchains/gcc-arm-none-eabi-8-2018-q4-major/bin/../lib/gcc/arm-none-eabi/8.2.1/thumb/v6-m/nofp/libgcc.a(_udivsi3.o) (__aeabi_idiv0)
/home/opt/arm-toolchains/gcc-arm-none-eabi-8-2018-q4-major/bin/../lib/gcc/arm-none-eabi/8.2.1/../../../../arm-none-eabi/lib/thumb/v6-m/nofp/libg_nano.a(lib_a-memset.o)
                              /tmp/ccjc4nEZ.ltrans0.ltrans.o (memset)

Allocating common symbols
Common symbol       size              file

__lock___atexit_recursive_mutex
                    0x1               /home/opt/arm-toolchains/gcc-arm-none-eabi-8-2018-q4-major/bin/../lib/gcc/arm-none-eabi/8.2.1/../../../../arm-none-eabi/lib/thumb/v6-m/nofp/libg_nano.a(lib_a-lock.o)
__lock___arc4random_mutex
                    0x1               /home/opt/arm-toolchains/gcc-arm-none-eabi-8-2018-q4-major/bin/../lib/gcc/arm-none-eabi/8.2.1/../../../../arm-none-eabi/lib/thumb/v6-m/nofp/libg_nano.a(lib_a-lock.o)
__lock___env_recursive_mutex
                    0x1               /home/opt/arm-toolchains/gcc-arm-none-eabi-8-2018-q4-major/bin/../lib/gcc/arm-none-eabi/8.2.1/../../../../arm-none-eabi/lib/thumb/v6-m/nofp/libg_nano.a(lib_a-lock.o)
__lock___sinit_recursive_mutex
                    0x1               /home/opt/arm-toolchains/gcc-arm-none-eabi-8-2018-q4-major/bin/../lib/gcc/arm-none-eabi/8.2.1/../../../../arm-none-eabi/lib/thumb/v6-m/nofp/libg_nano.a(lib_a-lock.o)
__lock___malloc_recursive_mutex
                    0x1               /home/opt/arm-toolchains/gcc-arm-none-eabi-8-2018-q4-major/bin/../lib/gcc/arm-none-eabi/8.2.1/../../../../arm-none-eabi/lib/thumb/v6-m/nofp/libg_nano.a(lib_a-lock.o)
__lock___at_quick_exit_mutex
                    0x1               /home/opt/arm-toolchains/gcc-arm-none-eabi-8-2018-q4-major/bin/../lib/gcc/arm-none-eabi/8.2.1/../../../../arm-none-eabi/lib/thumb/v6-m/nofp/libg_nano.a(lib_a-lock.o)
__lock___dd_hash_mutex
                    0x1               /home/opt/arm-toolchains/gcc-arm-none-eabi-8-2018-q4-major/bin/../lib/gcc/arm-none-eabi/8.2.1/../../../../arm-none-eabi/lib/thumb/v6-m/nofp/libg_nano.a(lib_a-lock.o)
__lock___tz_mutex   0x1               /home/opt/arm-toolchains/gcc-arm-none-eabi-8-2018-q4-major/bin/../lib/gcc/arm-none-eabi/8.2.1/../../../../arm-none-eabi/lib/thumb/v6-m/nofp/libg_nano.a(lib_a-lock.o)
__lock___sfp_recursive_mutex
                    0x1               /home/opt/arm-toolchains/gcc-arm-none-eabi-8-2018-q4-major/bin/../lib/gcc/arm-none-eabi/8.2.1/../../../../arm-none-eabi/lib/thumb/v6-m/nofp/libg_nano.a(lib_a-lock.o)

Discarded input sections

 .comment       0x0000000000000000     0x1022 /tmp/cczE02nfdebugobj
 .text          0x0000000000000000        0x0 /tmp/ccjc4nEZ.ltrans0.ltrans.o
 .data          0x0000000000000000        0x0 /tmp/ccjc4nEZ.ltrans0.ltrans.o
 .bss           0x0000000000000000        0x0 /tmp/ccjc4nEZ.ltrans0.ltrans.o
 .text          0x0000000000000000        0x0 /tmp/ccjc4nEZ.ltrans1.ltrans.o
 .data          0x0000000000000000        0x0 /tmp/ccjc4nEZ.ltrans1.ltrans.o
 .bss           0x0000000000000000        0x0 /tmp/ccjc4nEZ.ltrans1.ltrans.o
 .text._sbrk    0x0000000000000000       0x48 /tmp/ccjc4nEZ.ltrans1.ltrans.o
 .bss.current_heap_end.4004
                0x0000000000000000        0x4 /tmp/ccjc4nEZ.ltrans1.ltrans.o
 .bss.errno     0x0000000000000000        0x4 /tmp/ccjc4nEZ.ltrans1.ltrans.o
 .text          0x0000000000000000        0x0 /home/opt/arm-toolchains/gcc-arm-none-eabi-8-2018-q4-major/bin/../lib/gcc/arm-none-eabi/8.2.1/../../../../arm-none-eabi/lib/thumb/v6-m/nofp/libstdc++_nano.a(del_ops.o)
 .data          0x0000000000000000        0x0 /home/opt/arm-toolchains/gcc-arm-none-eabi-8-2018-q4-major/bin/../lib/gcc/arm-none-eabi/8.2.1/../../../../arm-none-eabi/lib/thumb/v6-m/nofp/libstdc++_nano.a(del_ops.o)
 .bss           0x0000000000000000        0x0 /home/opt/arm-toolchains/gcc-arm-none-eabi-8-2018-q4-major/bin/../lib/gcc/arm-none-eabi/8.2.1/../../../../arm-none-eabi/lib/thumb/v6-m/nofp/libstdc++_nano.a(del_ops.o)
 .text          0x0000000000000000        0x0 /home/opt/arm-toolchains/gcc-arm-none-eabi-8-2018-q4-major/bin/../lib/gcc/arm-none-eabi/8.2.1/../../../../arm-none-eabi/lib/thumb/v6-m/nofp/libstdc++_nano.a(del_op.o)
 .data          0x0000000000000000        0x0 /home/opt/arm-toolchains/gcc-arm-none-eabi-8-2018-q4-major/bin/../lib/gcc/arm-none-eabi/8.2.1/../../../../arm-none-eabi/lib/thumb/v6-m/nofp/libstdc++_nano.a(del_op.o)
 .bss           0x0000000000000000        0x0 /home/opt/arm-toolchains/gcc-arm-none-eabi-8-2018-q4-major/bin/../lib/gcc/arm-none-eabi/8.2.1/../../../../arm-none-eabi/lib/thumb/v6-m/nofp/libstdc++_nano.a(del_op.o)
 .text          0x0000000000000000        0x0 /home/opt/arm-toolchains/gcc-arm-none-eabi-8-2018-q4-major/bin/../lib/gcc/arm-none-eabi/8.2.1/../../../../arm-none-eabi/lib/thumb/v6-m/nofp/libg_nano.a(lib_a-errno.o)
 .data          0x0000000000000000        0x0 /home/opt/arm-toolchains/gcc-arm-none-eabi-8-2018-q4-major/bin/../lib/gcc/arm-none-eabi/8.2.1/../../../../arm-none-eabi/lib/thumb/v6-m/nofp/libg_nano.a(lib_a-errno.o)
 .bss           0x0000000000000000        0x0 /home/opt/arm-toolchains/gcc-arm-none-eabi-8-2018-q4-major/bin/../lib/gcc/arm-none-eabi/8.2.1/../../../../arm-none-eabi/lib/thumb/v6-m/nofp/libg_nano.a(lib_a-errno.o)
 .text.__errno  0x0000000000000000        0xc /home/opt/arm-toolchains/gcc-arm-none-eabi-8-2018-q4-major/bin/../lib/gcc/arm-none-eabi/8.2.1/../../../../arm-none-eabi/lib/thumb/v6-m/nofp/libg_nano.a(lib_a-errno.o)
 .debug_frame   0x0000000000000000       0x20 /home/opt/arm-toolchains/gcc-arm-none-eabi-8-2018-q4-major/bin/../lib/gcc/arm-none-eabi/8.2.1/../../../../arm-none-eabi/lib/thumb/v6-m/nofp/libg_nano.a(lib_a-errno.o)
 .ARM.attributes
                0x0000000000000000       0x2c /home/opt/arm-toolchains/gcc-arm-none-eabi-8-2018-q4-major/bin/../lib/gcc/arm-none-eabi/8.2.1/../../../../arm-none-eabi/lib/thumb/v6-m/nofp/libg_nano.a(lib_a-errno.o)
 .text          0x0000000000000000        0x0 /home/opt/arm-toolchains/gcc-arm-none-eabi-8-2018-q4-major/bin/../lib/gcc/arm-none-eabi/8.2.1/../../../../arm-none-eabi/lib/thumb/v6-m/nofp/libg_nano.a(lib_a-impure.o)
 .data          0x0000000000000000        0x0 /home/opt/arm-toolchains/gcc-arm-none-eabi-8-2018-q4-major/bin/../lib/gcc/arm-none-eabi/8.2.1/../../../../arm-none-eabi/lib/thumb/v6-m/nofp/libg_nano.a(lib_a-impure.o)
 .bss           0x0000000000000000        0x0 /home/opt/arm-toolchains/gcc-arm-none-eabi-8-2018-q4-major/bin/../lib/gcc/arm-none-eabi/8.2.1/../../../../arm-none-eabi/lib/thumb/v6-m/nofp/libg_nano.a(lib_a-impure.o)
 .rodata._global_impure_ptr
                0x0000000000000000        0x4 /home/opt/arm-toolchains/gcc-arm-none-eabi-8-2018-q4-major/bin/../lib/gcc/arm-none-eabi/8.2.1/../../../../arm-none-eabi/lib/thumb/v6-m/nofp/libg_nano.a(lib_a-impure.o)
 .text          0x0000000000000000        0x0 /home/opt/arm-toolchains/gcc-arm-none-eabi-8-2018-q4-major/bin/../lib/gcc/arm-none-eabi/8.2.1/../../../../arm-none-eabi/lib/thumb/v6-m/nofp/libg_nano.a(lib_a-isdigit.o)
 .data          0x0000000000000000        0x0 /home/opt/arm-toolchains/gcc-arm-none-eabi-8-2018-q4-major/bin/../lib/gcc/arm-none-eabi/8.2.1/../../../../arm-none-eabi/lib/thumb/v6-m/nofp/libg_nano.a(lib_a-isdigit.o)
 .bss           0x0000000000000000        0x0 /home/opt/arm-toolchains/gcc-arm-none-eabi-8-2018-q4-major/bin/../lib/gcc/arm-none-eabi/8.2.1/../../../../arm-none-eabi/lib/thumb/v6-m/nofp/libg_nano.a(lib_a-isdigit.o)
 .text.isdigit  0x0000000000000000       0x10 /home/opt/arm-toolchains/gcc-arm-none-eabi-8-2018-q4-major/bin/../lib/gcc/arm-none-eabi/8.2.1/../../../../arm-none-eabi/lib/thumb/v6-m/nofp/libg_nano.a(lib_a-isdigit.o)
 .debug_frame   0x0000000000000000       0x20 /home/opt/arm-toolchains/gcc-arm-none-eabi-8-2018-q4-major/bin/../lib/gcc/arm-none-eabi/8.2.1/../../../../arm-none-eabi/lib/thumb/v6-m/nofp/libg_nano.a(lib_a-isdigit.o)
 .ARM.attributes
                0x0000000000000000       0x2c /home/opt/arm-toolchains/gcc-arm-none-eabi-8-2018-q4-major/bin/../lib/gcc/arm-none-eabi/8.2.1/../../../../arm-none-eabi/lib/thumb/v6-m/nofp/libg_nano.a(lib_a-isdigit.o)
 .text          0x0000000000000000        0x0 /home/opt/arm-toolchains/gcc-arm-none-eabi-8-2018-q4-major/bin/../lib/gcc/arm-none-eabi/8.2.1/../../../../arm-none-eabi/lib/thumb/v6-m/nofp/libg_nano.a(lib_a-malloc.o)
 .data          0x0000000000000000        0x0 /home/opt/arm-toolchains/gcc-arm-none-eabi-8-2018-q4-major/bin/../lib/gcc/arm-none-eabi/8.2.1/../../../../arm-none-eabi/lib/thumb/v6-m/nofp/libg_nano.a(lib_a-malloc.o)
 .bss           0x0000000000000000        0x0 /home/opt/arm-toolchains/gcc-arm-none-eabi-8-2018-q4-major/bin/../lib/gcc/arm-none-eabi/8.2.1/../../../../arm-none-eabi/lib/thumb/v6-m/nofp/libg_nano.a(lib_a-malloc.o)
 .text.malloc   0x0000000000000000       0x14 /home/opt/arm-toolchains/gcc-arm-none-eabi-8-2018-q4-major/bin/../lib/gcc/arm-none-eabi/8.2.1/../../../../arm-none-eabi/lib/thumb/v6-m/nofp/libg_nano.a(lib_a-malloc.o)
 .text          0x0000000000000000        0x0 /home/opt/arm-toolchains/gcc-arm-none-eabi-8-2018-q4-major/bin/../lib/gcc/arm-none-eabi/8.2.1/../../../../arm-none-eabi/lib/thumb/v6-m/nofp/libg_nano.a(lib_a-nano-freer.o)
 .data          0x0000000000000000        0x0 /home/opt/arm-toolchains/gcc-arm-none-eabi-8-2018-q4-major/bin/../lib/gcc/arm-none-eabi/8.2.1/../../../../arm-none-eabi/lib/thumb/v6-m/nofp/libg_nano.a(lib_a-nano-freer.o)
 .bss           0x0000000000000000        0x0 /home/opt/arm-toolchains/gcc-arm-none-eabi-8-2018-q4-major/bin/../lib/gcc/arm-none-eabi/8.2.1/../../../../arm-none-eabi/lib/thumb/v6-m/nofp/libg_nano.a(lib_a-nano-freer.o)
 .text          0x0000000000000000        0x0 /home/opt/arm-toolchains/gcc-arm-none-eabi-8-2018-q4-major/bin/../lib/gcc/arm-none-eabi/8.2.1/../../../../arm-none-eabi/lib/thumb/v6-m/nofp/libg_nano.a(lib_a-nano-mallocr.o)
 .data          0x0000000000000000        0x0 /home/opt/arm-toolchains/gcc-arm-none-eabi-8-2018-q4-major/bin/../lib/gcc/arm-none-eabi/8.2.1/../../../../arm-none-eabi/lib/thumb/v6-m/nofp/libg_nano.a(lib_a-nano-mallocr.o)
 .bss           0x0000000000000000        0x0 /home/opt/arm-toolchains/gcc-arm-none-eabi-8-2018-q4-major/bin/../lib/gcc/arm-none-eabi/8.2.1/../../../../arm-none-eabi/lib/thumb/v6-m/nofp/libg_nano.a(lib_a-nano-mallocr.o)
 .text._malloc_r
                0x0000000000000000       0xbc /home/opt/arm-toolchains/gcc-arm-none-eabi-8-2018-q4-major/bin/../lib/gcc/arm-none-eabi/8.2.1/../../../../arm-none-eabi/lib/thumb/v6-m/nofp/libg_nano.a(lib_a-nano-mallocr.o)
 .bss.__malloc_sbrk_start
                0x0000000000000000        0x4 /home/opt/arm-toolchains/gcc-arm-none-eabi-8-2018-q4-major/bin/../lib/gcc/arm-none-eabi/8.2.1/../../../../arm-none-eabi/lib/thumb/v6-m/nofp/libg_nano.a(lib_a-nano-mallocr.o)
 .text          0x0000000000000000        0x0 /home/opt/arm-toolchains/gcc-arm-none-eabi-8-2018-q4-major/bin/../lib/gcc/arm-none-eabi/8.2.1/../../../../arm-none-eabi/lib/thumb/v6-m/nofp/libg_nano.a(lib_a-sbrkr.o)
 .data          0x0000000000000000        0x0 /home/opt/arm-toolchains/gcc-arm-none-eabi-8-2018-q4-major/bin/../lib/gcc/arm-none-eabi/8.2.1/../../../../arm-none-eabi/lib/thumb/v6-m/nofp/libg_nano.a(lib_a-sbrkr.o)
 .bss           0x0000000000000000        0x0 /home/opt/arm-toolchains/gcc-arm-none-eabi-8-2018-q4-major/bin/../lib/gcc/arm-none-eabi/8.2.1/../../../../arm-none-eabi/lib/thumb/v6-m/nofp/libg_nano.a(lib_a-sbrkr.o)
 .text._sbrk_r  0x0000000000000000       0x24 /home/opt/arm-toolchains/gcc-arm-none-eabi-8-2018-q4-major/bin/../lib/gcc/arm-none-eabi/8.2.1/../../../../arm-none-eabi/lib/thumb/v6-m/nofp/libg_nano.a(lib_a-sbrkr.o)
 .debug_frame   0x0000000000000000       0x2c /home/opt/arm-toolchains/gcc-arm-none-eabi-8-2018-q4-major/bin/../lib/gcc/arm-none-eabi/8.2.1/../../../../arm-none-eabi/lib/thumb/v6-m/nofp/libg_nano.a(lib_a-sbrkr.o)
 .ARM.attributes
                0x0000000000000000       0x2c /home/opt/arm-toolchains/gcc-arm-none-eabi-8-2018-q4-major/bin/../lib/gcc/arm-none-eabi/8.2.1/../../../../arm-none-eabi/lib/thumb/v6-m/nofp/libg_nano.a(lib_a-sbrkr.o)
 .data          0x0000000000000000        0x0 /home/opt/arm-toolchains/gcc-arm-none-eabi-8-2018-q4-major/bin/../lib/gcc/arm-none-eabi/8.2.1/../../../../arm-none-eabi/lib/thumb/v6-m/nofp/libg_nano.a(lib_a-strlen.o)
 .bss           0x0000000000000000        0x0 /home/opt/arm-toolchains/gcc-arm-none-eabi-8-2018-q4-major/bin/../lib/gcc/arm-none-eabi/8.2.1/../../../../arm-none-eabi/lib/thumb/v6-m/nofp/libg_nano.a(lib_a-strlen.o)
 .text          0x0000000000000000        0x0 /home/opt/arm-toolchains/gcc-arm-none-eabi-8-2018-q4-major/bin/../lib/gcc/arm-none-eabi/8.2.1/../../../../arm-none-eabi/lib/thumb/v6-m/nofp/libg_nano.a(lib_a-ctype_.o)
 .data          0x0000000000000000        0x0 /home/opt/arm-toolchains/gcc-arm-none-eabi-8-2018-q4-major/bin/../lib/gcc/arm-none-eabi/8.2.1/../../../../arm-none-eabi/lib/thumb/v6-m/nofp/libg_nano.a(lib_a-ctype_.o)
 .bss           0x0000000000000000        0x0 /home/opt/arm-toolchains/gcc-arm-none-eabi-8-2018-q4-major/bin/../lib/gcc/arm-none-eabi/8.2.1/../../../../arm-none-eabi/lib/thumb/v6-m/nofp/libg_nano.a(lib_a-ctype_.o)
 .rodata._ctype_
                0x0000000000000000      0x101 /home/opt/arm-toolchains/gcc-arm-none-eabi-8-2018-q4-major/bin/../lib/gcc/arm-none-eabi/8.2.1/../../../../arm-none-eabi/lib/thumb/v6-m/nofp/libg_nano.a(lib_a-ctype_.o)
 .ARM.attributes
                0x0000000000000000       0x2c /home/opt/arm-toolchains/gcc-arm-none-eabi-8-2018-q4-major/bin/../lib/gcc/arm-none-eabi/8.2.1/../../../../arm-none-eabi/lib/thumb/v6-m/nofp/libg_nano.a(lib_a-ctype_.o)
 .text          0x0000000000000000        0x0 /home/opt/arm-toolchains/gcc-arm-none-eabi-8-2018-q4-major/bin/../lib/gcc/arm-none-eabi/8.2.1/../../../../arm-none-eabi/lib/thumb/v6-m/nofp/libg_nano.a(lib_a-mlock.o)
 .data          0x0000000000000000        0x0 /home/opt/arm-toolchains/gcc-arm-none-eabi-8-2018-q4-major/bin/../lib/gcc/arm-none-eabi/8.2.1/../../../../arm-none-eabi/lib/thumb/v6-m/nofp/libg_nano.a(lib_a-mlock.o)
 .bss           0x0000000000000000        0x0 /home/opt/arm-toolchains/gcc-arm-none-eabi-8-2018-q4-major/bin/../lib/gcc/arm-none-eabi/8.2.1/../../../../arm-none-eabi/lib/thumb/v6-m/nofp/libg_nano.a(lib_a-mlock.o)
 .text          0x0000000000000000        0x0 /home/opt/arm-toolchains/gcc-arm-none-eabi-8-2018-q4-major/bin/../lib/gcc/arm-none-eabi/8.2.1/../../../../arm-none-eabi/lib/thumb/v6-m/nofp/libg_nano.a(lib_a-lock.o)
 .data          0x0000000000000000        0x0 /home/opt/arm-toolchains/gcc-arm-none-eabi-8-2018-q4-major/bin/../lib/gcc/arm-none-eabi/8.2.1/../../../../arm-none-eabi/lib/thumb/v6-m/nofp/libg_nano.a(lib_a-lock.o)
 .bss           0x0000000000000000        0x0 /home/opt/arm-toolchains/gcc-arm-none-eabi-8-2018-q4-major/bin/../lib/gcc/arm-none-eabi/8.2.1/../../../../arm-none-eabi/lib/thumb/v6-m/nofp/libg_nano.a(lib_a-lock.o)
 .text.__retarget_lock_init
                0x0000000000000000        0x2 /home/opt/arm-toolchains/gcc-arm-none-eabi-8-2018-q4-major/bin/../lib/gcc/arm-none-eabi/8.2.1/../../../../arm-none-eabi/lib/thumb/v6-m/nofp/libg_nano.a(lib_a-lock.o)
 .text.__retarget_lock_init_recursive
                0x0000000000000000        0x2 /home/opt/arm-toolchains/gcc-arm-none-eabi-8-2018-q4-major/bin/../lib/gcc/arm-none-eabi/8.2.1/../../../../arm-none-eabi/lib/thumb/v6-m/nofp/libg_nano.a(lib_a-lock.o)
 .text.__retarget_lock_close
                0x0000000000000000        0x2 /home/opt/arm-toolchains/gcc-arm-none-eabi-8-2018-q4-major/bin/../lib/gcc/arm-none-eabi/8.2.1/../../../../arm-none-eabi/lib/thumb/v6-m/nofp/libg_nano.a(lib_a-lock.o)
 .text.__retarget_lock_close_recursive
                0x0000000000000000        0x2 /home/opt/arm-toolchains/gcc-arm-none-eabi-8-2018-q4-major/bin/../lib/gcc/arm-none-eabi/8.2.1/../../../../arm-none-eabi/lib/thumb/v6-m/nofp/libg_nano.a(lib_a-lock.o)
 .text.__retarget_lock_acquire
                0x0000000000000000        0x2 /home/opt/arm-toolchains/gcc-arm-none-eabi-8-2018-q4-major/bin/../lib/gcc/arm-none-eabi/8.2.1/../../../../arm-none-eabi/lib/thumb/v6-m/nofp/libg_nano.a(lib_a-lock.o)
 .text.__retarget_lock_try_acquire
                0x0000000000000000        0x4 /home/opt/arm-toolchains/gcc-arm-none-eabi-8-2018-q4-major/bin/../lib/gcc/arm-none-eabi/8.2.1/../../../../arm-none-eabi/lib/thumb/v6-m/nofp/libg_nano.a(lib_a-lock.o)
 .text.__retarget_lock_try_acquire_recursive
                0x0000000000000000        0x4 /home/opt/arm-toolchains/gcc-arm-none-eabi-8-2018-q4-major/bin/../lib/gcc/arm-none-eabi/8.2.1/../../../../arm-none-eabi/lib/thumb/v6-m/nofp/libg_nano.a(lib_a-lock.o)
 .text.__retarget_lock_release
                0x0000000000000000        0x2 /home/opt/arm-toolchains/gcc-arm-none-eabi-8-2018-q4-major/bin/../lib/gcc/arm-none-eabi/8.2.1/../../../../arm-none-eabi/lib/thumb/v6-m/nofp/libg_nano.a(lib_a-lock.o)
 .text          0x0000000000000000        0x0 /home/opt/arm-toolchains/gcc-arm-none-eabi-8-2018-q4-major/bin/../lib/gcc/arm-none-eabi/8.2.1/../../../../arm-none-eabi/lib/thumb/v6-m/nofp/libg_nano.a(lib_a-memset.o)
 .data          0x0000000000000000        0x0 /home/opt/arm-toolchains/gcc-arm-none-eabi-8-2018-q4-major/bin/../lib/gcc/arm-none-eabi/8.2.1/../../../../arm-none-eabi/lib/thumb/v6-m/nofp/libg_nano.a(lib_a-memset.o)
 .bss           0x0000000000000000        0x0 /home/opt/arm-toolchains/gcc-arm-none-eabi-8-2018-q4-major/bin/../lib/gcc/arm-none-eabi/8.2.1/../../../../arm-none-eabi/lib/thumb/v6-m/nofp/libg_nano.a(lib_a-memset.o)
 .data          0x0000000000000000        0x0 /home/opt/arm-toolchains/gcc-arm-none-eabi-8-2018-q4-major/bin/../lib/gcc/arm-none-eabi/8.2.1/thumb/v6-m/nofp/libgcc.a(_udivsi3.o)
 .bss           0x0000000000000000        0x0 /home/opt/arm-toolchains/gcc-arm-none-eabi-8-2018-q4-major/bin/../lib/gcc/arm-none-eabi/8.2.1/thumb/v6-m/nofp/libgcc.a(_udivsi3.o)
 .data          0x0000000000000000        0x0 /home/opt/arm-toolchains/gcc-arm-none-eabi-8-2018-q4-major/bin/../lib/gcc/arm-none-eabi/8.2.1/thumb/v6-m/nofp/libgcc.a(_dvmd_tls.o)
 .bss           0x0000000000000000        0x0 /home/opt/arm-toolchains/gcc-arm-none-eabi-8-2018-q4-major/bin/../lib/gcc/arm-none-eabi/8.2.1/thumb/v6-m/nofp/libgcc.a(_dvmd_tls.o)

Memory Configuration

Name             Origin             Length             Attributes
RAM              0x0000000020000000 0x0000000000004000 xrw
CCMRAM           0x0000000000000000 0x0000000000000000 xrw
FLASH            0x0000000008000000 0x0000000000010000 xr
FLASHB1          0x0000000000000000 0x0000000000000000 xr
EXTMEMB0         0x0000000000000000 0x0000000000000000 xr
EXTMEMB1         0x0000000000000000 0x0000000000000000 xr
EXTMEMB2         0x0000000000000000 0x0000000000000000 xr
EXTMEMB3         0x0000000000000000 0x0000000000000000 xr
MEMORY_ARRAY     0x0000000000000000 0x0000000000000000 xrw
*default*        0x0000000000000000 0xffffffffffffffff

Linker script and memory map

LOAD /tmp/cczE02nfdebugobj
LOAD /tmp/ccjc4nEZ.ltrans0.ltrans.o
LOAD /tmp/ccjc4nEZ.ltrans1.ltrans.o
LOAD /home/opt/arm-toolchains/gcc-arm-none-eabi-8-2018-q4-major/bin/../lib/gcc/arm-none-eabi/8.2.1/../../../../arm-none-eabi/lib/thumb/v6-m/nofp/libstdc++_nano.a
LOAD /home/opt/arm-toolchains/gcc-arm-none-eabi-8-2018-q4-major/bin/../lib/gcc/arm-none-eabi/8.2.1/../../../../arm-none-eabi/lib/thumb/v6-m/nofp/libm.a
START GROUP
LOAD /home/opt/arm-toolchains/gcc-arm-none-eabi-8-2018-q4-major/bin/../lib/gcc/arm-none-eabi/8.2.1/thumb/v6-m/nofp/libgcc.a
LOAD /home/opt/arm-toolchains/gcc-arm-none-eabi-8-2018-q4-major/bin/../lib/gcc/arm-none-eabi/8.2.1/../../../../arm-none-eabi/lib/thumb/v6-m/nofp/libg_nano.a
LOAD /home/opt/arm-toolchains/gcc-arm-none-eabi-8-2018-q4-major/bin/../lib/gcc/arm-none-eabi/8.2.1/../../../../arm-none-eabi/lib/thumb/v6-m/nofp/libc_nano.a
END GROUP
START GROUP
LOAD /home/opt/arm-toolchains/gcc-arm-none-eabi-8-2018-q4-major/bin/../lib/gcc/arm-none-eabi/8.2.1/thumb/v6-m/nofp/libgcc.a
LOAD /home/opt/arm-toolchains/gcc-arm-none-eabi-8-2018-q4-major/bin/../lib/gcc/arm-none-eabi/8.2.1/../../../../arm-none-eabi/lib/thumb/v6-m/nofp/libc_nano.a
LOAD /home/opt/arm-toolchains/gcc-arm-none-eabi-8-2018-q4-major/bin/../lib/gcc/arm-none-eabi/8.2.1/../../../../arm-none-eabi/lib/thumb/v6-m/nofp/libnosys.a
END GROUP
START GROUP
LOAD /home/opt/arm-toolchains/gcc-arm-none-eabi-8-2018-q4-major/bin/../lib/gcc/arm-none-eabi/8.2.1/thumb/v6-m/nofp/libgcc.a
LOAD /home/opt/arm-toolchains/gcc-arm-none-eabi-8-2018-q4-major/bin/../lib/gcc/arm-none-eabi/8.2.1/../../../../arm-none-eabi/lib/thumb/v6-m/nofp/libc_nano.a
LOAD /home/opt/arm-toolchains/gcc-arm-none-eabi-8-2018-q4-major/bin/../lib/gcc/arm-none-eabi/8.2.1/../../../../arm-none-eabi/lib/thumb/v6-m/nofp/libnosys.a
END GROUP
                0x0000000020004000                __stack = (ORIGIN (RAM) + LENGTH (RAM))
                0x0000000020004000                _estack = __stack
                0x0000000000000800                __Main_Stack_Size = 0x800
                [!provide]                        PROVIDE (_Main_Stack_Size = __Main_Stack_Size)
                0x0000000020003800                __Main_Stack_Limit = (__stack - __Main_Stack_Size)
                [!provide]                        PROVIDE (_Main_Stack_Limit = __Main_Stack_Limit)
                0x0000000000000100                _Minimum_Stack_Size = 0x100
                0x0000000020000520                PROVIDE (_Heap_Begin = _end_noinit)
                0x0000000020003800                PROVIDE (_Heap_Limit = (__stack - __Main_Stack_Size))

.isr_vector     0x0000000008000000      0x2a4
 FILL mask 0xff
                0x0000000008000000                __vectors_start = ABSOLUTE (.)
                0x0000000008000000                __vectors_start__ = ABSOLUTE (.)
 *(.isr_vector)
 .isr_vector    0x0000000008000000       0xc4 /tmp/ccjc4nEZ.ltrans0.ltrans.o
                0x0000000008000000                g_pfnVectors
 *(.cfmconfig)
 *(.after_vectors .after_vectors.*)
 .after_vectors
                0x00000000080000c4      0x1e0 /tmp/ccjc4nEZ.ltrans1.ltrans.o
                0x00000000080000c4                PendSV_Handler
                0x00000000080000c6                SVC_Handler
                0x00000000080000c8                HardFault_Handler
                0x00000000080000e0                NMI_Handler
                0x00000000080000e2                Reset_Handler
                0x00000000080000e6                TIM1_CC_IRQHandler
                0x00000000080000e6                TSC_IRQHandler
                0x00000000080000e6                ADC1_COMP_IRQHandler
                0x00000000080000e6                RCC_CRS_IRQHandler
                0x00000000080000e6                SPI1_IRQHandler
                0x00000000080000e6                TIM6_DAC_IRQHandler
                0x00000000080000e6                USART3_4_IRQHandler
                0x00000000080000e6                EXTI2_3_IRQHandler
                0x00000000080000e6                TIM17_IRQHandler
                0x00000000080000e6                CEC_CAN_IRQHandler
                0x00000000080000e6                RTC_IRQHandler
                0x00000000080000e6                PVD_VDDIO2_IRQHandler
                0x00000000080000e6                DMA1_Channel4_5_6_7_IRQHandler
                0x00000000080000e6                TIM16_IRQHandler
                0x00000000080000e6                TIM3_IRQHandler
                0x00000000080000e6                EXTI4_15_IRQHandler
                0x00000000080000e6                DMA1_Channel1_IRQHandler
                0x00000000080000e6                Default_Handler
                0x00000000080000e6                TIM14_IRQHandler
                0x00000000080000e6                TIM7_IRQHandler
                0x00000000080000e6                TIM15_IRQHandler
                0x00000000080000e6                EXTI0_1_IRQHandler
                0x00000000080000e6                USB_IRQHandler
                0x00000000080000e6                SPI2_IRQHandler
                0x00000000080000e6                WWDG_IRQHandler
                0x00000000080000e6                TIM2_IRQHandler
                0x00000000080000e6                DMA1_Channel2_3_IRQHandler
                0x00000000080000e6                USART2_IRQHandler
                0x00000000080000e6                FLASH_IRQHandler
                0x00000000080000e6                TIM1_BRK_UP_TRG_COM_IRQHandler
                0x00000000080000e8                HardFault_Handler_C
                0x00000000080000ea                _start

.inits          0x00000000080002a4       0x30
                0x00000000080002a4                __data_regions_array_start = .
                0x00000000080002a4        0x4 LONG 0x8006518 LOADADDR (.data)
                0x00000000080002a8        0x4 LONG 0x20000000 ADDR (.data)
                0x00000000080002ac        0x4 LONG 0x200000a4 (ADDR (.data) + SIZEOF (.data))
                0x00000000080002b0        0x4 LONG 0x8006518 LOADADDR (.data_CCMRAM)
                0x00000000080002b4        0x4 LONG 0x0 ADDR (.data_CCMRAM)
                0x00000000080002b8        0x4 LONG 0x0 (ADDR (.data_CCMRAM) + SIZEOF (.data_CCMRAM))
                0x00000000080002bc                __data_regions_array_end = .
                0x00000000080002bc                __bss_regions_array_start = .
                0x00000000080002bc        0x4 LONG 0x200000a4 ADDR (.bss)
                0x00000000080002c0        0x4 LONG 0x20000520 (ADDR (.bss) + SIZEOF (.bss))
                0x00000000080002c4        0x4 LONG 0x0 ADDR (.bss_CCMRAM)
                0x00000000080002c8        0x4 LONG 0x0 (ADDR (.bss_CCMRAM) + SIZEOF (.bss_CCMRAM))
                0x00000000080002cc                __bss_regions_array_end = .
 *(.init)
 *(.fini)
                0x00000000080002cc                . = ALIGN (0x4)
                0x00000000080002cc                PROVIDE (__preinit_array_start = .)
 *(.preinit_array_sysinit .preinit_array_sysinit.*)
 *(.preinit_array_platform .preinit_array_platform.*)
 *(.preinit_array .preinit_array.*)
                0x00000000080002cc                PROVIDE (__preinit_array_end = .)
                0x00000000080002cc                . = ALIGN (0x4)
                0x00000000080002cc                PROVIDE (__init_array_start = .)
 *(SORT_BY_NAME(.init_array.*))
 *(.init_array)
 .init_array    0x00000000080002cc        0x4 /tmp/ccjc4nEZ.ltrans0.ltrans.o
                0x00000000080002d0                PROVIDE (__init_array_end = .)
                0x00000000080002d0                . = ALIGN (0x4)
                0x00000000080002d0                PROVIDE (__fini_array_start = .)
 *(SORT_BY_NAME(.fini_array.*))
 *(.fini_array)
 .fini_array    0x00000000080002d0        0x4 /tmp/ccjc4nEZ.ltrans0.ltrans.o
                0x00000000080002d4                PROVIDE (__fini_array_end = .)

.flashtext
 *(.flashtext .flashtext.*)

.text           0x00000000080002d4     0x6244
 *(.text .text.*)
 .text._ZN11FrameBufferD2Ev
                0x00000000080002d4        0x2 /tmp/ccjc4nEZ.ltrans0.ltrans.o
 .text._ZN4Gpio16setAlternateFuncEP12GPIO_TypeDefhh
                0x00000000080002d6       0x48 /tmp/ccjc4nEZ.ltrans0.ltrans.o
 *fill*         0x000000000800031e        0x2 
 .text.FLASH_GetStatus
                0x0000000008000320       0x2c /tmp/ccjc4nEZ.ltrans0.ltrans.o
 .text.FLASH_WaitForLastOperation
                0x000000000800034c       0x2c /tmp/ccjc4nEZ.ltrans0.ltrans.o
 .text.FLASH_ProgramHalfWord
                0x0000000008000378       0x34 /tmp/ccjc4nEZ.ltrans0.ltrans.o
 .text.FLASH_ErasePage
                0x00000000080003ac       0x3c /tmp/ccjc4nEZ.ltrans0.ltrans.o
 .text.FLASH_Lock
                0x00000000080003e8       0x10 /tmp/ccjc4nEZ.ltrans0.ltrans.o
 .text.FLASH_Unlock
                0x00000000080003f8       0x20 /tmp/ccjc4nEZ.ltrans0.ltrans.o
 .text.numberWithPattern
                0x0000000008000418       0x90 /tmp/ccjc4nEZ.ltrans0.ltrans.o
 .text.EE_FindValidPage
                0x00000000080004a8       0x60 /tmp/ccjc4nEZ.ltrans0.ltrans.o
 .text.EE_VerifyPageFullWriteVariable
                0x0000000008000508       0x64 /tmp/ccjc4nEZ.ltrans0.ltrans.o
 .text.EE_Format
                0x000000000800056c       0x2c /tmp/ccjc4nEZ.ltrans0.ltrans.o
 .text.EE_ReadVariable
                0x0000000008000598       0x58 /tmp/ccjc4nEZ.ltrans0.ltrans.o
 .text.EE_WriteVariable
                0x00000000080005f0       0xa8 /tmp/ccjc4nEZ.ltrans0.ltrans.o
 .text.SysTick_Handler
                0x0000000008000698       0x3c /tmp/ccjc4nEZ.ltrans0.ltrans.o
 .text._ZN9QuickTaskC2ENS_6QTTypeEPFvvEm
                0x00000000080006d4       0x44 /tmp/ccjc4nEZ.ltrans0.ltrans.o
 .text._Z41__static_initialization_and_destruction_0ii.lto_priv.5
                0x0000000008000718       0x6c /tmp/ccjc4nEZ.ltrans0.ltrans.o
 .text._ZN4Fifo3getEv
                0x0000000008000784       0x26 /tmp/ccjc4nEZ.ltrans0.ltrans.o
 .text._ZN4Fifo3putEh
                0x00000000080007aa       0x36 /tmp/ccjc4nEZ.ltrans0.ltrans.o
 .text.USART1_IRQHandler
                0x00000000080007e0       0xde /tmp/ccjc4nEZ.ltrans0.ltrans.o
 *fill*         0x00000000080008be        0x2 
 .text._ZN3I2C16masterWriteBlockEP4Fifo
                0x00000000080008c0       0xe4 /tmp/ccjc4nEZ.ltrans0.ltrans.o
 .text._ZN9ST7032iFB8sendLineEm
                0x00000000080009a4       0x4e /tmp/ccjc4nEZ.ltrans0.ltrans.o
 .text._ZN9ST7032iFB11sendCommandEh
                0x00000000080009f2       0x28 /tmp/ccjc4nEZ.ltrans0.ltrans.o
 *fill*         0x0000000008000a1a        0x2 
 .text._Z13dummyCallbackv
                0x0000000008000a1c       0x7c /tmp/ccjc4nEZ.ltrans0.ltrans.o
 .text._ZN3I2C8irqEventEv
                0x0000000008000a98       0x68 /tmp/ccjc4nEZ.ltrans0.ltrans.o
 .text.I2C2_IRQHandler
                0x0000000008000b00       0x10 /tmp/ccjc4nEZ.ltrans0.ltrans.o
 .text.I2C1_IRQHandler
                0x0000000008000b10       0x10 /tmp/ccjc4nEZ.ltrans0.ltrans.o
 .text._ZN12Silnik230VACD2Ev
                0x0000000008000b20        0x2 /tmp/ccjc4nEZ.ltrans0.ltrans.o
 .text._ZN11HBridgeGPIOD2Ev
                0x0000000008000b22        0x2 /tmp/ccjc4nEZ.ltrans0.ltrans.o
 .text._ZN11Silnik24VDCD2Ev
                0x0000000008000b24        0x2 /tmp/ccjc4nEZ.ltrans0.ltrans.o
 .text._ZN9Sterownik9checkRuchEv
                0x0000000008000b26      0x280 /tmp/ccjc4nEZ.ltrans0.ltrans.o
 .text._ZN9ST7032iFB16callbackFunctionEv
                0x0000000008000da6        0x2 /tmp/ccjc4nEZ.ltrans0.ltrans.o
 .text._ZN9ST7032iFBD2Ev
                0x0000000008000da8        0x2 /tmp/ccjc4nEZ.ltrans0.ltrans.o
 .text._ZN11Silnik24VDC7setMoveEN12SilnikNapedu4MOVEE
                0x0000000008000daa       0xb2 /tmp/ccjc4nEZ.ltrans0.ltrans.o
 .text._ZN11HBridgeGPIO4pollEv
                0x0000000008000e5c      0x164 /tmp/ccjc4nEZ.ltrans0.ltrans.o
 .text._ZN11HBridgeGPIO12getPowerModeEv
                0x0000000008000fc0        0x4 /tmp/ccjc4nEZ.ltrans0.ltrans.o
 .text._ZN11HBridgeGPIO8setPowerEN7HBridge5POWERE
                0x0000000008000fc4       0x2c /tmp/ccjc4nEZ.ltrans0.ltrans.o
 .text._ZN4Gpio14setupFromCloneEP12GPIO_TypeDefhS1_h
                0x0000000008000ff0       0x96 /tmp/ccjc4nEZ.ltrans0.ltrans.o
 .text._ZN11HBridgeGPIO4initEv
                0x0000000008001086      0x2c6 /tmp/ccjc4nEZ.ltrans0.ltrans.o
 .text._ZN12Silnik230VAC7setMoveEN12SilnikNapedu4MOVEE
                0x000000000800134c       0x6c /tmp/ccjc4nEZ.ltrans0.ltrans.o
 .text._ZN12SilnikNapedu16gotoSafePositionEb
                0x00000000080013b8       0x14 /tmp/ccjc4nEZ.ltrans0.ltrans.o
 .text._ZNK12SilnikNapedu7getMoveEv
                0x00000000080013cc        0x4 /tmp/ccjc4nEZ.ltrans0.ltrans.o
 .text._ZN6VEprom8readWordENS_9VirtAdresEPt
                0x00000000080013d0       0x42 /tmp/ccjc4nEZ.ltrans0.ltrans.o
 *fill*         0x0000000008001412        0x2 
 .text._Z13pracaCallbackv
                0x0000000008001414      0x9e4 /tmp/ccjc4nEZ.ltrans0.ltrans.o
 .text._ZN8Hardware12delayMsDirtyEm
                0x0000000008001df8       0x1c /tmp/ccjc4nEZ.ltrans0.ltrans.o
 .text._ZN4GpioC2EP12GPIO_TypeDefh
                0x0000000008001e14       0x5c /tmp/ccjc4nEZ.ltrans0.ltrans.o
 .text._Z41__static_initialization_and_destruction_0ii.lto_priv.3
                0x0000000008001e70      0x4ec /tmp/ccjc4nEZ.ltrans0.ltrans.o
 .text._ZN10HBridgePWMD2Ev
                0x000000000800235c        0x2 /tmp/ccjc4nEZ.ltrans0.ltrans.o
 *fill*         0x000000000800235e        0x2 
 .text._ZN10HBridgePWM4pollEv
                0x0000000008002360      0x320 /tmp/ccjc4nEZ.ltrans0.ltrans.o
 .text._Z11hBridgePollv
                0x0000000008002680      0x1a4 /tmp/ccjc4nEZ.ltrans0.ltrans.o
 .text._ZN10HBridgePWM12getPowerModeEv
                0x0000000008002824        0x6 /tmp/ccjc4nEZ.ltrans0.ltrans.o
 *fill*         0x000000000800282a        0x2 
 .text._ZN10HBridgePWM8setPowerEN7HBridge5POWERE
                0x000000000800282c       0x34 /tmp/ccjc4nEZ.ltrans0.ltrans.o
 .text._ZN10HBridgePWM4initEv
                0x0000000008002860      0x2c0 /tmp/ccjc4nEZ.ltrans0.ltrans.o
 .text._ZN11FrameBufferD0Ev
                0x0000000008002b20        0xe /tmp/ccjc4nEZ.ltrans0.ltrans.o
 .text._ZN12Silnik230VACD0Ev
                0x0000000008002b2e        0xe /tmp/ccjc4nEZ.ltrans0.ltrans.o
 .text._ZN11HBridgeGPIOD0Ev
                0x0000000008002b3c        0xe /tmp/ccjc4nEZ.ltrans0.ltrans.o
 .text._ZN11Silnik24VDCD0Ev
                0x0000000008002b4a        0xe /tmp/ccjc4nEZ.ltrans0.ltrans.o
 .text._ZN9ST7032iFBD0Ev
                0x0000000008002b58        0xe /tmp/ccjc4nEZ.ltrans0.ltrans.o
 .text._ZN10HBridgePWMD0Ev
                0x0000000008002b66        0xe /tmp/ccjc4nEZ.ltrans0.ltrans.o
 .text._ZN4Menu9showEkranEv
                0x0000000008002b74     0x14a0 /tmp/ccjc4nEZ.ltrans0.ltrans.o
 .text._ZN4Menu9goToEkranENS_5EKRANE
                0x0000000008004014      0x4b8 /tmp/ccjc4nEZ.ltrans0.ltrans.o
 .text._ZL12hmi_callbackv
                0x00000000080044cc      0xcbc /tmp/ccjc4nEZ.ltrans0.ltrans.o
 .text._GLOBAL__D_65535_1__cxx.o.7934
                0x0000000008005188       0x1c /tmp/ccjc4nEZ.ltrans0.ltrans.o
 .text._GLOBAL__I_65535_0__cxx.o.7929
                0x00000000080051a4       0xa8 /tmp/ccjc4nEZ.ltrans0.ltrans.o
 .text.main     0x000000000800524c      0xb50 /tmp/ccjc4nEZ.ltrans0.ltrans.o
                0x000000000800524c                main
 .text._ZN4Gpio5setupENS_8GpioModeENS_9GpioOTypeENS_8GpioPuPdENS_9GpioSpeedE
                0x0000000008005d9c       0x8a /tmp/ccjc4nEZ.ltrans1.ltrans.o
                0x0000000008005d9c                Gpio::setup(Gpio::GpioMode, Gpio::GpioOType, Gpio::GpioPuPd, Gpio::GpioSpeed)
 *fill*         0x0000000008005e26        0x2 
 .text.SystemCoreClockUpdate
                0x0000000008005e28       0x90 /tmp/ccjc4nEZ.ltrans1.ltrans.o
                0x0000000008005e28                SystemCoreClockUpdate
 .text._ZdlPvj  0x0000000008005eb8        0x8 /home/opt/arm-toolchains/gcc-arm-none-eabi-8-2018-q4-major/bin/../lib/gcc/arm-none-eabi/8.2.1/../../../../arm-none-eabi/lib/thumb/v6-m/nofp/libstdc++_nano.a(del_ops.o)
                0x0000000008005eb8                operator delete(void*, unsigned int)
 .text._ZdlPv   0x0000000008005ec0        0x8 /home/opt/arm-toolchains/gcc-arm-none-eabi-8-2018-q4-major/bin/../lib/gcc/arm-none-eabi/8.2.1/../../../../arm-none-eabi/lib/thumb/v6-m/nofp/libstdc++_nano.a(del_op.o)
                0x0000000008005ec0                operator delete(void*)
 .text.free     0x0000000008005ec8       0x14 /home/opt/arm-toolchains/gcc-arm-none-eabi-8-2018-q4-major/bin/../lib/gcc/arm-none-eabi/8.2.1/../../../../arm-none-eabi/lib/thumb/v6-m/nofp/libg_nano.a(lib_a-malloc.o)
                0x0000000008005ec8                free
 .text._free_r  0x0000000008005edc       0x94 /home/opt/arm-toolchains/gcc-arm-none-eabi-8-2018-q4-major/bin/../lib/gcc/arm-none-eabi/8.2.1/../../../../arm-none-eabi/lib/thumb/v6-m/nofp/libg_nano.a(lib_a-nano-freer.o)
                0x0000000008005edc                _free_r
 .text          0x0000000008005f70        0xe /home/opt/arm-toolchains/gcc-arm-none-eabi-8-2018-q4-major/bin/../lib/gcc/arm-none-eabi/8.2.1/../../../../arm-none-eabi/lib/thumb/v6-m/nofp/libg_nano.a(lib_a-strlen.o)
                0x0000000008005f70                strlen
 *fill*         0x0000000008005f7e        0x2 
 .text.__malloc_lock
                0x0000000008005f80       0x10 /home/opt/arm-toolchains/gcc-arm-none-eabi-8-2018-q4-major/bin/../lib/gcc/arm-none-eabi/8.2.1/../../../../arm-none-eabi/lib/thumb/v6-m/nofp/libg_nano.a(lib_a-mlock.o)
                0x0000000008005f80                __malloc_lock
 .text.__malloc_unlock
                0x0000000008005f90       0x10 /home/opt/arm-toolchains/gcc-arm-none-eabi-8-2018-q4-major/bin/../lib/gcc/arm-none-eabi/8.2.1/../../../../arm-none-eabi/lib/thumb/v6-m/nofp/libg_nano.a(lib_a-mlock.o)
                0x0000000008005f90                __malloc_unlock
 .text.__retarget_lock_acquire_recursive
                0x0000000008005fa0        0x2 /home/opt/arm-toolchains/gcc-arm-none-eabi-8-2018-q4-major/bin/../lib/gcc/arm-none-eabi/8.2.1/../../../../arm-none-eabi/lib/thumb/v6-m/nofp/libg_nano.a(lib_a-lock.o)
                0x0000000008005fa0                __retarget_lock_acquire_recursive
 .text.__retarget_lock_release_recursive
                0x0000000008005fa2        0x2 /home/opt/arm-toolchains/gcc-arm-none-eabi-8-2018-q4-major/bin/../lib/gcc/arm-none-eabi/8.2.1/../../../../arm-none-eabi/lib/thumb/v6-m/nofp/libg_nano.a(lib_a-lock.o)
                0x0000000008005fa2                __retarget_lock_release_recursive
 .text.memset   0x0000000008005fa4       0x10 /home/opt/arm-toolchains/gcc-arm-none-eabi-8-2018-q4-major/bin/../lib/gcc/arm-none-eabi/8.2.1/../../../../arm-none-eabi/lib/thumb/v6-m/nofp/libg_nano.a(lib_a-memset.o)
                0x0000000008005fa4                memset
 .text          0x0000000008005fb4      0x114 /home/opt/arm-toolchains/gcc-arm-none-eabi-8-2018-q4-major/bin/../lib/gcc/arm-none-eabi/8.2.1/thumb/v6-m/nofp/libgcc.a(_udivsi3.o)
                0x0000000008005fb4                __udivsi3
                0x0000000008005fb4                __aeabi_uidiv
                0x00000000080060c0                __aeabi_uidivmod
 .text          0x00000000080060c8        0x4 /home/opt/arm-toolchains/gcc-arm-none-eabi-8-2018-q4-major/bin/../lib/gcc/arm-none-eabi/8.2.1/thumb/v6-m/nofp/libgcc.a(_dvmd_tls.o)
                0x00000000080060c8                __aeabi_ldiv0
                0x00000000080060c8                __aeabi_idiv0
 *(.rodata .rodata.* .constdata .constdata.*)
 .rodata._Z13dummyCallbackv
                0x00000000080060cc       0x14 /tmp/ccjc4nEZ.ltrans0.ltrans.o
 .rodata._ZN4Menu9showEkranEv
                0x00000000080060e0       0x70 /tmp/ccjc4nEZ.ltrans0.ltrans.o
 .rodata._ZN4Menu9goToEkranENS_5EKRANE
                0x0000000008006150       0x18 /tmp/ccjc4nEZ.ltrans0.ltrans.o
 .rodata._ZL12hmi_callbackv
                0x0000000008006168       0xec /tmp/ccjc4nEZ.ltrans0.ltrans.o
 .rodata.main   0x0000000008006254       0x14 /tmp/ccjc4nEZ.ltrans0.ltrans.o
 .rodata._ZN4Menu9showEkranEv.str1.4
                0x0000000008006268      0x20c /tmp/ccjc4nEZ.ltrans0.ltrans.o
                                        0x211 (size before relaxing)
 .rodata._ZN8Password15servicePasswordE
                0x0000000008006474        0x8 /tmp/ccjc4nEZ.ltrans0.ltrans.o
 .rodata._ZTV10HBridgePWM
                0x000000000800647c       0x20 /tmp/ccjc4nEZ.ltrans0.ltrans.o
 .rodata._ZTV11FrameBuffer
                0x000000000800649c       0x10 /tmp/ccjc4nEZ.ltrans0.ltrans.o
 .rodata._ZTV11HBridgeGPIO
                0x00000000080064ac       0x20 /tmp/ccjc4nEZ.ltrans0.ltrans.o
 .rodata._ZTV11Silnik24VDC
                0x00000000080064cc       0x1c /tmp/ccjc4nEZ.ltrans0.ltrans.o
 .rodata._ZTV12Silnik230VAC
                0x00000000080064e8       0x1c /tmp/ccjc4nEZ.ltrans0.ltrans.o
 .rodata._ZTV9ST7032iFB
                0x0000000008006504       0x14 /tmp/ccjc4nEZ.ltrans0.ltrans.o
 *(vtable)
 *(.eh_frame*)
 *(.glue_7)
 .glue_7        0x0000000008006518        0x0 linker stubs
 *(.glue_7t)
 .glue_7t       0x0000000008006518        0x0 linker stubs

.vfp11_veneer   0x0000000008006518        0x0
 .vfp11_veneer  0x0000000008006518        0x0 linker stubs

.v4_bx          0x0000000008006518        0x0
 .v4_bx         0x0000000008006518        0x0 linker stubs

.iplt           0x0000000008006518        0x0
 .iplt          0x0000000008006518        0x0 /home/opt/arm-toolchains/gcc-arm-none-eabi-8-2018-q4-major/bin/../lib/gcc/arm-none-eabi/8.2.1/../../../../arm-none-eabi/lib/thumb/v6-m/nofp/libstdc++_nano.a(del_ops.o)

.rel.dyn        0x0000000008006518        0x0
 .rel.iplt      0x0000000008006518        0x0 /home/opt/arm-toolchains/gcc-arm-none-eabi-8-2018-q4-major/bin/../lib/gcc/arm-none-eabi/8.2.1/../../../../arm-none-eabi/lib/thumb/v6-m/nofp/libstdc++_nano.a(del_ops.o)

.ARM.extab
 *(.ARM.extab* .gnu.linkonce.armextab.*)
                0x0000000008006518                . = ALIGN (0x4)
                0x0000000008006518                __exidx_start = .

.ARM.exidx
 *(.ARM.exidx* .gnu.linkonce.armexidx.*)
                0x0000000008006518                __exidx_end = .
                0x0000000008006518                . = ALIGN (0x4)
                0x0000000008006518                _etext = .
                0x0000000008006518                __etext = .

.data_CCMRAM    0x0000000000000000        0x0 load address 0x0000000008006518
 FILL mask 0xff
 *(.data.CCMRAM .data.CCMRAM.*)
                0x0000000000000000                . = ALIGN (0x4)
                0x0000000008006518                _sidata = LOADADDR (.data)

.data           0x0000000020000000       0xa4 load address 0x0000000008006518
 FILL mask 0xff
                0x0000000020000000                _sdata = .
                0x0000000020000000                __data_start__ = .
 *(.data_begin .data_begin.*)
 *(.data .data.*)
 .data.SystemCoreClock
                0x0000000020000000        0x4 /tmp/ccjc4nEZ.ltrans0.ltrans.o
                0x0000000020000000                SystemCoreClock
 .data._ZN9QuickTask6holdedE
                0x0000000020000004        0x1 /tmp/ccjc4nEZ.ltrans0.ltrans.o
 *fill*         0x0000000020000005        0x3 ff
 .data.i2cDefs  0x0000000020000008       0x10 /tmp/ccjc4nEZ.ltrans0.ltrans.o
 .data.job      0x0000000020000018       0x10 /tmp/ccjc4nEZ.ltrans0.ltrans.o
 .data.AHBPrescTable
                0x0000000020000028       0x10 /tmp/ccjc4nEZ.ltrans1.ltrans.o
 .data.argv.4374
                0x0000000020000038        0x8 /tmp/ccjc4nEZ.ltrans1.ltrans.o
 .data._impure_ptr
                0x0000000020000040        0x4 /home/opt/arm-toolchains/gcc-arm-none-eabi-8-2018-q4-major/bin/../lib/gcc/arm-none-eabi/8.2.1/../../../../arm-none-eabi/lib/thumb/v6-m/nofp/libg_nano.a(lib_a-impure.o)
                0x0000000020000040                _impure_ptr
 .data.impure_data
                0x0000000020000044       0x60 /home/opt/arm-toolchains/gcc-arm-none-eabi-8-2018-q4-major/bin/../lib/gcc/arm-none-eabi/8.2.1/../../../../arm-none-eabi/lib/thumb/v6-m/nofp/libg_nano.a(lib_a-impure.o)
 *(.data_end .data_end.*)
                0x00000000200000a4                . = ALIGN (0x4)
                0x00000000200000a4                _edata = .
                0x00000000200000a4                __data_end__ = .

.igot.plt       0x00000000200000a4        0x0 load address 0x00000000080065bc
 .igot.plt      0x00000000200000a4        0x0 /home/opt/arm-toolchains/gcc-arm-none-eabi-8-2018-q4-major/bin/../lib/gcc/arm-none-eabi/8.2.1/../../../../arm-none-eabi/lib/thumb/v6-m/nofp/libstdc++_nano.a(del_ops.o)

.bss_CCMRAM     0x0000000000000000        0x0
 *(.bss.CCMRAM .bss.CCMRAM.*)

.bss            0x00000000200000a4      0x47c
                0x00000000200000a4                __bss_start__ = .
                0x00000000200000a4                _sbss = .
 *(.bss_begin .bss_begin.*)
 *(.bss .bss.*)
 .bss.DataVar   0x00000000200000a4        0x2 /tmp/ccjc4nEZ.ltrans0.ltrans.o
 *fill*         0x00000000200000a6        0x2 
 .bss._ZN9QuickTask12milisCounterE
                0x00000000200000a8        0x4 /tmp/ccjc4nEZ.ltrans0.ltrans.o
 .bss._ZN9ST7032iFB14callbackObjectE
                0x00000000200000ac        0x4 /tmp/ccjc4nEZ.ltrans0.ltrans.o
 .bss._ZZN8Keyboard6co10msEvE6oldKey
                0x00000000200000b0        0x1 /tmp/ccjc4nEZ.ltrans0.ltrans.o
 *fill*         0x00000000200000b1        0x3 
 .bss.buffer    0x00000000200000b4       0x64 /tmp/ccjc4nEZ.ltrans0.ltrans.o
 .bss.dataFifo  0x0000000020000118       0x10 /tmp/ccjc4nEZ.ltrans0.ltrans.o
 .bss.dataFrame
                0x0000000020000128       0x10 /tmp/ccjc4nEZ.ltrans0.ltrans.o
 .bss.dataTab1  0x0000000020000138       0x25 /tmp/ccjc4nEZ.ltrans0.ltrans.o
 *fill*         0x000000002000015d        0x3 
 .bss.dataTab2  0x0000000020000160       0x25 /tmp/ccjc4nEZ.ltrans0.ltrans.o
 *fill*         0x0000000020000185        0x3 
 .bss.frame_buffer
                0x0000000020000188       0x1c /tmp/ccjc4nEZ.ltrans0.ltrans.o
 .bss.front     0x00000000200001a4       0x14 /tmp/ccjc4nEZ.ltrans0.ltrans.o
 .bss.gpioPomSygnL
                0x00000000200001b8        0x8 /tmp/ccjc4nEZ.ltrans0.ltrans.o
 .bss.gpioPomZas24V
                0x00000000200001c0        0x8 /tmp/ccjc4nEZ.ltrans0.ltrans.o
 .bss.hBridgeHamulec
                0x00000000200001c8       0x1c /tmp/ccjc4nEZ.ltrans0.ltrans.o
 .bss.hBridgeQtsk
                0x00000000200001e4       0x14 /tmp/ccjc4nEZ.ltrans0.ltrans.o
 .bss.hBridgeSilnik
                0x00000000200001f8       0x30 /tmp/ccjc4nEZ.ltrans0.ltrans.o
 .bss.hamulec   0x0000000020000228        0x8 /tmp/ccjc4nEZ.ltrans0.ltrans.o
 .bss.hmi       0x0000000020000230       0x2c /tmp/ccjc4nEZ.ltrans0.ltrans.o
 .bss.hmiQtsk   0x000000002000025c       0x14 /tmp/ccjc4nEZ.ltrans0.ltrans.o
 .bss.i2c       0x0000000020000270        0x4 /tmp/ccjc4nEZ.ltrans0.ltrans.o
 .bss.i2cInstance
                0x0000000020000274       0x10 /tmp/ccjc4nEZ.ltrans0.ltrans.o
 .bss.keys      0x0000000020000284       0x24 /tmp/ccjc4nEZ.ltrans0.ltrans.o
 .bss.menu      0x00000000200002a8       0x2c /tmp/ccjc4nEZ.ltrans0.ltrans.o
 .bss.pinout    0x00000000200002d4      0x1b8 /tmp/ccjc4nEZ.ltrans0.ltrans.o
 .bss.pracaQtsk
                0x000000002000048c       0x14 /tmp/ccjc4nEZ.ltrans0.ltrans.o
 .bss.silnik230VAC
                0x00000000200004a0       0x10 /tmp/ccjc4nEZ.ltrans0.ltrans.o
 .bss.silnik24VDC
                0x00000000200004b0       0x14 /tmp/ccjc4nEZ.ltrans0.ltrans.o
 .bss.st7032Task
                0x00000000200004c4       0x14 /tmp/ccjc4nEZ.ltrans0.ltrans.o
 .bss.st7032iDriver
                0x00000000200004d8       0x1c /tmp/ccjc4nEZ.ltrans0.ltrans.o
 .bss.sterBramDym
                0x00000000200004f4       0x14 /tmp/ccjc4nEZ.ltrans0.ltrans.o
 .bss.taskbase  0x0000000020000508        0x4 /tmp/ccjc4nEZ.ltrans0.ltrans.o
 .bss.name.4373
                0x000000002000050c        0x1 /tmp/ccjc4nEZ.ltrans1.ltrans.o
 *fill*         0x000000002000050d        0x3 
 .bss.__malloc_free_list
                0x0000000020000510        0x4 /home/opt/arm-toolchains/gcc-arm-none-eabi-8-2018-q4-major/bin/../lib/gcc/arm-none-eabi/8.2.1/../../../../arm-none-eabi/lib/thumb/v6-m/nofp/libg_nano.a(lib_a-nano-mallocr.o)
                0x0000000020000510                __malloc_free_list
 *(COMMON)
 COMMON         0x0000000020000514        0x9 /home/opt/arm-toolchains/gcc-arm-none-eabi-8-2018-q4-major/bin/../lib/gcc/arm-none-eabi/8.2.1/../../../../arm-none-eabi/lib/thumb/v6-m/nofp/libg_nano.a(lib_a-lock.o)
                0x0000000020000514                __lock___atexit_recursive_mutex
                0x0000000020000515                __lock___arc4random_mutex
                0x0000000020000516                __lock___env_recursive_mutex
                0x0000000020000517                __lock___sinit_recursive_mutex
                0x0000000020000518                __lock___malloc_recursive_mutex
                0x0000000020000519                __lock___at_quick_exit_mutex
                0x000000002000051a                __lock___dd_hash_mutex
                0x000000002000051b                __lock___tz_mutex
                0x000000002000051c                __lock___sfp_recursive_mutex
 *(.bss_end .bss_end.*)
                0x0000000020000520                . = ALIGN (0x4)
 *fill*         0x000000002000051d        0x3 
                0x0000000020000520                __bss_end__ = .
                0x0000000020000520                _ebss = .

.noinit_CCMRAM
 *(.noinit.CCMRAM .noinit.CCMRAM.*)

.noinit         0x0000000020000520        0x0
                0x0000000020000520                _noinit = .
 *(.noinit .noinit.*)
                0x0000000020000520                . = ALIGN (0x4)
                0x0000000020000520                _end_noinit = .
                [!provide]                        PROVIDE (end = _end_noinit)
                [!provide]                        PROVIDE (_end = _end_noinit)
                [!provide]                        PROVIDE (__end = _end_noinit)
                [!provide]                        PROVIDE (__end__ = _end_noinit)

._check_stack   0x0000000020000520      0x100
                0x0000000020000620                . = (. + _Minimum_Stack_Size)
 *fill*         0x0000000020000520      0x100 

.b1text
 *(.b1text)
 *(.b1rodata)
 *(.b1rodata.*)

.eb0text
 *(.eb0text)
 *(.eb0rodata)
 *(.eb0rodata.*)

.eb1text
 *(.eb1text)
 *(.eb1rodata)
 *(.eb1rodata.*)

.eb2text
 *(.eb2text)
 *(.eb2rodata)
 *(.eb2rodata.*)

.eb3text
 *(.eb3text)
 *(.eb3rodata)
 *(.eb3rodata.*)

.stab
 *(.stab)

.stabstr
 *(.stabstr)

.stab.excl
 *(.stab.excl)

.stab.exclstr
 *(.stab.exclstr)

.stab.index
 *(.stab.index)

.stab.indexstr
 *(.stab.indexstr)

.comment        0x0000000000000000       0x75
 *(.comment)
 .comment       0x0000000000000000       0x75 /tmp/ccjc4nEZ.ltrans0.ltrans.o
                                         0x76 (size before relaxing)
 .comment       0x0000000000000075       0x76 /tmp/ccjc4nEZ.ltrans1.ltrans.o

.ARM.attributes
                0x0000000000000000       0x2a
 .ARM.attributes
                0x0000000000000000       0x2a /tmp/ccjc4nEZ.ltrans0.ltrans.o
 .ARM.attributes
                0x000000000000002a       0x2a /tmp/ccjc4nEZ.ltrans1.ltrans.o
 .ARM.attributes
                0x0000000000000054       0x2c /home/opt/arm-toolchains/gcc-arm-none-eabi-8-2018-q4-major/bin/../lib/gcc/arm-none-eabi/8.2.1/../../../../arm-none-eabi/lib/thumb/v6-m/nofp/libstdc++_nano.a(del_ops.o)
 .ARM.attributes
                0x0000000000000080       0x2c /home/opt/arm-toolchains/gcc-arm-none-eabi-8-2018-q4-major/bin/../lib/gcc/arm-none-eabi/8.2.1/../../../../arm-none-eabi/lib/thumb/v6-m/nofp/libstdc++_nano.a(del_op.o)
 .ARM.attributes
                0x00000000000000ac       0x2c /home/opt/arm-toolchains/gcc-arm-none-eabi-8-2018-q4-major/bin/../lib/gcc/arm-none-eabi/8.2.1/../../../../arm-none-eabi/lib/thumb/v6-m/nofp/libg_nano.a(lib_a-impure.o)
 .ARM.attributes
                0x00000000000000d8       0x2c /home/opt/arm-toolchains/gcc-arm-none-eabi-8-2018-q4-major/bin/../lib/gcc/arm-none-eabi/8.2.1/../../../../arm-none-eabi/lib/thumb/v6-m/nofp/libg_nano.a(lib_a-malloc.o)
 .ARM.attributes
                0x0000000000000104       0x2c /home/opt/arm-toolchains/gcc-arm-none-eabi-8-2018-q4-major/bin/../lib/gcc/arm-none-eabi/8.2.1/../../../../arm-none-eabi/lib/thumb/v6-m/nofp/libg_nano.a(lib_a-nano-freer.o)
 .ARM.attributes
                0x0000000000000130       0x2c /home/opt/arm-toolchains/gcc-arm-none-eabi-8-2018-q4-major/bin/../lib/gcc/arm-none-eabi/8.2.1/../../../../arm-none-eabi/lib/thumb/v6-m/nofp/libg_nano.a(lib_a-nano-mallocr.o)
 .ARM.attributes
                0x000000000000015c       0x1c /home/opt/arm-toolchains/gcc-arm-none-eabi-8-2018-q4-major/bin/../lib/gcc/arm-none-eabi/8.2.1/../../../../arm-none-eabi/lib/thumb/v6-m/nofp/libg_nano.a(lib_a-strlen.o)
 .ARM.attributes
                0x0000000000000178       0x2c /home/opt/arm-toolchains/gcc-arm-none-eabi-8-2018-q4-major/bin/../lib/gcc/arm-none-eabi/8.2.1/../../../../arm-none-eabi/lib/thumb/v6-m/nofp/libg_nano.a(lib_a-mlock.o)
 .ARM.attributes
                0x00000000000001a4       0x2c /home/opt/arm-toolchains/gcc-arm-none-eabi-8-2018-q4-major/bin/../lib/gcc/arm-none-eabi/8.2.1/../../../../arm-none-eabi/lib/thumb/v6-m/nofp/libg_nano.a(lib_a-lock.o)
 .ARM.attributes
                0x00000000000001d0       0x2c /home/opt/arm-toolchains/gcc-arm-none-eabi-8-2018-q4-major/bin/../lib/gcc/arm-none-eabi/8.2.1/../../../../arm-none-eabi/lib/thumb/v6-m/nofp/libg_nano.a(lib_a-memset.o)
 .ARM.attributes
                0x00000000000001fc       0x1e /home/opt/arm-toolchains/gcc-arm-none-eabi-8-2018-q4-major/bin/../lib/gcc/arm-none-eabi/8.2.1/thumb/v6-m/nofp/libgcc.a(_udivsi3.o)
 .ARM.attributes
                0x000000000000021a       0x1e /home/opt/arm-toolchains/gcc-arm-none-eabi-8-2018-q4-major/bin/../lib/gcc/arm-none-eabi/8.2.1/thumb/v6-m/nofp/libgcc.a(_dvmd_tls.o)

.debug
 *(.debug)

.line
 *(.line)

.debug_srcinfo
 *(.debug_srcinfo)

.debug_sfnames
 *(.debug_sfnames)

.debug_aranges  0x0000000000000000      0x280
 *(.debug_aranges)
 .debug_aranges
                0x0000000000000000      0x210 /tmp/ccjc4nEZ.ltrans0.ltrans.o
 .debug_aranges
                0x0000000000000210       0x70 /tmp/ccjc4nEZ.ltrans1.ltrans.o

.debug_pubnames
 *(.debug_pubnames)

.debug_info     0x0000000000000000    0x426bb
 *(.debug_info .gnu.linkonce.wi.*)
 .debug_info    0x0000000000000000    0x29c28 /tmp/cczE02nfdebugobj
                0x0000000000000000                g_cxx.cpp.ba4469f7
                0x0000000000001053                g_exit.c.9932fc81
                0x00000000000019f2                g_sbrk.c.a9b4fc9e
                0x0000000000002381                g_startup.c.d85ab758
                0x000000000000257b                g_syscalls.c.a05d4987
                0x0000000000002fba                assert.c.cc14ed67
                0x0000000000003978                Trace.c.802d685b
                0x0000000000003995                trace_impl.c.1a13459c
                0x00000000000039b2                g_initialize_hardware.c.c0cbba7e
                0x0000000000003a4a                g_reset_hardware.c.474b5b17
                0x0000000000003b9e                exception_handlers.c.c424c567
                0x00000000000045ea                system_stm32f0xx.c.7d3f7120
                0x00000000000048b2                vectors_stm32f0xx.c.aff04ef5
                0x0000000000004964                Front.cpp.c1c0b44e
                0x000000000000653a                HBridgePWM.cpp.032f42df
                0x0000000000008e08                HMI.cpp.8a3fc242
                0x000000000000cef0                Hardware.cpp.a8822923
                0x000000000000e345                Menu.cpp.900d9966
                0x00000000000131d6                Pomiar.cpp.f3a87254
                0x0000000000014076                Praca.cpp.24972aed
                0x00000000000186ed                g_write.c.1b9e9bea
                0x000000000001870a                main.cpp.42a20baf
                0x000000000001f378                Fifo.cpp.40a41d21
                0x000000000001fc0a                FrameBuffer.cpp.6209b9c0
                0x0000000000020d47                QuickTask.cpp.f1a30e8e
                0x00000000000211cf                RTClock.cpp.d86ddf76
                0x0000000000021d81                VEprom.cpp.6243e67d
                0x0000000000021eb3                eeprom.c.dfaab642
                0x00000000000221fe                myUtils.c.4e4c9218
                0x000000000002247c                stm32f0xx_flash.c.0a0c8d06
                0x0000000000022c10                CallbackInterface.cpp.fc884a5a
                0x0000000000022c35                I2C.cpp.6cb24c57
                0x0000000000024498                Password.cpp.087f900e
                0x0000000000025894                RS485.cpp.0d50bc74
                0x00000000000271d7                ST7032iFB.cpp.23649122
 .debug_info    0x0000000000029c28    0x1839e /tmp/ccjc4nEZ.ltrans0.ltrans.o
 .debug_info    0x0000000000041fc6      0x6f5 /tmp/ccjc4nEZ.ltrans1.ltrans.o

.debug_abbrev   0x0000000000000000     0x67de
 *(.debug_abbrev)
 .debug_abbrev  0x0000000000000000     0x63df /tmp/cczE02nfdebugobj
 .debug_abbrev  0x00000000000063df      0x2aa /tmp/ccjc4nEZ.ltrans0.ltrans.o
 .debug_abbrev  0x0000000000006689      0x155 /tmp/ccjc4nEZ.ltrans1.ltrans.o

.debug_line     0x0000000000000000     0xf61a
 *(.debug_line)
 .debug_line    0x0000000000000000     0x3208 /tmp/cczE02nfdebugobj
 .debug_line    0x0000000000003208     0xbea7 /tmp/ccjc4nEZ.ltrans0.ltrans.o
 .debug_line    0x000000000000f0af      0x56b /tmp/ccjc4nEZ.ltrans1.ltrans.o

.debug_frame    0x0000000000000000      0x99c
 *(.debug_frame)
 .debug_frame   0x0000000000000000      0x688 /tmp/ccjc4nEZ.ltrans0.ltrans.o
 .debug_frame   0x0000000000000688       0xf8 /tmp/ccjc4nEZ.ltrans1.ltrans.o
 .debug_frame   0x0000000000000780       0x28 /home/opt/arm-toolchains/gcc-arm-none-eabi-8-2018-q4-major/bin/../lib/gcc/arm-none-eabi/8.2.1/../../../../arm-none-eabi/lib/thumb/v6-m/nofp/libstdc++_nano.a(del_ops.o)
 .debug_frame   0x00000000000007a8       0x28 /home/opt/arm-toolchains/gcc-arm-none-eabi-8-2018-q4-major/bin/../lib/gcc/arm-none-eabi/8.2.1/../../../../arm-none-eabi/lib/thumb/v6-m/nofp/libstdc++_nano.a(del_op.o)
 .debug_frame   0x00000000000007d0       0x40 /home/opt/arm-toolchains/gcc-arm-none-eabi-8-2018-q4-major/bin/../lib/gcc/arm-none-eabi/8.2.1/../../../../arm-none-eabi/lib/thumb/v6-m/nofp/libg_nano.a(lib_a-malloc.o)
 .debug_frame   0x0000000000000810       0x2c /home/opt/arm-toolchains/gcc-arm-none-eabi-8-2018-q4-major/bin/../lib/gcc/arm-none-eabi/8.2.1/../../../../arm-none-eabi/lib/thumb/v6-m/nofp/libg_nano.a(lib_a-nano-freer.o)
 .debug_frame   0x000000000000083c       0x30 /home/opt/arm-toolchains/gcc-arm-none-eabi-8-2018-q4-major/bin/../lib/gcc/arm-none-eabi/8.2.1/../../../../arm-none-eabi/lib/thumb/v6-m/nofp/libg_nano.a(lib_a-nano-mallocr.o)
 .debug_frame   0x000000000000086c       0x40 /home/opt/arm-toolchains/gcc-arm-none-eabi-8-2018-q4-major/bin/../lib/gcc/arm-none-eabi/8.2.1/../../../../arm-none-eabi/lib/thumb/v6-m/nofp/libg_nano.a(lib_a-mlock.o)
 .debug_frame   0x00000000000008ac       0xb0 /home/opt/arm-toolchains/gcc-arm-none-eabi-8-2018-q4-major/bin/../lib/gcc/arm-none-eabi/8.2.1/../../../../arm-none-eabi/lib/thumb/v6-m/nofp/libg_nano.a(lib_a-lock.o)
 .debug_frame   0x000000000000095c       0x20 /home/opt/arm-toolchains/gcc-arm-none-eabi-8-2018-q4-major/bin/../lib/gcc/arm-none-eabi/8.2.1/../../../../arm-none-eabi/lib/thumb/v6-m/nofp/libg_nano.a(lib_a-memset.o)
 .debug_frame   0x000000000000097c       0x20 /home/opt/arm-toolchains/gcc-arm-none-eabi-8-2018-q4-major/bin/../lib/gcc/arm-none-eabi/8.2.1/thumb/v6-m/nofp/libgcc.a(_udivsi3.o)

.debug_str      0x0000000000000000     0x6f99
 *(.debug_str)
 .debug_str     0x0000000000000000     0x6e46 /tmp/cczE02nfdebugobj
                                      0x242cf (size before relaxing)
 .debug_str     0x0000000000006e46      0x153 /tmp/ccjc4nEZ.ltrans0.ltrans.o
                                        0x185 (size before relaxing)
 .debug_str     0x0000000000006f99      0x160 /tmp/ccjc4nEZ.ltrans1.ltrans.o

.debug_loc      0x0000000000000000    0x16890
 *(.debug_loc)
 .debug_loc     0x0000000000000000    0x162f3 /tmp/ccjc4nEZ.ltrans0.ltrans.o
 .debug_loc     0x00000000000162f3      0x59d /tmp/ccjc4nEZ.ltrans1.ltrans.o

.debug_macinfo
 *(.debug_macinfo)

.debug_weaknames
 *(.debug_weaknames)

.debug_funcnames
 *(.debug_funcnames)

.debug_typenames
 *(.debug_typenames)

.debug_varnames
 *(.debug_varnames)
OUTPUT(sterM.elf elf32-littlearm)

.debug_ranges   0x0000000000000000     0x4c98
 .debug_ranges  0x0000000000000000     0x4be0 /tmp/ccjc4nEZ.ltrans0.ltrans.o
 .debug_ranges  0x0000000000004be0       0xb8 /tmp/ccjc4nEZ.ltrans1.ltrans.o
